[2m2025-10-23T08:07:53.637942Z[0m [32m INFO[0m [2mwayvid[0m[2m:[0m wayvid version 0.3.0
[2m2025-10-23T08:07:53.638006Z[0m [32m INFO[0m [2mwayvid[0m[2m:[0m Loading configuration from: /home/yangyus8/.config/wayvid/test-config.yaml
[2m2025-10-23T08:07:53.638086Z[0m [32m INFO[0m [2mwayvid::backend::wayland::app[0m[2m:[0m Starting wayvid Wayland backend
[2m2025-10-23T08:07:53.638864Z[0m [32m INFO[0m [2mwayvid::config::watcher[0m[2m:[0m Config watcher started for: /home/yangyus8/.config/wayvid/test-config.yaml
[2m2025-10-23T08:07:53.638874Z[0m [32m INFO[0m [2mwayvid::backend::wayland::app[0m[2m:[0m   ✓ Config watcher started for: /home/yangyus8/.config/wayvid/test-config.yaml
[2m2025-10-23T08:07:53.638879Z[0m [32m INFO[0m [2mwayvid::backend::wayland::app[0m[2m:[0m Starting IPC server...
[2m2025-10-23T08:07:53.638933Z[0m [32m INFO[0m [2mwayvid::ctl::ipc_server[0m[2m:[0m IPC server listening on: "/run/user/1000/wayvid.sock"
[2m2025-10-23T08:07:53.638976Z[0m [32m INFO[0m [2mwayvid::backend::wayland::app[0m[2m:[0m   ✓ IPC server listening on: "/run/user/1000/wayvid.sock"
[2m2025-10-23T08:07:53.638984Z[0m [32m INFO[0m [2mwayvid::backend::wayland::app[0m[2m:[0m Binding Wayland globals...
[2m2025-10-23T08:07:53.638993Z[0m [32m INFO[0m [2mwayvid::backend::wayland::app[0m[2m:[0m   ✓ wl_compositor
[2m2025-10-23T08:07:53.638999Z[0m [32m INFO[0m [2mwayvid::backend::wayland::app[0m[2m:[0m   ✓ zwlr_layer_shell_v1
[2m2025-10-23T08:07:53.639022Z[0m [32m INFO[0m [2mwayvid::backend::wayland::app[0m[2m:[0m   ✓ 2 outputs
[2m2025-10-23T08:07:53.639027Z[0m [32m INFO[0m [2mwayvid::backend::wayland::app[0m[2m:[0m Initializing EGL context...
[2m2025-10-23T08:07:53.716718Z[0m [32m INFO[0m [2mwayvid::video::egl[0m[2m:[0m EGL initialized: 1.5
[2m2025-10-23T08:07:53.716777Z[0m [34mDEBUG[0m [2mwayvid::video::egl[0m[2m:[0m EGL config selected
[2m2025-10-23T08:07:53.718592Z[0m [32m INFO[0m [2mwayvid::video::egl[0m[2m:[0m EGL context created successfully
[2m2025-10-23T08:07:53.718601Z[0m [32m INFO[0m [2mwayvid::backend::wayland::app[0m[2m:[0m   ✓ EGL context initialized
[2m2025-10-23T08:07:53.718605Z[0m [32m INFO[0m [2mwayvid::backend::wayland::app[0m[2m:[0m Performing initial roundtrip to get output info...
[2m2025-10-23T08:07:53.718628Z[0m [32m INFO[0m [2mwayvid::backend::wayland::app[0m[2m:[0m Output 61 scale: 1
[2m2025-10-23T08:07:53.718633Z[0m [32m INFO[0m [2mwayvid::backend::wayland::app[0m[2m:[0m Output 61 mode: 2160x1440
[2m2025-10-23T08:07:53.718637Z[0m [34mDEBUG[0m [2mwayvid::backend::wayland::app[0m[2m:[0m Output 61 geometry: position=(0, 0)
[2m2025-10-23T08:07:53.718641Z[0m [34mDEBUG[0m [2mwayvid::backend::wayland::app[0m[2m:[0m Output 61 done
[2m2025-10-23T08:07:53.718655Z[0m [32m INFO[0m [2mwayvid::backend::wayland::surface[0m[2m:[0m Created layer surface for output output-61 (2160x1440)
[2m2025-10-23T08:07:53.718658Z[0m [32m INFO[0m [2mwayvid::backend::wayland::app[0m[2m:[0m Created surface for output: output-61
[2m2025-10-23T08:07:53.718662Z[0m [32m INFO[0m [2mwayvid::backend::wayland::app[0m[2m:[0m Output 63 scale: 1
[2m2025-10-23T08:07:53.718665Z[0m [32m INFO[0m [2mwayvid::backend::wayland::app[0m[2m:[0m Output 63 mode: 2560x1440
[2m2025-10-23T08:07:53.718668Z[0m [34mDEBUG[0m [2mwayvid::backend::wayland::app[0m[2m:[0m Output 63 geometry: position=(0, 0)
[2m2025-10-23T08:07:53.718670Z[0m [34mDEBUG[0m [2mwayvid::backend::wayland::app[0m[2m:[0m Output 63 done
[2m2025-10-23T08:07:53.718679Z[0m [32m INFO[0m [2mwayvid::backend::wayland::surface[0m[2m:[0m Created layer surface for output output-63 (2560x1440)
[2m2025-10-23T08:07:53.718681Z[0m [32m INFO[0m [2mwayvid::backend::wayland::app[0m[2m:[0m Created surface for output: output-63
[2m2025-10-23T08:07:53.718875Z[0m [34mDEBUG[0m [2mwayvid::backend::wayland::app[0m[2m:[0m Layer surface configure: 2160x1440 (serial: 13186)
[2m2025-10-23T08:07:53.718880Z[0m [32m INFO[0m [2mwayvid::backend::wayland::surface[0m[2m:[0m Initial configure for surface output-61 to 2160x1440
[2m2025-10-23T08:07:53.718947Z[0m [34mDEBUG[0m [2mwayvid::video::egl[0m[2m:[0m EGL window surface created: 2160x1440
[2m2025-10-23T08:07:53.718952Z[0m [32m INFO[0m [2mwayvid::backend::wayland::surface[0m[2m:[0m   ✓ EGL window created for output output-61
[2m2025-10-23T08:07:53.718956Z[0m [32m INFO[0m [2mwayvid::video::shared_decode[0m[2m:[0m 🎬 Initializing Shared Decode Manager
[2m2025-10-23T08:07:53.718960Z[0m [32m INFO[0m [2mwayvid::video::shared_decode[0m[2m:[0m 🆕 Creating new shared decoder for File { path: "/home/yangyus8/Videos/test.mp4" }
[2m2025-10-23T08:07:53.718964Z[0m [32m INFO[0m [2mwayvid::video::shared_decode[0m[2m:[0m 🎬 Creating shared decoder for File { path: "/home/yangyus8/Videos/test.mp4" }
[2m2025-10-23T08:07:53.718968Z[0m [32m INFO[0m [2mwayvid::video::mpv[0m[2m:[0m 🎬 Initializing libmpv for output output-61
[2m2025-10-23T08:07:53.724514Z[0m [32m INFO[0m [2mwayvid::video::mpv[0m[2m:[0m   ✓ MPV initialized successfully
[2m2025-10-23T08:07:53.724543Z[0m [32m INFO[0m [2mwayvid::video::mpv[0m[2m:[0m   📁 Loading source: /home/yangyus8/Videos/test.mp4
[2m2025-10-23T08:07:53.724565Z[0m [32m INFO[0m [2mwayvid::video::mpv[0m[2m:[0m   ✓ Source loaded successfully
[2m2025-10-23T08:07:53.724573Z[0m [32m INFO[0m [2mwayvid::video::shared_decode[0m[2m:[0m 📊 Decoder stats: 1 decoders, 1 total consumers (key: File { path: "/home/yangyus8/Videos/test.mp4" })
[2m2025-10-23T08:07:53.724582Z[0m [32m INFO[0m [2mwayvid::backend::wayland::surface[0m[2m:[0m   🔗 Decoder acquired for output-61 (source: File { path: "/home/yangyus8/Videos/test.mp4" } (hwdec=Auto))
[2m2025-10-23T08:07:53.727410Z[0m [32m INFO[0m [2mwayvid::video::mpv[0m[2m:[0m 🎨 Initializing mpv render context for OpenGL
Cannot load libcuda.so.1
[2m2025-10-23T08:07:53.728993Z[0m [32m INFO[0m [2mwayvid::video::mpv[0m[2m:[0m   ✓ Render context created successfully
[2m2025-10-23T08:07:53.729004Z[0m [32m INFO[0m [2mwayvid::backend::wayland::surface[0m[2m:[0m   ✓ Render context initialized
[2m2025-10-23T08:07:53.729010Z[0m [32m INFO[0m [2mwayvid::backend::wayland::surface[0m[2m:[0m ✓ Decoder initialized for output-61
[2m2025-10-23T08:07:53.729027Z[0m [34mDEBUG[0m [2mwayvid::backend::wayland::app[0m[2m:[0m Layer surface configure: 2560x1440 (serial: 13187)
[2m2025-10-23T08:07:53.729032Z[0m [32m INFO[0m [2mwayvid::backend::wayland::surface[0m[2m:[0m Initial configure for surface output-63 to 2560x1440
[2m2025-10-23T08:07:53.729222Z[0m [34mDEBUG[0m [2mwayvid::video::egl[0m[2m:[0m EGL window surface created: 2560x1440
[2m2025-10-23T08:07:53.729227Z[0m [32m INFO[0m [2mwayvid::backend::wayland::surface[0m[2m:[0m   ✓ EGL window created for output output-63
[2m2025-10-23T08:07:53.729232Z[0m [34mDEBUG[0m [2mwayvid::video::shared_decode[0m[2m:[0m ♻️  Reusing existing decoder for File { path: "/home/yangyus8/Videos/test.mp4" }
[2m2025-10-23T08:07:53.729237Z[0m [32m INFO[0m [2mwayvid::video::shared_decode[0m[2m:[0m 📊 Decoder stats: 1 decoders, 2 total consumers (key: File { path: "/home/yangyus8/Videos/test.mp4" })
[2m2025-10-23T08:07:53.729243Z[0m [32m INFO[0m [2mwayvid::backend::wayland::surface[0m[2m:[0m   🔗 Decoder acquired for output-63 (source: File { path: "/home/yangyus8/Videos/test.mp4" } (hwdec=Auto))
[2m2025-10-23T08:07:53.729888Z[0m [32m INFO[0m [2mwayvid::backend::wayland::surface[0m[2m:[0m   ✓ Render context initialized
[2m2025-10-23T08:07:53.729910Z[0m [32m INFO[0m [2mwayvid::backend::wayland::surface[0m[2m:[0m ✓ Decoder initialized for output-63
[2m2025-10-23T08:07:53.729919Z[0m [32m INFO[0m [2mwayvid::backend::wayland::app[0m[2m:[0m First roundtrip complete
[2m2025-10-23T08:07:53.729922Z[0m [32m INFO[0m [2mwayvid::backend::wayland::app[0m[2m:[0m   Compositor: ✓
[2m2025-10-23T08:07:53.729925Z[0m [32m INFO[0m [2mwayvid::backend::wayland::app[0m[2m:[0m   Layer shell: ✓
[2m2025-10-23T08:07:53.729935Z[0m [32m INFO[0m [2mwayvid::backend::wayland::app[0m[2m:[0m   Outputs discovered: 2
[2m2025-10-23T08:07:53.729944Z[0m [34mDEBUG[0m [2mwayvid::backend::wayland::app[0m[2m:[0m Layer surface configure: 2160x1440 (serial: 13188)
[2m2025-10-23T08:07:53.730032Z[0m [34mDEBUG[0m [2mwayvid::backend::wayland::app[0m[2m:[0m Layer surface configure: 2560x1440 (serial: 13189)
[2m2025-10-23T08:07:53.730037Z[0m [32m INFO[0m [2mwayvid::backend::wayland::app[0m[2m:[0m Created 2 surfaces
[2m2025-10-23T08:07:53.730040Z[0m [32m INFO[0m [2mwayvid::backend::wayland::app[0m[2m:[0m Requesting initial frame callbacks...
[2m2025-10-23T08:07:53.730046Z[0m [32m INFO[0m [2mwayvid::backend::wayland::app[0m[2m:[0m Performing initial render...
[2m2025-10-23T08:07:53.730592Z[0m [32m INFO[0m [2mwayvid::backend::wayland::surface[0m[2m:[0m OpenGL functions loaded for output output-63
[2m2025-10-23T08:07:53.730614Z[0m [34mDEBUG[0m [2mwayvid::video::mpv[0m[2m:[0m 🎬 Rendering frame: 2560x1440 to FBO 0
[2m2025-10-23T08:07:53.730641Z[0m [34mDEBUG[0m [2mwayvid::video::mpv[0m[2m:[0m   ✓ Frame rendered successfully
[2m2025-10-23T08:07:53.731360Z[0m [32m INFO[0m [2mwayvid::backend::wayland::surface[0m[2m:[0m OpenGL functions loaded for output output-61
[2m2025-10-23T08:07:53.731375Z[0m [34mDEBUG[0m [2mwayvid::video::mpv[0m[2m:[0m 🎬 Rendering frame: 2160x1440 to FBO 0
[2m2025-10-23T08:07:53.731390Z[0m [34mDEBUG[0m [2mwayvid::video::mpv[0m[2m:[0m   ✓ Frame rendered successfully
[2m2025-10-23T08:07:53.731468Z[0m [32m INFO[0m [2mwayvid::backend::wayland::app[0m[2m:[0m Initial render complete
[2m2025-10-23T08:07:53.731636Z[0m [34mDEBUG[0m [2mwayvid::backend::wayland::app[0m[2m:[0m Layer surface configure: 2560x1440 (serial: 13190)
[2m2025-10-23T08:07:53.731645Z[0m [33m WARN[0m [2mwayvid::backend::wayland::surface[0m[2m:[0m resume_playback not supported with shared decode context
[2m2025-10-23T08:07:53.731649Z[0m [33m WARN[0m [2mwayvid::backend::wayland::surface[0m[2m:[0m resume_playback not supported with shared decode context
[2m2025-10-23T08:07:53.731662Z[0m [34mDEBUG[0m [2mwayvid::backend::wayland::app[0m[2m:[0m Layer surface configure: 2160x1440 (serial: 13191)
[2m2025-10-23T08:07:53.731665Z[0m [33m WARN[0m [2mwayvid::backend::wayland::surface[0m[2m:[0m resume_playback not supported with shared decode context
[2m2025-10-23T08:07:53.731668Z[0m [33m WARN[0m [2mwayvid::backend::wayland::surface[0m[2m:[0m resume_playback not supported with shared decode context
[2m2025-10-23T08:07:53.732774Z[0m [33m WARN[0m [2mwayvid::backend::wayland::surface[0m[2m:[0m resume_playback not supported with shared decode context
[2m2025-10-23T08:07:53.732794Z[0m [33m WARN[0m [2mwayvid::backend::wayland::surface[0m[2m:[0m resume_playback not supported with shared decode context
[2m2025-10-23T08:07:53.733191Z[0m [34mDEBUG[0m [2mwayvid::video::mpv[0m[2m:[0m 🎬 Rendering frame: 2560x1440 to FBO 0
[2m2025-10-23T08:07:53.733210Z[0m [34mDEBUG[0m [2mwayvid::video::mpv[0m[2m:[0m   ✓ Frame rendered successfully
[2m2025-10-23T08:07:53.733565Z[0m [34mDEBUG[0m [2mwayvid::video::mpv[0m[2m:[0m 🎬 Rendering frame: 2160x1440 to FBO 0
[2m2025-10-23T08:07:53.733583Z[0m [34mDEBUG[0m [2mwayvid::video::mpv[0m[2m:[0m   ✓ Frame rendered successfully
[2m2025-10-23T08:07:53.733689Z[0m [33m WARN[0m [2mwayvid::backend::wayland::surface[0m[2m:[0m resume_playback not supported with shared decode context
[2m2025-10-23T08:07:53.733696Z[0m [33m WARN[0m [2mwayvid::backend::wayland::surface[0m[2m:[0m resume_playback not supported with shared decode context
[2m2025-10-23T08:07:53.738772Z[0m [33m WARN[0m [2mwayvid::backend::wayland::surface[0m[2m:[0m resume_playback not supported with shared decode context
[2m2025-10-23T08:07:53.738808Z[0m [33m WARN[0m [2mwayvid::backend::wayland::surface[0m[2m:[0m resume_playback not supported with shared decode context
[2m2025-10-23T08:07:53.749765Z[0m [33m WARN[0m [2mwayvid::backend::wayland::surface[0m[2m:[0m resume_playback not supported with shared decode context
[2m2025-10-23T08:07:53.749808Z[0m [33m WARN[0m [2mwayvid::backend::wayland::surface[0m[2m:[0m resume_playback not supported with shared decode context
[2m2025-10-23T08:07:53.761918Z[0m [34mDEBUG[0m [2mwayvid::video::mpv[0m[2m:[0m 🎬 Rendering frame: 2560x1440 to FBO 0
[2m2025-10-23T08:07:53.762034Z[0m [34mDEBUG[0m [2mwayvid::video::mpv[0m[2m:[0m   ✓ Frame rendered successfully
[2m2025-10-23T08:07:53.762929Z[0m [33m WARN[0m [2mwayvid::backend::wayland::surface[0m[2m:[0m resume_playback not supported with shared decode context
[2m2025-10-23T08:07:53.762961Z[0m [33m WARN[0m [2mwayvid::backend::wayland::surface[0m[2m:[0m resume_playback not supported with shared decode context
[2m2025-10-23T08:07:53.970326Z[0m [34mDEBUG[0m [2mwayvid::video::mpv[0m[2m:[0m 🎬 Rendering frame: 2160x1215 to FBO 0
[2m2025-10-23T08:07:54.077322Z[0m [34mDEBUG[0m [2mwayvid::video::mpv[0m[2m:[0m   ✓ Frame rendered successfully
[2m2025-10-23T08:07:54.080847Z[0m [33m WARN[0m [2mwayvid::backend::wayland::surface[0m[2m:[0m resume_playback not supported with shared decode context
[2m2025-10-23T08:07:54.080867Z[0m [33m WARN[0m [2mwayvid::backend::wayland::surface[0m[2m:[0m resume_playback not supported with shared decode context
[2m2025-10-23T08:07:54.080896Z[0m [34mDEBUG[0m [2mwayvid::video::mpv[0m[2m:[0m 🎬 Rendering frame: 2560x1440 to FBO 0
[2m2025-10-23T08:07:54.092291Z[0m [34mDEBUG[0m [2mwayvid::video::mpv[0m[2m:[0m   ✓ Frame rendered successfully
[2m2025-10-23T08:07:54.092773Z[0m [33m WARN[0m [2mwayvid::backend::wayland::surface[0m[2m:[0m resume_playback not supported with shared decode context
[2m2025-10-23T08:07:54.092786Z[0m [33m WARN[0m [2mwayvid::backend::wayland::surface[0m[2m:[0m resume_playback not supported with shared decode context
[2m2025-10-23T08:07:54.092819Z[0m [34mDEBUG[0m [2mwayvid::video::mpv[0m[2m:[0m 🎬 Rendering frame: 2160x1215 to FBO 0
[2m2025-10-23T08:07:54.102919Z[0m [34mDEBUG[0m [2mwayvid::video::mpv[0m[2m:[0m   ✓ Frame rendered successfully
[2m2025-10-23T08:07:54.103198Z[0m [33m WARN[0m [2mwayvid::backend::wayland::surface[0m[2m:[0m resume_playback not supported with shared decode context
[2m2025-10-23T08:07:54.103210Z[0m [33m WARN[0m [2mwayvid::backend::wayland::surface[0m[2m:[0m resume_playback not supported with shared decode context
[2m2025-10-23T08:07:54.103951Z[0m [33m WARN[0m [2mwayvid::backend::wayland::surface[0m[2m:[0m resume_playback not supported with shared decode context
[2m2025-10-23T08:07:54.103960Z[0m [33m WARN[0m [2mwayvid::backend::wayland::surface[0m[2m:[0m resume_playback not supported with shared decode context
[2m2025-10-23T08:07:54.104000Z[0m [34mDEBUG[0m [2mwayvid::video::mpv[0m[2m:[0m 🎬 Rendering frame: 2560x1440 to FBO 0
[2m2025-10-23T08:07:54.120342Z[0m [34mDEBUG[0m [2mwayvid::video::mpv[0m[2m:[0m   ✓ Frame rendered successfully
[2m2025-10-23T08:07:54.120663Z[0m [33m WARN[0m [2mwayvid::backend::wayland::surface[0m[2m:[0m resume_playback not supported with shared decode context
[2m2025-10-23T08:07:54.120674Z[0m [33m WARN[0m [2mwayvid::backend::wayland::surface[0m[2m:[0m resume_playback not supported with shared decode context
[2m2025-10-23T08:07:54.122664Z[0m [33m WARN[0m [2mwayvid::backend::wayland::surface[0m[2m:[0m resume_playback not supported with shared decode context
[2m2025-10-23T08:07:54.122682Z[0m [33m WARN[0m [2mwayvid::backend::wayland::surface[0m[2m:[0m resume_playback not supported with shared decode context
[2m2025-10-23T08:07:54.122709Z[0m [34mDEBUG[0m [2mwayvid::video::mpv[0m[2m:[0m 🎬 Rendering frame: 2160x1215 to FBO 0
[2m2025-10-23T08:07:54.135965Z[0m [34mDEBUG[0m [2mwayvid::video::mpv[0m[2m:[0m   ✓ Frame rendered successfully
[2m2025-10-23T08:07:54.153139Z[0m [33m WARN[0m [2mwayvid::backend::wayland::surface[0m[2m:[0m resume_playback not supported with shared decode context
[2m2025-10-23T08:07:54.153158Z[0m [33m WARN[0m [2mwayvid::backend::wayland::surface[0m[2m:[0m resume_playback not supported with shared decode context
[2m2025-10-23T08:07:54.159514Z[0m [33m WARN[0m [2mwayvid::backend::wayland::surface[0m[2m:[0m resume_playback not supported with shared decode context
[2m2025-10-23T08:07:54.159549Z[0m [33m WARN[0m [2mwayvid::backend::wayland::surface[0m[2m:[0m resume_playback not supported with shared decode context
[2m2025-10-23T08:07:54.159602Z[0m [34mDEBUG[0m [2mwayvid::video::mpv[0m[2m:[0m 🎬 Rendering frame: 2560x1440 to FBO 0
[2m2025-10-23T08:07:54.165899Z[0m [34mDEBUG[0m [2mwayvid::video::mpv[0m[2m:[0m   ✓ Frame rendered successfully
[2m2025-10-23T08:07:54.166273Z[0m [33m WARN[0m [2mwayvid::backend::wayland::surface[0m[2m:[0m resume_playback not supported with shared decode context
[2m2025-10-23T08:07:54.166288Z[0m [33m WARN[0m [2mwayvid::backend::wayland::surface[0m[2m:[0m resume_playback not supported with shared decode context
[2m2025-10-23T08:07:54.172752Z[0m [33m WARN[0m [2mwayvid::backend::wayland::surface[0m[2m:[0m resume_playback not supported with shared decode context
[2m2025-10-23T08:07:54.172766Z[0m [33m WARN[0m [2mwayvid::backend::wayland::surface[0m[2m:[0m resume_playback not supported with shared decode context
[2m2025-10-23T08:07:54.172796Z[0m [34mDEBUG[0m [2mwayvid::video::mpv[0m[2m:[0m 🎬 Rendering frame: 2160x1215 to FBO 0
[2m2025-10-23T08:07:54.199196Z[0m [34mDEBUG[0m [2mwayvid::video::mpv[0m[2m:[0m   ✓ Frame rendered successfully
[2m2025-10-23T08:07:54.200143Z[0m [33m WARN[0m [2mwayvid::backend::wayland::surface[0m[2m:[0m resume_playback not supported with shared decode context
[2m2025-10-23T08:07:54.200159Z[0m [33m WARN[0m [2mwayvid::backend::wayland::surface[0m[2m:[0m resume_playback not supported with shared decode context
[2m2025-10-23T08:07:54.201043Z[0m [33m WARN[0m [2mwayvid::backend::wayland::surface[0m[2m:[0m resume_playback not supported with shared decode context
[2m2025-10-23T08:07:54.201053Z[0m [33m WARN[0m [2mwayvid::backend::wayland::surface[0m[2m:[0m resume_playback not supported with shared decode context
[2m2025-10-23T08:07:54.201099Z[0m [34mDEBUG[0m [2mwayvid::video::mpv[0m[2m:[0m 🎬 Rendering frame: 2560x1440 to FBO 0
[2m2025-10-23T08:07:54.232538Z[0m [34mDEBUG[0m [2mwayvid::video::mpv[0m[2m:[0m   ✓ Frame rendered successfully
[2m2025-10-23T08:07:54.232813Z[0m [33m WARN[0m [2mwayvid::backend::wayland::surface[0m[2m:[0m resume_playback not supported with shared decode context
[2m2025-10-23T08:07:54.232828Z[0m [33m WARN[0m [2mwayvid::backend::wayland::surface[0m[2m:[0m resume_playback not supported with shared decode context
[2m2025-10-23T08:07:54.232863Z[0m [34mDEBUG[0m [2mwayvid::video::mpv[0m[2m:[0m 🎬 Rendering frame: 2160x1215 to FBO 0
[2m2025-10-23T08:07:54.265886Z[0m [34mDEBUG[0m [2mwayvid::video::mpv[0m[2m:[0m   ✓ Frame rendered successfully
[2m2025-10-23T08:07:54.266158Z[0m [33m WARN[0m [2mwayvid::backend::wayland::surface[0m[2m:[0m resume_playback not supported with shared decode context
[2m2025-10-23T08:07:54.266176Z[0m [33m WARN[0m [2mwayvid::backend::wayland::surface[0m[2m:[0m resume_playback not supported with shared decode context
[2m2025-10-23T08:07:54.271685Z[0m [34mDEBUG[0m [2mwayvid::video::mpv[0m[2m:[0m 🎬 Rendering frame: 2560x1440 to FBO 0
[2m2025-10-23T08:07:54.299227Z[0m [34mDEBUG[0m [2mwayvid::video::mpv[0m[2m:[0m   ✓ Frame rendered successfully
[2m2025-10-23T08:07:54.299647Z[0m [33m WARN[0m [2mwayvid::backend::wayland::surface[0m[2m:[0m resume_playback not supported with shared decode context
[2m2025-10-23T08:07:54.299669Z[0m [33m WARN[0m [2mwayvid::backend::wayland::surface[0m[2m:[0m resume_playback not supported with shared decode context
[2m2025-10-23T08:07:54.305191Z[0m [33m WARN[0m [2mwayvid::backend::wayland::surface[0m[2m:[0m resume_playback not supported with shared decode context
[2m2025-10-23T08:07:54.305215Z[0m [33m WARN[0m [2mwayvid::backend::wayland::surface[0m[2m:[0m resume_playback not supported with shared decode context
[2m2025-10-23T08:07:54.305229Z[0m [34mDEBUG[0m [2mwayvid::video::mpv[0m[2m:[0m 🎬 Rendering frame: 2560x1440 to FBO 0
[2m2025-10-23T08:07:54.332536Z[0m [34mDEBUG[0m [2mwayvid::video::mpv[0m[2m:[0m   ✓ Frame rendered successfully
[2m2025-10-23T08:07:54.332824Z[0m [33m WARN[0m [2mwayvid::backend::wayland::surface[0m[2m:[0m resume_playback not supported with shared decode context
[2m2025-10-23T08:07:54.332840Z[0m [33m WARN[0m [2mwayvid::backend::wayland::surface[0m[2m:[0m resume_playback not supported with shared decode context
[2m2025-10-23T08:07:54.332871Z[0m [34mDEBUG[0m [2mwayvid::video::mpv[0m[2m:[0m 🎬 Rendering frame: 2160x1215 to FBO 0
[2m2025-10-23T08:07:54.365878Z[0m [34mDEBUG[0m [2mwayvid::video::mpv[0m[2m:[0m   ✓ Frame rendered successfully
[2m2025-10-23T08:07:54.366183Z[0m [33m WARN[0m [2mwayvid::backend::wayland::surface[0m[2m:[0m resume_playback not supported with shared decode context
[2m2025-10-23T08:07:54.366204Z[0m [33m WARN[0m [2mwayvid::backend::wayland::surface[0m[2m:[0m resume_playback not supported with shared decode context
[2m2025-10-23T08:07:54.367793Z[0m [33m WARN[0m [2mwayvid::backend::wayland::surface[0m[2m:[0m resume_playback not supported with shared decode context
[2m2025-10-23T08:07:54.367806Z[0m [33m WARN[0m [2mwayvid::backend::wayland::surface[0m[2m:[0m resume_playback not supported with shared decode context
[2m2025-10-23T08:07:54.367864Z[0m [34mDEBUG[0m [2mwayvid::video::mpv[0m[2m:[0m 🎬 Rendering frame: 2560x1440 to FBO 0
[2m2025-10-23T08:07:54.399232Z[0m [34mDEBUG[0m [2mwayvid::video::mpv[0m[2m:[0m   ✓ Frame rendered successfully
[2m2025-10-23T08:07:54.399499Z[0m [33m WARN[0m [2mwayvid::backend::wayland::surface[0m[2m:[0m resume_playback not supported with shared decode context
[2m2025-10-23T08:07:54.399512Z[0m [33m WARN[0m [2mwayvid::backend::wayland::surface[0m[2m:[0m resume_playback not supported with shared decode context
[2m2025-10-23T08:07:54.403834Z[0m [34mDEBUG[0m [2mwayvid::video::mpv[0m[2m:[0m 🎬 Rendering frame: 2160x1215 to FBO 0
[2m2025-10-23T08:07:54.432568Z[0m [34mDEBUG[0m [2mwayvid::video::mpv[0m[2m:[0m   ✓ Frame rendered successfully
[2m2025-10-23T08:07:54.432997Z[0m [33m WARN[0m [2mwayvid::backend::wayland::surface[0m[2m:[0m resume_playback not supported with shared decode context
[2m2025-10-23T08:07:54.433013Z[0m [33m WARN[0m [2mwayvid::backend::wayland::surface[0m[2m:[0m resume_playback not supported with shared decode context
[2m2025-10-23T08:07:54.433055Z[0m [34mDEBUG[0m [2mwayvid::video::mpv[0m[2m:[0m 🎬 Rendering frame: 2560x1440 to FBO 0
[2m2025-10-23T08:07:54.465899Z[0m [34mDEBUG[0m [2mwayvid::video::mpv[0m[2m:[0m   ✓ Frame rendered successfully
[2m2025-10-23T08:07:54.466145Z[0m [33m WARN[0m [2mwayvid::backend::wayland::surface[0m[2m:[0m resume_playback not supported with shared decode context
[2m2025-10-23T08:07:54.466166Z[0m [33m WARN[0m [2mwayvid::backend::wayland::surface[0m[2m:[0m resume_playback not supported with shared decode context
[2m2025-10-23T08:07:54.466201Z[0m [34mDEBUG[0m [2mwayvid::video::mpv[0m[2m:[0m 🎬 Rendering frame: 2160x1215 to FBO 0
[2m2025-10-23T08:07:54.499951Z[0m [34mDEBUG[0m [2mwayvid::video::mpv[0m[2m:[0m   ✓ Frame rendered successfully
[2m2025-10-23T08:07:54.500194Z[0m [33m WARN[0m [2mwayvid::backend::wayland::surface[0m[2m:[0m resume_playback not supported with shared decode context
[2m2025-10-23T08:07:54.500206Z[0m [33m WARN[0m [2mwayvid::backend::wayland::surface[0m[2m:[0m resume_playback not supported with shared decode context
[2m2025-10-23T08:07:54.500257Z[0m [34mDEBUG[0m [2mwayvid::video::mpv[0m[2m:[0m 🎬 Rendering frame: 2560x1440 to FBO 0
[2m2025-10-23T08:07:54.532535Z[0m [34mDEBUG[0m [2mwayvid::video::mpv[0m[2m:[0m   ✓ Frame rendered successfully
[2m2025-10-23T08:07:54.532845Z[0m [33m WARN[0m [2mwayvid::backend::wayland::surface[0m[2m:[0m resume_playback not supported with shared decode context
[2m2025-10-23T08:07:54.532871Z[0m [33m WARN[0m [2mwayvid::backend::wayland::surface[0m[2m:[0m resume_playback not supported with shared decode context
[2m2025-10-23T08:07:54.532907Z[0m [34mDEBUG[0m [2mwayvid::video::mpv[0m[2m:[0m 🎬 Rendering frame: 2160x1215 to FBO 0
[2m2025-10-23T08:07:54.565865Z[0m [34mDEBUG[0m [2mwayvid::video::mpv[0m[2m:[0m   ✓ Frame rendered successfully
[2m2025-10-23T08:07:54.566358Z[0m [33m WARN[0m [2mwayvid::backend::wayland::surface[0m[2m:[0m resume_playback not supported with shared decode context
[2m2025-10-23T08:07:54.566371Z[0m [33m WARN[0m [2mwayvid::backend::wayland::surface[0m[2m:[0m resume_playback not supported with shared decode context
[2m2025-10-23T08:07:54.566416Z[0m [34mDEBUG[0m [2mwayvid::video::mpv[0m[2m:[0m 🎬 Rendering frame: 2560x1440 to FBO 0
[2m2025-10-23T08:07:54.599213Z[0m [34mDEBUG[0m [2mwayvid::video::mpv[0m[2m:[0m   ✓ Frame rendered successfully
[2m2025-10-23T08:07:54.599492Z[0m [33m WARN[0m [2mwayvid::backend::wayland::surface[0m[2m:[0m resume_playback not supported with shared decode context
[2m2025-10-23T08:07:54.599508Z[0m [33m WARN[0m [2mwayvid::backend::wayland::surface[0m[2m:[0m resume_playback not supported with shared decode context
[2m2025-10-23T08:07:54.599545Z[0m [34mDEBUG[0m [2mwayvid::video::mpv[0m[2m:[0m 🎬 Rendering frame: 2160x1215 to FBO 0
[2m2025-10-23T08:07:54.632534Z[0m [34mDEBUG[0m [2mwayvid::video::mpv[0m[2m:[0m   ✓ Frame rendered successfully
[2m2025-10-23T08:07:54.632806Z[0m [33m WARN[0m [2mwayvid::backend::wayland::surface[0m[2m:[0m resume_playback not supported with shared decode context
[2m2025-10-23T08:07:54.632825Z[0m [33m WARN[0m [2mwayvid::backend::wayland::surface[0m[2m:[0m resume_playback not supported with shared decode context
[2m2025-10-23T08:07:54.632859Z[0m [34mDEBUG[0m [2mwayvid::video::mpv[0m[2m:[0m 🎬 Rendering frame: 2560x1440 to FBO 0
[2m2025-10-23T08:07:54.665866Z[0m [34mDEBUG[0m [2mwayvid::video::mpv[0m[2m:[0m   ✓ Frame rendered successfully
[2m2025-10-23T08:07:54.666121Z[0m [33m WARN[0m [2mwayvid::backend::wayland::surface[0m[2m:[0m resume_playback not supported with shared decode context
[2m2025-10-23T08:07:54.666136Z[0m [33m WARN[0m [2mwayvid::backend::wayland::surface[0m[2m:[0m resume_playback not supported with shared decode context
[2m2025-10-23T08:07:54.666174Z[0m [34mDEBUG[0m [2mwayvid::video::mpv[0m[2m:[0m 🎬 Rendering frame: 2160x1215 to FBO 0
[2m2025-10-23T08:07:54.699202Z[0m [34mDEBUG[0m [2mwayvid::video::mpv[0m[2m:[0m   ✓ Frame rendered successfully
[2m2025-10-23T08:07:54.699455Z[0m [33m WARN[0m [2mwayvid::backend::wayland::surface[0m[2m:[0m resume_playback not supported with shared decode context
[2m2025-10-23T08:07:54.699484Z[0m [33m WARN[0m [2mwayvid::backend::wayland::surface[0m[2m:[0m resume_playback not supported with shared decode context
[2m2025-10-23T08:07:54.699527Z[0m [34mDEBUG[0m [2mwayvid::video::mpv[0m[2m:[0m 🎬 Rendering frame: 2560x1440 to FBO 0
[2m2025-10-23T08:07:54.732533Z[0m [34mDEBUG[0m [2mwayvid::video::mpv[0m[2m:[0m   ✓ Frame rendered successfully
[2m2025-10-23T08:07:54.732804Z[0m [33m WARN[0m [2mwayvid::backend::wayland::surface[0m[2m:[0m resume_playback not supported with shared decode context
[2m2025-10-23T08:07:54.732829Z[0m [33m WARN[0m [2mwayvid::backend::wayland::surface[0m[2m:[0m resume_playback not supported with shared decode context
[2m2025-10-23T08:07:54.732864Z[0m [34mDEBUG[0m [2mwayvid::video::mpv[0m[2m:[0m 🎬 Rendering frame: 2160x1215 to FBO 0
[2m2025-10-23T08:07:54.765878Z[0m [34mDEBUG[0m [2mwayvid::video::mpv[0m[2m:[0m   ✓ Frame rendered successfully
[2m2025-10-23T08:07:54.766257Z[0m [33m WARN[0m [2mwayvid::backend::wayland::surface[0m[2m:[0m resume_playback not supported with shared decode context
[2m2025-10-23T08:07:54.766277Z[0m [33m WARN[0m [2mwayvid::backend::wayland::surface[0m[2m:[0m resume_playback not supported with shared decode context
[2m2025-10-23T08:07:54.766326Z[0m [34mDEBUG[0m [2mwayvid::video::mpv[0m[2m:[0m 🎬 Rendering frame: 2560x1440 to FBO 0
[2m2025-10-23T08:07:54.799199Z[0m [34mDEBUG[0m [2mwayvid::video::mpv[0m[2m:[0m   ✓ Frame rendered successfully
[2m2025-10-23T08:07:54.799475Z[0m [33m WARN[0m [2mwayvid::backend::wayland::surface[0m[2m:[0m resume_playback not supported with shared decode context
[2m2025-10-23T08:07:54.799496Z[0m [33m WARN[0m [2mwayvid::backend::wayland::surface[0m[2m:[0m resume_playback not supported with shared decode context
[2m2025-10-23T08:07:54.799533Z[0m [34mDEBUG[0m [2mwayvid::video::mpv[0m[2m:[0m 🎬 Rendering frame: 2160x1215 to FBO 0
[2m2025-10-23T08:07:54.832533Z[0m [34mDEBUG[0m [2mwayvid::video::mpv[0m[2m:[0m   ✓ Frame rendered successfully
[2m2025-10-23T08:07:54.832837Z[0m [33m WARN[0m [2mwayvid::backend::wayland::surface[0m[2m:[0m resume_playback not supported with shared decode context
[2m2025-10-23T08:07:54.832859Z[0m [33m WARN[0m [2mwayvid::backend::wayland::surface[0m[2m:[0m resume_playback not supported with shared decode context
[2m2025-10-23T08:07:54.833278Z[0m [33m WARN[0m [2mwayvid::backend::wayland::surface[0m[2m:[0m resume_playback not supported with shared decode context
[2m2025-10-23T08:07:54.833293Z[0m [33m WARN[0m [2mwayvid::backend::wayland::surface[0m[2m:[0m resume_playback not supported with shared decode context
[2m2025-10-23T08:07:54.833374Z[0m [34mDEBUG[0m [2mwayvid::video::mpv[0m[2m:[0m 🎬 Rendering frame: 2560x1440 to FBO 0
[2m2025-10-23T08:07:54.865968Z[0m [34mDEBUG[0m [2mwayvid::video::mpv[0m[2m:[0m   ✓ Frame rendered successfully
[2m2025-10-23T08:07:54.866277Z[0m [33m WARN[0m [2mwayvid::backend::wayland::surface[0m[2m:[0m resume_playback not supported with shared decode context
[2m2025-10-23T08:07:54.866296Z[0m [33m WARN[0m [2mwayvid::backend::wayland::surface[0m[2m:[0m resume_playback not supported with shared decode context
[2m2025-10-23T08:07:54.866332Z[0m [34mDEBUG[0m [2mwayvid::video::mpv[0m[2m:[0m 🎬 Rendering frame: 2160x1215 to FBO 0
[2m2025-10-23T08:07:54.899514Z[0m [34mDEBUG[0m [2mwayvid::video::mpv[0m[2m:[0m   ✓ Frame rendered successfully
[2m2025-10-23T08:07:54.899825Z[0m [33m WARN[0m [2mwayvid::backend::wayland::surface[0m[2m:[0m resume_playback not supported with shared decode context
[2m2025-10-23T08:07:54.899837Z[0m [33m WARN[0m [2mwayvid::backend::wayland::surface[0m[2m:[0m resume_playback not supported with shared decode context
[2m2025-10-23T08:07:54.899870Z[0m [34mDEBUG[0m [2mwayvid::video::mpv[0m[2m:[0m 🎬 Rendering frame: 2560x1440 to FBO 0
[2m2025-10-23T08:07:54.932516Z[0m [34mDEBUG[0m [2mwayvid::video::mpv[0m[2m:[0m   ✓ Frame rendered successfully
[2m2025-10-23T08:07:54.932760Z[0m [33m WARN[0m [2mwayvid::backend::wayland::surface[0m[2m:[0m resume_playback not supported with shared decode context
[2m2025-10-23T08:07:54.932776Z[0m [33m WARN[0m [2mwayvid::backend::wayland::surface[0m[2m:[0m resume_playback not supported with shared decode context
[2m2025-10-23T08:07:54.932812Z[0m [34mDEBUG[0m [2mwayvid::video::mpv[0m[2m:[0m 🎬 Rendering frame: 2160x1215 to FBO 0
[2m2025-10-23T08:07:54.965866Z[0m [34mDEBUG[0m [2mwayvid::video::mpv[0m[2m:[0m   ✓ Frame rendered successfully
[2m2025-10-23T08:07:54.966139Z[0m [33m WARN[0m [2mwayvid::backend::wayland::surface[0m[2m:[0m resume_playback not supported with shared decode context
[2m2025-10-23T08:07:54.966153Z[0m [33m WARN[0m [2mwayvid::backend::wayland::surface[0m[2m:[0m resume_playback not supported with shared decode context
[2m2025-10-23T08:07:54.966198Z[0m [34mDEBUG[0m [2mwayvid::video::mpv[0m[2m:[0m 🎬 Rendering frame: 2560x1440 to FBO 0
[2m2025-10-23T08:07:54.999201Z[0m [34mDEBUG[0m [2mwayvid::video::mpv[0m[2m:[0m   ✓ Frame rendered successfully
[2m2025-10-23T08:07:54.999474Z[0m [33m WARN[0m [2mwayvid::backend::wayland::surface[0m[2m:[0m resume_playback not supported with shared decode context
[2m2025-10-23T08:07:54.999491Z[0m [33m WARN[0m [2mwayvid::backend::wayland::surface[0m[2m:[0m resume_playback not supported with shared decode context
[2m2025-10-23T08:07:54.999526Z[0m [34mDEBUG[0m [2mwayvid::video::mpv[0m[2m:[0m 🎬 Rendering frame: 2160x1215 to FBO 0
[2m2025-10-23T08:07:55.032532Z[0m [34mDEBUG[0m [2mwayvid::video::mpv[0m[2m:[0m   ✓ Frame rendered successfully
[2m2025-10-23T08:07:55.032817Z[0m [33m WARN[0m [2mwayvid::backend::wayland::surface[0m[2m:[0m resume_playback not supported with shared decode context
[2m2025-10-23T08:07:55.032832Z[0m [33m WARN[0m [2mwayvid::backend::wayland::surface[0m[2m:[0m resume_playback not supported with shared decode context
[2m2025-10-23T08:07:55.032866Z[0m [34mDEBUG[0m [2mwayvid::video::mpv[0m[2m:[0m 🎬 Rendering frame: 2560x1440 to FBO 0
[2m2025-10-23T08:07:55.065885Z[0m [34mDEBUG[0m [2mwayvid::video::mpv[0m[2m:[0m   ✓ Frame rendered successfully
[2m2025-10-23T08:07:55.066162Z[0m [33m WARN[0m [2mwayvid::backend::wayland::surface[0m[2m:[0m resume_playback not supported with shared decode context
[2m2025-10-23T08:07:55.066178Z[0m [33m WARN[0m [2mwayvid::backend::wayland::surface[0m[2m:[0m resume_playback not supported with shared decode context
[2m2025-10-23T08:07:55.066214Z[0m [34mDEBUG[0m [2mwayvid::video::mpv[0m[2m:[0m 🎬 Rendering frame: 2160x1215 to FBO 0
[2m2025-10-23T08:07:55.099195Z[0m [34mDEBUG[0m [2mwayvid::video::mpv[0m[2m:[0m   ✓ Frame rendered successfully
[2m2025-10-23T08:07:55.099470Z[0m [33m WARN[0m [2mwayvid::backend::wayland::surface[0m[2m:[0m resume_playback not supported with shared decode context
[2m2025-10-23T08:07:55.099491Z[0m [33m WARN[0m [2mwayvid::backend::wayland::surface[0m[2m:[0m resume_playback not supported with shared decode context
[2m2025-10-23T08:07:55.099524Z[0m [34mDEBUG[0m [2mwayvid::video::mpv[0m[2m:[0m 🎬 Rendering frame: 2560x1440 to FBO 0
[2m2025-10-23T08:07:55.132507Z[0m [34mDEBUG[0m [2mwayvid::video::mpv[0m[2m:[0m   ✓ Frame rendered successfully
[2m2025-10-23T08:07:55.132773Z[0m [33m WARN[0m [2mwayvid::backend::wayland::surface[0m[2m:[0m resume_playback not supported with shared decode context
[2m2025-10-23T08:07:55.132785Z[0m [33m WARN[0m [2mwayvid::backend::wayland::surface[0m[2m:[0m resume_playback not supported with shared decode context
[2m2025-10-23T08:07:55.132813Z[0m [34mDEBUG[0m [2mwayvid::video::mpv[0m[2m:[0m 🎬 Rendering frame: 2160x1215 to FBO 0
[2m2025-10-23T08:07:55.165884Z[0m [34mDEBUG[0m [2mwayvid::video::mpv[0m[2m:[0m   ✓ Frame rendered successfully
[2m2025-10-23T08:07:55.166176Z[0m [33m WARN[0m [2mwayvid::backend::wayland::surface[0m[2m:[0m resume_playback not supported with shared decode context
[2m2025-10-23T08:07:55.166196Z[0m [33m WARN[0m [2mwayvid::backend::wayland::surface[0m[2m:[0m resume_playback not supported with shared decode context
[2m2025-10-23T08:07:55.166232Z[0m [34mDEBUG[0m [2mwayvid::video::mpv[0m[2m:[0m 🎬 Rendering frame: 2560x1440 to FBO 0
[2m2025-10-23T08:07:55.199202Z[0m [34mDEBUG[0m [2mwayvid::video::mpv[0m[2m:[0m   ✓ Frame rendered successfully
[2m2025-10-23T08:07:55.199491Z[0m [33m WARN[0m [2mwayvid::backend::wayland::surface[0m[2m:[0m resume_playback not supported with shared decode context
[2m2025-10-23T08:07:55.199504Z[0m [33m WARN[0m [2mwayvid::backend::wayland::surface[0m[2m:[0m resume_playback not supported with shared decode context
[2m2025-10-23T08:07:55.199530Z[0m [34mDEBUG[0m [2mwayvid::video::mpv[0m[2m:[0m 🎬 Rendering frame: 2160x1215 to FBO 0
[2m2025-10-23T08:07:55.232525Z[0m [34mDEBUG[0m [2mwayvid::video::mpv[0m[2m:[0m   ✓ Frame rendered successfully
[2m2025-10-23T08:07:55.232798Z[0m [33m WARN[0m [2mwayvid::backend::wayland::surface[0m[2m:[0m resume_playback not supported with shared decode context
[2m2025-10-23T08:07:55.232813Z[0m [33m WARN[0m [2mwayvid::backend::wayland::surface[0m[2m:[0m resume_playback not supported with shared decode context
[2m2025-10-23T08:07:55.232849Z[0m [34mDEBUG[0m [2mwayvid::video::mpv[0m[2m:[0m 🎬 Rendering frame: 2560x1440 to FBO 0
[2m2025-10-23T08:07:55.266224Z[0m [34mDEBUG[0m [2mwayvid::video::mpv[0m[2m:[0m   ✓ Frame rendered successfully
[2m2025-10-23T08:07:55.266506Z[0m [33m WARN[0m [2mwayvid::backend::wayland::surface[0m[2m:[0m resume_playback not supported with shared decode context
[2m2025-10-23T08:07:55.266518Z[0m [33m WARN[0m [2mwayvid::backend::wayland::surface[0m[2m:[0m resume_playback not supported with shared decode context
[2m2025-10-23T08:07:55.266555Z[0m [34mDEBUG[0m [2mwayvid::video::mpv[0m[2m:[0m 🎬 Rendering frame: 2160x1215 to FBO 0
[2m2025-10-23T08:07:55.299190Z[0m [34mDEBUG[0m [2mwayvid::video::mpv[0m[2m:[0m   ✓ Frame rendered successfully
[2m2025-10-23T08:07:55.299505Z[0m [33m WARN[0m [2mwayvid::backend::wayland::surface[0m[2m:[0m resume_playback not supported with shared decode context
[2m2025-10-23T08:07:55.299520Z[0m [33m WARN[0m [2mwayvid::backend::wayland::surface[0m[2m:[0m resume_playback not supported with shared decode context
[2m2025-10-23T08:07:55.299556Z[0m [34mDEBUG[0m [2mwayvid::video::mpv[0m[2m:[0m 🎬 Rendering frame: 2560x1440 to FBO 0
[2m2025-10-23T08:07:55.332528Z[0m [34mDEBUG[0m [2mwayvid::video::mpv[0m[2m:[0m   ✓ Frame rendered successfully
[2m2025-10-23T08:07:55.333018Z[0m [33m WARN[0m [2mwayvid::backend::wayland::surface[0m[2m:[0m resume_playback not supported with shared decode context
[2m2025-10-23T08:07:55.333041Z[0m [33m WARN[0m [2mwayvid::backend::wayland::surface[0m[2m:[0m resume_playback not supported with shared decode context
[2m2025-10-23T08:07:55.333077Z[0m [34mDEBUG[0m [2mwayvid::video::mpv[0m[2m:[0m 🎬 Rendering frame: 2160x1215 to FBO 0
[2m2025-10-23T08:07:55.365858Z[0m [34mDEBUG[0m [2mwayvid::video::mpv[0m[2m:[0m   ✓ Frame rendered successfully
[2m2025-10-23T08:07:55.366157Z[0m [33m WARN[0m [2mwayvid::backend::wayland::surface[0m[2m:[0m resume_playback not supported with shared decode context
[2m2025-10-23T08:07:55.366172Z[0m [33m WARN[0m [2mwayvid::backend::wayland::surface[0m[2m:[0m resume_playback not supported with shared decode context
[2m2025-10-23T08:07:55.366214Z[0m [34mDEBUG[0m [2mwayvid::video::mpv[0m[2m:[0m 🎬 Rendering frame: 2560x1440 to FBO 0
[2m2025-10-23T08:07:55.399195Z[0m [34mDEBUG[0m [2mwayvid::video::mpv[0m[2m:[0m   ✓ Frame rendered successfully
[2m2025-10-23T08:07:55.399664Z[0m [33m WARN[0m [2mwayvid::backend::wayland::surface[0m[2m:[0m resume_playback not supported with shared decode context
[2m2025-10-23T08:07:55.399679Z[0m [33m WARN[0m [2mwayvid::backend::wayland::surface[0m[2m:[0m resume_playback not supported with shared decode context
[2m2025-10-23T08:07:55.399715Z[0m [34mDEBUG[0m [2mwayvid::video::mpv[0m[2m:[0m 🎬 Rendering frame: 2160x1215 to FBO 0
[2m2025-10-23T08:07:55.432509Z[0m [34mDEBUG[0m [2mwayvid::video::mpv[0m[2m:[0m   ✓ Frame rendered successfully
[2m2025-10-23T08:07:55.432827Z[0m [33m WARN[0m [2mwayvid::backend::wayland::surface[0m[2m:[0m resume_playback not supported with shared decode context
[2m2025-10-23T08:07:55.432841Z[0m [33m WARN[0m [2mwayvid::backend::wayland::surface[0m[2m:[0m resume_playback not supported with shared decode context
[2m2025-10-23T08:07:55.432874Z[0m [34mDEBUG[0m [2mwayvid::video::mpv[0m[2m:[0m 🎬 Rendering frame: 2560x1440 to FBO 0
[2m2025-10-23T08:07:55.465855Z[0m [34mDEBUG[0m [2mwayvid::video::mpv[0m[2m:[0m   ✓ Frame rendered successfully
[2m2025-10-23T08:07:55.466220Z[0m [33m WARN[0m [2mwayvid::backend::wayland::surface[0m[2m:[0m resume_playback not supported with shared decode context
[2m2025-10-23T08:07:55.466233Z[0m [33m WARN[0m [2mwayvid::backend::wayland::surface[0m[2m:[0m resume_playback not supported with shared decode context
[2m2025-10-23T08:07:55.466270Z[0m [34mDEBUG[0m [2mwayvid::video::mpv[0m[2m:[0m 🎬 Rendering frame: 2160x1215 to FBO 0
[2m2025-10-23T08:07:55.499185Z[0m [34mDEBUG[0m [2mwayvid::video::mpv[0m[2m:[0m   ✓ Frame rendered successfully
[2m2025-10-23T08:07:55.499453Z[0m [33m WARN[0m [2mwayvid::backend::wayland::surface[0m[2m:[0m resume_playback not supported with shared decode context
[2m2025-10-23T08:07:55.499476Z[0m [33m WARN[0m [2mwayvid::backend::wayland::surface[0m[2m:[0m resume_playback not supported with shared decode context
[2m2025-10-23T08:07:55.499510Z[0m [34mDEBUG[0m [2mwayvid::video::mpv[0m[2m:[0m 🎬 Rendering frame: 2560x1440 to FBO 0
[2m2025-10-23T08:07:55.532520Z[0m [34mDEBUG[0m [2mwayvid::video::mpv[0m[2m:[0m   ✓ Frame rendered successfully
[2m2025-10-23T08:07:55.532810Z[0m [33m WARN[0m [2mwayvid::backend::wayland::surface[0m[2m:[0m resume_playback not supported with shared decode context
[2m2025-10-23T08:07:55.532827Z[0m [33m WARN[0m [2mwayvid::backend::wayland::surface[0m[2m:[0m resume_playback not supported with shared decode context
[2m2025-10-23T08:07:55.532859Z[0m [34mDEBUG[0m [2mwayvid::video::mpv[0m[2m:[0m 🎬 Rendering frame: 2160x1215 to FBO 0
[2m2025-10-23T08:07:55.565856Z[0m [34mDEBUG[0m [2mwayvid::video::mpv[0m[2m:[0m   ✓ Frame rendered successfully
[2m2025-10-23T08:07:55.566124Z[0m [33m WARN[0m [2mwayvid::backend::wayland::surface[0m[2m:[0m resume_playback not supported with shared decode context
[2m2025-10-23T08:07:55.566135Z[0m [33m WARN[0m [2mwayvid::backend::wayland::surface[0m[2m:[0m resume_playback not supported with shared decode context
[2m2025-10-23T08:07:55.566204Z[0m [34mDEBUG[0m [2mwayvid::video::mpv[0m[2m:[0m 🎬 Rendering frame: 2560x1440 to FBO 0
[2m2025-10-23T08:07:55.599186Z[0m [34mDEBUG[0m [2mwayvid::video::mpv[0m[2m:[0m   ✓ Frame rendered successfully
[2m2025-10-23T08:07:55.599482Z[0m [33m WARN[0m [2mwayvid::backend::wayland::surface[0m[2m:[0m resume_playback not supported with shared decode context
[2m2025-10-23T08:07:55.599494Z[0m [33m WARN[0m [2mwayvid::backend::wayland::surface[0m[2m:[0m resume_playback not supported with shared decode context
[2m2025-10-23T08:07:55.599522Z[0m [34mDEBUG[0m [2mwayvid::video::mpv[0m[2m:[0m 🎬 Rendering frame: 2160x1215 to FBO 0
[2m2025-10-23T08:07:55.632528Z[0m [34mDEBUG[0m [2mwayvid::video::mpv[0m[2m:[0m   ✓ Frame rendered successfully
[2m2025-10-23T08:07:55.632818Z[0m [33m WARN[0m [2mwayvid::backend::wayland::surface[0m[2m:[0m resume_playback not supported with shared decode context
[2m2025-10-23T08:07:55.632830Z[0m [33m WARN[0m [2mwayvid::backend::wayland::surface[0m[2m:[0m resume_playback not supported with shared decode context
[2m2025-10-23T08:07:55.632860Z[0m [34mDEBUG[0m [2mwayvid::video::mpv[0m[2m:[0m 🎬 Rendering frame: 2560x1440 to FBO 0
[2m2025-10-23T08:07:55.665843Z[0m [34mDEBUG[0m [2mwayvid::video::mpv[0m[2m:[0m   ✓ Frame rendered successfully
[2m2025-10-23T08:07:55.666100Z[0m [33m WARN[0m [2mwayvid::backend::wayland::surface[0m[2m:[0m resume_playback not supported with shared decode context
[2m2025-10-23T08:07:55.666114Z[0m [33m WARN[0m [2mwayvid::backend::wayland::surface[0m[2m:[0m resume_playback not supported with shared decode context
[2m2025-10-23T08:07:55.674918Z[0m [33m WARN[0m [2mwayvid::backend::wayland::surface[0m[2m:[0m resume_playback not supported with shared decode context
[2m2025-10-23T08:07:55.674935Z[0m [33m WARN[0m [2mwayvid::backend::wayland::surface[0m[2m:[0m resume_playback not supported with shared decode context
[2m2025-10-23T08:07:55.674984Z[0m [34mDEBUG[0m [2mwayvid::video::mpv[0m[2m:[0m 🎬 Rendering frame: 2160x1215 to FBO 0
[2m2025-10-23T08:07:55.699181Z[0m [34mDEBUG[0m [2mwayvid::video::mpv[0m[2m:[0m   ✓ Frame rendered successfully
[2m2025-10-23T08:07:55.699397Z[0m [33m WARN[0m [2mwayvid::backend::wayland::surface[0m[2m:[0m resume_playback not supported with shared decode context
[2m2025-10-23T08:07:55.699408Z[0m [33m WARN[0m [2mwayvid::backend::wayland::surface[0m[2m:[0m resume_playback not supported with shared decode context
[2m2025-10-23T08:07:55.701127Z[0m [33m WARN[0m [2mwayvid::backend::wayland::surface[0m[2m:[0m resume_playback not supported with shared decode context
[2m2025-10-23T08:07:55.701132Z[0m [33m WARN[0m [2mwayvid::backend::wayland::surface[0m[2m:[0m resume_playback not supported with shared decode context
[2m2025-10-23T08:07:55.701173Z[0m [34mDEBUG[0m [2mwayvid::video::mpv[0m[2m:[0m 🎬 Rendering frame: 2560x1440 to FBO 0
[2m2025-10-23T08:07:55.732511Z[0m [34mDEBUG[0m [2mwayvid::video::mpv[0m[2m:[0m   ✓ Frame rendered successfully
[2m2025-10-23T08:07:55.732797Z[0m [33m WARN[0m [2mwayvid::backend::wayland::surface[0m[2m:[0m resume_playback not supported with shared decode context
[2m2025-10-23T08:07:55.732815Z[0m [33m WARN[0m [2mwayvid::backend::wayland::surface[0m[2m:[0m resume_playback not supported with shared decode context
[2m2025-10-23T08:07:55.732841Z[0m [34mDEBUG[0m [2mwayvid::video::mpv[0m[2m:[0m 🎬 Rendering frame: 2160x1215 to FBO 0
[2m2025-10-23T08:07:55.765831Z[0m [34mDEBUG[0m [2mwayvid::video::mpv[0m[2m:[0m   ✓ Frame rendered successfully
[2m2025-10-23T08:07:55.766084Z[0m [33m WARN[0m [2mwayvid::backend::wayland::surface[0m[2m:[0m resume_playback not supported with shared decode context
[2m2025-10-23T08:07:55.766101Z[0m [33m WARN[0m [2mwayvid::backend::wayland::surface[0m[2m:[0m resume_playback not supported with shared decode context
[2m2025-10-23T08:07:55.766417Z[0m [34mDEBUG[0m [2mwayvid::video::mpv[0m[2m:[0m 🎬 Rendering frame: 2560x1440 to FBO 0
[2m2025-10-23T08:07:55.799165Z[0m [34mDEBUG[0m [2mwayvid::video::mpv[0m[2m:[0m   ✓ Frame rendered successfully
[2m2025-10-23T08:07:55.799454Z[0m [33m WARN[0m [2mwayvid::backend::wayland::surface[0m[2m:[0m resume_playback not supported with shared decode context
[2m2025-10-23T08:07:55.799464Z[0m [33m WARN[0m [2mwayvid::backend::wayland::surface[0m[2m:[0m resume_playback not supported with shared decode context
[2m2025-10-23T08:07:55.799488Z[0m [34mDEBUG[0m [2mwayvid::video::mpv[0m[2m:[0m 🎬 Rendering frame: 2160x1215 to FBO 0
[2m2025-10-23T08:07:55.832517Z[0m [34mDEBUG[0m [2mwayvid::video::mpv[0m[2m:[0m   ✓ Frame rendered successfully
[2m2025-10-23T08:07:55.832775Z[0m [33m WARN[0m [2mwayvid::backend::wayland::surface[0m[2m:[0m resume_playback not supported with shared decode context
[2m2025-10-23T08:07:55.832797Z[0m [33m WARN[0m [2mwayvid::backend::wayland::surface[0m[2m:[0m resume_playback not supported with shared decode context
[2m2025-10-23T08:07:55.832836Z[0m [34mDEBUG[0m [2mwayvid::video::mpv[0m[2m:[0m 🎬 Rendering frame: 2560x1440 to FBO 0
[2m2025-10-23T08:07:55.865884Z[0m [34mDEBUG[0m [2mwayvid::video::mpv[0m[2m:[0m   ✓ Frame rendered successfully
[2m2025-10-23T08:07:55.866184Z[0m [33m WARN[0m [2mwayvid::backend::wayland::surface[0m[2m:[0m resume_playback not supported with shared decode context
[2m2025-10-23T08:07:55.866193Z[0m [33m WARN[0m [2mwayvid::backend::wayland::surface[0m[2m:[0m resume_playback not supported with shared decode context
[2m2025-10-23T08:07:55.866226Z[0m [34mDEBUG[0m [2mwayvid::video::mpv[0m[2m:[0m 🎬 Rendering frame: 2160x1215 to FBO 0
[2m2025-10-23T08:07:55.899208Z[0m [34mDEBUG[0m [2mwayvid::video::mpv[0m[2m:[0m   ✓ Frame rendered successfully
[2m2025-10-23T08:07:55.899485Z[0m [33m WARN[0m [2mwayvid::backend::wayland::surface[0m[2m:[0m resume_playback not supported with shared decode context
[2m2025-10-23T08:07:55.899515Z[0m [33m WARN[0m [2mwayvid::backend::wayland::surface[0m[2m:[0m resume_playback not supported with shared decode context
[2m2025-10-23T08:07:55.899553Z[0m [34mDEBUG[0m [2mwayvid::video::mpv[0m[2m:[0m 🎬 Rendering frame: 2560x1440 to FBO 0
[2m2025-10-23T08:07:55.932515Z[0m [34mDEBUG[0m [2mwayvid::video::mpv[0m[2m:[0m   ✓ Frame rendered successfully
[2m2025-10-23T08:07:55.932800Z[0m [33m WARN[0m [2mwayvid::backend::wayland::surface[0m[2m:[0m resume_playback not supported with shared decode context
[2m2025-10-23T08:07:55.932815Z[0m [33m WARN[0m [2mwayvid::backend::wayland::surface[0m[2m:[0m resume_playback not supported with shared decode context
[2m2025-10-23T08:07:55.932852Z[0m [34mDEBUG[0m [2mwayvid::video::mpv[0m[2m:[0m 🎬 Rendering frame: 2160x1215 to FBO 0
[2m2025-10-23T08:07:55.965848Z[0m [34mDEBUG[0m [2mwayvid::video::mpv[0m[2m:[0m   ✓ Frame rendered successfully
[2m2025-10-23T08:07:55.966124Z[0m [33m WARN[0m [2mwayvid::backend::wayland::surface[0m[2m:[0m resume_playback not supported with shared decode context
[2m2025-10-23T08:07:55.966137Z[0m [33m WARN[0m [2mwayvid::backend::wayland::surface[0m[2m:[0m resume_playback not supported with shared decode context
[2m2025-10-23T08:07:55.966172Z[0m [34mDEBUG[0m [2mwayvid::video::mpv[0m[2m:[0m 🎬 Rendering frame: 2560x1440 to FBO 0
[2m2025-10-23T08:07:55.999509Z[0m [34mDEBUG[0m [2mwayvid::video::mpv[0m[2m:[0m   ✓ Frame rendered successfully
[2m2025-10-23T08:07:55.999811Z[0m [33m WARN[0m [2mwayvid::backend::wayland::surface[0m[2m:[0m resume_playback not supported with shared decode context
[2m2025-10-23T08:07:55.999824Z[0m [33m WARN[0m [2mwayvid::backend::wayland::surface[0m[2m:[0m resume_playback not supported with shared decode context
[2m2025-10-23T08:07:55.999859Z[0m [34mDEBUG[0m [2mwayvid::video::mpv[0m[2m:[0m 🎬 Rendering frame: 2160x1215 to FBO 0
[2m2025-10-23T08:07:56.032516Z[0m [34mDEBUG[0m [2mwayvid::video::mpv[0m[2m:[0m   ✓ Frame rendered successfully
[2m2025-10-23T08:07:56.032829Z[0m [33m WARN[0m [2mwayvid::backend::wayland::surface[0m[2m:[0m resume_playback not supported with shared decode context
[2m2025-10-23T08:07:56.032841Z[0m [33m WARN[0m [2mwayvid::backend::wayland::surface[0m[2m:[0m resume_playback not supported with shared decode context
[2m2025-10-23T08:07:56.032879Z[0m [34mDEBUG[0m [2mwayvid::video::mpv[0m[2m:[0m 🎬 Rendering frame: 2560x1440 to FBO 0
[2m2025-10-23T08:07:56.066182Z[0m [34mDEBUG[0m [2mwayvid::video::mpv[0m[2m:[0m   ✓ Frame rendered successfully
[2m2025-10-23T08:07:56.066461Z[0m [33m WARN[0m [2mwayvid::backend::wayland::surface[0m[2m:[0m resume_playback not supported with shared decode context
[2m2025-10-23T08:07:56.066473Z[0m [33m WARN[0m [2mwayvid::backend::wayland::surface[0m[2m:[0m resume_playback not supported with shared decode context
[2m2025-10-23T08:07:56.066508Z[0m [34mDEBUG[0m [2mwayvid::video::mpv[0m[2m:[0m 🎬 Rendering frame: 2160x1215 to FBO 0
[2m2025-10-23T08:07:56.099183Z[0m [34mDEBUG[0m [2mwayvid::video::mpv[0m[2m:[0m   ✓ Frame rendered successfully
[2m2025-10-23T08:07:56.099474Z[0m [33m WARN[0m [2mwayvid::backend::wayland::surface[0m[2m:[0m resume_playback not supported with shared decode context
[2m2025-10-23T08:07:56.099490Z[0m [33m WARN[0m [2mwayvid::backend::wayland::surface[0m[2m:[0m resume_playback not supported with shared decode context
[2m2025-10-23T08:07:56.099527Z[0m [34mDEBUG[0m [2mwayvid::video::mpv[0m[2m:[0m 🎬 Rendering frame: 2560x1440 to FBO 0
[2m2025-10-23T08:07:56.132519Z[0m [34mDEBUG[0m [2mwayvid::video::mpv[0m[2m:[0m   ✓ Frame rendered successfully
[2m2025-10-23T08:07:56.132812Z[0m [33m WARN[0m [2mwayvid::backend::wayland::surface[0m[2m:[0m resume_playback not supported with shared decode context
[2m2025-10-23T08:07:56.132829Z[0m [33m WARN[0m [2mwayvid::backend::wayland::surface[0m[2m:[0m resume_playback not supported with shared decode context
[2m2025-10-23T08:07:56.142296Z[0m [33m WARN[0m [2mwayvid::backend::wayland::surface[0m[2m:[0m resume_playback not supported with shared decode context
[2m2025-10-23T08:07:56.142320Z[0m [33m WARN[0m [2mwayvid::backend::wayland::surface[0m[2m:[0m resume_playback not supported with shared decode context
[2m2025-10-23T08:07:56.142366Z[0m [34mDEBUG[0m [2mwayvid::video::mpv[0m[2m:[0m 🎬 Rendering frame: 2160x1215 to FBO 0
[2m2025-10-23T08:07:56.165846Z[0m [34mDEBUG[0m [2mwayvid::video::mpv[0m[2m:[0m   ✓ Frame rendered successfully
[2m2025-10-23T08:07:56.166102Z[0m [33m WARN[0m [2mwayvid::backend::wayland::surface[0m[2m:[0m resume_playback not supported with shared decode context
[2m2025-10-23T08:07:56.166118Z[0m [33m WARN[0m [2mwayvid::backend::wayland::surface[0m[2m:[0m resume_playback not supported with shared decode context
[2m2025-10-23T08:07:56.166150Z[0m [34mDEBUG[0m [2mwayvid::video::mpv[0m[2m:[0m 🎬 Rendering frame: 2560x1440 to FBO 0
[2m2025-10-23T08:07:56.199180Z[0m [34mDEBUG[0m [2mwayvid::video::mpv[0m[2m:[0m   ✓ Frame rendered successfully
[2m2025-10-23T08:07:56.199456Z[0m [33m WARN[0m [2mwayvid::backend::wayland::surface[0m[2m:[0m resume_playback not supported with shared decode context
[2m2025-10-23T08:07:56.199471Z[0m [33m WARN[0m [2mwayvid::backend::wayland::surface[0m[2m:[0m resume_playback not supported with shared decode context
[2m2025-10-23T08:07:56.199508Z[0m [34mDEBUG[0m [2mwayvid::video::mpv[0m[2m:[0m 🎬 Rendering frame: 2160x1215 to FBO 0
[2m2025-10-23T08:07:56.232518Z[0m [34mDEBUG[0m [2mwayvid::video::mpv[0m[2m:[0m   ✓ Frame rendered successfully
[2m2025-10-23T08:07:56.232846Z[0m [33m WARN[0m [2mwayvid::backend::wayland::surface[0m[2m:[0m resume_playback not supported with shared decode context
[2m2025-10-23T08:07:56.232862Z[0m [33m WARN[0m [2mwayvid::backend::wayland::surface[0m[2m:[0m resume_playback not supported with shared decode context
[2m2025-10-23T08:07:56.232900Z[0m [34mDEBUG[0m [2mwayvid::video::mpv[0m[2m:[0m 🎬 Rendering frame: 2560x1440 to FBO 0
[2m2025-10-23T08:07:56.265832Z[0m [34mDEBUG[0m [2mwayvid::video::mpv[0m[2m:[0m   ✓ Frame rendered successfully
[2m2025-10-23T08:07:56.266137Z[0m [33m WARN[0m [2mwayvid::backend::wayland::surface[0m[2m:[0m resume_playback not supported with shared decode context
[2m2025-10-23T08:07:56.266158Z[0m [33m WARN[0m [2mwayvid::backend::wayland::surface[0m[2m:[0m resume_playback not supported with shared decode context
[2m2025-10-23T08:07:56.266199Z[0m [34mDEBUG[0m [2mwayvid::video::mpv[0m[2m:[0m 🎬 Rendering frame: 2160x1215 to FBO 0
[2m2025-10-23T08:07:56.299186Z[0m [34mDEBUG[0m [2mwayvid::video::mpv[0m[2m:[0m   ✓ Frame rendered successfully
[2m2025-10-23T08:07:56.299470Z[0m [33m WARN[0m [2mwayvid::backend::wayland::surface[0m[2m:[0m resume_playback not supported with shared decode context
[2m2025-10-23T08:07:56.299485Z[0m [33m WARN[0m [2mwayvid::backend::wayland::surface[0m[2m:[0m resume_playback not supported with shared decode context
[2m2025-10-23T08:07:56.299513Z[0m [34mDEBUG[0m [2mwayvid::video::mpv[0m[2m:[0m 🎬 Rendering frame: 2560x1440 to FBO 0
[2m2025-10-23T08:07:56.332508Z[0m [34mDEBUG[0m [2mwayvid::video::mpv[0m[2m:[0m   ✓ Frame rendered successfully
[2m2025-10-23T08:07:56.332771Z[0m [33m WARN[0m [2mwayvid::backend::wayland::surface[0m[2m:[0m resume_playback not supported with shared decode context
[2m2025-10-23T08:07:56.332783Z[0m [33m WARN[0m [2mwayvid::backend::wayland::surface[0m[2m:[0m resume_playback not supported with shared decode context
[2m2025-10-23T08:07:56.332809Z[0m [34mDEBUG[0m [2mwayvid::video::mpv[0m[2m:[0m 🎬 Rendering frame: 2160x1215 to FBO 0
[2m2025-10-23T08:07:56.365867Z[0m [34mDEBUG[0m [2mwayvid::video::mpv[0m[2m:[0m   ✓ Frame rendered successfully
[2m2025-10-23T08:07:56.366297Z[0m [33m WARN[0m [2mwayvid::backend::wayland::surface[0m[2m:[0m resume_playback not supported with shared decode context
[2m2025-10-23T08:07:56.366325Z[0m [33m WARN[0m [2mwayvid::backend::wayland::surface[0m[2m:[0m resume_playback not supported with shared decode context
[2m2025-10-23T08:07:56.366368Z[0m [34mDEBUG[0m [2mwayvid::video::mpv[0m[2m:[0m 🎬 Rendering frame: 2560x1440 to FBO 0
[2m2025-10-23T08:07:56.399183Z[0m [34mDEBUG[0m [2mwayvid::video::mpv[0m[2m:[0m   ✓ Frame rendered successfully
[2m2025-10-23T08:07:56.399481Z[0m [33m WARN[0m [2mwayvid::backend::wayland::surface[0m[2m:[0m resume_playback not supported with shared decode context
[2m2025-10-23T08:07:56.399500Z[0m [33m WARN[0m [2mwayvid::backend::wayland::surface[0m[2m:[0m resume_playback not supported with shared decode context
[2m2025-10-23T08:07:56.399533Z[0m [34mDEBUG[0m [2mwayvid::video::mpv[0m[2m:[0m 🎬 Rendering frame: 2160x1215 to FBO 0
[2m2025-10-23T08:07:56.432509Z[0m [34mDEBUG[0m [2mwayvid::video::mpv[0m[2m:[0m   ✓ Frame rendered successfully
[2m2025-10-23T08:07:56.432763Z[0m [33m WARN[0m [2mwayvid::backend::wayland::surface[0m[2m:[0m resume_playback not supported with shared decode context
[2m2025-10-23T08:07:56.432779Z[0m [33m WARN[0m [2mwayvid::backend::wayland::surface[0m[2m:[0m resume_playback not supported with shared decode context
[2m2025-10-23T08:07:56.432813Z[0m [34mDEBUG[0m [2mwayvid::video::mpv[0m[2m:[0m 🎬 Rendering frame: 2560x1440 to FBO 0
[2m2025-10-23T08:07:56.465844Z[0m [34mDEBUG[0m [2mwayvid::video::mpv[0m[2m:[0m   ✓ Frame rendered successfully
[2m2025-10-23T08:07:56.466104Z[0m [33m WARN[0m [2mwayvid::backend::wayland::surface[0m[2m:[0m resume_playback not supported with shared decode context
[2m2025-10-23T08:07:56.466115Z[0m [33m WARN[0m [2mwayvid::backend::wayland::surface[0m[2m:[0m resume_playback not supported with shared decode context
[2m2025-10-23T08:07:56.466140Z[0m [34mDEBUG[0m [2mwayvid::video::mpv[0m[2m:[0m 🎬 Rendering frame: 2160x1215 to FBO 0
[2m2025-10-23T08:07:56.499185Z[0m [34mDEBUG[0m [2mwayvid::video::mpv[0m[2m:[0m   ✓ Frame rendered successfully
[2m2025-10-23T08:07:56.499443Z[0m [33m WARN[0m [2mwayvid::backend::wayland::surface[0m[2m:[0m resume_playback not supported with shared decode context
[2m2025-10-23T08:07:56.499455Z[0m [33m WARN[0m [2mwayvid::backend::wayland::surface[0m[2m:[0m resume_playback not supported with shared decode context
[2m2025-10-23T08:07:56.499482Z[0m [34mDEBUG[0m [2mwayvid::video::mpv[0m[2m:[0m 🎬 Rendering frame: 2560x1440 to FBO 0
[2m2025-10-23T08:07:56.532512Z[0m [34mDEBUG[0m [2mwayvid::video::mpv[0m[2m:[0m   ✓ Frame rendered successfully
[2m2025-10-23T08:07:56.532901Z[0m [33m WARN[0m [2mwayvid::backend::wayland::surface[0m[2m:[0m resume_playback not supported with shared decode context
[2m2025-10-23T08:07:56.532918Z[0m [33m WARN[0m [2mwayvid::backend::wayland::surface[0m[2m:[0m resume_playback not supported with shared decode context
[2m2025-10-23T08:07:56.532952Z[0m [34mDEBUG[0m [2mwayvid::video::mpv[0m[2m:[0m 🎬 Rendering frame: 2160x1215 to FBO 0
[2m2025-10-23T08:07:56.565841Z[0m [34mDEBUG[0m [2mwayvid::video::mpv[0m[2m:[0m   ✓ Frame rendered successfully
[2m2025-10-23T08:07:56.566091Z[0m [33m WARN[0m [2mwayvid::backend::wayland::surface[0m[2m:[0m resume_playback not supported with shared decode context
[2m2025-10-23T08:07:56.566103Z[0m [33m WARN[0m [2mwayvid::backend::wayland::surface[0m[2m:[0m resume_playback not supported with shared decode context
[2m2025-10-23T08:07:56.569023Z[0m [33m WARN[0m [2mwayvid::backend::wayland::surface[0m[2m:[0m resume_playback not supported with shared decode context
[2m2025-10-23T08:07:56.569040Z[0m [33m WARN[0m [2mwayvid::backend::wayland::surface[0m[2m:[0m resume_playback not supported with shared decode context
[2m2025-10-23T08:07:56.569078Z[0m [34mDEBUG[0m [2mwayvid::video::mpv[0m[2m:[0m 🎬 Rendering frame: 2560x1440 to FBO 0
[2m2025-10-23T08:07:56.599182Z[0m [34mDEBUG[0m [2mwayvid::video::mpv[0m[2m:[0m   ✓ Frame rendered successfully
[2m2025-10-23T08:07:56.599664Z[0m [33m WARN[0m [2mwayvid::backend::wayland::surface[0m[2m:[0m resume_playback not supported with shared decode context
[2m2025-10-23T08:07:56.599681Z[0m [33m WARN[0m [2mwayvid::backend::wayland::surface[0m[2m:[0m resume_playback not supported with shared decode context
[2m2025-10-23T08:07:56.599727Z[0m [34mDEBUG[0m [2mwayvid::video::mpv[0m[2m:[0m 🎬 Rendering frame: 2160x1215 to FBO 0
[2m2025-10-23T08:07:56.632503Z[0m [34mDEBUG[0m [2mwayvid::video::mpv[0m[2m:[0m   ✓ Frame rendered successfully
[2m2025-10-23T08:07:56.632780Z[0m [33m WARN[0m [2mwayvid::backend::wayland::surface[0m[2m:[0m resume_playback not supported with shared decode context
[2m2025-10-23T08:07:56.632792Z[0m [33m WARN[0m [2mwayvid::backend::wayland::surface[0m[2m:[0m resume_playback not supported with shared decode context
[2m2025-10-23T08:07:56.632822Z[0m [34mDEBUG[0m [2mwayvid::video::mpv[0m[2m:[0m 🎬 Rendering frame: 2560x1440 to FBO 0
[2m2025-10-23T08:07:56.665849Z[0m [34mDEBUG[0m [2mwayvid::video::mpv[0m[2m:[0m   ✓ Frame rendered successfully
[2m2025-10-23T08:07:56.666128Z[0m [33m WARN[0m [2mwayvid::backend::wayland::surface[0m[2m:[0m resume_playback not supported with shared decode context
[2m2025-10-23T08:07:56.666146Z[0m [33m WARN[0m [2mwayvid::backend::wayland::surface[0m[2m:[0m resume_playback not supported with shared decode context
[2m2025-10-23T08:07:56.676475Z[0m [33m WARN[0m [2mwayvid::backend::wayland::surface[0m[2m:[0m resume_playback not supported with shared decode context
[2m2025-10-23T08:07:56.676502Z[0m [33m WARN[0m [2mwayvid::backend::wayland::surface[0m[2m:[0m resume_playback not supported with shared decode context
[2m2025-10-23T08:07:56.676550Z[0m [34mDEBUG[0m [2mwayvid::video::mpv[0m[2m:[0m 🎬 Rendering frame: 2160x1215 to FBO 0
[2m2025-10-23T08:07:56.699154Z[0m [34mDEBUG[0m [2mwayvid::video::mpv[0m[2m:[0m   ✓ Frame rendered successfully
[2m2025-10-23T08:07:56.699409Z[0m [33m WARN[0m [2mwayvid::backend::wayland::surface[0m[2m:[0m resume_playback not supported with shared decode context
[2m2025-10-23T08:07:56.699428Z[0m [33m WARN[0m [2mwayvid::backend::wayland::surface[0m[2m:[0m resume_playback not supported with shared decode context
[2m2025-10-23T08:07:56.699466Z[0m [34mDEBUG[0m [2mwayvid::video::mpv[0m[2m:[0m 🎬 Rendering frame: 2560x1440 to FBO 0
[2m2025-10-23T08:07:56.732513Z[0m [34mDEBUG[0m [2mwayvid::video::mpv[0m[2m:[0m   ✓ Frame rendered successfully
[2m2025-10-23T08:07:56.732807Z[0m [33m WARN[0m [2mwayvid::backend::wayland::surface[0m[2m:[0m resume_playback not supported with shared decode context
[2m2025-10-23T08:07:56.732821Z[0m [33m WARN[0m [2mwayvid::backend::wayland::surface[0m[2m:[0m resume_playback not supported with shared decode context
[2m2025-10-23T08:07:56.732852Z[0m [34mDEBUG[0m [2mwayvid::video::mpv[0m[2m:[0m 🎬 Rendering frame: 2160x1215 to FBO 0
[2m2025-10-23T08:07:56.765843Z[0m [34mDEBUG[0m [2mwayvid::video::mpv[0m[2m:[0m   ✓ Frame rendered successfully
[2m2025-10-23T08:07:56.766138Z[0m [33m WARN[0m [2mwayvid::backend::wayland::surface[0m[2m:[0m resume_playback not supported with shared decode context
[2m2025-10-23T08:07:56.766155Z[0m [33m WARN[0m [2mwayvid::backend::wayland::surface[0m[2m:[0m resume_playback not supported with shared decode context
[2m2025-10-23T08:07:56.766191Z[0m [34mDEBUG[0m [2mwayvid::video::mpv[0m[2m:[0m 🎬 Rendering frame: 2560x1440 to FBO 0
[2m2025-10-23T08:07:56.799178Z[0m [34mDEBUG[0m [2mwayvid::video::mpv[0m[2m:[0m   ✓ Frame rendered successfully
[2m2025-10-23T08:07:56.799461Z[0m [33m WARN[0m [2mwayvid::backend::wayland::surface[0m[2m:[0m resume_playback not supported with shared decode context
[2m2025-10-23T08:07:56.799478Z[0m [33m WARN[0m [2mwayvid::backend::wayland::surface[0m[2m:[0m resume_playback not supported with shared decode context
[2m2025-10-23T08:07:56.799533Z[0m [34mDEBUG[0m [2mwayvid::video::mpv[0m[2m:[0m 🎬 Rendering frame: 2160x1215 to FBO 0
[2m2025-10-23T08:07:56.832884Z[0m [34mDEBUG[0m [2mwayvid::video::mpv[0m[2m:[0m   ✓ Frame rendered successfully
[2m2025-10-23T08:07:56.833134Z[0m [33m WARN[0m [2mwayvid::backend::wayland::surface[0m[2m:[0m resume_playback not supported with shared decode context
[2m2025-10-23T08:07:56.833145Z[0m [33m WARN[0m [2mwayvid::backend::wayland::surface[0m[2m:[0m resume_playback not supported with shared decode context
[2m2025-10-23T08:07:56.833182Z[0m [34mDEBUG[0m [2mwayvid::video::mpv[0m[2m:[0m 🎬 Rendering frame: 2560x1440 to FBO 0
[2m2025-10-23T08:07:56.866408Z[0m [34mDEBUG[0m [2mwayvid::video::mpv[0m[2m:[0m   ✓ Frame rendered successfully
[2m2025-10-23T08:07:56.866771Z[0m [33m WARN[0m [2mwayvid::backend::wayland::surface[0m[2m:[0m resume_playback not supported with shared decode context
[2m2025-10-23T08:07:56.866783Z[0m [33m WARN[0m [2mwayvid::backend::wayland::surface[0m[2m:[0m resume_playback not supported with shared decode context
[2m2025-10-23T08:07:56.866822Z[0m [34mDEBUG[0m [2mwayvid::video::mpv[0m[2m:[0m 🎬 Rendering frame: 2160x1215 to FBO 0
[2m2025-10-23T08:07:56.899516Z[0m [34mDEBUG[0m [2mwayvid::video::mpv[0m[2m:[0m   ✓ Frame rendered successfully
[2m2025-10-23T08:07:56.899781Z[0m [33m WARN[0m [2mwayvid::backend::wayland::surface[0m[2m:[0m resume_playback not supported with shared decode context
[2m2025-10-23T08:07:56.899791Z[0m [33m WARN[0m [2mwayvid::backend::wayland::surface[0m[2m:[0m resume_playback not supported with shared decode context
[2m2025-10-23T08:07:56.899823Z[0m [34mDEBUG[0m [2mwayvid::video::mpv[0m[2m:[0m 🎬 Rendering frame: 2560x1440 to FBO 0
[2m2025-10-23T08:07:56.932528Z[0m [34mDEBUG[0m [2mwayvid::video::mpv[0m[2m:[0m   ✓ Frame rendered successfully
[2m2025-10-23T08:07:56.932810Z[0m [33m WARN[0m [2mwayvid::backend::wayland::surface[0m[2m:[0m resume_playback not supported with shared decode context
[2m2025-10-23T08:07:56.932823Z[0m [33m WARN[0m [2mwayvid::backend::wayland::surface[0m[2m:[0m resume_playback not supported with shared decode context
[2m2025-10-23T08:07:56.932860Z[0m [34mDEBUG[0m [2mwayvid::video::mpv[0m[2m:[0m 🎬 Rendering frame: 2160x1215 to FBO 0
[2m2025-10-23T08:07:56.965865Z[0m [34mDEBUG[0m [2mwayvid::video::mpv[0m[2m:[0m   ✓ Frame rendered successfully
[2m2025-10-23T08:07:56.966198Z[0m [33m WARN[0m [2mwayvid::backend::wayland::surface[0m[2m:[0m resume_playback not supported with shared decode context
[2m2025-10-23T08:07:56.966213Z[0m [33m WARN[0m [2mwayvid::backend::wayland::surface[0m[2m:[0m resume_playback not supported with shared decode context
[2m2025-10-23T08:07:56.966250Z[0m [34mDEBUG[0m [2mwayvid::video::mpv[0m[2m:[0m 🎬 Rendering frame: 2560x1440 to FBO 0
[2m2025-10-23T08:07:56.999201Z[0m [34mDEBUG[0m [2mwayvid::video::mpv[0m[2m:[0m   ✓ Frame rendered successfully
[2m2025-10-23T08:07:56.999523Z[0m [33m WARN[0m [2mwayvid::backend::wayland::surface[0m[2m:[0m resume_playback not supported with shared decode context
[2m2025-10-23T08:07:56.999540Z[0m [33m WARN[0m [2mwayvid::backend::wayland::surface[0m[2m:[0m resume_playback not supported with shared decode context
[2m2025-10-23T08:07:56.999569Z[0m [34mDEBUG[0m [2mwayvid::video::mpv[0m[2m:[0m 🎬 Rendering frame: 2160x1215 to FBO 0
[2m2025-10-23T08:07:57.033098Z[0m [34mDEBUG[0m [2mwayvid::video::mpv[0m[2m:[0m   ✓ Frame rendered successfully
[2m2025-10-23T08:07:57.033663Z[0m [33m WARN[0m [2mwayvid::backend::wayland::surface[0m[2m:[0m resume_playback not supported with shared decode context
[2m2025-10-23T08:07:57.033678Z[0m [33m WARN[0m [2mwayvid::backend::wayland::surface[0m[2m:[0m resume_playback not supported with shared decode context
[2m2025-10-23T08:07:57.041292Z[0m [33m WARN[0m [2mwayvid::backend::wayland::surface[0m[2m:[0m resume_playback not supported with shared decode context
[2m2025-10-23T08:07:57.041349Z[0m [33m WARN[0m [2mwayvid::backend::wayland::surface[0m[2m:[0m resume_playback not supported with shared decode context
[2m2025-10-23T08:07:57.041413Z[0m [34mDEBUG[0m [2mwayvid::video::mpv[0m[2m:[0m 🎬 Rendering frame: 2560x1440 to FBO 0
[2m2025-10-23T08:07:57.065854Z[0m [34mDEBUG[0m [2mwayvid::video::mpv[0m[2m:[0m   ✓ Frame rendered successfully
[2m2025-10-23T08:07:57.066183Z[0m [33m WARN[0m [2mwayvid::backend::wayland::surface[0m[2m:[0m resume_playback not supported with shared decode context
[2m2025-10-23T08:07:57.066202Z[0m [33m WARN[0m [2mwayvid::backend::wayland::surface[0m[2m:[0m resume_playback not supported with shared decode context
[2m2025-10-23T08:07:57.066239Z[0m [34mDEBUG[0m [2mwayvid::video::mpv[0m[2m:[0m 🎬 Rendering frame: 2160x1215 to FBO 0
[2m2025-10-23T08:07:57.099185Z[0m [34mDEBUG[0m [2mwayvid::video::mpv[0m[2m:[0m   ✓ Frame rendered successfully
[2m2025-10-23T08:07:57.099554Z[0m [33m WARN[0m [2mwayvid::backend::wayland::surface[0m[2m:[0m resume_playback not supported with shared decode context
[2m2025-10-23T08:07:57.099570Z[0m [33m WARN[0m [2mwayvid::backend::wayland::surface[0m[2m:[0m resume_playback not supported with shared decode context
[2m2025-10-23T08:07:57.099616Z[0m [34mDEBUG[0m [2mwayvid::video::mpv[0m[2m:[0m 🎬 Rendering frame: 2560x1440 to FBO 0
[2m2025-10-23T08:07:57.132493Z[0m [34mDEBUG[0m [2mwayvid::video::mpv[0m[2m:[0m   ✓ Frame rendered successfully
[2m2025-10-23T08:07:57.132786Z[0m [33m WARN[0m [2mwayvid::backend::wayland::surface[0m[2m:[0m resume_playback not supported with shared decode context
[2m2025-10-23T08:07:57.132799Z[0m [33m WARN[0m [2mwayvid::backend::wayland::surface[0m[2m:[0m resume_playback not supported with shared decode context
[2m2025-10-23T08:07:57.132874Z[0m [34mDEBUG[0m [2mwayvid::video::mpv[0m[2m:[0m 🎬 Rendering frame: 2160x1215 to FBO 0
[2m2025-10-23T08:07:57.165843Z[0m [34mDEBUG[0m [2mwayvid::video::mpv[0m[2m:[0m   ✓ Frame rendered successfully
[2m2025-10-23T08:07:57.166119Z[0m [33m WARN[0m [2mwayvid::backend::wayland::surface[0m[2m:[0m resume_playback not supported with shared decode context
[2m2025-10-23T08:07:57.166133Z[0m [33m WARN[0m [2mwayvid::backend::wayland::surface[0m[2m:[0m resume_playback not supported with shared decode context
[2m2025-10-23T08:07:57.166162Z[0m [34mDEBUG[0m [2mwayvid::video::mpv[0m[2m:[0m 🎬 Rendering frame: 2560x1440 to FBO 0
[2m2025-10-23T08:07:57.199407Z[0m [34mDEBUG[0m [2mwayvid::video::mpv[0m[2m:[0m   ✓ Frame rendered successfully
[2m2025-10-23T08:07:57.199703Z[0m [33m WARN[0m [2mwayvid::backend::wayland::surface[0m[2m:[0m resume_playback not supported with shared decode context
[2m2025-10-23T08:07:57.199717Z[0m [33m WARN[0m [2mwayvid::backend::wayland::surface[0m[2m:[0m resume_playback not supported with shared decode context
[2m2025-10-23T08:07:57.199757Z[0m [34mDEBUG[0m [2mwayvid::video::mpv[0m[2m:[0m 🎬 Rendering frame: 2160x1215 to FBO 0
[2m2025-10-23T08:07:57.232502Z[0m [34mDEBUG[0m [2mwayvid::video::mpv[0m[2m:[0m   ✓ Frame rendered successfully
[2m2025-10-23T08:07:57.232738Z[0m [33m WARN[0m [2mwayvid::backend::wayland::surface[0m[2m:[0m resume_playback not supported with shared decode context
[2m2025-10-23T08:07:57.232748Z[0m [33m WARN[0m [2mwayvid::backend::wayland::surface[0m[2m:[0m resume_playback not supported with shared decode context
[2m2025-10-23T08:07:57.232770Z[0m [34mDEBUG[0m [2mwayvid::video::mpv[0m[2m:[0m 🎬 Rendering frame: 2560x1440 to FBO 0
[2m2025-10-23T08:07:57.266183Z[0m [34mDEBUG[0m [2mwayvid::video::mpv[0m[2m:[0m   ✓ Frame rendered successfully
[2m2025-10-23T08:07:57.266469Z[0m [33m WARN[0m [2mwayvid::backend::wayland::surface[0m[2m:[0m resume_playback not supported with shared decode context
[2m2025-10-23T08:07:57.266481Z[0m [33m WARN[0m [2mwayvid::backend::wayland::surface[0m[2m:[0m resume_playback not supported with shared decode context
[2m2025-10-23T08:07:57.266543Z[0m [34mDEBUG[0m [2mwayvid::video::mpv[0m[2m:[0m 🎬 Rendering frame: 2160x1215 to FBO 0
[2m2025-10-23T08:07:57.299168Z[0m [34mDEBUG[0m [2mwayvid::video::mpv[0m[2m:[0m   ✓ Frame rendered successfully
[2m2025-10-23T08:07:57.299374Z[0m [33m WARN[0m [2mwayvid::backend::wayland::surface[0m[2m:[0m resume_playback not supported with shared decode context
[2m2025-10-23T08:07:57.299386Z[0m [33m WARN[0m [2mwayvid::backend::wayland::surface[0m[2m:[0m resume_playback not supported with shared decode context
[2m2025-10-23T08:07:57.305065Z[0m [33m WARN[0m [2mwayvid::backend::wayland::surface[0m[2m:[0m resume_playback not supported with shared decode context
[2m2025-10-23T08:07:57.305100Z[0m [33m WARN[0m [2mwayvid::backend::wayland::surface[0m[2m:[0m resume_playback not supported with shared decode context
[2m2025-10-23T08:07:57.305143Z[0m [34mDEBUG[0m [2mwayvid::video::mpv[0m[2m:[0m 🎬 Rendering frame: 2560x1440 to FBO 0
[2m2025-10-23T08:07:57.332506Z[0m [34mDEBUG[0m [2mwayvid::video::mpv[0m[2m:[0m   ✓ Frame rendered successfully
[2m2025-10-23T08:07:57.332749Z[0m [33m WARN[0m [2mwayvid::backend::wayland::surface[0m[2m:[0m resume_playback not supported with shared decode context
[2m2025-10-23T08:07:57.332764Z[0m [33m WARN[0m [2mwayvid::backend::wayland::surface[0m[2m:[0m resume_playback not supported with shared decode context
[2m2025-10-23T08:07:57.332790Z[0m [34mDEBUG[0m [2mwayvid::video::mpv[0m[2m:[0m 🎬 Rendering frame: 2160x1215 to FBO 0
[2m2025-10-23T08:07:57.365846Z[0m [34mDEBUG[0m [2mwayvid::video::mpv[0m[2m:[0m   ✓ Frame rendered successfully
[2m2025-10-23T08:07:57.366179Z[0m [33m WARN[0m [2mwayvid::backend::wayland::surface[0m[2m:[0m resume_playback not supported with shared decode context
[2m2025-10-23T08:07:57.366196Z[0m [33m WARN[0m [2mwayvid::backend::wayland::surface[0m[2m:[0m resume_playback not supported with shared decode context
[2m2025-10-23T08:07:57.366228Z[0m [34mDEBUG[0m [2mwayvid::video::mpv[0m[2m:[0m 🎬 Rendering frame: 2560x1440 to FBO 0
[2m2025-10-23T08:07:57.399151Z[0m [34mDEBUG[0m [2mwayvid::video::mpv[0m[2m:[0m   ✓ Frame rendered successfully
[2m2025-10-23T08:07:57.399406Z[0m [33m WARN[0m [2mwayvid::backend::wayland::surface[0m[2m:[0m resume_playback not supported with shared decode context
[2m2025-10-23T08:07:57.399426Z[0m [33m WARN[0m [2mwayvid::backend::wayland::surface[0m[2m:[0m resume_playback not supported with shared decode context
[2m2025-10-23T08:07:57.399476Z[0m [34mDEBUG[0m [2mwayvid::video::mpv[0m[2m:[0m 🎬 Rendering frame: 2160x1215 to FBO 0
[2m2025-10-23T08:07:57.432502Z[0m [34mDEBUG[0m [2mwayvid::video::mpv[0m[2m:[0m   ✓ Frame rendered successfully
[2m2025-10-23T08:07:57.432775Z[0m [33m WARN[0m [2mwayvid::backend::wayland::surface[0m[2m:[0m resume_playback not supported with shared decode context
[2m2025-10-23T08:07:57.432791Z[0m [33m WARN[0m [2mwayvid::backend::wayland::surface[0m[2m:[0m resume_playback not supported with shared decode context
[2m2025-10-23T08:07:57.432826Z[0m [34mDEBUG[0m [2mwayvid::video::mpv[0m[2m:[0m 🎬 Rendering frame: 2560x1440 to FBO 0
[2m2025-10-23T08:07:57.465837Z[0m [34mDEBUG[0m [2mwayvid::video::mpv[0m[2m:[0m   ✓ Frame rendered successfully
[2m2025-10-23T08:07:57.466123Z[0m [33m WARN[0m [2mwayvid::backend::wayland::surface[0m[2m:[0m resume_playback not supported with shared decode context
[2m2025-10-23T08:07:57.466140Z[0m [33m WARN[0m [2mwayvid::backend::wayland::surface[0m[2m:[0m resume_playback not supported with shared decode context
[2m2025-10-23T08:07:57.466169Z[0m [34mDEBUG[0m [2mwayvid::video::mpv[0m[2m:[0m 🎬 Rendering frame: 2160x1215 to FBO 0
[2m2025-10-23T08:07:57.499173Z[0m [34mDEBUG[0m [2mwayvid::video::mpv[0m[2m:[0m   ✓ Frame rendered successfully
[2m2025-10-23T08:07:57.499487Z[0m [33m WARN[0m [2mwayvid::backend::wayland::surface[0m[2m:[0m resume_playback not supported with shared decode context
[2m2025-10-23T08:07:57.499502Z[0m [33m WARN[0m [2mwayvid::backend::wayland::surface[0m[2m:[0m resume_playback not supported with shared decode context
[2m2025-10-23T08:07:57.499536Z[0m [34mDEBUG[0m [2mwayvid::video::mpv[0m[2m:[0m 🎬 Rendering frame: 2560x1440 to FBO 0
[2m2025-10-23T08:07:57.532483Z[0m [34mDEBUG[0m [2mwayvid::video::mpv[0m[2m:[0m   ✓ Frame rendered successfully
[2m2025-10-23T08:07:57.532739Z[0m [33m WARN[0m [2mwayvid::backend::wayland::surface[0m[2m:[0m resume_playback not supported with shared decode context
[2m2025-10-23T08:07:57.532757Z[0m [33m WARN[0m [2mwayvid::backend::wayland::surface[0m[2m:[0m resume_playback not supported with shared decode context
[2m2025-10-23T08:07:57.534363Z[0m [33m WARN[0m [2mwayvid::backend::wayland::surface[0m[2m:[0m resume_playback not supported with shared decode context
[2m2025-10-23T08:07:57.534383Z[0m [33m WARN[0m [2mwayvid::backend::wayland::surface[0m[2m:[0m resume_playback not supported with shared decode context
[2m2025-10-23T08:07:57.534399Z[0m [34mDEBUG[0m [2mwayvid::video::mpv[0m[2m:[0m 🎬 Rendering frame: 2560x1440 to FBO 0
[2m2025-10-23T08:07:57.565840Z[0m [34mDEBUG[0m [2mwayvid::video::mpv[0m[2m:[0m   ✓ Frame rendered successfully
[2m2025-10-23T08:07:57.566131Z[0m [33m WARN[0m [2mwayvid::backend::wayland::surface[0m[2m:[0m resume_playback not supported with shared decode context
[2m2025-10-23T08:07:57.566143Z[0m [33m WARN[0m [2mwayvid::backend::wayland::surface[0m[2m:[0m resume_playback not supported with shared decode context
[2m2025-10-23T08:07:57.566172Z[0m [34mDEBUG[0m [2mwayvid::video::mpv[0m[2m:[0m 🎬 Rendering frame: 2160x1215 to FBO 0
[2m2025-10-23T08:07:57.599164Z[0m [34mDEBUG[0m [2mwayvid::video::mpv[0m[2m:[0m   ✓ Frame rendered successfully
[2m2025-10-23T08:07:57.599401Z[0m [33m WARN[0m [2mwayvid::backend::wayland::surface[0m[2m:[0m resume_playback not supported with shared decode context
[2m2025-10-23T08:07:57.599420Z[0m [33m WARN[0m [2mwayvid::backend::wayland::surface[0m[2m:[0m resume_playback not supported with shared decode context
[2m2025-10-23T08:07:57.599449Z[0m [34mDEBUG[0m [2mwayvid::video::mpv[0m[2m:[0m 🎬 Rendering frame: 2560x1440 to FBO 0
[2m2025-10-23T08:07:57.632488Z[0m [34mDEBUG[0m [2mwayvid::video::mpv[0m[2m:[0m   ✓ Frame rendered successfully
[2m2025-10-23T08:07:57.632728Z[0m [33m WARN[0m [2mwayvid::backend::wayland::surface[0m[2m:[0m resume_playback not supported with shared decode context
[2m2025-10-23T08:07:57.632742Z[0m [33m WARN[0m [2mwayvid::backend::wayland::surface[0m[2m:[0m resume_playback not supported with shared decode context
[2m2025-10-23T08:07:57.632770Z[0m [34mDEBUG[0m [2mwayvid::video::mpv[0m[2m:[0m 🎬 Rendering frame: 2160x1215 to FBO 0
[2m2025-10-23T08:07:57.665838Z[0m [34mDEBUG[0m [2mwayvid::video::mpv[0m[2m:[0m   ✓ Frame rendered successfully
[2m2025-10-23T08:07:57.666068Z[0m [33m WARN[0m [2mwayvid::backend::wayland::surface[0m[2m:[0m resume_playback not supported with shared decode context
[2m2025-10-23T08:07:57.666091Z[0m [33m WARN[0m [2mwayvid::backend::wayland::surface[0m[2m:[0m resume_playback not supported with shared decode context
[2m2025-10-23T08:07:57.666120Z[0m [34mDEBUG[0m [2mwayvid::video::mpv[0m[2m:[0m 🎬 Rendering frame: 2560x1440 to FBO 0
[2m2025-10-23T08:07:57.699167Z[0m [34mDEBUG[0m [2mwayvid::video::mpv[0m[2m:[0m   ✓ Frame rendered successfully
[2m2025-10-23T08:07:57.699464Z[0m [33m WARN[0m [2mwayvid::backend::wayland::surface[0m[2m:[0m resume_playback not supported with shared decode context
[2m2025-10-23T08:07:57.699480Z[0m [33m WARN[0m [2mwayvid::backend::wayland::surface[0m[2m:[0m resume_playback not supported with shared decode context
[2m2025-10-23T08:07:57.699510Z[0m [34mDEBUG[0m [2mwayvid::video::mpv[0m[2m:[0m 🎬 Rendering frame: 2160x1215 to FBO 0
[2m2025-10-23T08:07:57.732499Z[0m [34mDEBUG[0m [2mwayvid::video::mpv[0m[2m:[0m   ✓ Frame rendered successfully
[2m2025-10-23T08:07:57.732746Z[0m [33m WARN[0m [2mwayvid::backend::wayland::surface[0m[2m:[0m resume_playback not supported with shared decode context
[2m2025-10-23T08:07:57.732763Z[0m [33m WARN[0m [2mwayvid::backend::wayland::surface[0m[2m:[0m resume_playback not supported with shared decode context
[2m2025-10-23T08:07:57.732793Z[0m [34mDEBUG[0m [2mwayvid::video::mpv[0m[2m:[0m 🎬 Rendering frame: 2560x1440 to FBO 0
[2m2025-10-23T08:07:57.766305Z[0m [34mDEBUG[0m [2mwayvid::video::mpv[0m[2m:[0m   ✓ Frame rendered successfully
[2m2025-10-23T08:07:57.766618Z[0m [33m WARN[0m [2mwayvid::backend::wayland::surface[0m[2m:[0m resume_playback not supported with shared decode context
[2m2025-10-23T08:07:57.766633Z[0m [33m WARN[0m [2mwayvid::backend::wayland::surface[0m[2m:[0m resume_playback not supported with shared decode context
[2m2025-10-23T08:07:57.766663Z[0m [34mDEBUG[0m [2mwayvid::video::mpv[0m[2m:[0m 🎬 Rendering frame: 2160x1215 to FBO 0
[2m2025-10-23T08:07:57.799185Z[0m [34mDEBUG[0m [2mwayvid::video::mpv[0m[2m:[0m   ✓ Frame rendered successfully
[2m2025-10-23T08:07:57.799491Z[0m [33m WARN[0m [2mwayvid::backend::wayland::surface[0m[2m:[0m resume_playback not supported with shared decode context
[2m2025-10-23T08:07:57.799506Z[0m [33m WARN[0m [2mwayvid::backend::wayland::surface[0m[2m:[0m resume_playback not supported with shared decode context
[2m2025-10-23T08:07:57.799538Z[0m [34mDEBUG[0m [2mwayvid::video::mpv[0m[2m:[0m 🎬 Rendering frame: 2560x1440 to FBO 0
[2m2025-10-23T08:07:57.832505Z[0m [34mDEBUG[0m [2mwayvid::video::mpv[0m[2m:[0m   ✓ Frame rendered successfully
[2m2025-10-23T08:07:57.832739Z[0m [33m WARN[0m [2mwayvid::backend::wayland::surface[0m[2m:[0m resume_playback not supported with shared decode context
[2m2025-10-23T08:07:57.832749Z[0m [33m WARN[0m [2mwayvid::backend::wayland::surface[0m[2m:[0m resume_playback not supported with shared decode context
[2m2025-10-23T08:07:57.832772Z[0m [34mDEBUG[0m [2mwayvid::video::mpv[0m[2m:[0m 🎬 Rendering frame: 2160x1215 to FBO 0
[2m2025-10-23T08:07:57.865844Z[0m [34mDEBUG[0m [2mwayvid::video::mpv[0m[2m:[0m   ✓ Frame rendered successfully
[2m2025-10-23T08:07:57.866126Z[0m [33m WARN[0m [2mwayvid::backend::wayland::surface[0m[2m:[0m resume_playback not supported with shared decode context
[2m2025-10-23T08:07:57.866140Z[0m [33m WARN[0m [2mwayvid::backend::wayland::surface[0m[2m:[0m resume_playback not supported with shared decode context
[2m2025-10-23T08:07:57.867664Z[0m [33m WARN[0m [2mwayvid::backend::wayland::surface[0m[2m:[0m resume_playback not supported with shared decode context
[2m2025-10-23T08:07:57.867677Z[0m [33m WARN[0m [2mwayvid::backend::wayland::surface[0m[2m:[0m resume_playback not supported with shared decode context
[2m2025-10-23T08:07:57.867720Z[0m [34mDEBUG[0m [2mwayvid::video::mpv[0m[2m:[0m 🎬 Rendering frame: 2560x1440 to FBO 0
[2m2025-10-23T08:07:57.899183Z[0m [34mDEBUG[0m [2mwayvid::video::mpv[0m[2m:[0m   ✓ Frame rendered successfully
[2m2025-10-23T08:07:57.899450Z[0m [33m WARN[0m [2mwayvid::backend::wayland::surface[0m[2m:[0m resume_playback not supported with shared decode context
[2m2025-10-23T08:07:57.899465Z[0m [33m WARN[0m [2mwayvid::backend::wayland::surface[0m[2m:[0m resume_playback not supported with shared decode context
[2m2025-10-23T08:07:57.899495Z[0m [34mDEBUG[0m [2mwayvid::video::mpv[0m[2m:[0m 🎬 Rendering frame: 2160x1215 to FBO 0
[2m2025-10-23T08:07:57.932516Z[0m [34mDEBUG[0m [2mwayvid::video::mpv[0m[2m:[0m   ✓ Frame rendered successfully
[2m2025-10-23T08:07:57.932765Z[0m [33m WARN[0m [2mwayvid::backend::wayland::surface[0m[2m:[0m resume_playback not supported with shared decode context
[2m2025-10-23T08:07:57.932779Z[0m [33m WARN[0m [2mwayvid::backend::wayland::surface[0m[2m:[0m resume_playback not supported with shared decode context
[2m2025-10-23T08:07:57.932823Z[0m [34mDEBUG[0m [2mwayvid::video::mpv[0m[2m:[0m 🎬 Rendering frame: 2560x1440 to FBO 0
[2m2025-10-23T08:07:57.965800Z[0m [34mDEBUG[0m [2mwayvid::video::mpv[0m[2m:[0m   ✓ Frame rendered successfully
[2m2025-10-23T08:07:57.966056Z[0m [33m WARN[0m [2mwayvid::backend::wayland::surface[0m[2m:[0m resume_playback not supported with shared decode context
[2m2025-10-23T08:07:57.966071Z[0m [33m WARN[0m [2mwayvid::backend::wayland::surface[0m[2m:[0m resume_playback not supported with shared decode context
[2m2025-10-23T08:07:57.966103Z[0m [34mDEBUG[0m [2mwayvid::video::mpv[0m[2m:[0m 🎬 Rendering frame: 2160x1215 to FBO 0
[2m2025-10-23T08:07:57.999165Z[0m [34mDEBUG[0m [2mwayvid::video::mpv[0m[2m:[0m   ✓ Frame rendered successfully
[2m2025-10-23T08:07:57.999400Z[0m [33m WARN[0m [2mwayvid::backend::wayland::surface[0m[2m:[0m resume_playback not supported with shared decode context
[2m2025-10-23T08:07:57.999416Z[0m [33m WARN[0m [2mwayvid::backend::wayland::surface[0m[2m:[0m resume_playback not supported with shared decode context
[2m2025-10-23T08:07:57.999449Z[0m [34mDEBUG[0m [2mwayvid::video::mpv[0m[2m:[0m 🎬 Rendering frame: 2560x1440 to FBO 0
[2m2025-10-23T08:07:58.032501Z[0m [34mDEBUG[0m [2mwayvid::video::mpv[0m[2m:[0m   ✓ Frame rendered successfully
[2m2025-10-23T08:07:58.032790Z[0m [33m WARN[0m [2mwayvid::backend::wayland::surface[0m[2m:[0m resume_playback not supported with shared decode context
[2m2025-10-23T08:07:58.032810Z[0m [33m WARN[0m [2mwayvid::backend::wayland::surface[0m[2m:[0m resume_playback not supported with shared decode context
[2m2025-10-23T08:07:58.032940Z[0m [34mDEBUG[0m [2mwayvid::video::mpv[0m[2m:[0m 🎬 Rendering frame: 2160x1215 to FBO 0
[2m2025-10-23T08:07:58.065814Z[0m [34mDEBUG[0m [2mwayvid::video::mpv[0m[2m:[0m   ✓ Frame rendered successfully
[2m2025-10-23T08:07:58.066098Z[0m [33m WARN[0m [2mwayvid::backend::wayland::surface[0m[2m:[0m resume_playback not supported with shared decode context
[2m2025-10-23T08:07:58.066112Z[0m [33m WARN[0m [2mwayvid::backend::wayland::surface[0m[2m:[0m resume_playback not supported with shared decode context
[2m2025-10-23T08:07:58.066154Z[0m [34mDEBUG[0m [2mwayvid::video::mpv[0m[2m:[0m 🎬 Rendering frame: 2560x1440 to FBO 0
[2m2025-10-23T08:07:58.099141Z[0m [34mDEBUG[0m [2mwayvid::video::mpv[0m[2m:[0m   ✓ Frame rendered successfully
[2m2025-10-23T08:07:58.099402Z[0m [33m WARN[0m [2mwayvid::backend::wayland::surface[0m[2m:[0m resume_playback not supported with shared decode context
[2m2025-10-23T08:07:58.099417Z[0m [33m WARN[0m [2mwayvid::backend::wayland::surface[0m[2m:[0m resume_playback not supported with shared decode context
[2m2025-10-23T08:07:58.099450Z[0m [34mDEBUG[0m [2mwayvid::video::mpv[0m[2m:[0m 🎬 Rendering frame: 2160x1215 to FBO 0
[2m2025-10-23T08:07:58.132494Z[0m [34mDEBUG[0m [2mwayvid::video::mpv[0m[2m:[0m   ✓ Frame rendered successfully
[2m2025-10-23T08:07:58.132764Z[0m [33m WARN[0m [2mwayvid::backend::wayland::surface[0m[2m:[0m resume_playback not supported with shared decode context
[2m2025-10-23T08:07:58.132780Z[0m [33m WARN[0m [2mwayvid::backend::wayland::surface[0m[2m:[0m resume_playback not supported with shared decode context
[2m2025-10-23T08:07:58.132816Z[0m [34mDEBUG[0m [2mwayvid::video::mpv[0m[2m:[0m 🎬 Rendering frame: 2560x1440 to FBO 0
[2m2025-10-23T08:07:58.165830Z[0m [34mDEBUG[0m [2mwayvid::video::mpv[0m[2m:[0m   ✓ Frame rendered successfully
[2m2025-10-23T08:07:58.166160Z[0m [33m WARN[0m [2mwayvid::backend::wayland::surface[0m[2m:[0m resume_playback not supported with shared decode context
[2m2025-10-23T08:07:58.166184Z[0m [33m WARN[0m [2mwayvid::backend::wayland::surface[0m[2m:[0m resume_playback not supported with shared decode context
[2m2025-10-23T08:07:58.166235Z[0m [34mDEBUG[0m [2mwayvid::video::mpv[0m[2m:[0m 🎬 Rendering frame: 2160x1215 to FBO 0
[2m2025-10-23T08:07:58.199158Z[0m [34mDEBUG[0m [2mwayvid::video::mpv[0m[2m:[0m   ✓ Frame rendered successfully
[2m2025-10-23T08:07:58.199407Z[0m [33m WARN[0m [2mwayvid::backend::wayland::surface[0m[2m:[0m resume_playback not supported with shared decode context
[2m2025-10-23T08:07:58.199426Z[0m [33m WARN[0m [2mwayvid::backend::wayland::surface[0m[2m:[0m resume_playback not supported with shared decode context
[2m2025-10-23T08:07:58.199459Z[0m [34mDEBUG[0m [2mwayvid::video::mpv[0m[2m:[0m 🎬 Rendering frame: 2560x1440 to FBO 0
[2m2025-10-23T08:07:58.232492Z[0m [34mDEBUG[0m [2mwayvid::video::mpv[0m[2m:[0m   ✓ Frame rendered successfully
[2m2025-10-23T08:07:58.232796Z[0m [33m WARN[0m [2mwayvid::backend::wayland::surface[0m[2m:[0m resume_playback not supported with shared decode context
[2m2025-10-23T08:07:58.232810Z[0m [33m WARN[0m [2mwayvid::backend::wayland::surface[0m[2m:[0m resume_playback not supported with shared decode context
[2m2025-10-23T08:07:58.232846Z[0m [34mDEBUG[0m [2mwayvid::video::mpv[0m[2m:[0m 🎬 Rendering frame: 2160x1215 to FBO 0
[2m2025-10-23T08:07:58.265817Z[0m [34mDEBUG[0m [2mwayvid::video::mpv[0m[2m:[0m   ✓ Frame rendered successfully
[2m2025-10-23T08:07:58.266057Z[0m [33m WARN[0m [2mwayvid::backend::wayland::surface[0m[2m:[0m resume_playback not supported with shared decode context
[2m2025-10-23T08:07:58.266070Z[0m [33m WARN[0m [2mwayvid::backend::wayland::surface[0m[2m:[0m resume_playback not supported with shared decode context
[2m2025-10-23T08:07:58.266100Z[0m [34mDEBUG[0m [2mwayvid::video::mpv[0m[2m:[0m 🎬 Rendering frame: 2560x1440 to FBO 0
[2m2025-10-23T08:07:58.299142Z[0m [34mDEBUG[0m [2mwayvid::video::mpv[0m[2m:[0m   ✓ Frame rendered successfully
[2m2025-10-23T08:07:58.299495Z[0m [33m WARN[0m [2mwayvid::backend::wayland::surface[0m[2m:[0m resume_playback not supported with shared decode context
[2m2025-10-23T08:07:58.299512Z[0m [33m WARN[0m [2mwayvid::backend::wayland::surface[0m[2m:[0m resume_playback not supported with shared decode context
[2m2025-10-23T08:07:58.299548Z[0m [34mDEBUG[0m [2mwayvid::video::mpv[0m[2m:[0m 🎬 Rendering frame: 2160x1215 to FBO 0
[2m2025-10-23T08:07:58.332473Z[0m [34mDEBUG[0m [2mwayvid::video::mpv[0m[2m:[0m   ✓ Frame rendered successfully
[2m2025-10-23T08:07:58.332778Z[0m [33m WARN[0m [2mwayvid::backend::wayland::surface[0m[2m:[0m resume_playback not supported with shared decode context
[2m2025-10-23T08:07:58.332791Z[0m [33m WARN[0m [2mwayvid::backend::wayland::surface[0m[2m:[0m resume_playback not supported with shared decode context
[2m2025-10-23T08:07:58.332820Z[0m [34mDEBUG[0m [2mwayvid::video::mpv[0m[2m:[0m 🎬 Rendering frame: 2560x1440 to FBO 0
[2m2025-10-23T08:07:58.365813Z[0m [34mDEBUG[0m [2mwayvid::video::mpv[0m[2m:[0m   ✓ Frame rendered successfully
[2m2025-10-23T08:07:58.366120Z[0m [33m WARN[0m [2mwayvid::backend::wayland::surface[0m[2m:[0m resume_playback not supported with shared decode context
[2m2025-10-23T08:07:58.366136Z[0m [33m WARN[0m [2mwayvid::backend::wayland::surface[0m[2m:[0m resume_playback not supported with shared decode context
[2m2025-10-23T08:07:58.366173Z[0m [34mDEBUG[0m [2mwayvid::video::mpv[0m[2m:[0m 🎬 Rendering frame: 2160x1215 to FBO 0
[2m2025-10-23T08:07:58.399159Z[0m [34mDEBUG[0m [2mwayvid::video::mpv[0m[2m:[0m   ✓ Frame rendered successfully
[2m2025-10-23T08:07:58.399481Z[0m [33m WARN[0m [2mwayvid::backend::wayland::surface[0m[2m:[0m resume_playback not supported with shared decode context
[2m2025-10-23T08:07:58.399498Z[0m [33m WARN[0m [2mwayvid::backend::wayland::surface[0m[2m:[0m resume_playback not supported with shared decode context
[2m2025-10-23T08:07:58.399534Z[0m [34mDEBUG[0m [2mwayvid::video::mpv[0m[2m:[0m 🎬 Rendering frame: 2560x1440 to FBO 0
[2m2025-10-23T08:07:58.432490Z[0m [34mDEBUG[0m [2mwayvid::video::mpv[0m[2m:[0m   ✓ Frame rendered successfully
[2m2025-10-23T08:07:58.432766Z[0m [33m WARN[0m [2mwayvid::backend::wayland::surface[0m[2m:[0m resume_playback not supported with shared decode context
[2m2025-10-23T08:07:58.432789Z[0m [33m WARN[0m [2mwayvid::backend::wayland::surface[0m[2m:[0m resume_playback not supported with shared decode context
[2m2025-10-23T08:07:58.432819Z[0m [34mDEBUG[0m [2mwayvid::video::mpv[0m[2m:[0m 🎬 Rendering frame: 2160x1215 to FBO 0
[2m2025-10-23T08:07:58.466138Z[0m [34mDEBUG[0m [2mwayvid::video::mpv[0m[2m:[0m   ✓ Frame rendered successfully
[2m2025-10-23T08:07:58.466399Z[0m [33m WARN[0m [2mwayvid::backend::wayland::surface[0m[2m:[0m resume_playback not supported with shared decode context
[2m2025-10-23T08:07:58.466412Z[0m [33m WARN[0m [2mwayvid::backend::wayland::surface[0m[2m:[0m resume_playback not supported with shared decode context
[2m2025-10-23T08:07:58.466441Z[0m [34mDEBUG[0m [2mwayvid::video::mpv[0m[2m:[0m 🎬 Rendering frame: 2560x1440 to FBO 0
[2m2025-10-23T08:07:58.499178Z[0m [34mDEBUG[0m [2mwayvid::video::mpv[0m[2m:[0m   ✓ Frame rendered successfully
[2m2025-10-23T08:07:58.499468Z[0m [33m WARN[0m [2mwayvid::backend::wayland::surface[0m[2m:[0m resume_playback not supported with shared decode context
[2m2025-10-23T08:07:58.499487Z[0m [33m WARN[0m [2mwayvid::backend::wayland::surface[0m[2m:[0m resume_playback not supported with shared decode context
[2m2025-10-23T08:07:58.499525Z[0m [34mDEBUG[0m [2mwayvid::video::mpv[0m[2m:[0m 🎬 Rendering frame: 2160x1215 to FBO 0
[2m2025-10-23T08:07:58.532488Z[0m [34mDEBUG[0m [2mwayvid::video::mpv[0m[2m:[0m   ✓ Frame rendered successfully
[2m2025-10-23T08:07:58.532713Z[0m [33m WARN[0m [2mwayvid::backend::wayland::surface[0m[2m:[0m resume_playback not supported with shared decode context
[2m2025-10-23T08:07:58.532725Z[0m [33m WARN[0m [2mwayvid::backend::wayland::surface[0m[2m:[0m resume_playback not supported with shared decode context
[2m2025-10-23T08:07:58.534109Z[0m [33m WARN[0m [2mwayvid::backend::wayland::surface[0m[2m:[0m resume_playback not supported with shared decode context
[2m2025-10-23T08:07:58.534116Z[0m [33m WARN[0m [2mwayvid::backend::wayland::surface[0m[2m:[0m resume_playback not supported with shared decode context
[2m2025-10-23T08:07:58.534159Z[0m [34mDEBUG[0m [2mwayvid::video::mpv[0m[2m:[0m 🎬 Rendering frame: 2560x1440 to FBO 0
[2m2025-10-23T08:07:58.565840Z[0m [34mDEBUG[0m [2mwayvid::video::mpv[0m[2m:[0m   ✓ Frame rendered successfully
[2m2025-10-23T08:07:58.566159Z[0m [33m WARN[0m [2mwayvid::backend::wayland::surface[0m[2m:[0m resume_playback not supported with shared decode context
[2m2025-10-23T08:07:58.566180Z[0m [33m WARN[0m [2mwayvid::backend::wayland::surface[0m[2m:[0m resume_playback not supported with shared decode context
[2m2025-10-23T08:07:58.566208Z[0m [34mDEBUG[0m [2mwayvid::video::mpv[0m[2m:[0m 🎬 Rendering frame: 2160x1215 to FBO 0
[2m2025-10-23T08:07:58.599151Z[0m [34mDEBUG[0m [2mwayvid::video::mpv[0m[2m:[0m   ✓ Frame rendered successfully
[2m2025-10-23T08:07:58.599414Z[0m [33m WARN[0m [2mwayvid::backend::wayland::surface[0m[2m:[0m resume_playback not supported with shared decode context
[2m2025-10-23T08:07:58.599427Z[0m [33m WARN[0m [2mwayvid::backend::wayland::surface[0m[2m:[0m resume_playback not supported with shared decode context
[2m2025-10-23T08:07:58.599456Z[0m [34mDEBUG[0m [2mwayvid::video::mpv[0m[2m:[0m 🎬 Rendering frame: 2560x1440 to FBO 0
[2m2025-10-23T08:07:58.632510Z[0m [34mDEBUG[0m [2mwayvid::video::mpv[0m[2m:[0m   ✓ Frame rendered successfully
[2m2025-10-23T08:07:58.632790Z[0m [33m WARN[0m [2mwayvid::backend::wayland::surface[0m[2m:[0m resume_playback not supported with shared decode context
[2m2025-10-23T08:07:58.632804Z[0m [33m WARN[0m [2mwayvid::backend::wayland::surface[0m[2m:[0m resume_playback not supported with shared decode context
[2m2025-10-23T08:07:58.632851Z[0m [34mDEBUG[0m [2mwayvid::video::mpv[0m[2m:[0m 🎬 Rendering frame: 2160x1215 to FBO 0
[2m2025-10-23T08:07:58.666315Z[0m [34mDEBUG[0m [2mwayvid::video::mpv[0m[2m:[0m   ✓ Frame rendered successfully
[2m2025-10-23T08:07:58.666652Z[0m [33m WARN[0m [2mwayvid::backend::wayland::surface[0m[2m:[0m resume_playback not supported with shared decode context
[2m2025-10-23T08:07:58.666665Z[0m [33m WARN[0m [2mwayvid::backend::wayland::surface[0m[2m:[0m resume_playback not supported with shared decode context
[2m2025-10-23T08:07:58.666703Z[0m [34mDEBUG[0m [2mwayvid::video::mpv[0m[2m:[0m 🎬 Rendering frame: 2560x1440 to FBO 0
[2m2025-10-23T08:07:58.699150Z[0m [34mDEBUG[0m [2mwayvid::video::mpv[0m[2m:[0m   ✓ Frame rendered successfully
[2m2025-10-23T08:07:58.699405Z[0m [33m WARN[0m [2mwayvid::backend::wayland::surface[0m[2m:[0m resume_playback not supported with shared decode context
[2m2025-10-23T08:07:58.699425Z[0m [33m WARN[0m [2mwayvid::backend::wayland::surface[0m[2m:[0m resume_playback not supported with shared decode context
[2m2025-10-23T08:07:58.699457Z[0m [34mDEBUG[0m [2mwayvid::video::mpv[0m[2m:[0m 🎬 Rendering frame: 2160x1215 to FBO 0
[2m2025-10-23T08:07:58.732484Z[0m [34mDEBUG[0m [2mwayvid::video::mpv[0m[2m:[0m   ✓ Frame rendered successfully
[2m2025-10-23T08:07:58.732963Z[0m [33m WARN[0m [2mwayvid::backend::wayland::surface[0m[2m:[0m resume_playback not supported with shared decode context
[2m2025-10-23T08:07:58.732980Z[0m [33m WARN[0m [2mwayvid::backend::wayland::surface[0m[2m:[0m resume_playback not supported with shared decode context
[2m2025-10-23T08:07:58.733014Z[0m [34mDEBUG[0m [2mwayvid::video::mpv[0m[2m:[0m 🎬 Rendering frame: 2560x1440 to FBO 0
[2m2025-10-23T08:07:58.765819Z[0m [34mDEBUG[0m [2mwayvid::video::mpv[0m[2m:[0m   ✓ Frame rendered successfully
[2m2025-10-23T08:07:58.766117Z[0m [33m WARN[0m [2mwayvid::backend::wayland::surface[0m[2m:[0m resume_playback not supported with shared decode context
[2m2025-10-23T08:07:58.766132Z[0m [33m WARN[0m [2mwayvid::backend::wayland::surface[0m[2m:[0m resume_playback not supported with shared decode context
[2m2025-10-23T08:07:58.766162Z[0m [34mDEBUG[0m [2mwayvid::video::mpv[0m[2m:[0m 🎬 Rendering frame: 2160x1215 to FBO 0
[2m2025-10-23T08:07:58.799513Z[0m [34mDEBUG[0m [2mwayvid::video::mpv[0m[2m:[0m   ✓ Frame rendered successfully
[2m2025-10-23T08:07:58.799733Z[0m [33m WARN[0m [2mwayvid::backend::wayland::surface[0m[2m:[0m resume_playback not supported with shared decode context
[2m2025-10-23T08:07:58.799741Z[0m [33m WARN[0m [2mwayvid::backend::wayland::surface[0m[2m:[0m resume_playback not supported with shared decode context
[2m2025-10-23T08:07:58.799771Z[0m [34mDEBUG[0m [2mwayvid::video::mpv[0m[2m:[0m 🎬 Rendering frame: 2560x1440 to FBO 0
[2m2025-10-23T08:07:58.832491Z[0m [34mDEBUG[0m [2mwayvid::video::mpv[0m[2m:[0m   ✓ Frame rendered successfully
[2m2025-10-23T08:07:58.832762Z[0m [33m WARN[0m [2mwayvid::backend::wayland::surface[0m[2m:[0m resume_playback not supported with shared decode context
[2m2025-10-23T08:07:58.832773Z[0m [33m WARN[0m [2mwayvid::backend::wayland::surface[0m[2m:[0m resume_playback not supported with shared decode context
[2m2025-10-23T08:07:58.832802Z[0m [34mDEBUG[0m [2mwayvid::video::mpv[0m[2m:[0m 🎬 Rendering frame: 2160x1215 to FBO 0
[2m2025-10-23T08:07:58.865839Z[0m [34mDEBUG[0m [2mwayvid::video::mpv[0m[2m:[0m   ✓ Frame rendered successfully
[2m2025-10-23T08:07:58.866141Z[0m [33m WARN[0m [2mwayvid::backend::wayland::surface[0m[2m:[0m resume_playback not supported with shared decode context
[2m2025-10-23T08:07:58.866153Z[0m [33m WARN[0m [2mwayvid::backend::wayland::surface[0m[2m:[0m resume_playback not supported with shared decode context
[2m2025-10-23T08:07:58.867657Z[0m [33m WARN[0m [2mwayvid::backend::wayland::surface[0m[2m:[0m resume_playback not supported with shared decode context
[2m2025-10-23T08:07:58.867684Z[0m [33m WARN[0m [2mwayvid::backend::wayland::surface[0m[2m:[0m resume_playback not supported with shared decode context
[2m2025-10-23T08:07:58.867742Z[0m [34mDEBUG[0m [2mwayvid::video::mpv[0m[2m:[0m 🎬 Rendering frame: 2560x1440 to FBO 0
[2m2025-10-23T08:07:58.899148Z[0m [34mDEBUG[0m [2mwayvid::video::mpv[0m[2m:[0m   ✓ Frame rendered successfully
[2m2025-10-23T08:07:58.899432Z[0m [33m WARN[0m [2mwayvid::backend::wayland::surface[0m[2m:[0m resume_playback not supported with shared decode context
[2m2025-10-23T08:07:58.899450Z[0m [33m WARN[0m [2mwayvid::backend::wayland::surface[0m[2m:[0m resume_playback not supported with shared decode context
[2m2025-10-23T08:07:58.899482Z[0m [34mDEBUG[0m [2mwayvid::video::mpv[0m[2m:[0m 🎬 Rendering frame: 2160x1215 to FBO 0
[2m2025-10-23T08:07:58.932486Z[0m [34mDEBUG[0m [2mwayvid::video::mpv[0m[2m:[0m   ✓ Frame rendered successfully
[2m2025-10-23T08:07:58.932766Z[0m [33m WARN[0m [2mwayvid::backend::wayland::surface[0m[2m:[0m resume_playback not supported with shared decode context
[2m2025-10-23T08:07:58.932778Z[0m [33m WARN[0m [2mwayvid::backend::wayland::surface[0m[2m:[0m resume_playback not supported with shared decode context
[2m2025-10-23T08:07:58.932813Z[0m [34mDEBUG[0m [2mwayvid::video::mpv[0m[2m:[0m 🎬 Rendering frame: 2560x1440 to FBO 0
[2m2025-10-23T08:07:58.965807Z[0m [34mDEBUG[0m [2mwayvid::video::mpv[0m[2m:[0m   ✓ Frame rendered successfully
[2m2025-10-23T08:07:58.966050Z[0m [33m WARN[0m [2mwayvid::backend::wayland::surface[0m[2m:[0m resume_playback not supported with shared decode context
[2m2025-10-23T08:07:58.966062Z[0m [33m WARN[0m [2mwayvid::backend::wayland::surface[0m[2m:[0m resume_playback not supported with shared decode context
[2m2025-10-23T08:07:58.966090Z[0m [34mDEBUG[0m [2mwayvid::video::mpv[0m[2m:[0m 🎬 Rendering frame: 2160x1215 to FBO 0
[2m2025-10-23T08:07:58.999165Z[0m [34mDEBUG[0m [2mwayvid::video::mpv[0m[2m:[0m   ✓ Frame rendered successfully
[2m2025-10-23T08:07:59.002987Z[0m [33m WARN[0m [2mwayvid::backend::wayland::surface[0m[2m:[0m resume_playback not supported with shared decode context
[2m2025-10-23T08:07:59.003018Z[0m [33m WARN[0m [2mwayvid::backend::wayland::surface[0m[2m:[0m resume_playback not supported with shared decode context
[2m2025-10-23T08:07:59.006422Z[0m [33m WARN[0m [2mwayvid::backend::wayland::surface[0m[2m:[0m resume_playback not supported with shared decode context
[2m2025-10-23T08:07:59.006441Z[0m [33m WARN[0m [2mwayvid::backend::wayland::surface[0m[2m:[0m resume_playback not supported with shared decode context
[2m2025-10-23T08:07:59.006477Z[0m [34mDEBUG[0m [2mwayvid::video::mpv[0m[2m:[0m 🎬 Rendering frame: 2560x1440 to FBO 0
[2m2025-10-23T08:07:59.032470Z[0m [34mDEBUG[0m [2mwayvid::video::mpv[0m[2m:[0m   ✓ Frame rendered successfully
[2m2025-10-23T08:07:59.032693Z[0m [33m WARN[0m [2mwayvid::backend::wayland::surface[0m[2m:[0m resume_playback not supported with shared decode context
[2m2025-10-23T08:07:59.032704Z[0m [33m WARN[0m [2mwayvid::backend::wayland::surface[0m[2m:[0m resume_playback not supported with shared decode context
[2m2025-10-23T08:07:59.032726Z[0m [34mDEBUG[0m [2mwayvid::video::mpv[0m[2m:[0m 🎬 Rendering frame: 2160x1215 to FBO 0
[2m2025-10-23T08:07:59.065953Z[0m [34mDEBUG[0m [2mwayvid::video::mpv[0m[2m:[0m   ✓ Frame rendered successfully
[2m2025-10-23T08:07:59.066305Z[0m [33m WARN[0m [2mwayvid::backend::wayland::surface[0m[2m:[0m resume_playback not supported with shared decode context
[2m2025-10-23T08:07:59.066328Z[0m [33m WARN[0m [2mwayvid::backend::wayland::surface[0m[2m:[0m resume_playback not supported with shared decode context
[2m2025-10-23T08:07:59.066364Z[0m [34mDEBUG[0m [2mwayvid::video::mpv[0m[2m:[0m 🎬 Rendering frame: 2560x1440 to FBO 0
[2m2025-10-23T08:07:59.099150Z[0m [34mDEBUG[0m [2mwayvid::video::mpv[0m[2m:[0m   ✓ Frame rendered successfully
[2m2025-10-23T08:07:59.099434Z[0m [33m WARN[0m [2mwayvid::backend::wayland::surface[0m[2m:[0m resume_playback not supported with shared decode context
[2m2025-10-23T08:07:59.099452Z[0m [33m WARN[0m [2mwayvid::backend::wayland::surface[0m[2m:[0m resume_playback not supported with shared decode context
[2m2025-10-23T08:07:59.099477Z[0m [34mDEBUG[0m [2mwayvid::video::mpv[0m[2m:[0m 🎬 Rendering frame: 2160x1215 to FBO 0
[2m2025-10-23T08:07:59.132480Z[0m [34mDEBUG[0m [2mwayvid::video::mpv[0m[2m:[0m   ✓ Frame rendered successfully
[2m2025-10-23T08:07:59.132734Z[0m [33m WARN[0m [2mwayvid::backend::wayland::surface[0m[2m:[0m resume_playback not supported with shared decode context
[2m2025-10-23T08:07:59.132744Z[0m [33m WARN[0m [2mwayvid::backend::wayland::surface[0m[2m:[0m resume_playback not supported with shared decode context
[2m2025-10-23T08:07:59.132773Z[0m [34mDEBUG[0m [2mwayvid::video::mpv[0m[2m:[0m 🎬 Rendering frame: 2560x1440 to FBO 0
[2m2025-10-23T08:07:59.165818Z[0m [34mDEBUG[0m [2mwayvid::video::mpv[0m[2m:[0m   ✓ Frame rendered successfully
[2m2025-10-23T08:07:59.166091Z[0m [33m WARN[0m [2mwayvid::backend::wayland::surface[0m[2m:[0m resume_playback not supported with shared decode context
[2m2025-10-23T08:07:59.166100Z[0m [33m WARN[0m [2mwayvid::backend::wayland::surface[0m[2m:[0m resume_playback not supported with shared decode context
[2m2025-10-23T08:07:59.166123Z[0m [34mDEBUG[0m [2mwayvid::video::mpv[0m[2m:[0m 🎬 Rendering frame: 2160x1215 to FBO 0
[2m2025-10-23T08:07:59.199143Z[0m [34mDEBUG[0m [2mwayvid::video::mpv[0m[2m:[0m   ✓ Frame rendered successfully
[2m2025-10-23T08:07:59.199378Z[0m [33m WARN[0m [2mwayvid::backend::wayland::surface[0m[2m:[0m resume_playback not supported with shared decode context
[2m2025-10-23T08:07:59.199397Z[0m [33m WARN[0m [2mwayvid::backend::wayland::surface[0m[2m:[0m resume_playback not supported with shared decode context
[2m2025-10-23T08:07:59.200812Z[0m [33m WARN[0m [2mwayvid::backend::wayland::surface[0m[2m:[0m resume_playback not supported with shared decode context
[2m2025-10-23T08:07:59.200822Z[0m [33m WARN[0m [2mwayvid::backend::wayland::surface[0m[2m:[0m resume_playback not supported with shared decode context
[2m2025-10-23T08:07:59.200855Z[0m [34mDEBUG[0m [2mwayvid::video::mpv[0m[2m:[0m 🎬 Rendering frame: 2560x1440 to FBO 0
[2m2025-10-23T08:07:59.232456Z[0m [34mDEBUG[0m [2mwayvid::video::mpv[0m[2m:[0m   ✓ Frame rendered successfully
[2m2025-10-23T08:07:59.232725Z[0m [33m WARN[0m [2mwayvid::backend::wayland::surface[0m[2m:[0m resume_playback not supported with shared decode context
[2m2025-10-23T08:07:59.232737Z[0m [33m WARN[0m [2mwayvid::backend::wayland::surface[0m[2m:[0m resume_playback not supported with shared decode context
[2m2025-10-23T08:07:59.232770Z[0m [34mDEBUG[0m [2mwayvid::video::mpv[0m[2m:[0m 🎬 Rendering frame: 2160x1215 to FBO 0
[2m2025-10-23T08:07:59.266337Z[0m [34mDEBUG[0m [2mwayvid::video::mpv[0m[2m:[0m   ✓ Frame rendered successfully
[2m2025-10-23T08:07:59.266660Z[0m [33m WARN[0m [2mwayvid::backend::wayland::surface[0m[2m:[0m resume_playback not supported with shared decode context
[2m2025-10-23T08:07:59.266673Z[0m [33m WARN[0m [2mwayvid::backend::wayland::surface[0m[2m:[0m resume_playback not supported with shared decode context
[2m2025-10-23T08:07:59.266709Z[0m [34mDEBUG[0m [2mwayvid::video::mpv[0m[2m:[0m 🎬 Rendering frame: 2560x1440 to FBO 0
[2m2025-10-23T08:07:59.299162Z[0m [34mDEBUG[0m [2mwayvid::video::mpv[0m[2m:[0m   ✓ Frame rendered successfully
[2m2025-10-23T08:07:59.299439Z[0m [33m WARN[0m [2mwayvid::backend::wayland::surface[0m[2m:[0m resume_playback not supported with shared decode context
[2m2025-10-23T08:07:59.299457Z[0m [33m WARN[0m [2mwayvid::backend::wayland::surface[0m[2m:[0m resume_playback not supported with shared decode context
[2m2025-10-23T08:07:59.299509Z[0m [34mDEBUG[0m [2mwayvid::video::mpv[0m[2m:[0m 🎬 Rendering frame: 2160x1215 to FBO 0
[2m2025-10-23T08:07:59.332488Z[0m [34mDEBUG[0m [2mwayvid::video::mpv[0m[2m:[0m   ✓ Frame rendered successfully
[2m2025-10-23T08:07:59.332829Z[0m [33m WARN[0m [2mwayvid::backend::wayland::surface[0m[2m:[0m resume_playback not supported with shared decode context
[2m2025-10-23T08:07:59.332843Z[0m [33m WARN[0m [2mwayvid::backend::wayland::surface[0m[2m:[0m resume_playback not supported with shared decode context
[2m2025-10-23T08:07:59.332891Z[0m [34mDEBUG[0m [2mwayvid::video::mpv[0m[2m:[0m 🎬 Rendering frame: 2560x1440 to FBO 0
[2m2025-10-23T08:07:59.365826Z[0m [34mDEBUG[0m [2mwayvid::video::mpv[0m[2m:[0m   ✓ Frame rendered successfully
[2m2025-10-23T08:07:59.366146Z[0m [33m WARN[0m [2mwayvid::backend::wayland::surface[0m[2m:[0m resume_playback not supported with shared decode context
[2m2025-10-23T08:07:59.366164Z[0m [33m WARN[0m [2mwayvid::backend::wayland::surface[0m[2m:[0m resume_playback not supported with shared decode context
[2m2025-10-23T08:07:59.366203Z[0m [34mDEBUG[0m [2mwayvid::video::mpv[0m[2m:[0m 🎬 Rendering frame: 2160x1215 to FBO 0
[2m2025-10-23T08:07:59.399128Z[0m [34mDEBUG[0m [2mwayvid::video::mpv[0m[2m:[0m   ✓ Frame rendered successfully
[2m2025-10-23T08:07:59.399422Z[0m [33m WARN[0m [2mwayvid::backend::wayland::surface[0m[2m:[0m resume_playback not supported with shared decode context
[2m2025-10-23T08:07:59.399441Z[0m [33m WARN[0m [2mwayvid::backend::wayland::surface[0m[2m:[0m resume_playback not supported with shared decode context
[2m2025-10-23T08:07:59.399482Z[0m [34mDEBUG[0m [2mwayvid::video::mpv[0m[2m:[0m 🎬 Rendering frame: 2560x1440 to FBO 0
[2m2025-10-23T08:07:59.432479Z[0m [34mDEBUG[0m [2mwayvid::video::mpv[0m[2m:[0m   ✓ Frame rendered successfully
[2m2025-10-23T08:07:59.432799Z[0m [33m WARN[0m [2mwayvid::backend::wayland::surface[0m[2m:[0m resume_playback not supported with shared decode context
[2m2025-10-23T08:07:59.432817Z[0m [33m WARN[0m [2mwayvid::backend::wayland::surface[0m[2m:[0m resume_playback not supported with shared decode context
[2m2025-10-23T08:07:59.432846Z[0m [34mDEBUG[0m [2mwayvid::video::mpv[0m[2m:[0m 🎬 Rendering frame: 2160x1215 to FBO 0
[2m2025-10-23T08:07:59.465829Z[0m [34mDEBUG[0m [2mwayvid::video::mpv[0m[2m:[0m   ✓ Frame rendered successfully
[2m2025-10-23T08:07:59.466105Z[0m [33m WARN[0m [2mwayvid::backend::wayland::surface[0m[2m:[0m resume_playback not supported with shared decode context
[2m2025-10-23T08:07:59.466117Z[0m [33m WARN[0m [2mwayvid::backend::wayland::surface[0m[2m:[0m resume_playback not supported with shared decode context
[2m2025-10-23T08:07:59.466154Z[0m [34mDEBUG[0m [2mwayvid::video::mpv[0m[2m:[0m 🎬 Rendering frame: 2560x1440 to FBO 0
[2m2025-10-23T08:07:59.499143Z[0m [34mDEBUG[0m [2mwayvid::video::mpv[0m[2m:[0m   ✓ Frame rendered successfully
[2m2025-10-23T08:07:59.499547Z[0m [33m WARN[0m [2mwayvid::backend::wayland::surface[0m[2m:[0m resume_playback not supported with shared decode context
[2m2025-10-23T08:07:59.499562Z[0m [33m WARN[0m [2mwayvid::backend::wayland::surface[0m[2m:[0m resume_playback not supported with shared decode context
[2m2025-10-23T08:07:59.499590Z[0m [34mDEBUG[0m [2mwayvid::video::mpv[0m[2m:[0m 🎬 Rendering frame: 2160x1215 to FBO 0
[2m2025-10-23T08:07:59.532475Z[0m [34mDEBUG[0m [2mwayvid::video::mpv[0m[2m:[0m   ✓ Frame rendered successfully
[2m2025-10-23T08:07:59.532984Z[0m [33m WARN[0m [2mwayvid::backend::wayland::surface[0m[2m:[0m resume_playback not supported with shared decode context
[2m2025-10-23T08:07:59.532999Z[0m [33m WARN[0m [2mwayvid::backend::wayland::surface[0m[2m:[0m resume_playback not supported with shared decode context
[2m2025-10-23T08:07:59.533029Z[0m [34mDEBUG[0m [2mwayvid::video::mpv[0m[2m:[0m 🎬 Rendering frame: 2560x1440 to FBO 0
[2m2025-10-23T08:07:59.565816Z[0m [34mDEBUG[0m [2mwayvid::video::mpv[0m[2m:[0m   ✓ Frame rendered successfully
[2m2025-10-23T08:07:59.566145Z[0m [33m WARN[0m [2mwayvid::backend::wayland::surface[0m[2m:[0m resume_playback not supported with shared decode context
[2m2025-10-23T08:07:59.566169Z[0m [33m WARN[0m [2mwayvid::backend::wayland::surface[0m[2m:[0m resume_playback not supported with shared decode context
[2m2025-10-23T08:07:59.566205Z[0m [34mDEBUG[0m [2mwayvid::video::mpv[0m[2m:[0m 🎬 Rendering frame: 2160x1215 to FBO 0
[2m2025-10-23T08:07:59.599535Z[0m [34mDEBUG[0m [2mwayvid::video::mpv[0m[2m:[0m   ✓ Frame rendered successfully
[2m2025-10-23T08:07:59.599839Z[0m [33m WARN[0m [2mwayvid::backend::wayland::surface[0m[2m:[0m resume_playback not supported with shared decode context
[2m2025-10-23T08:07:59.599856Z[0m [33m WARN[0m [2mwayvid::backend::wayland::surface[0m[2m:[0m resume_playback not supported with shared decode context
[2m2025-10-23T08:07:59.599888Z[0m [34mDEBUG[0m [2mwayvid::video::mpv[0m[2m:[0m 🎬 Rendering frame: 2560x1440 to FBO 0
[2m2025-10-23T08:07:59.632500Z[0m [34mDEBUG[0m [2mwayvid::video::mpv[0m[2m:[0m   ✓ Frame rendered successfully
[2m2025-10-23T08:07:59.632833Z[0m [33m WARN[0m [2mwayvid::backend::wayland::surface[0m[2m:[0m resume_playback not supported with shared decode context
[2m2025-10-23T08:07:59.632850Z[0m [33m WARN[0m [2mwayvid::backend::wayland::surface[0m[2m:[0m resume_playback not supported with shared decode context
[2m2025-10-23T08:07:59.632886Z[0m [34mDEBUG[0m [2mwayvid::video::mpv[0m[2m:[0m 🎬 Rendering frame: 2160x1215 to FBO 0
[2m2025-10-23T08:07:59.665814Z[0m [34mDEBUG[0m [2mwayvid::video::mpv[0m[2m:[0m   ✓ Frame rendered successfully
[2m2025-10-23T08:07:59.666225Z[0m [33m WARN[0m [2mwayvid::backend::wayland::surface[0m[2m:[0m resume_playback not supported with shared decode context
[2m2025-10-23T08:07:59.666239Z[0m [33m WARN[0m [2mwayvid::backend::wayland::surface[0m[2m:[0m resume_playback not supported with shared decode context
[2m2025-10-23T08:07:59.666272Z[0m [34mDEBUG[0m [2mwayvid::video::mpv[0m[2m:[0m 🎬 Rendering frame: 2560x1440 to FBO 0
[2m2025-10-23T08:07:59.699153Z[0m [34mDEBUG[0m [2mwayvid::video::mpv[0m[2m:[0m   ✓ Frame rendered successfully
[2m2025-10-23T08:07:59.699472Z[0m [33m WARN[0m [2mwayvid::backend::wayland::surface[0m[2m:[0m resume_playback not supported with shared decode context
[2m2025-10-23T08:07:59.699492Z[0m [33m WARN[0m [2mwayvid::backend::wayland::surface[0m[2m:[0m resume_playback not supported with shared decode context
[2m2025-10-23T08:07:59.699530Z[0m [34mDEBUG[0m [2mwayvid::video::mpv[0m[2m:[0m 🎬 Rendering frame: 2160x1215 to FBO 0
[2m2025-10-23T08:07:59.732494Z[0m [34mDEBUG[0m [2mwayvid::video::mpv[0m[2m:[0m   ✓ Frame rendered successfully
[2m2025-10-23T08:07:59.732779Z[0m [33m WARN[0m [2mwayvid::backend::wayland::surface[0m[2m:[0m resume_playback not supported with shared decode context
[2m2025-10-23T08:07:59.732799Z[0m [33m WARN[0m [2mwayvid::backend::wayland::surface[0m[2m:[0m resume_playback not supported with shared decode context
[2m2025-10-23T08:07:59.732834Z[0m [34mDEBUG[0m [2mwayvid::video::mpv[0m[2m:[0m 🎬 Rendering frame: 2560x1440 to FBO 0
[2m2025-10-23T08:07:59.765802Z[0m [34mDEBUG[0m [2mwayvid::video::mpv[0m[2m:[0m   ✓ Frame rendered successfully
[2m2025-10-23T08:07:59.766093Z[0m [33m WARN[0m [2mwayvid::backend::wayland::surface[0m[2m:[0m resume_playback not supported with shared decode context
[2m2025-10-23T08:07:59.766114Z[0m [33m WARN[0m [2mwayvid::backend::wayland::surface[0m[2m:[0m resume_playback not supported with shared decode context
[2m2025-10-23T08:07:59.766150Z[0m [34mDEBUG[0m [2mwayvid::video::mpv[0m[2m:[0m 🎬 Rendering frame: 2160x1215 to FBO 0
[2m2025-10-23T08:07:59.799169Z[0m [34mDEBUG[0m [2mwayvid::video::mpv[0m[2m:[0m   ✓ Frame rendered successfully
[2m2025-10-23T08:07:59.799576Z[0m [33m WARN[0m [2mwayvid::backend::wayland::surface[0m[2m:[0m resume_playback not supported with shared decode context
[2m2025-10-23T08:07:59.799593Z[0m [33m WARN[0m [2mwayvid::backend::wayland::surface[0m[2m:[0m resume_playback not supported with shared decode context
[2m2025-10-23T08:07:59.799624Z[0m [34mDEBUG[0m [2mwayvid::video::mpv[0m[2m:[0m 🎬 Rendering frame: 2560x1440 to FBO 0
[2m2025-10-23T08:07:59.832502Z[0m [34mDEBUG[0m [2mwayvid::video::mpv[0m[2m:[0m   ✓ Frame rendered successfully
[2m2025-10-23T08:07:59.832820Z[0m [33m WARN[0m [2mwayvid::backend::wayland::surface[0m[2m:[0m resume_playback not supported with shared decode context
[2m2025-10-23T08:07:59.832838Z[0m [33m WARN[0m [2mwayvid::backend::wayland::surface[0m[2m:[0m resume_playback not supported with shared decode context
[2m2025-10-23T08:07:59.832867Z[0m [34mDEBUG[0m [2mwayvid::video::mpv[0m[2m:[0m 🎬 Rendering frame: 2160x1215 to FBO 0
[2m2025-10-23T08:07:59.865819Z[0m [34mDEBUG[0m [2mwayvid::video::mpv[0m[2m:[0m   ✓ Frame rendered successfully
[2m2025-10-23T08:07:59.866132Z[0m [33m WARN[0m [2mwayvid::backend::wayland::surface[0m[2m:[0m resume_playback not supported with shared decode context
[2m2025-10-23T08:07:59.866147Z[0m [33m WARN[0m [2mwayvid::backend::wayland::surface[0m[2m:[0m resume_playback not supported with shared decode context
[2m2025-10-23T08:07:59.866178Z[0m [34mDEBUG[0m [2mwayvid::video::mpv[0m[2m:[0m 🎬 Rendering frame: 2560x1440 to FBO 0
[2m2025-10-23T08:07:59.899146Z[0m [34mDEBUG[0m [2mwayvid::video::mpv[0m[2m:[0m   ✓ Frame rendered successfully
[2m2025-10-23T08:07:59.899440Z[0m [33m WARN[0m [2mwayvid::backend::wayland::surface[0m[2m:[0m resume_playback not supported with shared decode context
[2m2025-10-23T08:07:59.899457Z[0m [33m WARN[0m [2mwayvid::backend::wayland::surface[0m[2m:[0m resume_playback not supported with shared decode context
[2m2025-10-23T08:07:59.899485Z[0m [34mDEBUG[0m [2mwayvid::video::mpv[0m[2m:[0m 🎬 Rendering frame: 2160x1215 to FBO 0
[2m2025-10-23T08:07:59.932445Z[0m [34mDEBUG[0m [2mwayvid::video::mpv[0m[2m:[0m   ✓ Frame rendered successfully
[2m2025-10-23T08:07:59.932666Z[0m [33m WARN[0m [2mwayvid::backend::wayland::surface[0m[2m:[0m resume_playback not supported with shared decode context
[2m2025-10-23T08:07:59.932680Z[0m [33m WARN[0m [2mwayvid::backend::wayland::surface[0m[2m:[0m resume_playback not supported with shared decode context
[2m2025-10-23T08:07:59.932706Z[0m [34mDEBUG[0m [2mwayvid::video::mpv[0m[2m:[0m 🎬 Rendering frame: 2560x1440 to FBO 0
[2m2025-10-23T08:07:59.965792Z[0m [34mDEBUG[0m [2mwayvid::video::mpv[0m[2m:[0m   ✓ Frame rendered successfully
[2m2025-10-23T08:07:59.966106Z[0m [33m WARN[0m [2mwayvid::backend::wayland::surface[0m[2m:[0m resume_playback not supported with shared decode context
[2m2025-10-23T08:07:59.966120Z[0m [33m WARN[0m [2mwayvid::backend::wayland::surface[0m[2m:[0m resume_playback not supported with shared decode context
[2m2025-10-23T08:07:59.966154Z[0m [34mDEBUG[0m [2mwayvid::video::mpv[0m[2m:[0m 🎬 Rendering frame: 2160x1215 to FBO 0
[2m2025-10-23T08:07:59.999121Z[0m [34mDEBUG[0m [2mwayvid::video::mpv[0m[2m:[0m   ✓ Frame rendered successfully
[2m2025-10-23T08:07:59.999445Z[0m [33m WARN[0m [2mwayvid::backend::wayland::surface[0m[2m:[0m resume_playback not supported with shared decode context
[2m2025-10-23T08:07:59.999467Z[0m [33m WARN[0m [2mwayvid::backend::wayland::surface[0m[2m:[0m resume_playback not supported with shared decode context
[2m2025-10-23T08:07:59.999505Z[0m [34mDEBUG[0m [2mwayvid::video::mpv[0m[2m:[0m 🎬 Rendering frame: 2560x1440 to FBO 0
[2m2025-10-23T08:08:00.032455Z[0m [34mDEBUG[0m [2mwayvid::video::mpv[0m[2m:[0m   ✓ Frame rendered successfully
[2m2025-10-23T08:08:00.032735Z[0m [33m WARN[0m [2mwayvid::backend::wayland::surface[0m[2m:[0m resume_playback not supported with shared decode context
[2m2025-10-23T08:08:00.032761Z[0m [33m WARN[0m [2mwayvid::backend::wayland::surface[0m[2m:[0m resume_playback not supported with shared decode context
[2m2025-10-23T08:08:00.032789Z[0m [34mDEBUG[0m [2mwayvid::video::mpv[0m[2m:[0m 🎬 Rendering frame: 2160x1215 to FBO 0
[2m2025-10-23T08:08:00.065800Z[0m [34mDEBUG[0m [2mwayvid::video::mpv[0m[2m:[0m   ✓ Frame rendered successfully
[2m2025-10-23T08:08:00.066090Z[0m [33m WARN[0m [2mwayvid::backend::wayland::surface[0m[2m:[0m resume_playback not supported with shared decode context
[2m2025-10-23T08:08:00.066107Z[0m [33m WARN[0m [2mwayvid::backend::wayland::surface[0m[2m:[0m resume_playback not supported with shared decode context
[2m2025-10-23T08:08:00.066137Z[0m [34mDEBUG[0m [2mwayvid::video::mpv[0m[2m:[0m 🎬 Rendering frame: 2560x1440 to FBO 0
[2m2025-10-23T08:08:00.099131Z[0m [34mDEBUG[0m [2mwayvid::video::mpv[0m[2m:[0m   ✓ Frame rendered successfully
[2m2025-10-23T08:08:00.099469Z[0m [33m WARN[0m [2mwayvid::backend::wayland::surface[0m[2m:[0m resume_playback not supported with shared decode context
[2m2025-10-23T08:08:00.099490Z[0m [33m WARN[0m [2mwayvid::backend::wayland::surface[0m[2m:[0m resume_playback not supported with shared decode context
[2m2025-10-23T08:08:00.099526Z[0m [34mDEBUG[0m [2mwayvid::video::mpv[0m[2m:[0m 🎬 Rendering frame: 2160x1215 to FBO 0
[2m2025-10-23T08:08:00.132862Z[0m [34mDEBUG[0m [2mwayvid::video::mpv[0m[2m:[0m   ✓ Frame rendered successfully
[2m2025-10-23T08:08:00.133131Z[0m [33m WARN[0m [2mwayvid::backend::wayland::surface[0m[2m:[0m resume_playback not supported with shared decode context
[2m2025-10-23T08:08:00.133149Z[0m [33m WARN[0m [2mwayvid::backend::wayland::surface[0m[2m:[0m resume_playback not supported with shared decode context
[2m2025-10-23T08:08:00.133183Z[0m [34mDEBUG[0m [2mwayvid::video::mpv[0m[2m:[0m 🎬 Rendering frame: 2560x1440 to FBO 0
[2m2025-10-23T08:08:00.165808Z[0m [34mDEBUG[0m [2mwayvid::video::mpv[0m[2m:[0m   ✓ Frame rendered successfully
[2m2025-10-23T08:08:00.166063Z[0m [33m WARN[0m [2mwayvid::backend::wayland::surface[0m[2m:[0m resume_playback not supported with shared decode context
[2m2025-10-23T08:08:00.166072Z[0m [33m WARN[0m [2mwayvid::backend::wayland::surface[0m[2m:[0m resume_playback not supported with shared decode context
[2m2025-10-23T08:08:00.166097Z[0m [34mDEBUG[0m [2mwayvid::video::mpv[0m[2m:[0m 🎬 Rendering frame: 2160x1215 to FBO 0
[2m2025-10-23T08:08:00.199157Z[0m [34mDEBUG[0m [2mwayvid::video::mpv[0m[2m:[0m   ✓ Frame rendered successfully
[2m2025-10-23T08:08:00.199478Z[0m [33m WARN[0m [2mwayvid::backend::wayland::surface[0m[2m:[0m resume_playback not supported with shared decode context
[2m2025-10-23T08:08:00.199496Z[0m [33m WARN[0m [2mwayvid::backend::wayland::surface[0m[2m:[0m resume_playback not supported with shared decode context
[2m2025-10-23T08:08:00.200757Z[0m [33m WARN[0m [2mwayvid::backend::wayland::surface[0m[2m:[0m resume_playback not supported with shared decode context
[2m2025-10-23T08:08:00.200771Z[0m [33m WARN[0m [2mwayvid::backend::wayland::surface[0m[2m:[0m resume_playback not supported with shared decode context
[2m2025-10-23T08:08:00.200825Z[0m [34mDEBUG[0m [2mwayvid::video::mpv[0m[2m:[0m 🎬 Rendering frame: 2560x1440 to FBO 0
[2m2025-10-23T08:08:00.232489Z[0m [34mDEBUG[0m [2mwayvid::video::mpv[0m[2m:[0m   ✓ Frame rendered successfully
[2m2025-10-23T08:08:00.232779Z[0m [33m WARN[0m [2mwayvid::backend::wayland::surface[0m[2m:[0m resume_playback not supported with shared decode context
[2m2025-10-23T08:08:00.232801Z[0m [33m WARN[0m [2mwayvid::backend::wayland::surface[0m[2m:[0m resume_playback not supported with shared decode context
[2m2025-10-23T08:08:00.232834Z[0m [34mDEBUG[0m [2mwayvid::video::mpv[0m[2m:[0m 🎬 Rendering frame: 2160x1215 to FBO 0
[2m2025-10-23T08:08:00.265796Z[0m [34mDEBUG[0m [2mwayvid::video::mpv[0m[2m:[0m   ✓ Frame rendered successfully
[2m2025-10-23T08:08:00.266019Z[0m [33m WARN[0m [2mwayvid::backend::wayland::surface[0m[2m:[0m resume_playback not supported with shared decode context
[2m2025-10-23T08:08:00.266041Z[0m [33m WARN[0m [2mwayvid::backend::wayland::surface[0m[2m:[0m resume_playback not supported with shared decode context
[2m2025-10-23T08:08:00.266081Z[0m [34mDEBUG[0m [2mwayvid::video::mpv[0m[2m:[0m 🎬 Rendering frame: 2560x1440 to FBO 0
[2m2025-10-23T08:08:00.299163Z[0m [34mDEBUG[0m [2mwayvid::video::mpv[0m[2m:[0m   ✓ Frame rendered successfully
[2m2025-10-23T08:08:00.299508Z[0m [33m WARN[0m [2mwayvid::backend::wayland::surface[0m[2m:[0m resume_playback not supported with shared decode context
[2m2025-10-23T08:08:00.299525Z[0m [33m WARN[0m [2mwayvid::backend::wayland::surface[0m[2m:[0m resume_playback not supported with shared decode context
[2m2025-10-23T08:08:00.299556Z[0m [34mDEBUG[0m [2mwayvid::video::mpv[0m[2m:[0m 🎬 Rendering frame: 2160x1215 to FBO 0
[2m2025-10-23T08:08:00.332465Z[0m [34mDEBUG[0m [2mwayvid::video::mpv[0m[2m:[0m   ✓ Frame rendered successfully
[2m2025-10-23T08:08:00.332741Z[0m [33m WARN[0m [2mwayvid::backend::wayland::surface[0m[2m:[0m resume_playback not supported with shared decode context
[2m2025-10-23T08:08:00.332757Z[0m [33m WARN[0m [2mwayvid::backend::wayland::surface[0m[2m:[0m resume_playback not supported with shared decode context
[2m2025-10-23T08:08:00.332790Z[0m [34mDEBUG[0m [2mwayvid::video::mpv[0m[2m:[0m 🎬 Rendering frame: 2560x1440 to FBO 0
[2m2025-10-23T08:08:00.365790Z[0m [34mDEBUG[0m [2mwayvid::video::mpv[0m[2m:[0m   ✓ Frame rendered successfully
[2m2025-10-23T08:08:00.366078Z[0m [33m WARN[0m [2mwayvid::backend::wayland::surface[0m[2m:[0m resume_playback not supported with shared decode context
[2m2025-10-23T08:08:00.366093Z[0m [33m WARN[0m [2mwayvid::backend::wayland::surface[0m[2m:[0m resume_playback not supported with shared decode context
[2m2025-10-23T08:08:00.366124Z[0m [34mDEBUG[0m [2mwayvid::video::mpv[0m[2m:[0m 🎬 Rendering frame: 2160x1215 to FBO 0
[2m2025-10-23T08:08:00.399155Z[0m [34mDEBUG[0m [2mwayvid::video::mpv[0m[2m:[0m   ✓ Frame rendered successfully
[2m2025-10-23T08:08:00.399431Z[0m [33m WARN[0m [2mwayvid::backend::wayland::surface[0m[2m:[0m resume_playback not supported with shared decode context
[2m2025-10-23T08:08:00.399447Z[0m [33m WARN[0m [2mwayvid::backend::wayland::surface[0m[2m:[0m resume_playback not supported with shared decode context
[2m2025-10-23T08:08:00.399480Z[0m [34mDEBUG[0m [2mwayvid::video::mpv[0m[2m:[0m 🎬 Rendering frame: 2560x1440 to FBO 0
[2m2025-10-23T08:08:00.432741Z[0m [34mDEBUG[0m [2mwayvid::video::mpv[0m[2m:[0m   ✓ Frame rendered successfully
[2m2025-10-23T08:08:00.433031Z[0m [33m WARN[0m [2mwayvid::backend::wayland::surface[0m[2m:[0m resume_playback not supported with shared decode context
[2m2025-10-23T08:08:00.433048Z[0m [33m WARN[0m [2mwayvid::backend::wayland::surface[0m[2m:[0m resume_playback not supported with shared decode context
[2m2025-10-23T08:08:00.433083Z[0m [34mDEBUG[0m [2mwayvid::video::mpv[0m[2m:[0m 🎬 Rendering frame: 2160x1215 to FBO 0
[2m2025-10-23T08:08:00.465822Z[0m [34mDEBUG[0m [2mwayvid::video::mpv[0m[2m:[0m   ✓ Frame rendered successfully
[2m2025-10-23T08:08:00.466147Z[0m [33m WARN[0m [2mwayvid::backend::wayland::surface[0m[2m:[0m resume_playback not supported with shared decode context
[2m2025-10-23T08:08:00.466164Z[0m [33m WARN[0m [2mwayvid::backend::wayland::surface[0m[2m:[0m resume_playback not supported with shared decode context
[2m2025-10-23T08:08:00.466201Z[0m [34mDEBUG[0m [2mwayvid::video::mpv[0m[2m:[0m 🎬 Rendering frame: 2560x1440 to FBO 0
[2m2025-10-23T08:08:00.499136Z[0m [34mDEBUG[0m [2mwayvid::video::mpv[0m[2m:[0m   ✓ Frame rendered successfully
[2m2025-10-23T08:08:00.499457Z[0m [33m WARN[0m [2mwayvid::backend::wayland::surface[0m[2m:[0m resume_playback not supported with shared decode context
[2m2025-10-23T08:08:00.499473Z[0m [33m WARN[0m [2mwayvid::backend::wayland::surface[0m[2m:[0m resume_playback not supported with shared decode context
[2m2025-10-23T08:08:00.499508Z[0m [34mDEBUG[0m [2mwayvid::video::mpv[0m[2m:[0m 🎬 Rendering frame: 2160x1215 to FBO 0
[2m2025-10-23T08:08:00.532477Z[0m [34mDEBUG[0m [2mwayvid::video::mpv[0m[2m:[0m   ✓ Frame rendered successfully
[2m2025-10-23T08:08:00.538912Z[0m [33m WARN[0m [2mwayvid::backend::wayland::surface[0m[2m:[0m resume_playback not supported with shared decode context
[2m2025-10-23T08:08:00.538940Z[0m [33m WARN[0m [2mwayvid::backend::wayland::surface[0m[2m:[0m resume_playback not supported with shared decode context
[2m2025-10-23T08:08:00.541031Z[0m [33m WARN[0m [2mwayvid::backend::wayland::surface[0m[2m:[0m resume_playback not supported with shared decode context
[2m2025-10-23T08:08:00.541056Z[0m [33m WARN[0m [2mwayvid::backend::wayland::surface[0m[2m:[0m resume_playback not supported with shared decode context
[2m2025-10-23T08:08:00.541100Z[0m [34mDEBUG[0m [2mwayvid::video::mpv[0m[2m:[0m 🎬 Rendering frame: 2560x1440 to FBO 0
[2m2025-10-23T08:08:00.566091Z[0m [34mDEBUG[0m [2mwayvid::video::mpv[0m[2m:[0m   ✓ Frame rendered successfully
[2m2025-10-23T08:08:00.566292Z[0m [33m WARN[0m [2mwayvid::backend::wayland::surface[0m[2m:[0m resume_playback not supported with shared decode context
[2m2025-10-23T08:08:00.566303Z[0m [33m WARN[0m [2mwayvid::backend::wayland::surface[0m[2m:[0m resume_playback not supported with shared decode context
[2m2025-10-23T08:08:00.566326Z[0m [34mDEBUG[0m [2mwayvid::video::mpv[0m[2m:[0m 🎬 Rendering frame: 2160x1215 to FBO 0
[2m2025-10-23T08:08:00.599150Z[0m [34mDEBUG[0m [2mwayvid::video::mpv[0m[2m:[0m   ✓ Frame rendered successfully
[2m2025-10-23T08:08:00.599380Z[0m [33m WARN[0m [2mwayvid::backend::wayland::surface[0m[2m:[0m resume_playback not supported with shared decode context
[2m2025-10-23T08:08:00.599402Z[0m [33m WARN[0m [2mwayvid::backend::wayland::surface[0m[2m:[0m resume_playback not supported with shared decode context
[2m2025-10-23T08:08:00.599433Z[0m [34mDEBUG[0m [2mwayvid::video::mpv[0m[2m:[0m 🎬 Rendering frame: 2560x1440 to FBO 0
[2m2025-10-23T08:08:00.632461Z[0m [34mDEBUG[0m [2mwayvid::video::mpv[0m[2m:[0m   ✓ Frame rendered successfully
[2m2025-10-23T08:08:00.632811Z[0m [33m WARN[0m [2mwayvid::backend::wayland::surface[0m[2m:[0m resume_playback not supported with shared decode context
[2m2025-10-23T08:08:00.632827Z[0m [33m WARN[0m [2mwayvid::backend::wayland::surface[0m[2m:[0m resume_playback not supported with shared decode context
[2m2025-10-23T08:08:00.632870Z[0m [34mDEBUG[0m [2mwayvid::video::mpv[0m[2m:[0m 🎬 Rendering frame: 2160x1215 to FBO 0
[2m2025-10-23T08:08:00.665814Z[0m [34mDEBUG[0m [2mwayvid::video::mpv[0m[2m:[0m   ✓ Frame rendered successfully
[2m2025-10-23T08:08:00.666052Z[0m [33m WARN[0m [2mwayvid::backend::wayland::surface[0m[2m:[0m resume_playback not supported with shared decode context
[2m2025-10-23T08:08:00.666063Z[0m [33m WARN[0m [2mwayvid::backend::wayland::surface[0m[2m:[0m resume_playback not supported with shared decode context
[2m2025-10-23T08:08:00.666091Z[0m [34mDEBUG[0m [2mwayvid::video::mpv[0m[2m:[0m 🎬 Rendering frame: 2560x1440 to FBO 0
[2m2025-10-23T08:08:00.699153Z[0m [34mDEBUG[0m [2mwayvid::video::mpv[0m[2m:[0m   ✓ Frame rendered successfully
[2m2025-10-23T08:08:00.699468Z[0m [33m WARN[0m [2mwayvid::backend::wayland::surface[0m[2m:[0m resume_playback not supported with shared decode context
[2m2025-10-23T08:08:00.699484Z[0m [33m WARN[0m [2mwayvid::backend::wayland::surface[0m[2m:[0m resume_playback not supported with shared decode context
[2m2025-10-23T08:08:00.699514Z[0m [34mDEBUG[0m [2mwayvid::video::mpv[0m[2m:[0m 🎬 Rendering frame: 2160x1215 to FBO 0
[2m2025-10-23T08:08:00.732484Z[0m [34mDEBUG[0m [2mwayvid::video::mpv[0m[2m:[0m   ✓ Frame rendered successfully
[2m2025-10-23T08:08:00.732730Z[0m [33m WARN[0m [2mwayvid::backend::wayland::surface[0m[2m:[0m resume_playback not supported with shared decode context
[2m2025-10-23T08:08:00.732746Z[0m [33m WARN[0m [2mwayvid::backend::wayland::surface[0m[2m:[0m resume_playback not supported with shared decode context
[2m2025-10-23T08:08:00.732775Z[0m [34mDEBUG[0m [2mwayvid::video::mpv[0m[2m:[0m 🎬 Rendering frame: 2560x1440 to FBO 0
[2m2025-10-23T08:08:00.765816Z[0m [34mDEBUG[0m [2mwayvid::video::mpv[0m[2m:[0m   ✓ Frame rendered successfully
[2m2025-10-23T08:08:00.766088Z[0m [33m WARN[0m [2mwayvid::backend::wayland::surface[0m[2m:[0m resume_playback not supported with shared decode context
[2m2025-10-23T08:08:00.766111Z[0m [33m WARN[0m [2mwayvid::backend::wayland::surface[0m[2m:[0m resume_playback not supported with shared decode context
[2m2025-10-23T08:08:00.766138Z[0m [34mDEBUG[0m [2mwayvid::video::mpv[0m[2m:[0m 🎬 Rendering frame: 2160x1215 to FBO 0
[2m2025-10-23T08:08:00.799148Z[0m [34mDEBUG[0m [2mwayvid::video::mpv[0m[2m:[0m   ✓ Frame rendered successfully
[2m2025-10-23T08:08:00.799388Z[0m [33m WARN[0m [2mwayvid::backend::wayland::surface[0m[2m:[0m resume_playback not supported with shared decode context
[2m2025-10-23T08:08:00.799399Z[0m [33m WARN[0m [2mwayvid::backend::wayland::surface[0m[2m:[0m resume_playback not supported with shared decode context
[2m2025-10-23T08:08:00.799438Z[0m [34mDEBUG[0m [2mwayvid::video::mpv[0m[2m:[0m 🎬 Rendering frame: 2560x1440 to FBO 0
[2m2025-10-23T08:08:00.832483Z[0m [34mDEBUG[0m [2mwayvid::video::mpv[0m[2m:[0m   ✓ Frame rendered successfully
[2m2025-10-23T08:08:00.832757Z[0m [33m WARN[0m [2mwayvid::backend::wayland::surface[0m[2m:[0m resume_playback not supported with shared decode context
[2m2025-10-23T08:08:00.832772Z[0m [33m WARN[0m [2mwayvid::backend::wayland::surface[0m[2m:[0m resume_playback not supported with shared decode context
[2m2025-10-23T08:08:00.833005Z[0m [33m WARN[0m [2mwayvid::backend::wayland::surface[0m[2m:[0m resume_playback not supported with shared decode context
[2m2025-10-23T08:08:00.833017Z[0m [33m WARN[0m [2mwayvid::backend::wayland::surface[0m[2m:[0m resume_playback not supported with shared decode context
[2m2025-10-23T08:08:00.833061Z[0m [34mDEBUG[0m [2mwayvid::video::mpv[0m[2m:[0m 🎬 Rendering frame: 2160x1215 to FBO 0
[2m2025-10-23T08:08:00.865809Z[0m [34mDEBUG[0m [2mwayvid::video::mpv[0m[2m:[0m   ✓ Frame rendered successfully
[2m2025-10-23T08:08:00.866083Z[0m [33m WARN[0m [2mwayvid::backend::wayland::surface[0m[2m:[0m resume_playback not supported with shared decode context
[2m2025-10-23T08:08:00.866098Z[0m [33m WARN[0m [2mwayvid::backend::wayland::surface[0m[2m:[0m resume_playback not supported with shared decode context
[2m2025-10-23T08:08:00.866131Z[0m [34mDEBUG[0m [2mwayvid::video::mpv[0m[2m:[0m 🎬 Rendering frame: 2560x1440 to FBO 0
[2m2025-10-23T08:08:00.899124Z[0m [34mDEBUG[0m [2mwayvid::video::mpv[0m[2m:[0m   ✓ Frame rendered successfully
[2m2025-10-23T08:08:00.899375Z[0m [33m WARN[0m [2mwayvid::backend::wayland::surface[0m[2m:[0m resume_playback not supported with shared decode context
[2m2025-10-23T08:08:00.899390Z[0m [33m WARN[0m [2mwayvid::backend::wayland::surface[0m[2m:[0m resume_playback not supported with shared decode context
[2m2025-10-23T08:08:00.899418Z[0m [34mDEBUG[0m [2mwayvid::video::mpv[0m[2m:[0m 🎬 Rendering frame: 2160x1215 to FBO 0
[2m2025-10-23T08:08:00.932440Z[0m [34mDEBUG[0m [2mwayvid::video::mpv[0m[2m:[0m   ✓ Frame rendered successfully
[2m2025-10-23T08:08:00.932674Z[0m [33m WARN[0m [2mwayvid::backend::wayland::surface[0m[2m:[0m resume_playback not supported with shared decode context
[2m2025-10-23T08:08:00.932696Z[0m [33m WARN[0m [2mwayvid::backend::wayland::surface[0m[2m:[0m resume_playback not supported with shared decode context
[2m2025-10-23T08:08:00.932744Z[0m [34mDEBUG[0m [2mwayvid::video::mpv[0m[2m:[0m 🎬 Rendering frame: 2560x1440 to FBO 0
[2m2025-10-23T08:08:00.965789Z[0m [34mDEBUG[0m [2mwayvid::video::mpv[0m[2m:[0m   ✓ Frame rendered successfully
[2m2025-10-23T08:08:00.966078Z[0m [33m WARN[0m [2mwayvid::backend::wayland::surface[0m[2m:[0m resume_playback not supported with shared decode context
[2m2025-10-23T08:08:00.966093Z[0m [33m WARN[0m [2mwayvid::backend::wayland::surface[0m[2m:[0m resume_playback not supported with shared decode context
[2m2025-10-23T08:08:00.966122Z[0m [34mDEBUG[0m [2mwayvid::video::mpv[0m[2m:[0m 🎬 Rendering frame: 2160x1215 to FBO 0
[2m2025-10-23T08:08:00.999109Z[0m [34mDEBUG[0m [2mwayvid::video::mpv[0m[2m:[0m   ✓ Frame rendered successfully
[2m2025-10-23T08:08:00.999460Z[0m [33m WARN[0m [2mwayvid::backend::wayland::surface[0m[2m:[0m resume_playback not supported with shared decode context
[2m2025-10-23T08:08:00.999485Z[0m [33m WARN[0m [2mwayvid::backend::wayland::surface[0m[2m:[0m resume_playback not supported with shared decode context
[2m2025-10-23T08:08:00.999530Z[0m [34mDEBUG[0m [2mwayvid::video::mpv[0m[2m:[0m 🎬 Rendering frame: 2560x1440 to FBO 0
[2m2025-10-23T08:08:01.032461Z[0m [34mDEBUG[0m [2mwayvid::video::mpv[0m[2m:[0m   ✓ Frame rendered successfully
[2m2025-10-23T08:08:01.032719Z[0m [33m WARN[0m [2mwayvid::backend::wayland::surface[0m[2m:[0m resume_playback not supported with shared decode context
[2m2025-10-23T08:08:01.032745Z[0m [33m WARN[0m [2mwayvid::backend::wayland::surface[0m[2m:[0m resume_playback not supported with shared decode context
[2m2025-10-23T08:08:01.032831Z[0m [33m WARN[0m [2mwayvid::backend::wayland::surface[0m[2m:[0m resume_playback not supported with shared decode context
[2m2025-10-23T08:08:01.032840Z[0m [33m WARN[0m [2mwayvid::backend::wayland::surface[0m[2m:[0m resume_playback not supported with shared decode context
[2m2025-10-23T08:08:01.032873Z[0m [34mDEBUG[0m [2mwayvid::video::mpv[0m[2m:[0m 🎬 Rendering frame: 2160x1215 to FBO 0
[2m2025-10-23T08:08:01.065868Z[0m [34mDEBUG[0m [2mwayvid::video::mpv[0m[2m:[0m   ✓ Frame rendered successfully
[2m2025-10-23T08:08:01.066113Z[0m [33m WARN[0m [2mwayvid::backend::wayland::surface[0m[2m:[0m resume_playback not supported with shared decode context
[2m2025-10-23T08:08:01.066128Z[0m [33m WARN[0m [2mwayvid::backend::wayland::surface[0m[2m:[0m resume_playback not supported with shared decode context
[2m2025-10-23T08:08:01.066156Z[0m [34mDEBUG[0m [2mwayvid::video::mpv[0m[2m:[0m 🎬 Rendering frame: 2560x1440 to FBO 0
[2m2025-10-23T08:08:01.099148Z[0m [34mDEBUG[0m [2mwayvid::video::mpv[0m[2m:[0m   ✓ Frame rendered successfully
[2m2025-10-23T08:08:01.099421Z[0m [33m WARN[0m [2mwayvid::backend::wayland::surface[0m[2m:[0m resume_playback not supported with shared decode context
[2m2025-10-23T08:08:01.099439Z[0m [33m WARN[0m [2mwayvid::backend::wayland::surface[0m[2m:[0m resume_playback not supported with shared decode context
[2m2025-10-23T08:08:01.099466Z[0m [34mDEBUG[0m [2mwayvid::video::mpv[0m[2m:[0m 🎬 Rendering frame: 2160x1215 to FBO 0
[2m2025-10-23T08:08:01.132552Z[0m [34mDEBUG[0m [2mwayvid::video::mpv[0m[2m:[0m   ✓ Frame rendered successfully
[2m2025-10-23T08:08:01.132800Z[0m [33m WARN[0m [2mwayvid::backend::wayland::surface[0m[2m:[0m resume_playback not supported with shared decode context
[2m2025-10-23T08:08:01.132810Z[0m [33m WARN[0m [2mwayvid::backend::wayland::surface[0m[2m:[0m resume_playback not supported with shared decode context
[2m2025-10-23T08:08:01.132838Z[0m [34mDEBUG[0m [2mwayvid::video::mpv[0m[2m:[0m 🎬 Rendering frame: 2560x1440 to FBO 0
[2m2025-10-23T08:08:01.166023Z[0m [34mDEBUG[0m [2mwayvid::video::mpv[0m[2m:[0m   ✓ Frame rendered successfully
[2m2025-10-23T08:08:01.166302Z[0m [33m WARN[0m [2mwayvid::backend::wayland::surface[0m[2m:[0m resume_playback not supported with shared decode context
[2m2025-10-23T08:08:01.166313Z[0m [33m WARN[0m [2mwayvid::backend::wayland::surface[0m[2m:[0m resume_playback not supported with shared decode context
[2m2025-10-23T08:08:01.166342Z[0m [34mDEBUG[0m [2mwayvid::video::mpv[0m[2m:[0m 🎬 Rendering frame: 2160x1215 to FBO 0
[2m2025-10-23T08:08:01.199237Z[0m [34mDEBUG[0m [2mwayvid::video::mpv[0m[2m:[0m   ✓ Frame rendered successfully
[2m2025-10-23T08:08:01.199570Z[0m [33m WARN[0m [2mwayvid::backend::wayland::surface[0m[2m:[0m resume_playback not supported with shared decode context
[2m2025-10-23T08:08:01.199589Z[0m [33m WARN[0m [2mwayvid::backend::wayland::surface[0m[2m:[0m resume_playback not supported with shared decode context
[2m2025-10-23T08:08:01.199619Z[0m [34mDEBUG[0m [2mwayvid::video::mpv[0m[2m:[0m 🎬 Rendering frame: 2560x1440 to FBO 0
[2m2025-10-23T08:08:01.232456Z[0m [34mDEBUG[0m [2mwayvid::video::mpv[0m[2m:[0m   ✓ Frame rendered successfully
[2m2025-10-23T08:08:01.232738Z[0m [33m WARN[0m [2mwayvid::backend::wayland::surface[0m[2m:[0m resume_playback not supported with shared decode context
[2m2025-10-23T08:08:01.232750Z[0m [33m WARN[0m [2mwayvid::backend::wayland::surface[0m[2m:[0m resume_playback not supported with shared decode context
[2m2025-10-23T08:08:01.232851Z[0m [33m WARN[0m [2mwayvid::backend::wayland::surface[0m[2m:[0m resume_playback not supported with shared decode context
[2m2025-10-23T08:08:01.232866Z[0m [33m WARN[0m [2mwayvid::backend::wayland::surface[0m[2m:[0m resume_playback not supported with shared decode context
[2m2025-10-23T08:08:01.232901Z[0m [34mDEBUG[0m [2mwayvid::video::mpv[0m[2m:[0m 🎬 Rendering frame: 2160x1215 to FBO 0
[2m2025-10-23T08:08:01.266128Z[0m [34mDEBUG[0m [2mwayvid::video::mpv[0m[2m:[0m   ✓ Frame rendered successfully
[2m2025-10-23T08:08:01.266463Z[0m [33m WARN[0m [2mwayvid::backend::wayland::surface[0m[2m:[0m resume_playback not supported with shared decode context
[2m2025-10-23T08:08:01.266476Z[0m [33m WARN[0m [2mwayvid::backend::wayland::surface[0m[2m:[0m resume_playback not supported with shared decode context
[2m2025-10-23T08:08:01.266512Z[0m [34mDEBUG[0m [2mwayvid::video::mpv[0m[2m:[0m 🎬 Rendering frame: 2560x1440 to FBO 0
[2m2025-10-23T08:08:01.299148Z[0m [34mDEBUG[0m [2mwayvid::video::mpv[0m[2m:[0m   ✓ Frame rendered successfully
[2m2025-10-23T08:08:01.299466Z[0m [33m WARN[0m [2mwayvid::backend::wayland::surface[0m[2m:[0m resume_playback not supported with shared decode context
[2m2025-10-23T08:08:01.299482Z[0m [33m WARN[0m [2mwayvid::backend::wayland::surface[0m[2m:[0m resume_playback not supported with shared decode context
[2m2025-10-23T08:08:01.299769Z[0m [33m WARN[0m [2mwayvid::backend::wayland::surface[0m[2m:[0m resume_playback not supported with shared decode context
[2m2025-10-23T08:08:01.299777Z[0m [33m WARN[0m [2mwayvid::backend::wayland::surface[0m[2m:[0m resume_playback not supported with shared decode context
[2m2025-10-23T08:08:01.299823Z[0m [34mDEBUG[0m [2mwayvid::video::mpv[0m[2m:[0m 🎬 Rendering frame: 2160x1215 to FBO 0
[2m2025-10-23T08:08:01.332876Z[0m [34mDEBUG[0m [2mwayvid::video::mpv[0m[2m:[0m   ✓ Frame rendered successfully
[2m2025-10-23T08:08:01.333192Z[0m [33m WARN[0m [2mwayvid::backend::wayland::surface[0m[2m:[0m resume_playback not supported with shared decode context
[2m2025-10-23T08:08:01.333209Z[0m [33m WARN[0m [2mwayvid::backend::wayland::surface[0m[2m:[0m resume_playback not supported with shared decode context
[2m2025-10-23T08:08:01.333253Z[0m [34mDEBUG[0m [2mwayvid::video::mpv[0m[2m:[0m 🎬 Rendering frame: 2560x1440 to FBO 0
[2m2025-10-23T08:08:01.366416Z[0m [34mDEBUG[0m [2mwayvid::video::mpv[0m[2m:[0m   ✓ Frame rendered successfully
[2m2025-10-23T08:08:01.366694Z[0m [33m WARN[0m [2mwayvid::backend::wayland::surface[0m[2m:[0m resume_playback not supported with shared decode context
[2m2025-10-23T08:08:01.366720Z[0m [33m WARN[0m [2mwayvid::backend::wayland::surface[0m[2m:[0m resume_playback not supported with shared decode context
[2m2025-10-23T08:08:01.366750Z[0m [34mDEBUG[0m [2mwayvid::video::mpv[0m[2m:[0m 🎬 Rendering frame: 2160x1215 to FBO 0
[2m2025-10-23T08:08:01.399480Z[0m [34mDEBUG[0m [2mwayvid::video::mpv[0m[2m:[0m   ✓ Frame rendered successfully
[2m2025-10-23T08:08:01.399784Z[0m [33m WARN[0m [2mwayvid::backend::wayland::surface[0m[2m:[0m resume_playback not supported with shared decode context
[2m2025-10-23T08:08:01.399796Z[0m [33m WARN[0m [2mwayvid::backend::wayland::surface[0m[2m:[0m resume_playback not supported with shared decode context
[2m2025-10-23T08:08:01.399828Z[0m [34mDEBUG[0m [2mwayvid::video::mpv[0m[2m:[0m 🎬 Rendering frame: 2560x1440 to FBO 0
[2m2025-10-23T08:08:01.432460Z[0m [34mDEBUG[0m [2mwayvid::video::mpv[0m[2m:[0m   ✓ Frame rendered successfully
[2m2025-10-23T08:08:01.432753Z[0m [33m WARN[0m [2mwayvid::backend::wayland::surface[0m[2m:[0m resume_playback not supported with shared decode context
[2m2025-10-23T08:08:01.432774Z[0m [33m WARN[0m [2mwayvid::backend::wayland::surface[0m[2m:[0m resume_playback not supported with shared decode context
[2m2025-10-23T08:08:01.433265Z[0m [33m WARN[0m [2mwayvid::backend::wayland::surface[0m[2m:[0m resume_playback not supported with shared decode context
[2m2025-10-23T08:08:01.433274Z[0m [33m WARN[0m [2mwayvid::backend::wayland::surface[0m[2m:[0m resume_playback not supported with shared decode context
[2m2025-10-23T08:08:01.433312Z[0m [34mDEBUG[0m [2mwayvid::video::mpv[0m[2m:[0m 🎬 Rendering frame: 2160x1215 to FBO 0
[2m2025-10-23T08:08:01.466127Z[0m [34mDEBUG[0m [2mwayvid::video::mpv[0m[2m:[0m   ✓ Frame rendered successfully
[2m2025-10-23T08:08:01.466444Z[0m [33m WARN[0m [2mwayvid::backend::wayland::surface[0m[2m:[0m resume_playback not supported with shared decode context
[2m2025-10-23T08:08:01.466461Z[0m [33m WARN[0m [2mwayvid::backend::wayland::surface[0m[2m:[0m resume_playback not supported with shared decode context
[2m2025-10-23T08:08:01.466494Z[0m [34mDEBUG[0m [2mwayvid::video::mpv[0m[2m:[0m 🎬 Rendering frame: 2560x1440 to FBO 0
[2m2025-10-23T08:08:01.499216Z[0m [34mDEBUG[0m [2mwayvid::video::mpv[0m[2m:[0m   ✓ Frame rendered successfully
[2m2025-10-23T08:08:01.499471Z[0m [33m WARN[0m [2mwayvid::backend::wayland::surface[0m[2m:[0m resume_playback not supported with shared decode context
[2m2025-10-23T08:08:01.499493Z[0m [33m WARN[0m [2mwayvid::backend::wayland::surface[0m[2m:[0m resume_playback not supported with shared decode context
[2m2025-10-23T08:08:01.500114Z[0m [33m WARN[0m [2mwayvid::backend::wayland::surface[0m[2m:[0m resume_playback not supported with shared decode context
[2m2025-10-23T08:08:01.500126Z[0m [33m WARN[0m [2mwayvid::backend::wayland::surface[0m[2m:[0m resume_playback not supported with shared decode context
[2m2025-10-23T08:08:01.500172Z[0m [34mDEBUG[0m [2mwayvid::video::mpv[0m[2m:[0m 🎬 Rendering frame: 2160x1215 to FBO 0
[2m2025-10-23T08:08:01.532474Z[0m [34mDEBUG[0m [2mwayvid::video::mpv[0m[2m:[0m   ✓ Frame rendered successfully
[2m2025-10-23T08:08:01.532780Z[0m [33m WARN[0m [2mwayvid::backend::wayland::surface[0m[2m:[0m resume_playback not supported with shared decode context
[2m2025-10-23T08:08:01.532795Z[0m [33m WARN[0m [2mwayvid::backend::wayland::surface[0m[2m:[0m resume_playback not supported with shared decode context
[2m2025-10-23T08:08:01.532835Z[0m [34mDEBUG[0m [2mwayvid::video::mpv[0m[2m:[0m 🎬 Rendering frame: 2560x1440 to FBO 0
[2m2025-10-23T08:08:01.565806Z[0m [34mDEBUG[0m [2mwayvid::video::mpv[0m[2m:[0m   ✓ Frame rendered successfully
[2m2025-10-23T08:08:01.566092Z[0m [33m WARN[0m [2mwayvid::backend::wayland::surface[0m[2m:[0m resume_playback not supported with shared decode context
[2m2025-10-23T08:08:01.566125Z[0m [33m WARN[0m [2mwayvid::backend::wayland::surface[0m[2m:[0m resume_playback not supported with shared decode context
[2m2025-10-23T08:08:01.566161Z[0m [34mDEBUG[0m [2mwayvid::video::mpv[0m[2m:[0m 🎬 Rendering frame: 2160x1215 to FBO 0
[2m2025-10-23T08:08:01.599114Z[0m [34mDEBUG[0m [2mwayvid::video::mpv[0m[2m:[0m   ✓ Frame rendered successfully
[2m2025-10-23T08:08:01.599389Z[0m [33m WARN[0m [2mwayvid::backend::wayland::surface[0m[2m:[0m resume_playback not supported with shared decode context
[2m2025-10-23T08:08:01.599404Z[0m [33m WARN[0m [2mwayvid::backend::wayland::surface[0m[2m:[0m resume_playback not supported with shared decode context
[2m2025-10-23T08:08:01.599437Z[0m [34mDEBUG[0m [2mwayvid::video::mpv[0m[2m:[0m 🎬 Rendering frame: 2560x1440 to FBO 0
[2m2025-10-23T08:08:01.632474Z[0m [34mDEBUG[0m [2mwayvid::video::mpv[0m[2m:[0m   ✓ Frame rendered successfully
[2m2025-10-23T08:08:01.632790Z[0m [33m WARN[0m [2mwayvid::backend::wayland::surface[0m[2m:[0m resume_playback not supported with shared decode context
[2m2025-10-23T08:08:01.632807Z[0m [33m WARN[0m [2mwayvid::backend::wayland::surface[0m[2m:[0m resume_playback not supported with shared decode context
[2m2025-10-23T08:08:01.632842Z[0m [34mDEBUG[0m [2mwayvid::video::mpv[0m[2m:[0m 🎬 Rendering frame: 2160x1215 to FBO 0
[2m2025-10-23T08:08:01.665780Z[0m [34mDEBUG[0m [2mwayvid::video::mpv[0m[2m:[0m   ✓ Frame rendered successfully
[2m2025-10-23T08:08:01.666014Z[0m [33m WARN[0m [2mwayvid::backend::wayland::surface[0m[2m:[0m resume_playback not supported with shared decode context
[2m2025-10-23T08:08:01.666036Z[0m [33m WARN[0m [2mwayvid::backend::wayland::surface[0m[2m:[0m resume_playback not supported with shared decode context
[2m2025-10-23T08:08:01.666067Z[0m [34mDEBUG[0m [2mwayvid::video::mpv[0m[2m:[0m 🎬 Rendering frame: 2560x1440 to FBO 0
[2m2025-10-23T08:08:01.699113Z[0m [34mDEBUG[0m [2mwayvid::video::mpv[0m[2m:[0m   ✓ Frame rendered successfully
[2m2025-10-23T08:08:01.699410Z[0m [33m WARN[0m [2mwayvid::backend::wayland::surface[0m[2m:[0m resume_playback not supported with shared decode context
[2m2025-10-23T08:08:01.699421Z[0m [33m WARN[0m [2mwayvid::backend::wayland::surface[0m[2m:[0m resume_playback not supported with shared decode context
[2m2025-10-23T08:08:01.699456Z[0m [34mDEBUG[0m [2mwayvid::video::mpv[0m[2m:[0m 🎬 Rendering frame: 2160x1215 to FBO 0
[2m2025-10-23T08:08:01.732471Z[0m [34mDEBUG[0m [2mwayvid::video::mpv[0m[2m:[0m   ✓ Frame rendered successfully
[2m2025-10-23T08:08:01.732760Z[0m [33m WARN[0m [2mwayvid::backend::wayland::surface[0m[2m:[0m resume_playback not supported with shared decode context
[2m2025-10-23T08:08:01.732775Z[0m [33m WARN[0m [2mwayvid::backend::wayland::surface[0m[2m:[0m resume_playback not supported with shared decode context
[2m2025-10-23T08:08:01.732815Z[0m [34mDEBUG[0m [2mwayvid::video::mpv[0m[2m:[0m 🎬 Rendering frame: 2560x1440 to FBO 0
[2m2025-10-23T08:08:01.766128Z[0m [34mDEBUG[0m [2mwayvid::video::mpv[0m[2m:[0m   ✓ Frame rendered successfully
[2m2025-10-23T08:08:01.766421Z[0m [33m WARN[0m [2mwayvid::backend::wayland::surface[0m[2m:[0m resume_playback not supported with shared decode context
[2m2025-10-23T08:08:01.766436Z[0m [33m WARN[0m [2mwayvid::backend::wayland::surface[0m[2m:[0m resume_playback not supported with shared decode context
[2m2025-10-23T08:08:01.766471Z[0m [34mDEBUG[0m [2mwayvid::video::mpv[0m[2m:[0m 🎬 Rendering frame: 2160x1215 to FBO 0
[2m2025-10-23T08:08:01.799169Z[0m [34mDEBUG[0m [2mwayvid::video::mpv[0m[2m:[0m   ✓ Frame rendered successfully
[2m2025-10-23T08:08:01.799740Z[0m [33m WARN[0m [2mwayvid::backend::wayland::surface[0m[2m:[0m resume_playback not supported with shared decode context
[2m2025-10-23T08:08:01.799755Z[0m [33m WARN[0m [2mwayvid::backend::wayland::surface[0m[2m:[0m resume_playback not supported with shared decode context
[2m2025-10-23T08:08:01.799799Z[0m [34mDEBUG[0m [2mwayvid::video::mpv[0m[2m:[0m 🎬 Rendering frame: 2560x1440 to FBO 0
[2m2025-10-23T08:08:01.832501Z[0m [34mDEBUG[0m [2mwayvid::video::mpv[0m[2m:[0m   ✓ Frame rendered successfully
[2m2025-10-23T08:08:01.832954Z[0m [33m WARN[0m [2mwayvid::backend::wayland::surface[0m[2m:[0m resume_playback not supported with shared decode context
[2m2025-10-23T08:08:01.832975Z[0m [33m WARN[0m [2mwayvid::backend::wayland::surface[0m[2m:[0m resume_playback not supported with shared decode context
[2m2025-10-23T08:08:01.833004Z[0m [34mDEBUG[0m [2mwayvid::video::mpv[0m[2m:[0m 🎬 Rendering frame: 2160x1215 to FBO 0
[2m2025-10-23T08:08:01.866132Z[0m [34mDEBUG[0m [2mwayvid::video::mpv[0m[2m:[0m   ✓ Frame rendered successfully
[2m2025-10-23T08:08:01.866477Z[0m [33m WARN[0m [2mwayvid::backend::wayland::surface[0m[2m:[0m resume_playback not supported with shared decode context
[2m2025-10-23T08:08:01.866489Z[0m [33m WARN[0m [2mwayvid::backend::wayland::surface[0m[2m:[0m resume_playback not supported with shared decode context
[2m2025-10-23T08:08:01.866520Z[0m [34mDEBUG[0m [2mwayvid::video::mpv[0m[2m:[0m 🎬 Rendering frame: 2560x1440 to FBO 0
[2m2025-10-23T08:08:01.899475Z[0m [34mDEBUG[0m [2mwayvid::video::mpv[0m[2m:[0m   ✓ Frame rendered successfully
[2m2025-10-23T08:08:01.899759Z[0m [33m WARN[0m [2mwayvid::backend::wayland::surface[0m[2m:[0m resume_playback not supported with shared decode context
[2m2025-10-23T08:08:01.899773Z[0m [33m WARN[0m [2mwayvid::backend::wayland::surface[0m[2m:[0m resume_playback not supported with shared decode context
[2m2025-10-23T08:08:01.899811Z[0m [34mDEBUG[0m [2mwayvid::video::mpv[0m[2m:[0m 🎬 Rendering frame: 2160x1215 to FBO 0
[2m2025-10-23T08:08:01.932776Z[0m [34mDEBUG[0m [2mwayvid::video::mpv[0m[2m:[0m   ✓ Frame rendered successfully
[2m2025-10-23T08:08:01.933094Z[0m [33m WARN[0m [2mwayvid::backend::wayland::surface[0m[2m:[0m resume_playback not supported with shared decode context
[2m2025-10-23T08:08:01.933105Z[0m [33m WARN[0m [2mwayvid::backend::wayland::surface[0m[2m:[0m resume_playback not supported with shared decode context
[2m2025-10-23T08:08:01.933134Z[0m [34mDEBUG[0m [2mwayvid::video::mpv[0m[2m:[0m 🎬 Rendering frame: 2560x1440 to FBO 0
[2m2025-10-23T08:08:01.965793Z[0m [34mDEBUG[0m [2mwayvid::video::mpv[0m[2m:[0m   ✓ Frame rendered successfully
[2m2025-10-23T08:08:01.966161Z[0m [33m WARN[0m [2mwayvid::backend::wayland::surface[0m[2m:[0m resume_playback not supported with shared decode context
[2m2025-10-23T08:08:01.966180Z[0m [33m WARN[0m [2mwayvid::backend::wayland::surface[0m[2m:[0m resume_playback not supported with shared decode context
[2m2025-10-23T08:08:01.966222Z[0m [34mDEBUG[0m [2mwayvid::video::mpv[0m[2m:[0m 🎬 Rendering frame: 2160x1215 to FBO 0
[2m2025-10-23T08:08:01.999112Z[0m [34mDEBUG[0m [2mwayvid::video::mpv[0m[2m:[0m   ✓ Frame rendered successfully
[2m2025-10-23T08:08:01.999366Z[0m [33m WARN[0m [2mwayvid::backend::wayland::surface[0m[2m:[0m resume_playback not supported with shared decode context
[2m2025-10-23T08:08:01.999378Z[0m [33m WARN[0m [2mwayvid::backend::wayland::surface[0m[2m:[0m resume_playback not supported with shared decode context
[2m2025-10-23T08:08:01.999409Z[0m [34mDEBUG[0m [2mwayvid::video::mpv[0m[2m:[0m 🎬 Rendering frame: 2560x1440 to FBO 0
[2m2025-10-23T08:08:02.032637Z[0m [34mDEBUG[0m [2mwayvid::video::mpv[0m[2m:[0m   ✓ Frame rendered successfully
[2m2025-10-23T08:08:02.032938Z[0m [33m WARN[0m [2mwayvid::backend::wayland::surface[0m[2m:[0m resume_playback not supported with shared decode context
[2m2025-10-23T08:08:02.032950Z[0m [33m WARN[0m [2mwayvid::backend::wayland::surface[0m[2m:[0m resume_playback not supported with shared decode context
[2m2025-10-23T08:08:02.032982Z[0m [34mDEBUG[0m [2mwayvid::video::mpv[0m[2m:[0m 🎬 Rendering frame: 2160x1215 to FBO 0
[2m2025-10-23T08:08:02.065777Z[0m [34mDEBUG[0m [2mwayvid::video::mpv[0m[2m:[0m   ✓ Frame rendered successfully
[2m2025-10-23T08:08:02.066040Z[0m [33m WARN[0m [2mwayvid::backend::wayland::surface[0m[2m:[0m resume_playback not supported with shared decode context
[2m2025-10-23T08:08:02.066060Z[0m [33m WARN[0m [2mwayvid::backend::wayland::surface[0m[2m:[0m resume_playback not supported with shared decode context
[2m2025-10-23T08:08:02.066097Z[0m [34mDEBUG[0m [2mwayvid::video::mpv[0m[2m:[0m 🎬 Rendering frame: 2560x1440 to FBO 0
[2m2025-10-23T08:08:02.099110Z[0m [34mDEBUG[0m [2mwayvid::video::mpv[0m[2m:[0m   ✓ Frame rendered successfully
[2m2025-10-23T08:08:02.099395Z[0m [33m WARN[0m [2mwayvid::backend::wayland::surface[0m[2m:[0m resume_playback not supported with shared decode context
[2m2025-10-23T08:08:02.099410Z[0m [33m WARN[0m [2mwayvid::backend::wayland::surface[0m[2m:[0m resume_playback not supported with shared decode context
[2m2025-10-23T08:08:02.099682Z[0m [34mDEBUG[0m [2mwayvid::video::mpv[0m[2m:[0m 🎬 Rendering frame: 2160x1215 to FBO 0
[2m2025-10-23T08:08:02.132446Z[0m [34mDEBUG[0m [2mwayvid::video::mpv[0m[2m:[0m   ✓ Frame rendered successfully
[2m2025-10-23T08:08:02.132758Z[0m [33m WARN[0m [2mwayvid::backend::wayland::surface[0m[2m:[0m resume_playback not supported with shared decode context
[2m2025-10-23T08:08:02.132775Z[0m [33m WARN[0m [2mwayvid::backend::wayland::surface[0m[2m:[0m resume_playback not supported with shared decode context
[2m2025-10-23T08:08:02.132803Z[0m [34mDEBUG[0m [2mwayvid::video::mpv[0m[2m:[0m 🎬 Rendering frame: 2560x1440 to FBO 0
[2m2025-10-23T08:08:02.165798Z[0m [34mDEBUG[0m [2mwayvid::video::mpv[0m[2m:[0m   ✓ Frame rendered successfully
[2m2025-10-23T08:08:02.166151Z[0m [33m WARN[0m [2mwayvid::backend::wayland::surface[0m[2m:[0m resume_playback not supported with shared decode context
[2m2025-10-23T08:08:02.166169Z[0m [33m WARN[0m [2mwayvid::backend::wayland::surface[0m[2m:[0m resume_playback not supported with shared decode context
[2m2025-10-23T08:08:02.166220Z[0m [34mDEBUG[0m [2mwayvid::video::mpv[0m[2m:[0m 🎬 Rendering frame: 2160x1215 to FBO 0
[2m2025-10-23T08:08:02.199106Z[0m [34mDEBUG[0m [2mwayvid::video::mpv[0m[2m:[0m   ✓ Frame rendered successfully
[2m2025-10-23T08:08:02.199447Z[0m [33m WARN[0m [2mwayvid::backend::wayland::surface[0m[2m:[0m resume_playback not supported with shared decode context
[2m2025-10-23T08:08:02.199460Z[0m [33m WARN[0m [2mwayvid::backend::wayland::surface[0m[2m:[0m resume_playback not supported with shared decode context
[2m2025-10-23T08:08:02.199498Z[0m [34mDEBUG[0m [2mwayvid::video::mpv[0m[2m:[0m 🎬 Rendering frame: 2560x1440 to FBO 0
[2m2025-10-23T08:08:02.232432Z[0m [34mDEBUG[0m [2mwayvid::video::mpv[0m[2m:[0m   ✓ Frame rendered successfully
[2m2025-10-23T08:08:02.232695Z[0m [33m WARN[0m [2mwayvid::backend::wayland::surface[0m[2m:[0m resume_playback not supported with shared decode context
[2m2025-10-23T08:08:02.232708Z[0m [33m WARN[0m [2mwayvid::backend::wayland::surface[0m[2m:[0m resume_playback not supported with shared decode context
[2m2025-10-23T08:08:02.232737Z[0m [34mDEBUG[0m [2mwayvid::video::mpv[0m[2m:[0m 🎬 Rendering frame: 2160x1215 to FBO 0
[2m2025-10-23T08:08:02.265779Z[0m [34mDEBUG[0m [2mwayvid::video::mpv[0m[2m:[0m   ✓ Frame rendered successfully
[2m2025-10-23T08:08:02.266045Z[0m [33m WARN[0m [2mwayvid::backend::wayland::surface[0m[2m:[0m resume_playback not supported with shared decode context
[2m2025-10-23T08:08:02.266083Z[0m [33m WARN[0m [2mwayvid::backend::wayland::surface[0m[2m:[0m resume_playback not supported with shared decode context
[2m2025-10-23T08:08:02.266124Z[0m [34mDEBUG[0m [2mwayvid::video::mpv[0m[2m:[0m 🎬 Rendering frame: 2560x1440 to FBO 0
[2m2025-10-23T08:08:02.299106Z[0m [34mDEBUG[0m [2mwayvid::video::mpv[0m[2m:[0m   ✓ Frame rendered successfully
[2m2025-10-23T08:08:02.299352Z[0m [33m WARN[0m [2mwayvid::backend::wayland::surface[0m[2m:[0m resume_playback not supported with shared decode context
[2m2025-10-23T08:08:02.299360Z[0m [33m WARN[0m [2mwayvid::backend::wayland::surface[0m[2m:[0m resume_playback not supported with shared decode context
[2m2025-10-23T08:08:02.301305Z[0m [33m WARN[0m [2mwayvid::backend::wayland::surface[0m[2m:[0m resume_playback not supported with shared decode context
[2m2025-10-23T08:08:02.301312Z[0m [33m WARN[0m [2mwayvid::backend::wayland::surface[0m[2m:[0m resume_playback not supported with shared decode context
[2m2025-10-23T08:08:02.301349Z[0m [34mDEBUG[0m [2mwayvid::video::mpv[0m[2m:[0m 🎬 Rendering frame: 2160x1215 to FBO 0
[2m2025-10-23T08:08:02.332443Z[0m [34mDEBUG[0m [2mwayvid::video::mpv[0m[2m:[0m   ✓ Frame rendered successfully
[2m2025-10-23T08:08:02.332682Z[0m [33m WARN[0m [2mwayvid::backend::wayland::surface[0m[2m:[0m resume_playback not supported with shared decode context
[2m2025-10-23T08:08:02.332703Z[0m [33m WARN[0m [2mwayvid::backend::wayland::surface[0m[2m:[0m resume_playback not supported with shared decode context
[2m2025-10-23T08:08:02.332797Z[0m [33m WARN[0m [2mwayvid::backend::wayland::surface[0m[2m:[0m resume_playback not supported with shared decode context
[2m2025-10-23T08:08:02.332812Z[0m [33m WARN[0m [2mwayvid::backend::wayland::surface[0m[2m:[0m resume_playback not supported with shared decode context
[2m2025-10-23T08:08:02.332850Z[0m [34mDEBUG[0m [2mwayvid::video::mpv[0m[2m:[0m 🎬 Rendering frame: 2560x1440 to FBO 0
[2m2025-10-23T08:08:02.365811Z[0m [34mDEBUG[0m [2mwayvid::video::mpv[0m[2m:[0m   ✓ Frame rendered successfully
[2m2025-10-23T08:08:02.366225Z[0m [33m WARN[0m [2mwayvid::backend::wayland::surface[0m[2m:[0m resume_playback not supported with shared decode context
[2m2025-10-23T08:08:02.366243Z[0m [33m WARN[0m [2mwayvid::backend::wayland::surface[0m[2m:[0m resume_playback not supported with shared decode context
[2m2025-10-23T08:08:02.366278Z[0m [34mDEBUG[0m [2mwayvid::video::mpv[0m[2m:[0m 🎬 Rendering frame: 2160x1215 to FBO 0
[2m2025-10-23T08:08:02.399126Z[0m [34mDEBUG[0m [2mwayvid::video::mpv[0m[2m:[0m   ✓ Frame rendered successfully
[2m2025-10-23T08:08:02.399404Z[0m [33m WARN[0m [2mwayvid::backend::wayland::surface[0m[2m:[0m resume_playback not supported with shared decode context
[2m2025-10-23T08:08:02.399420Z[0m [33m WARN[0m [2mwayvid::backend::wayland::surface[0m[2m:[0m resume_playback not supported with shared decode context
[2m2025-10-23T08:08:02.399451Z[0m [34mDEBUG[0m [2mwayvid::video::mpv[0m[2m:[0m 🎬 Rendering frame: 2560x1440 to FBO 0
[2m2025-10-23T08:08:02.432420Z[0m [34mDEBUG[0m [2mwayvid::video::mpv[0m[2m:[0m   ✓ Frame rendered successfully
[2m2025-10-23T08:08:02.432729Z[0m [33m WARN[0m [2mwayvid::backend::wayland::surface[0m[2m:[0m resume_playback not supported with shared decode context
[2m2025-10-23T08:08:02.432751Z[0m [33m WARN[0m [2mwayvid::backend::wayland::surface[0m[2m:[0m resume_playback not supported with shared decode context
[2m2025-10-23T08:08:02.432783Z[0m [34mDEBUG[0m [2mwayvid::video::mpv[0m[2m:[0m 🎬 Rendering frame: 2160x1215 to FBO 0
[2m2025-10-23T08:08:02.466129Z[0m [34mDEBUG[0m [2mwayvid::video::mpv[0m[2m:[0m   ✓ Frame rendered successfully
[2m2025-10-23T08:08:02.466395Z[0m [33m WARN[0m [2mwayvid::backend::wayland::surface[0m[2m:[0m resume_playback not supported with shared decode context
[2m2025-10-23T08:08:02.466407Z[0m [33m WARN[0m [2mwayvid::backend::wayland::surface[0m[2m:[0m resume_playback not supported with shared decode context
[2m2025-10-23T08:08:02.466437Z[0m [34mDEBUG[0m [2mwayvid::video::mpv[0m[2m:[0m 🎬 Rendering frame: 2560x1440 to FBO 0
[2m2025-10-23T08:08:02.499453Z[0m [34mDEBUG[0m [2mwayvid::video::mpv[0m[2m:[0m   ✓ Frame rendered successfully
[2m2025-10-23T08:08:02.499772Z[0m [33m WARN[0m [2mwayvid::backend::wayland::surface[0m[2m:[0m resume_playback not supported with shared decode context
[2m2025-10-23T08:08:02.499783Z[0m [33m WARN[0m [2mwayvid::backend::wayland::surface[0m[2m:[0m resume_playback not supported with shared decode context
[2m2025-10-23T08:08:02.499816Z[0m [34mDEBUG[0m [2mwayvid::video::mpv[0m[2m:[0m 🎬 Rendering frame: 2160x1215 to FBO 0
[2m2025-10-23T08:08:02.532538Z[0m [34mDEBUG[0m [2mwayvid::video::mpv[0m[2m:[0m   ✓ Frame rendered successfully
[2m2025-10-23T08:08:02.532917Z[0m [33m WARN[0m [2mwayvid::backend::wayland::surface[0m[2m:[0m resume_playback not supported with shared decode context
[2m2025-10-23T08:08:02.532931Z[0m [33m WARN[0m [2mwayvid::backend::wayland::surface[0m[2m:[0m resume_playback not supported with shared decode context
[2m2025-10-23T08:08:02.532957Z[0m [34mDEBUG[0m [2mwayvid::video::mpv[0m[2m:[0m 🎬 Rendering frame: 2560x1440 to FBO 0
[2m2025-10-23T08:08:02.565770Z[0m [34mDEBUG[0m [2mwayvid::video::mpv[0m[2m:[0m   ✓ Frame rendered successfully
[2m2025-10-23T08:08:02.566053Z[0m [33m WARN[0m [2mwayvid::backend::wayland::surface[0m[2m:[0m resume_playback not supported with shared decode context
[2m2025-10-23T08:08:02.566079Z[0m [33m WARN[0m [2mwayvid::backend::wayland::surface[0m[2m:[0m resume_playback not supported with shared decode context
[2m2025-10-23T08:08:02.566113Z[0m [34mDEBUG[0m [2mwayvid::video::mpv[0m[2m:[0m 🎬 Rendering frame: 2160x1215 to FBO 0
[2m2025-10-23T08:08:02.599105Z[0m [34mDEBUG[0m [2mwayvid::video::mpv[0m[2m:[0m   ✓ Frame rendered successfully
[2m2025-10-23T08:08:02.599392Z[0m [33m WARN[0m [2mwayvid::backend::wayland::surface[0m[2m:[0m resume_playback not supported with shared decode context
[2m2025-10-23T08:08:02.599407Z[0m [33m WARN[0m [2mwayvid::backend::wayland::surface[0m[2m:[0m resume_playback not supported with shared decode context
[2m2025-10-23T08:08:02.599436Z[0m [34mDEBUG[0m [2mwayvid::video::mpv[0m[2m:[0m 🎬 Rendering frame: 2560x1440 to FBO 0
[2m2025-10-23T08:08:02.632419Z[0m [34mDEBUG[0m [2mwayvid::video::mpv[0m[2m:[0m   ✓ Frame rendered successfully
[2m2025-10-23T08:08:02.632730Z[0m [33m WARN[0m [2mwayvid::backend::wayland::surface[0m[2m:[0m resume_playback not supported with shared decode context
[2m2025-10-23T08:08:02.632742Z[0m [33m WARN[0m [2mwayvid::backend::wayland::surface[0m[2m:[0m resume_playback not supported with shared decode context
[2m2025-10-23T08:08:02.632777Z[0m [34mDEBUG[0m [2mwayvid::video::mpv[0m[2m:[0m 🎬 Rendering frame: 2160x1215 to FBO 0
[2m2025-10-23T08:08:02.666132Z[0m [34mDEBUG[0m [2mwayvid::video::mpv[0m[2m:[0m   ✓ Frame rendered successfully
[2m2025-10-23T08:08:02.666451Z[0m [33m WARN[0m [2mwayvid::backend::wayland::surface[0m[2m:[0m resume_playback not supported with shared decode context
[2m2025-10-23T08:08:02.666464Z[0m [33m WARN[0m [2mwayvid::backend::wayland::surface[0m[2m:[0m resume_playback not supported with shared decode context
[2m2025-10-23T08:08:02.666493Z[0m [34mDEBUG[0m [2mwayvid::video::mpv[0m[2m:[0m 🎬 Rendering frame: 2560x1440 to FBO 0
[2m2025-10-23T08:08:02.699091Z[0m [34mDEBUG[0m [2mwayvid::video::mpv[0m[2m:[0m   ✓ Frame rendered successfully
[2m2025-10-23T08:08:02.699374Z[0m [33m WARN[0m [2mwayvid::backend::wayland::surface[0m[2m:[0m resume_playback not supported with shared decode context
[2m2025-10-23T08:08:02.699393Z[0m [33m WARN[0m [2mwayvid::backend::wayland::surface[0m[2m:[0m resume_playback not supported with shared decode context
[2m2025-10-23T08:08:02.699428Z[0m [34mDEBUG[0m [2mwayvid::video::mpv[0m[2m:[0m 🎬 Rendering frame: 2160x1215 to FBO 0
[2m2025-10-23T08:08:02.732435Z[0m [34mDEBUG[0m [2mwayvid::video::mpv[0m[2m:[0m   ✓ Frame rendered successfully
[2m2025-10-23T08:08:02.732733Z[0m [33m WARN[0m [2mwayvid::backend::wayland::surface[0m[2m:[0m resume_playback not supported with shared decode context
[2m2025-10-23T08:08:02.732766Z[0m [33m WARN[0m [2mwayvid::backend::wayland::surface[0m[2m:[0m resume_playback not supported with shared decode context
[2m2025-10-23T08:08:02.732804Z[0m [34mDEBUG[0m [2mwayvid::video::mpv[0m[2m:[0m 🎬 Rendering frame: 2560x1440 to FBO 0
[2m2025-10-23T08:08:02.766132Z[0m [34mDEBUG[0m [2mwayvid::video::mpv[0m[2m:[0m   ✓ Frame rendered successfully
[2m2025-10-23T08:08:02.766432Z[0m [33m WARN[0m [2mwayvid::backend::wayland::surface[0m[2m:[0m resume_playback not supported with shared decode context
[2m2025-10-23T08:08:02.766443Z[0m [33m WARN[0m [2mwayvid::backend::wayland::surface[0m[2m:[0m resume_playback not supported with shared decode context
[2m2025-10-23T08:08:02.766472Z[0m [34mDEBUG[0m [2mwayvid::video::mpv[0m[2m:[0m 🎬 Rendering frame: 2160x1215 to FBO 0
[2m2025-10-23T08:08:02.799101Z[0m [34mDEBUG[0m [2mwayvid::video::mpv[0m[2m:[0m   ✓ Frame rendered successfully
[2m2025-10-23T08:08:02.799327Z[0m [33m WARN[0m [2mwayvid::backend::wayland::surface[0m[2m:[0m resume_playback not supported with shared decode context
[2m2025-10-23T08:08:02.799370Z[0m [33m WARN[0m [2mwayvid::backend::wayland::surface[0m[2m:[0m resume_playback not supported with shared decode context
[2m2025-10-23T08:08:02.799403Z[0m [34mDEBUG[0m [2mwayvid::video::mpv[0m[2m:[0m 🎬 Rendering frame: 2560x1440 to FBO 0
[2m2025-10-23T08:08:02.832439Z[0m [34mDEBUG[0m [2mwayvid::video::mpv[0m[2m:[0m   ✓ Frame rendered successfully
[2m2025-10-23T08:08:02.832757Z[0m [33m WARN[0m [2mwayvid::backend::wayland::surface[0m[2m:[0m resume_playback not supported with shared decode context
[2m2025-10-23T08:08:02.832773Z[0m [33m WARN[0m [2mwayvid::backend::wayland::surface[0m[2m:[0m resume_playback not supported with shared decode context
[2m2025-10-23T08:08:02.832809Z[0m [34mDEBUG[0m [2mwayvid::video::mpv[0m[2m:[0m 🎬 Rendering frame: 2160x1215 to FBO 0
[2m2025-10-23T08:08:02.866378Z[0m [34mDEBUG[0m [2mwayvid::video::mpv[0m[2m:[0m   ✓ Frame rendered successfully
[2m2025-10-23T08:08:02.866666Z[0m [33m WARN[0m [2mwayvid::backend::wayland::surface[0m[2m:[0m resume_playback not supported with shared decode context
[2m2025-10-23T08:08:02.866678Z[0m [33m WARN[0m [2mwayvid::backend::wayland::surface[0m[2m:[0m resume_playback not supported with shared decode context
[2m2025-10-23T08:08:02.866713Z[0m [34mDEBUG[0m [2mwayvid::video::mpv[0m[2m:[0m 🎬 Rendering frame: 2560x1440 to FBO 0
[2m2025-10-23T08:08:02.899505Z[0m [34mDEBUG[0m [2mwayvid::video::mpv[0m[2m:[0m   ✓ Frame rendered successfully
[2m2025-10-23T08:08:02.899812Z[0m [33m WARN[0m [2mwayvid::backend::wayland::surface[0m[2m:[0m resume_playback not supported with shared decode context
[2m2025-10-23T08:08:02.899823Z[0m [33m WARN[0m [2mwayvid::backend::wayland::surface[0m[2m:[0m resume_playback not supported with shared decode context
[2m2025-10-23T08:08:02.899853Z[0m [34mDEBUG[0m [2mwayvid::video::mpv[0m[2m:[0m 🎬 Rendering frame: 2160x1215 to FBO 0
[2m2025-10-23T08:08:02.932770Z[0m [34mDEBUG[0m [2mwayvid::video::mpv[0m[2m:[0m   ✓ Frame rendered successfully
[2m2025-10-23T08:08:02.933001Z[0m [33m WARN[0m [2mwayvid::backend::wayland::surface[0m[2m:[0m resume_playback not supported with shared decode context
[2m2025-10-23T08:08:02.933009Z[0m [33m WARN[0m [2mwayvid::backend::wayland::surface[0m[2m:[0m resume_playback not supported with shared decode context
[2m2025-10-23T08:08:02.933040Z[0m [34mDEBUG[0m [2mwayvid::video::mpv[0m[2m:[0m 🎬 Rendering frame: 2560x1440 to FBO 0
[2m2025-10-23T08:08:02.965767Z[0m [34mDEBUG[0m [2mwayvid::video::mpv[0m[2m:[0m   ✓ Frame rendered successfully
[2m2025-10-23T08:08:02.966062Z[0m [33m WARN[0m [2mwayvid::backend::wayland::surface[0m[2m:[0m resume_playback not supported with shared decode context
[2m2025-10-23T08:08:02.966076Z[0m [33m WARN[0m [2mwayvid::backend::wayland::surface[0m[2m:[0m resume_playback not supported with shared decode context
[2m2025-10-23T08:08:02.966130Z[0m [34mDEBUG[0m [2mwayvid::video::mpv[0m[2m:[0m 🎬 Rendering frame: 2160x1215 to FBO 0
[2m2025-10-23T08:08:02.999101Z[0m [34mDEBUG[0m [2mwayvid::video::mpv[0m[2m:[0m   ✓ Frame rendered successfully
[2m2025-10-23T08:08:02.999334Z[0m [33m WARN[0m [2mwayvid::backend::wayland::surface[0m[2m:[0m resume_playback not supported with shared decode context
[2m2025-10-23T08:08:02.999347Z[0m [33m WARN[0m [2mwayvid::backend::wayland::surface[0m[2m:[0m resume_playback not supported with shared decode context
[2m2025-10-23T08:08:02.999378Z[0m [34mDEBUG[0m [2mwayvid::video::mpv[0m[2m:[0m 🎬 Rendering frame: 2560x1440 to FBO 0
[2m2025-10-23T08:08:03.032457Z[0m [34mDEBUG[0m [2mwayvid::video::mpv[0m[2m:[0m   ✓ Frame rendered successfully
[2m2025-10-23T08:08:03.032750Z[0m [33m WARN[0m [2mwayvid::backend::wayland::surface[0m[2m:[0m resume_playback not supported with shared decode context
[2m2025-10-23T08:08:03.032762Z[0m [33m WARN[0m [2mwayvid::backend::wayland::surface[0m[2m:[0m resume_playback not supported with shared decode context
[2m2025-10-23T08:08:03.032789Z[0m [34mDEBUG[0m [2mwayvid::video::mpv[0m[2m:[0m 🎬 Rendering frame: 2160x1215 to FBO 0
[2m2025-10-23T08:08:03.065785Z[0m [34mDEBUG[0m [2mwayvid::video::mpv[0m[2m:[0m   ✓ Frame rendered successfully
[2m2025-10-23T08:08:03.066073Z[0m [33m WARN[0m [2mwayvid::backend::wayland::surface[0m[2m:[0m resume_playback not supported with shared decode context
[2m2025-10-23T08:08:03.066089Z[0m [33m WARN[0m [2mwayvid::backend::wayland::surface[0m[2m:[0m resume_playback not supported with shared decode context
[2m2025-10-23T08:08:03.066121Z[0m [34mDEBUG[0m [2mwayvid::video::mpv[0m[2m:[0m 🎬 Rendering frame: 2560x1440 to FBO 0
[2m2025-10-23T08:08:03.099079Z[0m [34mDEBUG[0m [2mwayvid::video::mpv[0m[2m:[0m   ✓ Frame rendered successfully
[2m2025-10-23T08:08:03.099373Z[0m [33m WARN[0m [2mwayvid::backend::wayland::surface[0m[2m:[0m resume_playback not supported with shared decode context
[2m2025-10-23T08:08:03.099391Z[0m [33m WARN[0m [2mwayvid::backend::wayland::surface[0m[2m:[0m resume_playback not supported with shared decode context
[2m2025-10-23T08:08:03.099421Z[0m [34mDEBUG[0m [2mwayvid::video::mpv[0m[2m:[0m 🎬 Rendering frame: 2160x1215 to FBO 0
[2m2025-10-23T08:08:03.132783Z[0m [34mDEBUG[0m [2mwayvid::video::mpv[0m[2m:[0m   ✓ Frame rendered successfully
[2m2025-10-23T08:08:03.133090Z[0m [33m WARN[0m [2mwayvid::backend::wayland::surface[0m[2m:[0m resume_playback not supported with shared decode context
[2m2025-10-23T08:08:03.133102Z[0m [33m WARN[0m [2mwayvid::backend::wayland::surface[0m[2m:[0m resume_playback not supported with shared decode context
[2m2025-10-23T08:08:03.133141Z[0m [34mDEBUG[0m [2mwayvid::video::mpv[0m[2m:[0m 🎬 Rendering frame: 2560x1440 to FBO 0
[2m2025-10-23T08:08:03.165928Z[0m [34mDEBUG[0m [2mwayvid::video::mpv[0m[2m:[0m   ✓ Frame rendered successfully
[2m2025-10-23T08:08:03.166192Z[0m [33m WARN[0m [2mwayvid::backend::wayland::surface[0m[2m:[0m resume_playback not supported with shared decode context
[2m2025-10-23T08:08:03.166213Z[0m [33m WARN[0m [2mwayvid::backend::wayland::surface[0m[2m:[0m resume_playback not supported with shared decode context
[2m2025-10-23T08:08:03.166247Z[0m [34mDEBUG[0m [2mwayvid::video::mpv[0m[2m:[0m 🎬 Rendering frame: 2160x1215 to FBO 0
[2m2025-10-23T08:08:03.199498Z[0m [34mDEBUG[0m [2mwayvid::video::mpv[0m[2m:[0m   ✓ Frame rendered successfully
[2m2025-10-23T08:08:03.199749Z[0m [33m WARN[0m [2mwayvid::backend::wayland::surface[0m[2m:[0m resume_playback not supported with shared decode context
[2m2025-10-23T08:08:03.199762Z[0m [33m WARN[0m [2mwayvid::backend::wayland::surface[0m[2m:[0m resume_playback not supported with shared decode context
[2m2025-10-23T08:08:03.199799Z[0m [34mDEBUG[0m [2mwayvid::video::mpv[0m[2m:[0m 🎬 Rendering frame: 2560x1440 to FBO 0
[2m2025-10-23T08:08:03.232789Z[0m [34mDEBUG[0m [2mwayvid::video::mpv[0m[2m:[0m   ✓ Frame rendered successfully
[2m2025-10-23T08:08:03.233065Z[0m [33m WARN[0m [2mwayvid::backend::wayland::surface[0m[2m:[0m resume_playback not supported with shared decode context
[2m2025-10-23T08:08:03.233076Z[0m [33m WARN[0m [2mwayvid::backend::wayland::surface[0m[2m:[0m resume_playback not supported with shared decode context
[2m2025-10-23T08:08:03.233112Z[0m [34mDEBUG[0m [2mwayvid::video::mpv[0m[2m:[0m 🎬 Rendering frame: 2160x1215 to FBO 0
[2m2025-10-23T08:08:03.266129Z[0m [34mDEBUG[0m [2mwayvid::video::mpv[0m[2m:[0m   ✓ Frame rendered successfully
[2m2025-10-23T08:08:03.266369Z[0m [33m WARN[0m [2mwayvid::backend::wayland::surface[0m[2m:[0m resume_playback not supported with shared decode context
[2m2025-10-23T08:08:03.266379Z[0m [33m WARN[0m [2mwayvid::backend::wayland::surface[0m[2m:[0m resume_playback not supported with shared decode context
[2m2025-10-23T08:08:03.266413Z[0m [34mDEBUG[0m [2mwayvid::video::mpv[0m[2m:[0m 🎬 Rendering frame: 2560x1440 to FBO 0
[2m2025-10-23T08:08:03.299177Z[0m [34mDEBUG[0m [2mwayvid::video::mpv[0m[2m:[0m   ✓ Frame rendered successfully
[2m2025-10-23T08:08:03.299411Z[0m [33m WARN[0m [2mwayvid::backend::wayland::surface[0m[2m:[0m resume_playback not supported with shared decode context
[2m2025-10-23T08:08:03.299420Z[0m [33m WARN[0m [2mwayvid::backend::wayland::surface[0m[2m:[0m resume_playback not supported with shared decode context
[2m2025-10-23T08:08:03.299448Z[0m [34mDEBUG[0m [2mwayvid::video::mpv[0m[2m:[0m 🎬 Rendering frame: 2160x1215 to FBO 0
[2m2025-10-23T08:08:03.300164Z[0m [34mDEBUG[0m [2mwayvid::video::mpv[0m[2m:[0m   ✓ Frame rendered successfully
[2m2025-10-23T08:08:03.302692Z[0m [33m WARN[0m [2mwayvid::backend::wayland::surface[0m[2m:[0m resume_playback not supported with shared decode context
[2m2025-10-23T08:08:03.302708Z[0m [33m WARN[0m [2mwayvid::backend::wayland::surface[0m[2m:[0m resume_playback not supported with shared decode context
[2m2025-10-23T08:08:03.302716Z[0m [34mDEBUG[0m [2mwayvid::video::mpv[0m[2m:[0m 🎬 Rendering frame: 2160x1215 to FBO 0
[2m2025-10-23T08:08:03.332432Z[0m [34mDEBUG[0m [2mwayvid::video::mpv[0m[2m:[0m   ✓ Frame rendered successfully
[2m2025-10-23T08:08:03.332724Z[0m [33m WARN[0m [2mwayvid::backend::wayland::surface[0m[2m:[0m resume_playback not supported with shared decode context
[2m2025-10-23T08:08:03.332739Z[0m [33m WARN[0m [2mwayvid::backend::wayland::surface[0m[2m:[0m resume_playback not supported with shared decode context
[2m2025-10-23T08:08:03.332770Z[0m [34mDEBUG[0m [2mwayvid::video::mpv[0m[2m:[0m 🎬 Rendering frame: 2560x1440 to FBO 0
[2m2025-10-23T08:08:03.365778Z[0m [34mDEBUG[0m [2mwayvid::video::mpv[0m[2m:[0m   ✓ Frame rendered successfully
[2m2025-10-23T08:08:03.366210Z[0m [33m WARN[0m [2mwayvid::backend::wayland::surface[0m[2m:[0m resume_playback not supported with shared decode context
[2m2025-10-23T08:08:03.366227Z[0m [33m WARN[0m [2mwayvid::backend::wayland::surface[0m[2m:[0m resume_playback not supported with shared decode context
[2m2025-10-23T08:08:03.366275Z[0m [34mDEBUG[0m [2mwayvid::video::mpv[0m[2m:[0m 🎬 Rendering frame: 2160x1215 to FBO 0
[2m2025-10-23T08:08:03.399096Z[0m [34mDEBUG[0m [2mwayvid::video::mpv[0m[2m:[0m   ✓ Frame rendered successfully
[2m2025-10-23T08:08:03.399582Z[0m [33m WARN[0m [2mwayvid::backend::wayland::surface[0m[2m:[0m resume_playback not supported with shared decode context
[2m2025-10-23T08:08:03.399596Z[0m [33m WARN[0m [2mwayvid::backend::wayland::surface[0m[2m:[0m resume_playback not supported with shared decode context
[2m2025-10-23T08:08:03.399626Z[0m [34mDEBUG[0m [2mwayvid::video::mpv[0m[2m:[0m 🎬 Rendering frame: 2560x1440 to FBO 0
[2m2025-10-23T08:08:03.432460Z[0m [34mDEBUG[0m [2mwayvid::video::mpv[0m[2m:[0m   ✓ Frame rendered successfully
[2m2025-10-23T08:08:03.432796Z[0m [33m WARN[0m [2mwayvid::backend::wayland::surface[0m[2m:[0m resume_playback not supported with shared decode context
[2m2025-10-23T08:08:03.432811Z[0m [33m WARN[0m [2mwayvid::backend::wayland::surface[0m[2m:[0m resume_playback not supported with shared decode context
[2m2025-10-23T08:08:03.432841Z[0m [34mDEBUG[0m [2mwayvid::video::mpv[0m[2m:[0m 🎬 Rendering frame: 2160x1215 to FBO 0
[2m2025-10-23T08:08:03.466404Z[0m [34mDEBUG[0m [2mwayvid::video::mpv[0m[2m:[0m   ✓ Frame rendered successfully
[2m2025-10-23T08:08:03.466681Z[0m [33m WARN[0m [2mwayvid::backend::wayland::surface[0m[2m:[0m resume_playback not supported with shared decode context
[2m2025-10-23T08:08:03.466692Z[0m [33m WARN[0m [2mwayvid::backend::wayland::surface[0m[2m:[0m resume_playback not supported with shared decode context
[2m2025-10-23T08:08:03.466719Z[0m [34mDEBUG[0m [2mwayvid::video::mpv[0m[2m:[0m 🎬 Rendering frame: 2560x1440 to FBO 0
[2m2025-10-23T08:08:03.499493Z[0m [34mDEBUG[0m [2mwayvid::video::mpv[0m[2m:[0m   ✓ Frame rendered successfully
[2m2025-10-23T08:08:03.499769Z[0m [33m WARN[0m [2mwayvid::backend::wayland::surface[0m[2m:[0m resume_playback not supported with shared decode context
[2m2025-10-23T08:08:03.499780Z[0m [33m WARN[0m [2mwayvid::backend::wayland::surface[0m[2m:[0m resume_playback not supported with shared decode context
[2m2025-10-23T08:08:03.499809Z[0m [34mDEBUG[0m [2mwayvid::video::mpv[0m[2m:[0m 🎬 Rendering frame: 2160x1215 to FBO 0
[2m2025-10-23T08:08:03.532546Z[0m [34mDEBUG[0m [2mwayvid::video::mpv[0m[2m:[0m   ✓ Frame rendered successfully
[2m2025-10-23T08:08:03.532814Z[0m [33m WARN[0m [2mwayvid::backend::wayland::surface[0m[2m:[0m resume_playback not supported with shared decode context
[2m2025-10-23T08:08:03.532832Z[0m [33m WARN[0m [2mwayvid::backend::wayland::surface[0m[2m:[0m resume_playback not supported with shared decode context
[2m2025-10-23T08:08:03.532864Z[0m [34mDEBUG[0m [2mwayvid::video::mpv[0m[2m:[0m 🎬 Rendering frame: 2560x1440 to FBO 0
[2m2025-10-23T08:08:03.565764Z[0m [34mDEBUG[0m [2mwayvid::video::mpv[0m[2m:[0m   ✓ Frame rendered successfully
[2m2025-10-23T08:08:03.566063Z[0m [33m WARN[0m [2mwayvid::backend::wayland::surface[0m[2m:[0m resume_playback not supported with shared decode context
[2m2025-10-23T08:08:03.566078Z[0m [33m WARN[0m [2mwayvid::backend::wayland::surface[0m[2m:[0m resume_playback not supported with shared decode context
[2m2025-10-23T08:08:03.566112Z[0m [34mDEBUG[0m [2mwayvid::video::mpv[0m[2m:[0m 🎬 Rendering frame: 2160x1215 to FBO 0
[2m2025-10-23T08:08:03.599097Z[0m [34mDEBUG[0m [2mwayvid::video::mpv[0m[2m:[0m   ✓ Frame rendered successfully
[2m2025-10-23T08:08:03.599373Z[0m [33m WARN[0m [2mwayvid::backend::wayland::surface[0m[2m:[0m resume_playback not supported with shared decode context
[2m2025-10-23T08:08:03.599387Z[0m [33m WARN[0m [2mwayvid::backend::wayland::surface[0m[2m:[0m resume_playback not supported with shared decode context
[2m2025-10-23T08:08:03.599415Z[0m [34mDEBUG[0m [2mwayvid::video::mpv[0m[2m:[0m 🎬 Rendering frame: 2560x1440 to FBO 0
[2m2025-10-23T08:08:03.632412Z[0m [34mDEBUG[0m [2mwayvid::video::mpv[0m[2m:[0m   ✓ Frame rendered successfully
[2m2025-10-23T08:08:03.632683Z[0m [33m WARN[0m [2mwayvid::backend::wayland::surface[0m[2m:[0m resume_playback not supported with shared decode context
[2m2025-10-23T08:08:03.632695Z[0m [33m WARN[0m [2mwayvid::backend::wayland::surface[0m[2m:[0m resume_playback not supported with shared decode context
[2m2025-10-23T08:08:03.632731Z[0m [34mDEBUG[0m [2mwayvid::video::mpv[0m[2m:[0m 🎬 Rendering frame: 2160x1215 to FBO 0
[2m2025-10-23T08:08:03.665761Z[0m [34mDEBUG[0m [2mwayvid::video::mpv[0m[2m:[0m   ✓ Frame rendered successfully
[2m2025-10-23T08:08:03.665987Z[0m [33m WARN[0m [2mwayvid::backend::wayland::surface[0m[2m:[0m resume_playback not supported with shared decode context
[2m2025-10-23T08:08:03.666013Z[0m [33m WARN[0m [2mwayvid::backend::wayland::surface[0m[2m:[0m resume_playback not supported with shared decode context
[2m2025-10-23T08:08:03.666047Z[0m [34mDEBUG[0m [2mwayvid::video::mpv[0m[2m:[0m 🎬 Rendering frame: 2560x1440 to FBO 0
[2m2025-10-23T08:08:03.699072Z[0m [34mDEBUG[0m [2mwayvid::video::mpv[0m[2m:[0m   ✓ Frame rendered successfully
[2m2025-10-23T08:08:03.699607Z[0m [33m WARN[0m [2mwayvid::backend::wayland::surface[0m[2m:[0m resume_playback not supported with shared decode context
[2m2025-10-23T08:08:03.699630Z[0m [33m WARN[0m [2mwayvid::backend::wayland::surface[0m[2m:[0m resume_playback not supported with shared decode context
[2m2025-10-23T08:08:03.699672Z[0m [34mDEBUG[0m [2mwayvid::video::mpv[0m[2m:[0m 🎬 Rendering frame: 2160x1215 to FBO 0
[2m2025-10-23T08:08:03.732407Z[0m [34mDEBUG[0m [2mwayvid::video::mpv[0m[2m:[0m   ✓ Frame rendered successfully
[2m2025-10-23T08:08:03.732674Z[0m [33m WARN[0m [2mwayvid::backend::wayland::surface[0m[2m:[0m resume_playback not supported with shared decode context
[2m2025-10-23T08:08:03.732689Z[0m [33m WARN[0m [2mwayvid::backend::wayland::surface[0m[2m:[0m resume_playback not supported with shared decode context
[2m2025-10-23T08:08:03.732730Z[0m [34mDEBUG[0m [2mwayvid::video::mpv[0m[2m:[0m 🎬 Rendering frame: 2560x1440 to FBO 0
[2m2025-10-23T08:08:03.765760Z[0m [34mDEBUG[0m [2mwayvid::video::mpv[0m[2m:[0m   ✓ Frame rendered successfully
[2m2025-10-23T08:08:03.766050Z[0m [33m WARN[0m [2mwayvid::backend::wayland::surface[0m[2m:[0m resume_playback not supported with shared decode context
[2m2025-10-23T08:08:03.766067Z[0m [33m WARN[0m [2mwayvid::backend::wayland::surface[0m[2m:[0m resume_playback not supported with shared decode context
[2m2025-10-23T08:08:03.766103Z[0m [34mDEBUG[0m [2mwayvid::video::mpv[0m[2m:[0m 🎬 Rendering frame: 2160x1215 to FBO 0
[2m2025-10-23T08:08:03.799088Z[0m [34mDEBUG[0m [2mwayvid::video::mpv[0m[2m:[0m   ✓ Frame rendered successfully
[2m2025-10-23T08:08:03.799363Z[0m [33m WARN[0m [2mwayvid::backend::wayland::surface[0m[2m:[0m resume_playback not supported with shared decode context
[2m2025-10-23T08:08:03.799380Z[0m [33m WARN[0m [2mwayvid::backend::wayland::surface[0m[2m:[0m resume_playback not supported with shared decode context
[2m2025-10-23T08:08:03.799412Z[0m [34mDEBUG[0m [2mwayvid::video::mpv[0m[2m:[0m 🎬 Rendering frame: 2560x1440 to FBO 0
[2m2025-10-23T08:08:03.832421Z[0m [34mDEBUG[0m [2mwayvid::video::mpv[0m[2m:[0m   ✓ Frame rendered successfully
[2m2025-10-23T08:08:03.832689Z[0m [33m WARN[0m [2mwayvid::backend::wayland::surface[0m[2m:[0m resume_playback not supported with shared decode context
[2m2025-10-23T08:08:03.832705Z[0m [33m WARN[0m [2mwayvid::backend::wayland::surface[0m[2m:[0m resume_playback not supported with shared decode context
[2m2025-10-23T08:08:03.832737Z[0m [34mDEBUG[0m [2mwayvid::video::mpv[0m[2m:[0m 🎬 Rendering frame: 2160x1215 to FBO 0
[2m2025-10-23T08:08:03.866093Z[0m [34mDEBUG[0m [2mwayvid::video::mpv[0m[2m:[0m   ✓ Frame rendered successfully
[2m2025-10-23T08:08:03.866412Z[0m [33m WARN[0m [2mwayvid::backend::wayland::surface[0m[2m:[0m resume_playback not supported with shared decode context
[2m2025-10-23T08:08:03.866426Z[0m [33m WARN[0m [2mwayvid::backend::wayland::surface[0m[2m:[0m resume_playback not supported with shared decode context
[2m2025-10-23T08:08:03.866463Z[0m [34mDEBUG[0m [2mwayvid::video::mpv[0m[2m:[0m 🎬 Rendering frame: 2560x1440 to FBO 0
[2m2025-10-23T08:08:03.899092Z[0m [34mDEBUG[0m [2mwayvid::video::mpv[0m[2m:[0m   ✓ Frame rendered successfully
[2m2025-10-23T08:08:03.899366Z[0m [33m WARN[0m [2mwayvid::backend::wayland::surface[0m[2m:[0m resume_playback not supported with shared decode context
[2m2025-10-23T08:08:03.899392Z[0m [33m WARN[0m [2mwayvid::backend::wayland::surface[0m[2m:[0m resume_playback not supported with shared decode context
[2m2025-10-23T08:08:03.899424Z[0m [34mDEBUG[0m [2mwayvid::video::mpv[0m[2m:[0m 🎬 Rendering frame: 2160x1215 to FBO 0
[2m2025-10-23T08:08:03.932422Z[0m [34mDEBUG[0m [2mwayvid::video::mpv[0m[2m:[0m   ✓ Frame rendered successfully
[2m2025-10-23T08:08:03.932702Z[0m [33m WARN[0m [2mwayvid::backend::wayland::surface[0m[2m:[0m resume_playback not supported with shared decode context
[2m2025-10-23T08:08:03.932718Z[0m [33m WARN[0m [2mwayvid::backend::wayland::surface[0m[2m:[0m resume_playback not supported with shared decode context
[2m2025-10-23T08:08:03.932752Z[0m [34mDEBUG[0m [2mwayvid::video::mpv[0m[2m:[0m 🎬 Rendering frame: 2560x1440 to FBO 0
[2m2025-10-23T08:08:03.933350Z[0m [34mDEBUG[0m [2mwayvid::video::mpv[0m[2m:[0m   ✓ Frame rendered successfully
[2m2025-10-23T08:08:03.944423Z[0m [33m WARN[0m [2mwayvid::backend::wayland::surface[0m[2m:[0m resume_playback not supported with shared decode context
[2m2025-10-23T08:08:03.944439Z[0m [33m WARN[0m [2mwayvid::backend::wayland::surface[0m[2m:[0m resume_playback not supported with shared decode context
[2m2025-10-23T08:08:03.953511Z[0m [33m WARN[0m [2mwayvid::backend::wayland::surface[0m[2m:[0m resume_playback not supported with shared decode context
[2m2025-10-23T08:08:03.953526Z[0m [33m WARN[0m [2mwayvid::backend::wayland::surface[0m[2m:[0m resume_playback not supported with shared decode context
[2m2025-10-23T08:08:03.953555Z[0m [34mDEBUG[0m [2mwayvid::video::mpv[0m[2m:[0m 🎬 Rendering frame: 2160x1215 to FBO 0
[2m2025-10-23T08:08:03.954091Z[0m [34mDEBUG[0m [2mwayvid::video::mpv[0m[2m:[0m   ✓ Frame rendered successfully
[2m2025-10-23T08:08:03.978120Z[0m [33m WARN[0m [2mwayvid::backend::wayland::surface[0m[2m:[0m resume_playback not supported with shared decode context
[2m2025-10-23T08:08:03.978171Z[0m [33m WARN[0m [2mwayvid::backend::wayland::surface[0m[2m:[0m resume_playback not supported with shared decode context
[2m2025-10-23T08:08:03.985625Z[0m [33m WARN[0m [2mwayvid::backend::wayland::surface[0m[2m:[0m resume_playback not supported with shared decode context
[2m2025-10-23T08:08:03.985665Z[0m [33m WARN[0m [2mwayvid::backend::wayland::surface[0m[2m:[0m resume_playback not supported with shared decode context
[2m2025-10-23T08:08:03.985724Z[0m [34mDEBUG[0m [2mwayvid::video::mpv[0m[2m:[0m 🎬 Rendering frame: 2560x1440 to FBO 0
[2m2025-10-23T08:08:03.991467Z[0m [34mDEBUG[0m [2mwayvid::video::mpv[0m[2m:[0m   ✓ Frame rendered successfully
[2m2025-10-23T08:08:03.991670Z[0m [33m WARN[0m [2mwayvid::backend::wayland::surface[0m[2m:[0m resume_playback not supported with shared decode context
[2m2025-10-23T08:08:03.991680Z[0m [33m WARN[0m [2mwayvid::backend::wayland::surface[0m[2m:[0m resume_playback not supported with shared decode context
[2m2025-10-23T08:08:04.003721Z[0m [33m WARN[0m [2mwayvid::backend::wayland::surface[0m[2m:[0m resume_playback not supported with shared decode context
[2m2025-10-23T08:08:04.003744Z[0m [33m WARN[0m [2mwayvid::backend::wayland::surface[0m[2m:[0m resume_playback not supported with shared decode context
[2m2025-10-23T08:08:04.003784Z[0m [34mDEBUG[0m [2mwayvid::video::mpv[0m[2m:[0m 🎬 Rendering frame: 2160x1215 to FBO 0
[2m2025-10-23T08:08:04.019190Z[0m [34mDEBUG[0m [2mwayvid::video::mpv[0m[2m:[0m   ✓ Frame rendered successfully
[2m2025-10-23T08:08:04.019438Z[0m [33m WARN[0m [2mwayvid::backend::wayland::surface[0m[2m:[0m resume_playback not supported with shared decode context
[2m2025-10-23T08:08:04.019453Z[0m [33m WARN[0m [2mwayvid::backend::wayland::surface[0m[2m:[0m resume_playback not supported with shared decode context
[2m2025-10-23T08:08:04.020360Z[0m [33m WARN[0m [2mwayvid::backend::wayland::surface[0m[2m:[0m resume_playback not supported with shared decode context
[2m2025-10-23T08:08:04.020380Z[0m [33m WARN[0m [2mwayvid::backend::wayland::surface[0m[2m:[0m resume_playback not supported with shared decode context
[2m2025-10-23T08:08:04.020416Z[0m [34mDEBUG[0m [2mwayvid::video::mpv[0m[2m:[0m 🎬 Rendering frame: 2560x1440 to FBO 0
[2m2025-10-23T08:08:04.052774Z[0m [34mDEBUG[0m [2mwayvid::video::mpv[0m[2m:[0m   ✓ Frame rendered successfully
[2m2025-10-23T08:08:04.052956Z[0m [33m WARN[0m [2mwayvid::backend::wayland::surface[0m[2m:[0m resume_playback not supported with shared decode context
[2m2025-10-23T08:08:04.052965Z[0m [33m WARN[0m [2mwayvid::backend::wayland::surface[0m[2m:[0m resume_playback not supported with shared decode context
[2m2025-10-23T08:08:04.053979Z[0m [33m WARN[0m [2mwayvid::backend::wayland::surface[0m[2m:[0m resume_playback not supported with shared decode context
[2m2025-10-23T08:08:04.053990Z[0m [33m WARN[0m [2mwayvid::backend::wayland::surface[0m[2m:[0m resume_playback not supported with shared decode context
[2m2025-10-23T08:08:04.054022Z[0m [34mDEBUG[0m [2mwayvid::video::mpv[0m[2m:[0m 🎬 Rendering frame: 2160x1215 to FBO 0
[2m2025-10-23T08:08:04.085890Z[0m [34mDEBUG[0m [2mwayvid::video::mpv[0m[2m:[0m   ✓ Frame rendered successfully
[2m2025-10-23T08:08:04.086201Z[0m [33m WARN[0m [2mwayvid::backend::wayland::surface[0m[2m:[0m resume_playback not supported with shared decode context
[2m2025-10-23T08:08:04.086217Z[0m [33m WARN[0m [2mwayvid::backend::wayland::surface[0m[2m:[0m resume_playback not supported with shared decode context
[2m2025-10-23T08:08:04.086261Z[0m [34mDEBUG[0m [2mwayvid::video::mpv[0m[2m:[0m 🎬 Rendering frame: 2560x1440 to FBO 0
[2m2025-10-23T08:08:04.119216Z[0m [34mDEBUG[0m [2mwayvid::video::mpv[0m[2m:[0m   ✓ Frame rendered successfully
[2m2025-10-23T08:08:04.119483Z[0m [33m WARN[0m [2mwayvid::backend::wayland::surface[0m[2m:[0m resume_playback not supported with shared decode context
[2m2025-10-23T08:08:04.119495Z[0m [33m WARN[0m [2mwayvid::backend::wayland::surface[0m[2m:[0m resume_playback not supported with shared decode context
[2m2025-10-23T08:08:04.119530Z[0m [34mDEBUG[0m [2mwayvid::video::mpv[0m[2m:[0m 🎬 Rendering frame: 2160x1215 to FBO 0
[2m2025-10-23T08:08:04.152550Z[0m [34mDEBUG[0m [2mwayvid::video::mpv[0m[2m:[0m   ✓ Frame rendered successfully
[2m2025-10-23T08:08:04.152826Z[0m [33m WARN[0m [2mwayvid::backend::wayland::surface[0m[2m:[0m resume_playback not supported with shared decode context
[2m2025-10-23T08:08:04.152842Z[0m [33m WARN[0m [2mwayvid::backend::wayland::surface[0m[2m:[0m resume_playback not supported with shared decode context
[2m2025-10-23T08:08:04.152880Z[0m [34mDEBUG[0m [2mwayvid::video::mpv[0m[2m:[0m 🎬 Rendering frame: 2560x1440 to FBO 0
[2m2025-10-23T08:08:04.186428Z[0m [34mDEBUG[0m [2mwayvid::video::mpv[0m[2m:[0m   ✓ Frame rendered successfully
[2m2025-10-23T08:08:04.186761Z[0m [33m WARN[0m [2mwayvid::backend::wayland::surface[0m[2m:[0m resume_playback not supported with shared decode context
[2m2025-10-23T08:08:04.186775Z[0m [33m WARN[0m [2mwayvid::backend::wayland::surface[0m[2m:[0m resume_playback not supported with shared decode context
[2m2025-10-23T08:08:04.186814Z[0m [34mDEBUG[0m [2mwayvid::video::mpv[0m[2m:[0m 🎬 Rendering frame: 2160x1215 to FBO 0
[2m2025-10-23T08:08:04.219196Z[0m [34mDEBUG[0m [2mwayvid::video::mpv[0m[2m:[0m   ✓ Frame rendered successfully
[2m2025-10-23T08:08:04.219463Z[0m [33m WARN[0m [2mwayvid::backend::wayland::surface[0m[2m:[0m resume_playback not supported with shared decode context
[2m2025-10-23T08:08:04.219476Z[0m [33m WARN[0m [2mwayvid::backend::wayland::surface[0m[2m:[0m resume_playback not supported with shared decode context
[2m2025-10-23T08:08:04.219512Z[0m [34mDEBUG[0m [2mwayvid::video::mpv[0m[2m:[0m 🎬 Rendering frame: 2560x1440 to FBO 0
[2m2025-10-23T08:08:04.252584Z[0m [34mDEBUG[0m [2mwayvid::video::mpv[0m[2m:[0m   ✓ Frame rendered successfully
[2m2025-10-23T08:08:04.253033Z[0m [33m WARN[0m [2mwayvid::backend::wayland::surface[0m[2m:[0m resume_playback not supported with shared decode context
[2m2025-10-23T08:08:04.253052Z[0m [33m WARN[0m [2mwayvid::backend::wayland::surface[0m[2m:[0m resume_playback not supported with shared decode context
[2m2025-10-23T08:08:04.253090Z[0m [34mDEBUG[0m [2mwayvid::video::mpv[0m[2m:[0m 🎬 Rendering frame: 2160x1215 to FBO 0
[2m2025-10-23T08:08:04.285885Z[0m [34mDEBUG[0m [2mwayvid::video::mpv[0m[2m:[0m   ✓ Frame rendered successfully
[2m2025-10-23T08:08:04.286158Z[0m [33m WARN[0m [2mwayvid::backend::wayland::surface[0m[2m:[0m resume_playback not supported with shared decode context
[2m2025-10-23T08:08:04.286175Z[0m [33m WARN[0m [2mwayvid::backend::wayland::surface[0m[2m:[0m resume_playback not supported with shared decode context
[2m2025-10-23T08:08:04.286214Z[0m [34mDEBUG[0m [2mwayvid::video::mpv[0m[2m:[0m 🎬 Rendering frame: 2560x1440 to FBO 0
[2m2025-10-23T08:08:04.319197Z[0m [34mDEBUG[0m [2mwayvid::video::mpv[0m[2m:[0m   ✓ Frame rendered successfully
[2m2025-10-23T08:08:04.319473Z[0m [33m WARN[0m [2mwayvid::backend::wayland::surface[0m[2m:[0m resume_playback not supported with shared decode context
[2m2025-10-23T08:08:04.319486Z[0m [33m WARN[0m [2mwayvid::backend::wayland::surface[0m[2m:[0m resume_playback not supported with shared decode context
[2m2025-10-23T08:08:04.319523Z[0m [34mDEBUG[0m [2mwayvid::video::mpv[0m[2m:[0m 🎬 Rendering frame: 2160x1215 to FBO 0
[2m2025-10-23T08:08:04.352872Z[0m [34mDEBUG[0m [2mwayvid::video::mpv[0m[2m:[0m   ✓ Frame rendered successfully
[2m2025-10-23T08:08:04.353194Z[0m [33m WARN[0m [2mwayvid::backend::wayland::surface[0m[2m:[0m resume_playback not supported with shared decode context
[2m2025-10-23T08:08:04.353207Z[0m [33m WARN[0m [2mwayvid::backend::wayland::surface[0m[2m:[0m resume_playback not supported with shared decode context
[2m2025-10-23T08:08:04.353240Z[0m [34mDEBUG[0m [2mwayvid::video::mpv[0m[2m:[0m 🎬 Rendering frame: 2560x1440 to FBO 0
[2m2025-10-23T08:08:04.385868Z[0m [34mDEBUG[0m [2mwayvid::video::mpv[0m[2m:[0m   ✓ Frame rendered successfully
[2m2025-10-23T08:08:04.386186Z[0m [33m WARN[0m [2mwayvid::backend::wayland::surface[0m[2m:[0m resume_playback not supported with shared decode context
[2m2025-10-23T08:08:04.386201Z[0m [33m WARN[0m [2mwayvid::backend::wayland::surface[0m[2m:[0m resume_playback not supported with shared decode context
[2m2025-10-23T08:08:04.386238Z[0m [34mDEBUG[0m [2mwayvid::video::mpv[0m[2m:[0m 🎬 Rendering frame: 2160x1215 to FBO 0
[2m2025-10-23T08:08:04.419513Z[0m [34mDEBUG[0m [2mwayvid::video::mpv[0m[2m:[0m   ✓ Frame rendered successfully
[2m2025-10-23T08:08:04.419820Z[0m [33m WARN[0m [2mwayvid::backend::wayland::surface[0m[2m:[0m resume_playback not supported with shared decode context
[2m2025-10-23T08:08:04.419833Z[0m [33m WARN[0m [2mwayvid::backend::wayland::surface[0m[2m:[0m resume_playback not supported with shared decode context
[2m2025-10-23T08:08:04.419873Z[0m [34mDEBUG[0m [2mwayvid::video::mpv[0m[2m:[0m 🎬 Rendering frame: 2560x1440 to FBO 0
[2m2025-10-23T08:08:04.452878Z[0m [34mDEBUG[0m [2mwayvid::video::mpv[0m[2m:[0m   ✓ Frame rendered successfully
[2m2025-10-23T08:08:04.453180Z[0m [33m WARN[0m [2mwayvid::backend::wayland::surface[0m[2m:[0m resume_playback not supported with shared decode context
[2m2025-10-23T08:08:04.453192Z[0m [33m WARN[0m [2mwayvid::backend::wayland::surface[0m[2m:[0m resume_playback not supported with shared decode context
[2m2025-10-23T08:08:04.453228Z[0m [34mDEBUG[0m [2mwayvid::video::mpv[0m[2m:[0m 🎬 Rendering frame: 2160x1215 to FBO 0
[2m2025-10-23T08:08:04.485862Z[0m [34mDEBUG[0m [2mwayvid::video::mpv[0m[2m:[0m   ✓ Frame rendered successfully
[2m2025-10-23T08:08:04.486135Z[0m [33m WARN[0m [2mwayvid::backend::wayland::surface[0m[2m:[0m resume_playback not supported with shared decode context
[2m2025-10-23T08:08:04.486160Z[0m [33m WARN[0m [2mwayvid::backend::wayland::surface[0m[2m:[0m resume_playback not supported with shared decode context
[2m2025-10-23T08:08:04.486222Z[0m [34mDEBUG[0m [2mwayvid::video::mpv[0m[2m:[0m 🎬 Rendering frame: 2560x1440 to FBO 0
[2m2025-10-23T08:08:04.519193Z[0m [34mDEBUG[0m [2mwayvid::video::mpv[0m[2m:[0m   ✓ Frame rendered successfully
[2m2025-10-23T08:08:04.519472Z[0m [33m WARN[0m [2mwayvid::backend::wayland::surface[0m[2m:[0m resume_playback not supported with shared decode context
[2m2025-10-23T08:08:04.519484Z[0m [33m WARN[0m [2mwayvid::backend::wayland::surface[0m[2m:[0m resume_playback not supported with shared decode context
[2m2025-10-23T08:08:04.519521Z[0m [34mDEBUG[0m [2mwayvid::video::mpv[0m[2m:[0m 🎬 Rendering frame: 2160x1215 to FBO 0
[2m2025-10-23T08:08:04.552549Z[0m [34mDEBUG[0m [2mwayvid::video::mpv[0m[2m:[0m   ✓ Frame rendered successfully
[2m2025-10-23T08:08:04.552838Z[0m [33m WARN[0m [2mwayvid::backend::wayland::surface[0m[2m:[0m resume_playback not supported with shared decode context
[2m2025-10-23T08:08:04.552854Z[0m [33m WARN[0m [2mwayvid::backend::wayland::surface[0m[2m:[0m resume_playback not supported with shared decode context
[2m2025-10-23T08:08:04.552892Z[0m [34mDEBUG[0m [2mwayvid::video::mpv[0m[2m:[0m 🎬 Rendering frame: 2560x1440 to FBO 0
[2m2025-10-23T08:08:04.585881Z[0m [34mDEBUG[0m [2mwayvid::video::mpv[0m[2m:[0m   ✓ Frame rendered successfully
[2m2025-10-23T08:08:04.586205Z[0m [33m WARN[0m [2mwayvid::backend::wayland::surface[0m[2m:[0m resume_playback not supported with shared decode context
[2m2025-10-23T08:08:04.586221Z[0m [33m WARN[0m [2mwayvid::backend::wayland::surface[0m[2m:[0m resume_playback not supported with shared decode context
[2m2025-10-23T08:08:04.586258Z[0m [34mDEBUG[0m [2mwayvid::video::mpv[0m[2m:[0m 🎬 Rendering frame: 2160x1215 to FBO 0
[2m2025-10-23T08:08:04.619601Z[0m [34mDEBUG[0m [2mwayvid::video::mpv[0m[2m:[0m   ✓ Frame rendered successfully
[2m2025-10-23T08:08:04.619891Z[0m [33m WARN[0m [2mwayvid::backend::wayland::surface[0m[2m:[0m resume_playback not supported with shared decode context
[2m2025-10-23T08:08:04.619908Z[0m [33m WARN[0m [2mwayvid::backend::wayland::surface[0m[2m:[0m resume_playback not supported with shared decode context
[2m2025-10-23T08:08:04.619947Z[0m [34mDEBUG[0m [2mwayvid::video::mpv[0m[2m:[0m 🎬 Rendering frame: 2560x1440 to FBO 0
[2m2025-10-23T08:08:04.652523Z[0m [34mDEBUG[0m [2mwayvid::video::mpv[0m[2m:[0m   ✓ Frame rendered successfully
[2m2025-10-23T08:08:04.653007Z[0m [33m WARN[0m [2mwayvid::backend::wayland::surface[0m[2m:[0m resume_playback not supported with shared decode context
[2m2025-10-23T08:08:04.653021Z[0m [33m WARN[0m [2mwayvid::backend::wayland::surface[0m[2m:[0m resume_playback not supported with shared decode context
[2m2025-10-23T08:08:04.653059Z[0m [34mDEBUG[0m [2mwayvid::video::mpv[0m[2m:[0m 🎬 Rendering frame: 2160x1215 to FBO 0
[2m2025-10-23T08:08:04.685857Z[0m [34mDEBUG[0m [2mwayvid::video::mpv[0m[2m:[0m   ✓ Frame rendered successfully
[2m2025-10-23T08:08:04.686144Z[0m [33m WARN[0m [2mwayvid::backend::wayland::surface[0m[2m:[0m resume_playback not supported with shared decode context
[2m2025-10-23T08:08:04.686164Z[0m [33m WARN[0m [2mwayvid::backend::wayland::surface[0m[2m:[0m resume_playback not supported with shared decode context
[2m2025-10-23T08:08:04.686193Z[0m [34mDEBUG[0m [2mwayvid::video::mpv[0m[2m:[0m 🎬 Rendering frame: 2560x1440 to FBO 0
[2m2025-10-23T08:08:04.719219Z[0m [34mDEBUG[0m [2mwayvid::video::mpv[0m[2m:[0m   ✓ Frame rendered successfully
[2m2025-10-23T08:08:04.719507Z[0m [33m WARN[0m [2mwayvid::backend::wayland::surface[0m[2m:[0m resume_playback not supported with shared decode context
[2m2025-10-23T08:08:04.719525Z[0m [33m WARN[0m [2mwayvid::backend::wayland::surface[0m[2m:[0m resume_playback not supported with shared decode context
[2m2025-10-23T08:08:04.719578Z[0m [34mDEBUG[0m [2mwayvid::video::mpv[0m[2m:[0m 🎬 Rendering frame: 2160x1215 to FBO 0
[2m2025-10-23T08:08:04.752542Z[0m [34mDEBUG[0m [2mwayvid::video::mpv[0m[2m:[0m   ✓ Frame rendered successfully
[2m2025-10-23T08:08:04.753007Z[0m [33m WARN[0m [2mwayvid::backend::wayland::surface[0m[2m:[0m resume_playback not supported with shared decode context
[2m2025-10-23T08:08:04.753022Z[0m [33m WARN[0m [2mwayvid::backend::wayland::surface[0m[2m:[0m resume_playback not supported with shared decode context
[2m2025-10-23T08:08:04.753056Z[0m [34mDEBUG[0m [2mwayvid::video::mpv[0m[2m:[0m 🎬 Rendering frame: 2560x1440 to FBO 0
[2m2025-10-23T08:08:04.786429Z[0m [34mDEBUG[0m [2mwayvid::video::mpv[0m[2m:[0m   ✓ Frame rendered successfully
[2m2025-10-23T08:08:04.786751Z[0m [33m WARN[0m [2mwayvid::backend::wayland::surface[0m[2m:[0m resume_playback not supported with shared decode context
[2m2025-10-23T08:08:04.786762Z[0m [33m WARN[0m [2mwayvid::backend::wayland::surface[0m[2m:[0m resume_playback not supported with shared decode context
[2m2025-10-23T08:08:04.786797Z[0m [34mDEBUG[0m [2mwayvid::video::mpv[0m[2m:[0m 🎬 Rendering frame: 2160x1215 to FBO 0
[2m2025-10-23T08:08:04.819192Z[0m [34mDEBUG[0m [2mwayvid::video::mpv[0m[2m:[0m   ✓ Frame rendered successfully
[2m2025-10-23T08:08:04.819464Z[0m [33m WARN[0m [2mwayvid::backend::wayland::surface[0m[2m:[0m resume_playback not supported with shared decode context
[2m2025-10-23T08:08:04.820683Z[0m [33m WARN[0m [2mwayvid::backend::wayland::surface[0m[2m:[0m resume_playback not supported with shared decode context
[2m2025-10-23T08:08:04.820723Z[0m [34mDEBUG[0m [2mwayvid::video::mpv[0m[2m:[0m 🎬 Rendering frame: 2560x1440 to FBO 0
[2m2025-10-23T08:08:04.852532Z[0m [34mDEBUG[0m [2mwayvid::video::mpv[0m[2m:[0m   ✓ Frame rendered successfully
[2m2025-10-23T08:08:04.852820Z[0m [33m WARN[0m [2mwayvid::backend::wayland::surface[0m[2m:[0m resume_playback not supported with shared decode context
[2m2025-10-23T08:08:04.852833Z[0m [33m WARN[0m [2mwayvid::backend::wayland::surface[0m[2m:[0m resume_playback not supported with shared decode context
[2m2025-10-23T08:08:04.852861Z[0m [34mDEBUG[0m [2mwayvid::video::mpv[0m[2m:[0m 🎬 Rendering frame: 2160x1215 to FBO 0
[2m2025-10-23T08:08:04.885886Z[0m [34mDEBUG[0m [2mwayvid::video::mpv[0m[2m:[0m   ✓ Frame rendered successfully
[2m2025-10-23T08:08:04.886176Z[0m [33m WARN[0m [2mwayvid::backend::wayland::surface[0m[2m:[0m resume_playback not supported with shared decode context
[2m2025-10-23T08:08:04.886193Z[0m [33m WARN[0m [2mwayvid::backend::wayland::surface[0m[2m:[0m resume_playback not supported with shared decode context
[2m2025-10-23T08:08:04.886223Z[0m [34mDEBUG[0m [2mwayvid::video::mpv[0m[2m:[0m 🎬 Rendering frame: 2560x1440 to FBO 0
[2m2025-10-23T08:08:04.919187Z[0m [34mDEBUG[0m [2mwayvid::video::mpv[0m[2m:[0m   ✓ Frame rendered successfully
[2m2025-10-23T08:08:04.919438Z[0m [33m WARN[0m [2mwayvid::backend::wayland::surface[0m[2m:[0m resume_playback not supported with shared decode context
[2m2025-10-23T08:08:04.919449Z[0m [33m WARN[0m [2mwayvid::backend::wayland::surface[0m[2m:[0m resume_playback not supported with shared decode context
[2m2025-10-23T08:08:04.919478Z[0m [34mDEBUG[0m [2mwayvid::video::mpv[0m[2m:[0m 🎬 Rendering frame: 2160x1215 to FBO 0
[2m2025-10-23T08:08:04.952544Z[0m [34mDEBUG[0m [2mwayvid::video::mpv[0m[2m:[0m   ✓ Frame rendered successfully
[2m2025-10-23T08:08:04.952818Z[0m [33m WARN[0m [2mwayvid::backend::wayland::surface[0m[2m:[0m resume_playback not supported with shared decode context
[2m2025-10-23T08:08:04.952834Z[0m [33m WARN[0m [2mwayvid::backend::wayland::surface[0m[2m:[0m resume_playback not supported with shared decode context
[2m2025-10-23T08:08:04.952864Z[0m [34mDEBUG[0m [2mwayvid::video::mpv[0m[2m:[0m 🎬 Rendering frame: 2560x1440 to FBO 0
[2m2025-10-23T08:08:04.985867Z[0m [34mDEBUG[0m [2mwayvid::video::mpv[0m[2m:[0m   ✓ Frame rendered successfully
[2m2025-10-23T08:08:04.986172Z[0m [33m WARN[0m [2mwayvid::backend::wayland::surface[0m[2m:[0m resume_playback not supported with shared decode context
[2m2025-10-23T08:08:04.986187Z[0m [33m WARN[0m [2mwayvid::backend::wayland::surface[0m[2m:[0m resume_playback not supported with shared decode context
[2m2025-10-23T08:08:04.986221Z[0m [34mDEBUG[0m [2mwayvid::video::mpv[0m[2m:[0m 🎬 Rendering frame: 2160x1215 to FBO 0
[2m2025-10-23T08:08:05.019427Z[0m [34mDEBUG[0m [2mwayvid::video::mpv[0m[2m:[0m   ✓ Frame rendered successfully
[2m2025-10-23T08:08:05.019700Z[0m [33m WARN[0m [2mwayvid::backend::wayland::surface[0m[2m:[0m resume_playback not supported with shared decode context
[2m2025-10-23T08:08:05.019717Z[0m [33m WARN[0m [2mwayvid::backend::wayland::surface[0m[2m:[0m resume_playback not supported with shared decode context
[2m2025-10-23T08:08:05.019767Z[0m [34mDEBUG[0m [2mwayvid::video::mpv[0m[2m:[0m 🎬 Rendering frame: 2560x1440 to FBO 0
[2m2025-10-23T08:08:05.052525Z[0m [34mDEBUG[0m [2mwayvid::video::mpv[0m[2m:[0m   ✓ Frame rendered successfully
[2m2025-10-23T08:08:05.053020Z[0m [33m WARN[0m [2mwayvid::backend::wayland::surface[0m[2m:[0m resume_playback not supported with shared decode context
[2m2025-10-23T08:08:05.053036Z[0m [33m WARN[0m [2mwayvid::backend::wayland::surface[0m[2m:[0m resume_playback not supported with shared decode context
[2m2025-10-23T08:08:05.053072Z[0m [34mDEBUG[0m [2mwayvid::video::mpv[0m[2m:[0m 🎬 Rendering frame: 2160x1215 to FBO 0
[2m2025-10-23T08:08:05.085836Z[0m [34mDEBUG[0m [2mwayvid::video::mpv[0m[2m:[0m   ✓ Frame rendered successfully
[2m2025-10-23T08:08:05.086108Z[0m [33m WARN[0m [2mwayvid::backend::wayland::surface[0m[2m:[0m resume_playback not supported with shared decode context
[2m2025-10-23T08:08:05.086123Z[0m [33m WARN[0m [2mwayvid::backend::wayland::surface[0m[2m:[0m resume_playback not supported with shared decode context
[2m2025-10-23T08:08:05.086153Z[0m [34mDEBUG[0m [2mwayvid::video::mpv[0m[2m:[0m 🎬 Rendering frame: 2560x1440 to FBO 0
[2m2025-10-23T08:08:05.119184Z[0m [34mDEBUG[0m [2mwayvid::video::mpv[0m[2m:[0m   ✓ Frame rendered successfully
[2m2025-10-23T08:08:05.119446Z[0m [33m WARN[0m [2mwayvid::backend::wayland::surface[0m[2m:[0m resume_playback not supported with shared decode context
[2m2025-10-23T08:08:05.119458Z[0m [33m WARN[0m [2mwayvid::backend::wayland::surface[0m[2m:[0m resume_playback not supported with shared decode context
[2m2025-10-23T08:08:05.119490Z[0m [34mDEBUG[0m [2mwayvid::video::mpv[0m[2m:[0m 🎬 Rendering frame: 2160x1215 to FBO 0
[2m2025-10-23T08:08:05.152516Z[0m [34mDEBUG[0m [2mwayvid::video::mpv[0m[2m:[0m   ✓ Frame rendered successfully
[2m2025-10-23T08:08:05.152924Z[0m [33m WARN[0m [2mwayvid::backend::wayland::surface[0m[2m:[0m resume_playback not supported with shared decode context
[2m2025-10-23T08:08:05.153011Z[0m [33m WARN[0m [2mwayvid::backend::wayland::surface[0m[2m:[0m resume_playback not supported with shared decode context
[2m2025-10-23T08:08:05.153076Z[0m [34mDEBUG[0m [2mwayvid::video::mpv[0m[2m:[0m 🎬 Rendering frame: 2560x1440 to FBO 0
[2m2025-10-23T08:08:05.185847Z[0m [34mDEBUG[0m [2mwayvid::video::mpv[0m[2m:[0m   ✓ Frame rendered successfully
[2m2025-10-23T08:08:05.186304Z[0m [33m WARN[0m [2mwayvid::backend::wayland::surface[0m[2m:[0m resume_playback not supported with shared decode context
[2m2025-10-23T08:08:05.186325Z[0m [33m WARN[0m [2mwayvid::backend::wayland::surface[0m[2m:[0m resume_playback not supported with shared decode context
[2m2025-10-23T08:08:05.186382Z[0m [34mDEBUG[0m [2mwayvid::video::mpv[0m[2m:[0m 🎬 Rendering frame: 2160x1215 to FBO 0
[2m2025-10-23T08:08:05.219188Z[0m [34mDEBUG[0m [2mwayvid::video::mpv[0m[2m:[0m   ✓ Frame rendered successfully
[2m2025-10-23T08:08:05.219570Z[0m [33m WARN[0m [2mwayvid::backend::wayland::surface[0m[2m:[0m resume_playback not supported with shared decode context
[2m2025-10-23T08:08:05.219582Z[0m [33m WARN[0m [2mwayvid::backend::wayland::surface[0m[2m:[0m resume_playback not supported with shared decode context
[2m2025-10-23T08:08:05.219613Z[0m [34mDEBUG[0m [2mwayvid::video::mpv[0m[2m:[0m 🎬 Rendering frame: 2560x1440 to FBO 0
[2m2025-10-23T08:08:05.252866Z[0m [34mDEBUG[0m [2mwayvid::video::mpv[0m[2m:[0m   ✓ Frame rendered successfully
[2m2025-10-23T08:08:05.253143Z[0m [33m WARN[0m [2mwayvid::backend::wayland::surface[0m[2m:[0m resume_playback not supported with shared decode context
[2m2025-10-23T08:08:05.253155Z[0m [33m WARN[0m [2mwayvid::backend::wayland::surface[0m[2m:[0m resume_playback not supported with shared decode context
[2m2025-10-23T08:08:05.253184Z[0m [34mDEBUG[0m [2mwayvid::video::mpv[0m[2m:[0m 🎬 Rendering frame: 2160x1215 to FBO 0
[2m2025-10-23T08:08:05.285869Z[0m [34mDEBUG[0m [2mwayvid::video::mpv[0m[2m:[0m   ✓ Frame rendered successfully
[2m2025-10-23T08:08:05.286120Z[0m [33m WARN[0m [2mwayvid::backend::wayland::surface[0m[2m:[0m resume_playback not supported with shared decode context
[2m2025-10-23T08:08:05.286135Z[0m [33m WARN[0m [2mwayvid::backend::wayland::surface[0m[2m:[0m resume_playback not supported with shared decode context
[2m2025-10-23T08:08:05.286162Z[0m [34mDEBUG[0m [2mwayvid::video::mpv[0m[2m:[0m 🎬 Rendering frame: 2560x1440 to FBO 0
[2m2025-10-23T08:08:05.319208Z[0m [34mDEBUG[0m [2mwayvid::video::mpv[0m[2m:[0m   ✓ Frame rendered successfully
[2m2025-10-23T08:08:05.319482Z[0m [33m WARN[0m [2mwayvid::backend::wayland::surface[0m[2m:[0m resume_playback not supported with shared decode context
[2m2025-10-23T08:08:05.319493Z[0m [33m WARN[0m [2mwayvid::backend::wayland::surface[0m[2m:[0m resume_playback not supported with shared decode context
[2m2025-10-23T08:08:05.319525Z[0m [34mDEBUG[0m [2mwayvid::video::mpv[0m[2m:[0m 🎬 Rendering frame: 2160x1215 to FBO 0
[2m2025-10-23T08:08:05.352539Z[0m [34mDEBUG[0m [2mwayvid::video::mpv[0m[2m:[0m   ✓ Frame rendered successfully
[2m2025-10-23T08:08:05.352838Z[0m [33m WARN[0m [2mwayvid::backend::wayland::surface[0m[2m:[0m resume_playback not supported with shared decode context
[2m2025-10-23T08:08:05.352856Z[0m [33m WARN[0m [2mwayvid::backend::wayland::surface[0m[2m:[0m resume_playback not supported with shared decode context
[2m2025-10-23T08:08:05.352886Z[0m [34mDEBUG[0m [2mwayvid::video::mpv[0m[2m:[0m 🎬 Rendering frame: 2560x1440 to FBO 0
[2m2025-10-23T08:08:05.386516Z[0m [34mDEBUG[0m [2mwayvid::video::mpv[0m[2m:[0m   ✓ Frame rendered successfully
[2m2025-10-23T08:08:05.386841Z[0m [33m WARN[0m [2mwayvid::backend::wayland::surface[0m[2m:[0m resume_playback not supported with shared decode context
[2m2025-10-23T08:08:05.386858Z[0m [33m WARN[0m [2mwayvid::backend::wayland::surface[0m[2m:[0m resume_playback not supported with shared decode context
[2m2025-10-23T08:08:05.386891Z[0m [34mDEBUG[0m [2mwayvid::video::mpv[0m[2m:[0m 🎬 Rendering frame: 2160x1215 to FBO 0
[2m2025-10-23T08:08:05.419180Z[0m [34mDEBUG[0m [2mwayvid::video::mpv[0m[2m:[0m   ✓ Frame rendered successfully
[2m2025-10-23T08:08:05.419571Z[0m [33m WARN[0m [2mwayvid::backend::wayland::surface[0m[2m:[0m resume_playback not supported with shared decode context
[2m2025-10-23T08:08:05.419588Z[0m [33m WARN[0m [2mwayvid::backend::wayland::surface[0m[2m:[0m resume_playback not supported with shared decode context
[2m2025-10-23T08:08:05.419615Z[0m [34mDEBUG[0m [2mwayvid::video::mpv[0m[2m:[0m 🎬 Rendering frame: 2560x1440 to FBO 0
[2m2025-10-23T08:08:05.452521Z[0m [34mDEBUG[0m [2mwayvid::video::mpv[0m[2m:[0m   ✓ Frame rendered successfully
[2m2025-10-23T08:08:05.452810Z[0m [33m WARN[0m [2mwayvid::backend::wayland::surface[0m[2m:[0m resume_playback not supported with shared decode context
[2m2025-10-23T08:08:05.452841Z[0m [33m WARN[0m [2mwayvid::backend::wayland::surface[0m[2m:[0m resume_playback not supported with shared decode context
[2m2025-10-23T08:08:05.452873Z[0m [34mDEBUG[0m [2mwayvid::video::mpv[0m[2m:[0m 🎬 Rendering frame: 2160x1215 to FBO 0
[2m2025-10-23T08:08:05.485850Z[0m [34mDEBUG[0m [2mwayvid::video::mpv[0m[2m:[0m   ✓ Frame rendered successfully
[2m2025-10-23T08:08:05.486108Z[0m [33m WARN[0m [2mwayvid::backend::wayland::surface[0m[2m:[0m resume_playback not supported with shared decode context
[2m2025-10-23T08:08:05.486119Z[0m [33m WARN[0m [2mwayvid::backend::wayland::surface[0m[2m:[0m resume_playback not supported with shared decode context
[2m2025-10-23T08:08:05.486153Z[0m [34mDEBUG[0m [2mwayvid::video::mpv[0m[2m:[0m 🎬 Rendering frame: 2560x1440 to FBO 0
[2m2025-10-23T08:08:05.519605Z[0m [34mDEBUG[0m [2mwayvid::video::mpv[0m[2m:[0m   ✓ Frame rendered successfully
[2m2025-10-23T08:08:05.519901Z[0m [33m WARN[0m [2mwayvid::backend::wayland::surface[0m[2m:[0m resume_playback not supported with shared decode context
[2m2025-10-23T08:08:05.519911Z[0m [33m WARN[0m [2mwayvid::backend::wayland::surface[0m[2m:[0m resume_playback not supported with shared decode context
[2m2025-10-23T08:08:05.519949Z[0m [34mDEBUG[0m [2mwayvid::video::mpv[0m[2m:[0m 🎬 Rendering frame: 2160x1215 to FBO 0
[2m2025-10-23T08:08:05.552513Z[0m [34mDEBUG[0m [2mwayvid::video::mpv[0m[2m:[0m   ✓ Frame rendered successfully
[2m2025-10-23T08:08:05.552789Z[0m [33m WARN[0m [2mwayvid::backend::wayland::surface[0m[2m:[0m resume_playback not supported with shared decode context
[2m2025-10-23T08:08:05.552802Z[0m [33m WARN[0m [2mwayvid::backend::wayland::surface[0m[2m:[0m resume_playback not supported with shared decode context
[2m2025-10-23T08:08:05.552838Z[0m [34mDEBUG[0m [2mwayvid::video::mpv[0m[2m:[0m 🎬 Rendering frame: 2560x1440 to FBO 0
[2m2025-10-23T08:08:05.585861Z[0m [34mDEBUG[0m [2mwayvid::video::mpv[0m[2m:[0m   ✓ Frame rendered successfully
[2m2025-10-23T08:08:05.586225Z[0m [33m WARN[0m [2mwayvid::backend::wayland::surface[0m[2m:[0m resume_playback not supported with shared decode context
[2m2025-10-23T08:08:05.586249Z[0m [33m WARN[0m [2mwayvid::backend::wayland::surface[0m[2m:[0m resume_playback not supported with shared decode context
[2m2025-10-23T08:08:05.586294Z[0m [34mDEBUG[0m [2mwayvid::video::mpv[0m[2m:[0m 🎬 Rendering frame: 2160x1215 to FBO 0
[2m2025-10-23T08:08:05.619182Z[0m [34mDEBUG[0m [2mwayvid::video::mpv[0m[2m:[0m   ✓ Frame rendered successfully
[2m2025-10-23T08:08:05.619664Z[0m [33m WARN[0m [2mwayvid::backend::wayland::surface[0m[2m:[0m resume_playback not supported with shared decode context
[2m2025-10-23T08:08:05.619686Z[0m [33m WARN[0m [2mwayvid::backend::wayland::surface[0m[2m:[0m resume_playback not supported with shared decode context
[2m2025-10-23T08:08:05.619744Z[0m [34mDEBUG[0m [2mwayvid::video::mpv[0m[2m:[0m 🎬 Rendering frame: 2560x1440 to FBO 0
[2m2025-10-23T08:08:05.652525Z[0m [34mDEBUG[0m [2mwayvid::video::mpv[0m[2m:[0m   ✓ Frame rendered successfully
[2m2025-10-23T08:08:05.652789Z[0m [33m WARN[0m [2mwayvid::backend::wayland::surface[0m[2m:[0m resume_playback not supported with shared decode context
[2m2025-10-23T08:08:05.652802Z[0m [33m WARN[0m [2mwayvid::backend::wayland::surface[0m[2m:[0m resume_playback not supported with shared decode context
[2m2025-10-23T08:08:05.652839Z[0m [34mDEBUG[0m [2mwayvid::video::mpv[0m[2m:[0m 🎬 Rendering frame: 2160x1215 to FBO 0
[2m2025-10-23T08:08:05.685847Z[0m [34mDEBUG[0m [2mwayvid::video::mpv[0m[2m:[0m   ✓ Frame rendered successfully
[2m2025-10-23T08:08:05.686129Z[0m [33m WARN[0m [2mwayvid::backend::wayland::surface[0m[2m:[0m resume_playback not supported with shared decode context
[2m2025-10-23T08:08:05.686158Z[0m [33m WARN[0m [2mwayvid::backend::wayland::surface[0m[2m:[0m resume_playback not supported with shared decode context
[2m2025-10-23T08:08:05.686928Z[0m [33m WARN[0m [2mwayvid::backend::wayland::surface[0m[2m:[0m resume_playback not supported with shared decode context
[2m2025-10-23T08:08:05.686941Z[0m [33m WARN[0m [2mwayvid::backend::wayland::surface[0m[2m:[0m resume_playback not supported with shared decode context
[2m2025-10-23T08:08:05.686982Z[0m [34mDEBUG[0m [2mwayvid::video::mpv[0m[2m:[0m 🎬 Rendering frame: 2560x1440 to FBO 0
[2m2025-10-23T08:08:05.719183Z[0m [34mDEBUG[0m [2mwayvid::video::mpv[0m[2m:[0m   ✓ Frame rendered successfully
[2m2025-10-23T08:08:05.719443Z[0m [33m WARN[0m [2mwayvid::backend::wayland::surface[0m[2m:[0m resume_playback not supported with shared decode context
[2m2025-10-23T08:08:05.719455Z[0m [33m WARN[0m [2mwayvid::backend::wayland::surface[0m[2m:[0m resume_playback not supported with shared decode context
[2m2025-10-23T08:08:05.719585Z[0m [34mDEBUG[0m [2mwayvid::video::mpv[0m[2m:[0m 🎬 Rendering frame: 2160x1215 to FBO 0
[2m2025-10-23T08:08:05.752785Z[0m [34mDEBUG[0m [2mwayvid::video::mpv[0m[2m:[0m   ✓ Frame rendered successfully
[2m2025-10-23T08:08:05.753085Z[0m [33m WARN[0m [2mwayvid::backend::wayland::surface[0m[2m:[0m resume_playback not supported with shared decode context
[2m2025-10-23T08:08:05.753099Z[0m [33m WARN[0m [2mwayvid::backend::wayland::surface[0m[2m:[0m resume_playback not supported with shared decode context
[2m2025-10-23T08:08:05.753140Z[0m [34mDEBUG[0m [2mwayvid::video::mpv[0m[2m:[0m 🎬 Rendering frame: 2560x1440 to FBO 0
[2m2025-10-23T08:08:05.785869Z[0m [34mDEBUG[0m [2mwayvid::video::mpv[0m[2m:[0m   ✓ Frame rendered successfully
[2m2025-10-23T08:08:05.786164Z[0m [33m WARN[0m [2mwayvid::backend::wayland::surface[0m[2m:[0m resume_playback not supported with shared decode context
[2m2025-10-23T08:08:05.786179Z[0m [33m WARN[0m [2mwayvid::backend::wayland::surface[0m[2m:[0m resume_playback not supported with shared decode context
[2m2025-10-23T08:08:05.786213Z[0m [34mDEBUG[0m [2mwayvid::video::mpv[0m[2m:[0m 🎬 Rendering frame: 2160x1215 to FBO 0
[2m2025-10-23T08:08:05.819210Z[0m [34mDEBUG[0m [2mwayvid::video::mpv[0m[2m:[0m   ✓ Frame rendered successfully
[2m2025-10-23T08:08:05.819484Z[0m [33m WARN[0m [2mwayvid::backend::wayland::surface[0m[2m:[0m resume_playback not supported with shared decode context
[2m2025-10-23T08:08:05.819495Z[0m [33m WARN[0m [2mwayvid::backend::wayland::surface[0m[2m:[0m resume_playback not supported with shared decode context
[2m2025-10-23T08:08:05.819531Z[0m [34mDEBUG[0m [2mwayvid::video::mpv[0m[2m:[0m 🎬 Rendering frame: 2560x1440 to FBO 0
[2m2025-10-23T08:08:05.852542Z[0m [34mDEBUG[0m [2mwayvid::video::mpv[0m[2m:[0m   ✓ Frame rendered successfully
[2m2025-10-23T08:08:05.852856Z[0m [33m WARN[0m [2mwayvid::backend::wayland::surface[0m[2m:[0m resume_playback not supported with shared decode context
[2m2025-10-23T08:08:05.852869Z[0m [33m WARN[0m [2mwayvid::backend::wayland::surface[0m[2m:[0m resume_playback not supported with shared decode context
[2m2025-10-23T08:08:05.852917Z[0m [34mDEBUG[0m [2mwayvid::video::mpv[0m[2m:[0m 🎬 Rendering frame: 2160x1215 to FBO 0
[2m2025-10-23T08:08:05.885901Z[0m [34mDEBUG[0m [2mwayvid::video::mpv[0m[2m:[0m   ✓ Frame rendered successfully
[2m2025-10-23T08:08:05.886354Z[0m [33m WARN[0m [2mwayvid::backend::wayland::surface[0m[2m:[0m resume_playback not supported with shared decode context
[2m2025-10-23T08:08:05.886371Z[0m [33m WARN[0m [2mwayvid::backend::wayland::surface[0m[2m:[0m resume_playback not supported with shared decode context
[2m2025-10-23T08:08:05.886414Z[0m [34mDEBUG[0m [2mwayvid::video::mpv[0m[2m:[0m 🎬 Rendering frame: 2560x1440 to FBO 0
[2m2025-10-23T08:08:05.919185Z[0m [34mDEBUG[0m [2mwayvid::video::mpv[0m[2m:[0m   ✓ Frame rendered successfully
[2m2025-10-23T08:08:05.919494Z[0m [33m WARN[0m [2mwayvid::backend::wayland::surface[0m[2m:[0m resume_playback not supported with shared decode context
[2m2025-10-23T08:08:05.919509Z[0m [33m WARN[0m [2mwayvid::backend::wayland::surface[0m[2m:[0m resume_playback not supported with shared decode context
[2m2025-10-23T08:08:05.919540Z[0m [34mDEBUG[0m [2mwayvid::video::mpv[0m[2m:[0m 🎬 Rendering frame: 2160x1215 to FBO 0
[2m2025-10-23T08:08:05.952519Z[0m [34mDEBUG[0m [2mwayvid::video::mpv[0m[2m:[0m   ✓ Frame rendered successfully
[2m2025-10-23T08:08:05.952804Z[0m [33m WARN[0m [2mwayvid::backend::wayland::surface[0m[2m:[0m resume_playback not supported with shared decode context
[2m2025-10-23T08:08:05.952820Z[0m [33m WARN[0m [2mwayvid::backend::wayland::surface[0m[2m:[0m resume_playback not supported with shared decode context
[2m2025-10-23T08:08:05.952853Z[0m [34mDEBUG[0m [2mwayvid::video::mpv[0m[2m:[0m 🎬 Rendering frame: 2560x1440 to FBO 0
[2m2025-10-23T08:08:05.985900Z[0m [34mDEBUG[0m [2mwayvid::video::mpv[0m[2m:[0m   ✓ Frame rendered successfully
[2m2025-10-23T08:08:05.986583Z[0m [33m WARN[0m [2mwayvid::backend::wayland::surface[0m[2m:[0m resume_playback not supported with shared decode context
[2m2025-10-23T08:08:05.986600Z[0m [33m WARN[0m [2mwayvid::backend::wayland::surface[0m[2m:[0m resume_playback not supported with shared decode context
[2m2025-10-23T08:08:05.986641Z[0m [34mDEBUG[0m [2mwayvid::video::mpv[0m[2m:[0m 🎬 Rendering frame: 2160x1215 to FBO 0
[2m2025-10-23T08:08:06.019183Z[0m [34mDEBUG[0m [2mwayvid::video::mpv[0m[2m:[0m   ✓ Frame rendered successfully
[2m2025-10-23T08:08:06.019480Z[0m [33m WARN[0m [2mwayvid::backend::wayland::surface[0m[2m:[0m resume_playback not supported with shared decode context
[2m2025-10-23T08:08:06.019497Z[0m [33m WARN[0m [2mwayvid::backend::wayland::surface[0m[2m:[0m resume_playback not supported with shared decode context
[2m2025-10-23T08:08:06.019529Z[0m [34mDEBUG[0m [2mwayvid::video::mpv[0m[2m:[0m 🎬 Rendering frame: 2560x1440 to FBO 0
[2m2025-10-23T08:08:06.052515Z[0m [34mDEBUG[0m [2mwayvid::video::mpv[0m[2m:[0m   ✓ Frame rendered successfully
[2m2025-10-23T08:08:06.053061Z[0m [33m WARN[0m [2mwayvid::backend::wayland::surface[0m[2m:[0m resume_playback not supported with shared decode context
[2m2025-10-23T08:08:06.053077Z[0m [33m WARN[0m [2mwayvid::backend::wayland::surface[0m[2m:[0m resume_playback not supported with shared decode context
[2m2025-10-23T08:08:06.053114Z[0m [34mDEBUG[0m [2mwayvid::video::mpv[0m[2m:[0m 🎬 Rendering frame: 2160x1215 to FBO 0
[2m2025-10-23T08:08:06.086026Z[0m [34mDEBUG[0m [2mwayvid::video::mpv[0m[2m:[0m   ✓ Frame rendered successfully
[2m2025-10-23T08:08:06.086266Z[0m [33m WARN[0m [2mwayvid::backend::wayland::surface[0m[2m:[0m resume_playback not supported with shared decode context
[2m2025-10-23T08:08:06.086284Z[0m [33m WARN[0m [2mwayvid::backend::wayland::surface[0m[2m:[0m resume_playback not supported with shared decode context
[2m2025-10-23T08:08:06.086313Z[0m [34mDEBUG[0m [2mwayvid::video::mpv[0m[2m:[0m 🎬 Rendering frame: 2560x1440 to FBO 0
[2m2025-10-23T08:08:06.119179Z[0m [34mDEBUG[0m [2mwayvid::video::mpv[0m[2m:[0m   ✓ Frame rendered successfully
[2m2025-10-23T08:08:06.119432Z[0m [33m WARN[0m [2mwayvid::backend::wayland::surface[0m[2m:[0m resume_playback not supported with shared decode context
[2m2025-10-23T08:08:06.119444Z[0m [33m WARN[0m [2mwayvid::backend::wayland::surface[0m[2m:[0m resume_playback not supported with shared decode context
[2m2025-10-23T08:08:06.119480Z[0m [34mDEBUG[0m [2mwayvid::video::mpv[0m[2m:[0m 🎬 Rendering frame: 2160x1215 to FBO 0
[2m2025-10-23T08:08:06.152512Z[0m [34mDEBUG[0m [2mwayvid::video::mpv[0m[2m:[0m   ✓ Frame rendered successfully
[2m2025-10-23T08:08:06.152736Z[0m [33m WARN[0m [2mwayvid::backend::wayland::surface[0m[2m:[0m resume_playback not supported with shared decode context
[2m2025-10-23T08:08:06.152754Z[0m [33m WARN[0m [2mwayvid::backend::wayland::surface[0m[2m:[0m resume_playback not supported with shared decode context
[2m2025-10-23T08:08:06.152778Z[0m [34mDEBUG[0m [2mwayvid::video::mpv[0m[2m:[0m 🎬 Rendering frame: 2560x1440 to FBO 0
[2m2025-10-23T08:08:06.153471Z[0m [34mDEBUG[0m [2mwayvid::video::mpv[0m[2m:[0m   ✓ Frame rendered successfully
[2m2025-10-23T08:08:06.156805Z[0m [33m WARN[0m [2mwayvid::backend::wayland::surface[0m[2m:[0m resume_playback not supported with shared decode context
[2m2025-10-23T08:08:06.156824Z[0m [33m WARN[0m [2mwayvid::backend::wayland::surface[0m[2m:[0m resume_playback not supported with shared decode context
[2m2025-10-23T08:08:06.157055Z[0m [34mDEBUG[0m [2mwayvid::video::mpv[0m[2m:[0m 🎬 Rendering frame: 2160x1215 to FBO 0
[2m2025-10-23T08:08:06.185834Z[0m [34mDEBUG[0m [2mwayvid::video::mpv[0m[2m:[0m   ✓ Frame rendered successfully
[2m2025-10-23T08:08:06.186134Z[0m [33m WARN[0m [2mwayvid::backend::wayland::surface[0m[2m:[0m resume_playback not supported with shared decode context
[2m2025-10-23T08:08:06.186149Z[0m [33m WARN[0m [2mwayvid::backend::wayland::surface[0m[2m:[0m resume_playback not supported with shared decode context
[2m2025-10-23T08:08:06.187319Z[0m [33m WARN[0m [2mwayvid::backend::wayland::surface[0m[2m:[0m resume_playback not supported with shared decode context
[2m2025-10-23T08:08:06.187333Z[0m [33m WARN[0m [2mwayvid::backend::wayland::surface[0m[2m:[0m resume_playback not supported with shared decode context
[2m2025-10-23T08:08:06.187370Z[0m [34mDEBUG[0m [2mwayvid::video::mpv[0m[2m:[0m 🎬 Rendering frame: 2560x1440 to FBO 0
[2m2025-10-23T08:08:06.219196Z[0m [34mDEBUG[0m [2mwayvid::video::mpv[0m[2m:[0m   ✓ Frame rendered successfully
[2m2025-10-23T08:08:06.219460Z[0m [33m WARN[0m [2mwayvid::backend::wayland::surface[0m[2m:[0m resume_playback not supported with shared decode context
[2m2025-10-23T08:08:06.219476Z[0m [33m WARN[0m [2mwayvid::backend::wayland::surface[0m[2m:[0m resume_playback not supported with shared decode context
[2m2025-10-23T08:08:06.219512Z[0m [34mDEBUG[0m [2mwayvid::video::mpv[0m[2m:[0m 🎬 Rendering frame: 2160x1215 to FBO 0
[2m2025-10-23T08:08:06.252527Z[0m [34mDEBUG[0m [2mwayvid::video::mpv[0m[2m:[0m   ✓ Frame rendered successfully
[2m2025-10-23T08:08:06.252968Z[0m [33m WARN[0m [2mwayvid::backend::wayland::surface[0m[2m:[0m resume_playback not supported with shared decode context
[2m2025-10-23T08:08:06.252983Z[0m [33m WARN[0m [2mwayvid::backend::wayland::surface[0m[2m:[0m resume_playback not supported with shared decode context
[2m2025-10-23T08:08:06.253024Z[0m [34mDEBUG[0m [2mwayvid::video::mpv[0m[2m:[0m 🎬 Rendering frame: 2560x1440 to FBO 0
[2m2025-10-23T08:08:06.285920Z[0m [34mDEBUG[0m [2mwayvid::video::mpv[0m[2m:[0m   ✓ Frame rendered successfully
[2m2025-10-23T08:08:06.286603Z[0m [33m WARN[0m [2mwayvid::backend::wayland::surface[0m[2m:[0m resume_playback not supported with shared decode context
[2m2025-10-23T08:08:06.286627Z[0m [33m WARN[0m [2mwayvid::backend::wayland::surface[0m[2m:[0m resume_playback not supported with shared decode context
[2m2025-10-23T08:08:06.286668Z[0m [34mDEBUG[0m [2mwayvid::video::mpv[0m[2m:[0m 🎬 Rendering frame: 2160x1215 to FBO 0
[2m2025-10-23T08:08:06.319173Z[0m [34mDEBUG[0m [2mwayvid::video::mpv[0m[2m:[0m   ✓ Frame rendered successfully
[2m2025-10-23T08:08:06.319455Z[0m [33m WARN[0m [2mwayvid::backend::wayland::surface[0m[2m:[0m resume_playback not supported with shared decode context
[2m2025-10-23T08:08:06.319471Z[0m [33m WARN[0m [2mwayvid::backend::wayland::surface[0m[2m:[0m resume_playback not supported with shared decode context
[2m2025-10-23T08:08:06.319508Z[0m [34mDEBUG[0m [2mwayvid::video::mpv[0m[2m:[0m 🎬 Rendering frame: 2560x1440 to FBO 0
[2m2025-10-23T08:08:06.352841Z[0m [34mDEBUG[0m [2mwayvid::video::mpv[0m[2m:[0m   ✓ Frame rendered successfully
[2m2025-10-23T08:08:06.353151Z[0m [33m WARN[0m [2mwayvid::backend::wayland::surface[0m[2m:[0m resume_playback not supported with shared decode context
[2m2025-10-23T08:08:06.353163Z[0m [33m WARN[0m [2mwayvid::backend::wayland::surface[0m[2m:[0m resume_playback not supported with shared decode context
[2m2025-10-23T08:08:06.353192Z[0m [34mDEBUG[0m [2mwayvid::video::mpv[0m[2m:[0m 🎬 Rendering frame: 2160x1215 to FBO 0
[2m2025-10-23T08:08:06.385846Z[0m [34mDEBUG[0m [2mwayvid::video::mpv[0m[2m:[0m   ✓ Frame rendered successfully
[2m2025-10-23T08:08:06.386147Z[0m [33m WARN[0m [2mwayvid::backend::wayland::surface[0m[2m:[0m resume_playback not supported with shared decode context
[2m2025-10-23T08:08:06.386163Z[0m [33m WARN[0m [2mwayvid::backend::wayland::surface[0m[2m:[0m resume_playback not supported with shared decode context
[2m2025-10-23T08:08:06.386203Z[0m [34mDEBUG[0m [2mwayvid::video::mpv[0m[2m:[0m 🎬 Rendering frame: 2560x1440 to FBO 0
[2m2025-10-23T08:08:06.419176Z[0m [34mDEBUG[0m [2mwayvid::video::mpv[0m[2m:[0m   ✓ Frame rendered successfully
[2m2025-10-23T08:08:06.419496Z[0m [33m WARN[0m [2mwayvid::backend::wayland::surface[0m[2m:[0m resume_playback not supported with shared decode context
[2m2025-10-23T08:08:06.419515Z[0m [33m WARN[0m [2mwayvid::backend::wayland::surface[0m[2m:[0m resume_playback not supported with shared decode context
[2m2025-10-23T08:08:06.419554Z[0m [34mDEBUG[0m [2mwayvid::video::mpv[0m[2m:[0m 🎬 Rendering frame: 2160x1215 to FBO 0
[2m2025-10-23T08:08:06.452557Z[0m [34mDEBUG[0m [2mwayvid::video::mpv[0m[2m:[0m   ✓ Frame rendered successfully
[2m2025-10-23T08:08:06.453028Z[0m [33m WARN[0m [2mwayvid::backend::wayland::surface[0m[2m:[0m resume_playback not supported with shared decode context
[2m2025-10-23T08:08:06.453049Z[0m [33m WARN[0m [2mwayvid::backend::wayland::surface[0m[2m:[0m resume_playback not supported with shared decode context
[2m2025-10-23T08:08:06.453079Z[0m [34mDEBUG[0m [2mwayvid::video::mpv[0m[2m:[0m 🎬 Rendering frame: 2560x1440 to FBO 0
[2m2025-10-23T08:08:06.485865Z[0m [34mDEBUG[0m [2mwayvid::video::mpv[0m[2m:[0m   ✓ Frame rendered successfully
[2m2025-10-23T08:08:06.486188Z[0m [33m WARN[0m [2mwayvid::backend::wayland::surface[0m[2m:[0m resume_playback not supported with shared decode context
[2m2025-10-23T08:08:06.486204Z[0m [33m WARN[0m [2mwayvid::backend::wayland::surface[0m[2m:[0m resume_playback not supported with shared decode context
[2m2025-10-23T08:08:06.486236Z[0m [34mDEBUG[0m [2mwayvid::video::mpv[0m[2m:[0m 🎬 Rendering frame: 2160x1215 to FBO 0
[2m2025-10-23T08:08:06.519574Z[0m [34mDEBUG[0m [2mwayvid::video::mpv[0m[2m:[0m   ✓ Frame rendered successfully
[2m2025-10-23T08:08:06.519887Z[0m [33m WARN[0m [2mwayvid::backend::wayland::surface[0m[2m:[0m resume_playback not supported with shared decode context
[2m2025-10-23T08:08:06.519901Z[0m [33m WARN[0m [2mwayvid::backend::wayland::surface[0m[2m:[0m resume_playback not supported with shared decode context
[2m2025-10-23T08:08:06.519936Z[0m [34mDEBUG[0m [2mwayvid::video::mpv[0m[2m:[0m 🎬 Rendering frame: 2560x1440 to FBO 0
[2m2025-10-23T08:08:06.552504Z[0m [34mDEBUG[0m [2mwayvid::video::mpv[0m[2m:[0m   ✓ Frame rendered successfully
[2m2025-10-23T08:08:06.552768Z[0m [33m WARN[0m [2mwayvid::backend::wayland::surface[0m[2m:[0m resume_playback not supported with shared decode context
[2m2025-10-23T08:08:06.552792Z[0m [33m WARN[0m [2mwayvid::backend::wayland::surface[0m[2m:[0m resume_playback not supported with shared decode context
[2m2025-10-23T08:08:06.552823Z[0m [34mDEBUG[0m [2mwayvid::video::mpv[0m[2m:[0m 🎬 Rendering frame: 2160x1215 to FBO 0
[2m2025-10-23T08:08:06.585833Z[0m [34mDEBUG[0m [2mwayvid::video::mpv[0m[2m:[0m   ✓ Frame rendered successfully
[2m2025-10-23T08:08:06.586585Z[0m [33m WARN[0m [2mwayvid::backend::wayland::surface[0m[2m:[0m resume_playback not supported with shared decode context
[2m2025-10-23T08:08:06.586621Z[0m [33m WARN[0m [2mwayvid::backend::wayland::surface[0m[2m:[0m resume_playback not supported with shared decode context
[2m2025-10-23T08:08:06.586656Z[0m [34mDEBUG[0m [2mwayvid::video::mpv[0m[2m:[0m 🎬 Rendering frame: 2560x1440 to FBO 0
[2m2025-10-23T08:08:06.619166Z[0m [34mDEBUG[0m [2mwayvid::video::mpv[0m[2m:[0m   ✓ Frame rendered successfully
[2m2025-10-23T08:08:06.619457Z[0m [33m WARN[0m [2mwayvid::backend::wayland::surface[0m[2m:[0m resume_playback not supported with shared decode context
[2m2025-10-23T08:08:06.619475Z[0m [33m WARN[0m [2mwayvid::backend::wayland::surface[0m[2m:[0m resume_playback not supported with shared decode context
[2m2025-10-23T08:08:06.619511Z[0m [34mDEBUG[0m [2mwayvid::video::mpv[0m[2m:[0m 🎬 Rendering frame: 2160x1215 to FBO 0
[2m2025-10-23T08:08:06.652500Z[0m [34mDEBUG[0m [2mwayvid::video::mpv[0m[2m:[0m   ✓ Frame rendered successfully
[2m2025-10-23T08:08:06.653003Z[0m [33m WARN[0m [2mwayvid::backend::wayland::surface[0m[2m:[0m resume_playback not supported with shared decode context
[2m2025-10-23T08:08:06.653018Z[0m [33m WARN[0m [2mwayvid::backend::wayland::surface[0m[2m:[0m resume_playback not supported with shared decode context
[2m2025-10-23T08:08:06.653057Z[0m [34mDEBUG[0m [2mwayvid::video::mpv[0m[2m:[0m 🎬 Rendering frame: 2560x1440 to FBO 0
[2m2025-10-23T08:08:06.685835Z[0m [34mDEBUG[0m [2mwayvid::video::mpv[0m[2m:[0m   ✓ Frame rendered successfully
[2m2025-10-23T08:08:06.686186Z[0m [33m WARN[0m [2mwayvid::backend::wayland::surface[0m[2m:[0m resume_playback not supported with shared decode context
[2m2025-10-23T08:08:06.686202Z[0m [33m WARN[0m [2mwayvid::backend::wayland::surface[0m[2m:[0m resume_playback not supported with shared decode context
[2m2025-10-23T08:08:06.686266Z[0m [34mDEBUG[0m [2mwayvid::video::mpv[0m[2m:[0m 🎬 Rendering frame: 2160x1215 to FBO 0
[2m2025-10-23T08:08:06.719278Z[0m [34mDEBUG[0m [2mwayvid::video::mpv[0m[2m:[0m   ✓ Frame rendered successfully
[2m2025-10-23T08:08:06.719532Z[0m [33m WARN[0m [2mwayvid::backend::wayland::surface[0m[2m:[0m resume_playback not supported with shared decode context
[2m2025-10-23T08:08:06.719547Z[0m [33m WARN[0m [2mwayvid::backend::wayland::surface[0m[2m:[0m resume_playback not supported with shared decode context
[2m2025-10-23T08:08:06.719575Z[0m [34mDEBUG[0m [2mwayvid::video::mpv[0m[2m:[0m 🎬 Rendering frame: 2560x1440 to FBO 0
[2m2025-10-23T08:08:06.752498Z[0m [34mDEBUG[0m [2mwayvid::video::mpv[0m[2m:[0m   ✓ Frame rendered successfully
[2m2025-10-23T08:08:06.752966Z[0m [33m WARN[0m [2mwayvid::backend::wayland::surface[0m[2m:[0m resume_playback not supported with shared decode context
[2m2025-10-23T08:08:06.752984Z[0m [33m WARN[0m [2mwayvid::backend::wayland::surface[0m[2m:[0m resume_playback not supported with shared decode context
[2m2025-10-23T08:08:06.753030Z[0m [34mDEBUG[0m [2mwayvid::video::mpv[0m[2m:[0m 🎬 Rendering frame: 2160x1215 to FBO 0
[2m2025-10-23T08:08:06.785850Z[0m [34mDEBUG[0m [2mwayvid::video::mpv[0m[2m:[0m   ✓ Frame rendered successfully
[2m2025-10-23T08:08:06.786141Z[0m [33m WARN[0m [2mwayvid::backend::wayland::surface[0m[2m:[0m resume_playback not supported with shared decode context
[2m2025-10-23T08:08:06.786165Z[0m [33m WARN[0m [2mwayvid::backend::wayland::surface[0m[2m:[0m resume_playback not supported with shared decode context
[2m2025-10-23T08:08:06.786201Z[0m [34mDEBUG[0m [2mwayvid::video::mpv[0m[2m:[0m 🎬 Rendering frame: 2560x1440 to FBO 0
[2m2025-10-23T08:08:06.819187Z[0m [34mDEBUG[0m [2mwayvid::video::mpv[0m[2m:[0m   ✓ Frame rendered successfully
[2m2025-10-23T08:08:06.819483Z[0m [33m WARN[0m [2mwayvid::backend::wayland::surface[0m[2m:[0m resume_playback not supported with shared decode context
[2m2025-10-23T08:08:06.819510Z[0m [33m WARN[0m [2mwayvid::backend::wayland::surface[0m[2m:[0m resume_playback not supported with shared decode context
[2m2025-10-23T08:08:06.819549Z[0m [34mDEBUG[0m [2mwayvid::video::mpv[0m[2m:[0m 🎬 Rendering frame: 2160x1215 to FBO 0
[2m2025-10-23T08:08:06.852517Z[0m [34mDEBUG[0m [2mwayvid::video::mpv[0m[2m:[0m   ✓ Frame rendered successfully
[2m2025-10-23T08:08:06.852755Z[0m [33m WARN[0m [2mwayvid::backend::wayland::surface[0m[2m:[0m resume_playback not supported with shared decode context
[2m2025-10-23T08:08:06.852773Z[0m [33m WARN[0m [2mwayvid::backend::wayland::surface[0m[2m:[0m resume_playback not supported with shared decode context
[2m2025-10-23T08:08:06.852807Z[0m [34mDEBUG[0m [2mwayvid::video::mpv[0m[2m:[0m 🎬 Rendering frame: 2560x1440 to FBO 0
[2m2025-10-23T08:08:06.885837Z[0m [34mDEBUG[0m [2mwayvid::video::mpv[0m[2m:[0m   ✓ Frame rendered successfully
[2m2025-10-23T08:08:06.886169Z[0m [33m WARN[0m [2mwayvid::backend::wayland::surface[0m[2m:[0m resume_playback not supported with shared decode context
[2m2025-10-23T08:08:06.886187Z[0m [33m WARN[0m [2mwayvid::backend::wayland::surface[0m[2m:[0m resume_playback not supported with shared decode context
[2m2025-10-23T08:08:06.886227Z[0m [34mDEBUG[0m [2mwayvid::video::mpv[0m[2m:[0m 🎬 Rendering frame: 2160x1215 to FBO 0
[2m2025-10-23T08:08:06.919147Z[0m [34mDEBUG[0m [2mwayvid::video::mpv[0m[2m:[0m   ✓ Frame rendered successfully
[2m2025-10-23T08:08:06.919460Z[0m [33m WARN[0m [2mwayvid::backend::wayland::surface[0m[2m:[0m resume_playback not supported with shared decode context
[2m2025-10-23T08:08:06.919471Z[0m [33m WARN[0m [2mwayvid::backend::wayland::surface[0m[2m:[0m resume_playback not supported with shared decode context
[2m2025-10-23T08:08:06.919502Z[0m [34mDEBUG[0m [2mwayvid::video::mpv[0m[2m:[0m 🎬 Rendering frame: 2560x1440 to FBO 0
[2m2025-10-23T08:08:06.952496Z[0m [34mDEBUG[0m [2mwayvid::video::mpv[0m[2m:[0m   ✓ Frame rendered successfully
[2m2025-10-23T08:08:06.952775Z[0m [33m WARN[0m [2mwayvid::backend::wayland::surface[0m[2m:[0m resume_playback not supported with shared decode context
[2m2025-10-23T08:08:06.952789Z[0m [33m WARN[0m [2mwayvid::backend::wayland::surface[0m[2m:[0m resume_playback not supported with shared decode context
[2m2025-10-23T08:08:06.952819Z[0m [34mDEBUG[0m [2mwayvid::video::mpv[0m[2m:[0m 🎬 Rendering frame: 2160x1215 to FBO 0
[2m2025-10-23T08:08:06.985810Z[0m [34mDEBUG[0m [2mwayvid::video::mpv[0m[2m:[0m   ✓ Frame rendered successfully
[2m2025-10-23T08:08:06.986088Z[0m [33m WARN[0m [2mwayvid::backend::wayland::surface[0m[2m:[0m resume_playback not supported with shared decode context
[2m2025-10-23T08:08:06.986099Z[0m [33m WARN[0m [2mwayvid::backend::wayland::surface[0m[2m:[0m resume_playback not supported with shared decode context
[2m2025-10-23T08:08:06.986129Z[0m [34mDEBUG[0m [2mwayvid::video::mpv[0m[2m:[0m 🎬 Rendering frame: 2560x1440 to FBO 0
[2m2025-10-23T08:08:07.019145Z[0m [34mDEBUG[0m [2mwayvid::video::mpv[0m[2m:[0m   ✓ Frame rendered successfully
[2m2025-10-23T08:08:07.019455Z[0m [33m WARN[0m [2mwayvid::backend::wayland::surface[0m[2m:[0m resume_playback not supported with shared decode context
[2m2025-10-23T08:08:07.019467Z[0m [33m WARN[0m [2mwayvid::backend::wayland::surface[0m[2m:[0m resume_playback not supported with shared decode context
[2m2025-10-23T08:08:07.019496Z[0m [34mDEBUG[0m [2mwayvid::video::mpv[0m[2m:[0m 🎬 Rendering frame: 2160x1215 to FBO 0
[2m2025-10-23T08:08:07.052486Z[0m [34mDEBUG[0m [2mwayvid::video::mpv[0m[2m:[0m   ✓ Frame rendered successfully
[2m2025-10-23T08:08:07.052745Z[0m [33m WARN[0m [2mwayvid::backend::wayland::surface[0m[2m:[0m resume_playback not supported with shared decode context
[2m2025-10-23T08:08:07.052766Z[0m [33m WARN[0m [2mwayvid::backend::wayland::surface[0m[2m:[0m resume_playback not supported with shared decode context
[2m2025-10-23T08:08:07.052814Z[0m [34mDEBUG[0m [2mwayvid::video::mpv[0m[2m:[0m 🎬 Rendering frame: 2560x1440 to FBO 0
[2m2025-10-23T08:08:07.085812Z[0m [34mDEBUG[0m [2mwayvid::video::mpv[0m[2m:[0m   ✓ Frame rendered successfully
[2m2025-10-23T08:08:07.086072Z[0m [33m WARN[0m [2mwayvid::backend::wayland::surface[0m[2m:[0m resume_playback not supported with shared decode context
[2m2025-10-23T08:08:07.086083Z[0m [33m WARN[0m [2mwayvid::backend::wayland::surface[0m[2m:[0m resume_playback not supported with shared decode context
[2m2025-10-23T08:08:07.086113Z[0m [34mDEBUG[0m [2mwayvid::video::mpv[0m[2m:[0m 🎬 Rendering frame: 2160x1215 to FBO 0
[2m2025-10-23T08:08:07.119144Z[0m [34mDEBUG[0m [2mwayvid::video::mpv[0m[2m:[0m   ✓ Frame rendered successfully
[2m2025-10-23T08:08:07.119433Z[0m [33m WARN[0m [2mwayvid::backend::wayland::surface[0m[2m:[0m resume_playback not supported with shared decode context
[2m2025-10-23T08:08:07.119451Z[0m [33m WARN[0m [2mwayvid::backend::wayland::surface[0m[2m:[0m resume_playback not supported with shared decode context
[2m2025-10-23T08:08:07.119487Z[0m [34mDEBUG[0m [2mwayvid::video::mpv[0m[2m:[0m 🎬 Rendering frame: 2560x1440 to FBO 0
[2m2025-10-23T08:08:07.152496Z[0m [34mDEBUG[0m [2mwayvid::video::mpv[0m[2m:[0m   ✓ Frame rendered successfully
[2m2025-10-23T08:08:07.152774Z[0m [33m WARN[0m [2mwayvid::backend::wayland::surface[0m[2m:[0m resume_playback not supported with shared decode context
[2m2025-10-23T08:08:07.152790Z[0m [33m WARN[0m [2mwayvid::backend::wayland::surface[0m[2m:[0m resume_playback not supported with shared decode context
[2m2025-10-23T08:08:07.152825Z[0m [34mDEBUG[0m [2mwayvid::video::mpv[0m[2m:[0m 🎬 Rendering frame: 2160x1215 to FBO 0
[2m2025-10-23T08:08:07.185806Z[0m [34mDEBUG[0m [2mwayvid::video::mpv[0m[2m:[0m   ✓ Frame rendered successfully
[2m2025-10-23T08:08:07.186065Z[0m [33m WARN[0m [2mwayvid::backend::wayland::surface[0m[2m:[0m resume_playback not supported with shared decode context
[2m2025-10-23T08:08:07.186081Z[0m [33m WARN[0m [2mwayvid::backend::wayland::surface[0m[2m:[0m resume_playback not supported with shared decode context
[2m2025-10-23T08:08:07.186114Z[0m [34mDEBUG[0m [2mwayvid::video::mpv[0m[2m:[0m 🎬 Rendering frame: 2560x1440 to FBO 0
[2m2025-10-23T08:08:07.219141Z[0m [34mDEBUG[0m [2mwayvid::video::mpv[0m[2m:[0m   ✓ Frame rendered successfully
[2m2025-10-23T08:08:07.219423Z[0m [33m WARN[0m [2mwayvid::backend::wayland::surface[0m[2m:[0m resume_playback not supported with shared decode context
[2m2025-10-23T08:08:07.219435Z[0m [33m WARN[0m [2mwayvid::backend::wayland::surface[0m[2m:[0m resume_playback not supported with shared decode context
[2m2025-10-23T08:08:07.219464Z[0m [34mDEBUG[0m [2mwayvid::video::mpv[0m[2m:[0m 🎬 Rendering frame: 2160x1215 to FBO 0
[2m2025-10-23T08:08:07.252487Z[0m [34mDEBUG[0m [2mwayvid::video::mpv[0m[2m:[0m   ✓ Frame rendered successfully
[2m2025-10-23T08:08:07.252852Z[0m [33m WARN[0m [2mwayvid::backend::wayland::surface[0m[2m:[0m resume_playback not supported with shared decode context
[2m2025-10-23T08:08:07.252866Z[0m [33m WARN[0m [2mwayvid::backend::wayland::surface[0m[2m:[0m resume_playback not supported with shared decode context
[2m2025-10-23T08:08:07.252905Z[0m [34mDEBUG[0m [2mwayvid::video::mpv[0m[2m:[0m 🎬 Rendering frame: 2560x1440 to FBO 0
[2m2025-10-23T08:08:07.285822Z[0m [34mDEBUG[0m [2mwayvid::video::mpv[0m[2m:[0m   ✓ Frame rendered successfully
[2m2025-10-23T08:08:07.286128Z[0m [33m WARN[0m [2mwayvid::backend::wayland::surface[0m[2m:[0m resume_playback not supported with shared decode context
[2m2025-10-23T08:08:07.286146Z[0m [33m WARN[0m [2mwayvid::backend::wayland::surface[0m[2m:[0m resume_playback not supported with shared decode context
[2m2025-10-23T08:08:07.286187Z[0m [34mDEBUG[0m [2mwayvid::video::mpv[0m[2m:[0m 🎬 Rendering frame: 2160x1215 to FBO 0
[2m2025-10-23T08:08:07.319152Z[0m [34mDEBUG[0m [2mwayvid::video::mpv[0m[2m:[0m   ✓ Frame rendered successfully
[2m2025-10-23T08:08:07.319459Z[0m [33m WARN[0m [2mwayvid::backend::wayland::surface[0m[2m:[0m resume_playback not supported with shared decode context
[2m2025-10-23T08:08:07.319475Z[0m [33m WARN[0m [2mwayvid::backend::wayland::surface[0m[2m:[0m resume_playback not supported with shared decode context
[2m2025-10-23T08:08:07.319514Z[0m [34mDEBUG[0m [2mwayvid::video::mpv[0m[2m:[0m 🎬 Rendering frame: 2560x1440 to FBO 0
[2m2025-10-23T08:08:07.352504Z[0m [34mDEBUG[0m [2mwayvid::video::mpv[0m[2m:[0m   ✓ Frame rendered successfully
[2m2025-10-23T08:08:07.353031Z[0m [33m WARN[0m [2mwayvid::backend::wayland::surface[0m[2m:[0m resume_playback not supported with shared decode context
[2m2025-10-23T08:08:07.353051Z[0m [33m WARN[0m [2mwayvid::backend::wayland::surface[0m[2m:[0m resume_playback not supported with shared decode context
[2m2025-10-23T08:08:07.353090Z[0m [34mDEBUG[0m [2mwayvid::video::mpv[0m[2m:[0m 🎬 Rendering frame: 2160x1215 to FBO 0
[2m2025-10-23T08:08:07.386179Z[0m [34mDEBUG[0m [2mwayvid::video::mpv[0m[2m:[0m   ✓ Frame rendered successfully
[2m2025-10-23T08:08:07.386475Z[0m [33m WARN[0m [2mwayvid::backend::wayland::surface[0m[2m:[0m resume_playback not supported with shared decode context
[2m2025-10-23T08:08:07.386488Z[0m [33m WARN[0m [2mwayvid::backend::wayland::surface[0m[2m:[0m resume_playback not supported with shared decode context
[2m2025-10-23T08:08:07.386517Z[0m [34mDEBUG[0m [2mwayvid::video::mpv[0m[2m:[0m 🎬 Rendering frame: 2560x1440 to FBO 0
[2m2025-10-23T08:08:07.419511Z[0m [34mDEBUG[0m [2mwayvid::video::mpv[0m[2m:[0m   ✓ Frame rendered successfully
[2m2025-10-23T08:08:07.419817Z[0m [33m WARN[0m [2mwayvid::backend::wayland::surface[0m[2m:[0m resume_playback not supported with shared decode context
[2m2025-10-23T08:08:07.419830Z[0m [33m WARN[0m [2mwayvid::backend::wayland::surface[0m[2m:[0m resume_playback not supported with shared decode context
[2m2025-10-23T08:08:07.419952Z[0m [34mDEBUG[0m [2mwayvid::video::mpv[0m[2m:[0m 🎬 Rendering frame: 2160x1215 to FBO 0
[2m2025-10-23T08:08:07.452974Z[0m [34mDEBUG[0m [2mwayvid::video::mpv[0m[2m:[0m   ✓ Frame rendered successfully
[2m2025-10-23T08:08:07.453242Z[0m [33m WARN[0m [2mwayvid::backend::wayland::surface[0m[2m:[0m resume_playback not supported with shared decode context
[2m2025-10-23T08:08:07.453255Z[0m [33m WARN[0m [2mwayvid::backend::wayland::surface[0m[2m:[0m resume_playback not supported with shared decode context
[2m2025-10-23T08:08:07.453284Z[0m [34mDEBUG[0m [2mwayvid::video::mpv[0m[2m:[0m 🎬 Rendering frame: 2560x1440 to FBO 0
[2m2025-10-23T08:08:07.486580Z[0m [34mDEBUG[0m [2mwayvid::video::mpv[0m[2m:[0m   ✓ Frame rendered successfully
[2m2025-10-23T08:08:07.486868Z[0m [33m WARN[0m [2mwayvid::backend::wayland::surface[0m[2m:[0m resume_playback not supported with shared decode context
[2m2025-10-23T08:08:07.486880Z[0m [33m WARN[0m [2mwayvid::backend::wayland::surface[0m[2m:[0m resume_playback not supported with shared decode context
[2m2025-10-23T08:08:07.487191Z[0m [34mDEBUG[0m [2mwayvid::video::mpv[0m[2m:[0m 🎬 Rendering frame: 2160x1215 to FBO 0
[2m2025-10-23T08:08:07.519179Z[0m [34mDEBUG[0m [2mwayvid::video::mpv[0m[2m:[0m   ✓ Frame rendered successfully
[2m2025-10-23T08:08:07.519492Z[0m [33m WARN[0m [2mwayvid::backend::wayland::surface[0m[2m:[0m resume_playback not supported with shared decode context
[2m2025-10-23T08:08:07.519507Z[0m [33m WARN[0m [2mwayvid::backend::wayland::surface[0m[2m:[0m resume_playback not supported with shared decode context
[2m2025-10-23T08:08:07.519533Z[0m [34mDEBUG[0m [2mwayvid::video::mpv[0m[2m:[0m 🎬 Rendering frame: 2560x1440 to FBO 0
[2m2025-10-23T08:08:07.552516Z[0m [34mDEBUG[0m [2mwayvid::video::mpv[0m[2m:[0m   ✓ Frame rendered successfully
[2m2025-10-23T08:08:07.552815Z[0m [33m WARN[0m [2mwayvid::backend::wayland::surface[0m[2m:[0m resume_playback not supported with shared decode context
[2m2025-10-23T08:08:07.552831Z[0m [33m WARN[0m [2mwayvid::backend::wayland::surface[0m[2m:[0m resume_playback not supported with shared decode context
[2m2025-10-23T08:08:07.552861Z[0m [34mDEBUG[0m [2mwayvid::video::mpv[0m[2m:[0m 🎬 Rendering frame: 2160x1215 to FBO 0
[2m2025-10-23T08:08:07.585821Z[0m [34mDEBUG[0m [2mwayvid::video::mpv[0m[2m:[0m   ✓ Frame rendered successfully
[2m2025-10-23T08:08:07.586040Z[0m [33m WARN[0m [2mwayvid::backend::wayland::surface[0m[2m:[0m resume_playback not supported with shared decode context
[2m2025-10-23T08:08:07.586052Z[0m [33m WARN[0m [2mwayvid::backend::wayland::surface[0m[2m:[0m resume_playback not supported with shared decode context
[2m2025-10-23T08:08:07.586083Z[0m [34mDEBUG[0m [2mwayvid::video::mpv[0m[2m:[0m 🎬 Rendering frame: 2560x1440 to FBO 0
[2m2025-10-23T08:08:07.619176Z[0m [34mDEBUG[0m [2mwayvid::video::mpv[0m[2m:[0m   ✓ Frame rendered successfully
[2m2025-10-23T08:08:07.619453Z[0m [33m WARN[0m [2mwayvid::backend::wayland::surface[0m[2m:[0m resume_playback not supported with shared decode context
[2m2025-10-23T08:08:07.619469Z[0m [33m WARN[0m [2mwayvid::backend::wayland::surface[0m[2m:[0m resume_playback not supported with shared decode context
[2m2025-10-23T08:08:07.619503Z[0m [34mDEBUG[0m [2mwayvid::video::mpv[0m[2m:[0m 🎬 Rendering frame: 2160x1215 to FBO 0
[2m2025-10-23T08:08:07.652512Z[0m [34mDEBUG[0m [2mwayvid::video::mpv[0m[2m:[0m   ✓ Frame rendered successfully
[2m2025-10-23T08:08:07.652821Z[0m [33m WARN[0m [2mwayvid::backend::wayland::surface[0m[2m:[0m resume_playback not supported with shared decode context
[2m2025-10-23T08:08:07.652836Z[0m [33m WARN[0m [2mwayvid::backend::wayland::surface[0m[2m:[0m resume_playback not supported with shared decode context
[2m2025-10-23T08:08:07.652871Z[0m [34mDEBUG[0m [2mwayvid::video::mpv[0m[2m:[0m 🎬 Rendering frame: 2560x1440 to FBO 0
[2m2025-10-23T08:08:07.685842Z[0m [34mDEBUG[0m [2mwayvid::video::mpv[0m[2m:[0m   ✓ Frame rendered successfully
[2m2025-10-23T08:08:07.686112Z[0m [33m WARN[0m [2mwayvid::backend::wayland::surface[0m[2m:[0m resume_playback not supported with shared decode context
[2m2025-10-23T08:08:07.686127Z[0m [33m WARN[0m [2mwayvid::backend::wayland::surface[0m[2m:[0m resume_playback not supported with shared decode context
[2m2025-10-23T08:08:07.686156Z[0m [34mDEBUG[0m [2mwayvid::video::mpv[0m[2m:[0m 🎬 Rendering frame: 2160x1215 to FBO 0
[2m2025-10-23T08:08:07.719154Z[0m [34mDEBUG[0m [2mwayvid::video::mpv[0m[2m:[0m   ✓ Frame rendered successfully
[2m2025-10-23T08:08:07.719431Z[0m [33m WARN[0m [2mwayvid::backend::wayland::surface[0m[2m:[0m resume_playback not supported with shared decode context
[2m2025-10-23T08:08:07.719451Z[0m [33m WARN[0m [2mwayvid::backend::wayland::surface[0m[2m:[0m resume_playback not supported with shared decode context
[2m2025-10-23T08:08:07.719487Z[0m [34mDEBUG[0m [2mwayvid::video::mpv[0m[2m:[0m 🎬 Rendering frame: 2560x1440 to FBO 0
[2m2025-10-23T08:08:07.752469Z[0m [34mDEBUG[0m [2mwayvid::video::mpv[0m[2m:[0m   ✓ Frame rendered successfully
[2m2025-10-23T08:08:07.752814Z[0m [33m WARN[0m [2mwayvid::backend::wayland::surface[0m[2m:[0m resume_playback not supported with shared decode context
[2m2025-10-23T08:08:07.752838Z[0m [33m WARN[0m [2mwayvid::backend::wayland::surface[0m[2m:[0m resume_playback not supported with shared decode context
[2m2025-10-23T08:08:07.752884Z[0m [34mDEBUG[0m [2mwayvid::video::mpv[0m[2m:[0m 🎬 Rendering frame: 2160x1215 to FBO 0
[2m2025-10-23T08:08:07.786477Z[0m [34mDEBUG[0m [2mwayvid::video::mpv[0m[2m:[0m   ✓ Frame rendered successfully
[2m2025-10-23T08:08:07.786761Z[0m [33m WARN[0m [2mwayvid::backend::wayland::surface[0m[2m:[0m resume_playback not supported with shared decode context
[2m2025-10-23T08:08:07.786790Z[0m [33m WARN[0m [2mwayvid::backend::wayland::surface[0m[2m:[0m resume_playback not supported with shared decode context
[2m2025-10-23T08:08:07.786819Z[0m [34mDEBUG[0m [2mwayvid::video::mpv[0m[2m:[0m 🎬 Rendering frame: 2560x1440 to FBO 0
[2m2025-10-23T08:08:07.819122Z[0m [34mDEBUG[0m [2mwayvid::video::mpv[0m[2m:[0m   ✓ Frame rendered successfully
[2m2025-10-23T08:08:07.819407Z[0m [33m WARN[0m [2mwayvid::backend::wayland::surface[0m[2m:[0m resume_playback not supported with shared decode context
[2m2025-10-23T08:08:07.819420Z[0m [33m WARN[0m [2mwayvid::backend::wayland::surface[0m[2m:[0m resume_playback not supported with shared decode context
[2m2025-10-23T08:08:07.819455Z[0m [34mDEBUG[0m [2mwayvid::video::mpv[0m[2m:[0m 🎬 Rendering frame: 2160x1215 to FBO 0
[2m2025-10-23T08:08:07.852470Z[0m [34mDEBUG[0m [2mwayvid::video::mpv[0m[2m:[0m   ✓ Frame rendered successfully
[2m2025-10-23T08:08:07.852767Z[0m [33m WARN[0m [2mwayvid::backend::wayland::surface[0m[2m:[0m resume_playback not supported with shared decode context
[2m2025-10-23T08:08:07.852780Z[0m [33m WARN[0m [2mwayvid::backend::wayland::surface[0m[2m:[0m resume_playback not supported with shared decode context
[2m2025-10-23T08:08:07.852812Z[0m [34mDEBUG[0m [2mwayvid::video::mpv[0m[2m:[0m 🎬 Rendering frame: 2560x1440 to FBO 0
[2m2025-10-23T08:08:07.885807Z[0m [34mDEBUG[0m [2mwayvid::video::mpv[0m[2m:[0m   ✓ Frame rendered successfully
[2m2025-10-23T08:08:07.886163Z[0m [33m WARN[0m [2mwayvid::backend::wayland::surface[0m[2m:[0m resume_playback not supported with shared decode context
[2m2025-10-23T08:08:07.886177Z[0m [33m WARN[0m [2mwayvid::backend::wayland::surface[0m[2m:[0m resume_playback not supported with shared decode context
[2m2025-10-23T08:08:07.886214Z[0m [34mDEBUG[0m [2mwayvid::video::mpv[0m[2m:[0m 🎬 Rendering frame: 2160x1215 to FBO 0
[2m2025-10-23T08:08:07.919173Z[0m [34mDEBUG[0m [2mwayvid::video::mpv[0m[2m:[0m   ✓ Frame rendered successfully
[2m2025-10-23T08:08:07.919486Z[0m [33m WARN[0m [2mwayvid::backend::wayland::surface[0m[2m:[0m resume_playback not supported with shared decode context
[2m2025-10-23T08:08:07.919501Z[0m [33m WARN[0m [2mwayvid::backend::wayland::surface[0m[2m:[0m resume_playback not supported with shared decode context
[2m2025-10-23T08:08:07.919536Z[0m [34mDEBUG[0m [2mwayvid::video::mpv[0m[2m:[0m 🎬 Rendering frame: 2560x1440 to FBO 0
[2m2025-10-23T08:08:07.952508Z[0m [34mDEBUG[0m [2mwayvid::video::mpv[0m[2m:[0m   ✓ Frame rendered successfully
[2m2025-10-23T08:08:07.952802Z[0m [33m WARN[0m [2mwayvid::backend::wayland::surface[0m[2m:[0m resume_playback not supported with shared decode context
[2m2025-10-23T08:08:07.952819Z[0m [33m WARN[0m [2mwayvid::backend::wayland::surface[0m[2m:[0m resume_playback not supported with shared decode context
[2m2025-10-23T08:08:07.952854Z[0m [34mDEBUG[0m [2mwayvid::video::mpv[0m[2m:[0m 🎬 Rendering frame: 2160x1215 to FBO 0
[2m2025-10-23T08:08:07.985882Z[0m [34mDEBUG[0m [2mwayvid::video::mpv[0m[2m:[0m   ✓ Frame rendered successfully
[2m2025-10-23T08:08:07.986160Z[0m [33m WARN[0m [2mwayvid::backend::wayland::surface[0m[2m:[0m resume_playback not supported with shared decode context
[2m2025-10-23T08:08:07.986173Z[0m [33m WARN[0m [2mwayvid::backend::wayland::surface[0m[2m:[0m resume_playback not supported with shared decode context
[2m2025-10-23T08:08:07.986205Z[0m [34mDEBUG[0m [2mwayvid::video::mpv[0m[2m:[0m 🎬 Rendering frame: 2560x1440 to FBO 0
[2m2025-10-23T08:08:08.019132Z[0m [34mDEBUG[0m [2mwayvid::video::mpv[0m[2m:[0m   ✓ Frame rendered successfully
[2m2025-10-23T08:08:08.019387Z[0m [33m WARN[0m [2mwayvid::backend::wayland::surface[0m[2m:[0m resume_playback not supported with shared decode context
[2m2025-10-23T08:08:08.019404Z[0m [33m WARN[0m [2mwayvid::backend::wayland::surface[0m[2m:[0m resume_playback not supported with shared decode context
[2m2025-10-23T08:08:08.019442Z[0m [34mDEBUG[0m [2mwayvid::video::mpv[0m[2m:[0m 🎬 Rendering frame: 2160x1215 to FBO 0
[2m2025-10-23T08:08:08.052685Z[0m [34mDEBUG[0m [2mwayvid::video::mpv[0m[2m:[0m   ✓ Frame rendered successfully
[2m2025-10-23T08:08:08.053027Z[0m [33m WARN[0m [2mwayvid::backend::wayland::surface[0m[2m:[0m resume_playback not supported with shared decode context
[2m2025-10-23T08:08:08.053039Z[0m [33m WARN[0m [2mwayvid::backend::wayland::surface[0m[2m:[0m resume_playback not supported with shared decode context
[2m2025-10-23T08:08:08.053068Z[0m [34mDEBUG[0m [2mwayvid::video::mpv[0m[2m:[0m 🎬 Rendering frame: 2560x1440 to FBO 0
[2m2025-10-23T08:08:08.085820Z[0m [34mDEBUG[0m [2mwayvid::video::mpv[0m[2m:[0m   ✓ Frame rendered successfully
[2m2025-10-23T08:08:08.086108Z[0m [33m WARN[0m [2mwayvid::backend::wayland::surface[0m[2m:[0m resume_playback not supported with shared decode context
[2m2025-10-23T08:08:08.086121Z[0m [33m WARN[0m [2mwayvid::backend::wayland::surface[0m[2m:[0m resume_playback not supported with shared decode context
[2m2025-10-23T08:08:08.086160Z[0m [34mDEBUG[0m [2mwayvid::video::mpv[0m[2m:[0m 🎬 Rendering frame: 2160x1215 to FBO 0
[2m2025-10-23T08:08:08.119151Z[0m [34mDEBUG[0m [2mwayvid::video::mpv[0m[2m:[0m   ✓ Frame rendered successfully
[2m2025-10-23T08:08:08.119379Z[0m [33m WARN[0m [2mwayvid::backend::wayland::surface[0m[2m:[0m resume_playback not supported with shared decode context
[2m2025-10-23T08:08:08.119391Z[0m [33m WARN[0m [2mwayvid::backend::wayland::surface[0m[2m:[0m resume_playback not supported with shared decode context
[2m2025-10-23T08:08:08.119417Z[0m [34mDEBUG[0m [2mwayvid::video::mpv[0m[2m:[0m 🎬 Rendering frame: 2560x1440 to FBO 0
[2m2025-10-23T08:08:08.152483Z[0m [34mDEBUG[0m [2mwayvid::video::mpv[0m[2m:[0m   ✓ Frame rendered successfully
[2m2025-10-23T08:08:08.152736Z[0m [33m WARN[0m [2mwayvid::backend::wayland::surface[0m[2m:[0m resume_playback not supported with shared decode context
[2m2025-10-23T08:08:08.152751Z[0m [33m WARN[0m [2mwayvid::backend::wayland::surface[0m[2m:[0m resume_playback not supported with shared decode context
[2m2025-10-23T08:08:08.152784Z[0m [34mDEBUG[0m [2mwayvid::video::mpv[0m[2m:[0m 🎬 Rendering frame: 2160x1215 to FBO 0
[2m2025-10-23T08:08:08.185817Z[0m [34mDEBUG[0m [2mwayvid::video::mpv[0m[2m:[0m   ✓ Frame rendered successfully
[2m2025-10-23T08:08:08.186064Z[0m [33m WARN[0m [2mwayvid::backend::wayland::surface[0m[2m:[0m resume_playback not supported with shared decode context
[2m2025-10-23T08:08:08.186079Z[0m [33m WARN[0m [2mwayvid::backend::wayland::surface[0m[2m:[0m resume_playback not supported with shared decode context
[2m2025-10-23T08:08:08.186111Z[0m [34mDEBUG[0m [2mwayvid::video::mpv[0m[2m:[0m 🎬 Rendering frame: 2560x1440 to FBO 0
[2m2025-10-23T08:08:08.219150Z[0m [34mDEBUG[0m [2mwayvid::video::mpv[0m[2m:[0m   ✓ Frame rendered successfully
[2m2025-10-23T08:08:08.219412Z[0m [33m WARN[0m [2mwayvid::backend::wayland::surface[0m[2m:[0m resume_playback not supported with shared decode context
[2m2025-10-23T08:08:08.219427Z[0m [33m WARN[0m [2mwayvid::backend::wayland::surface[0m[2m:[0m resume_playback not supported with shared decode context
[2m2025-10-23T08:08:08.219462Z[0m [34mDEBUG[0m [2mwayvid::video::mpv[0m[2m:[0m 🎬 Rendering frame: 2160x1215 to FBO 0
[2m2025-10-23T08:08:08.252483Z[0m [34mDEBUG[0m [2mwayvid::video::mpv[0m[2m:[0m   ✓ Frame rendered successfully
[2m2025-10-23T08:08:08.252766Z[0m [33m WARN[0m [2mwayvid::backend::wayland::surface[0m[2m:[0m resume_playback not supported with shared decode context
[2m2025-10-23T08:08:08.252782Z[0m [33m WARN[0m [2mwayvid::backend::wayland::surface[0m[2m:[0m resume_playback not supported with shared decode context
[2m2025-10-23T08:08:08.252812Z[0m [34mDEBUG[0m [2mwayvid::video::mpv[0m[2m:[0m 🎬 Rendering frame: 2560x1440 to FBO 0
[2m2025-10-23T08:08:08.285820Z[0m [34mDEBUG[0m [2mwayvid::video::mpv[0m[2m:[0m   ✓ Frame rendered successfully
[2m2025-10-23T08:08:08.286125Z[0m [33m WARN[0m [2mwayvid::backend::wayland::surface[0m[2m:[0m resume_playback not supported with shared decode context
[2m2025-10-23T08:08:08.286137Z[0m [33m WARN[0m [2mwayvid::backend::wayland::surface[0m[2m:[0m resume_playback not supported with shared decode context
[2m2025-10-23T08:08:08.286169Z[0m [34mDEBUG[0m [2mwayvid::video::mpv[0m[2m:[0m 🎬 Rendering frame: 2160x1215 to FBO 0
[2m2025-10-23T08:08:08.319147Z[0m [34mDEBUG[0m [2mwayvid::video::mpv[0m[2m:[0m   ✓ Frame rendered successfully
[2m2025-10-23T08:08:08.319417Z[0m [33m WARN[0m [2mwayvid::backend::wayland::surface[0m[2m:[0m resume_playback not supported with shared decode context
[2m2025-10-23T08:08:08.319435Z[0m [33m WARN[0m [2mwayvid::backend::wayland::surface[0m[2m:[0m resume_playback not supported with shared decode context
[2m2025-10-23T08:08:08.319462Z[0m [34mDEBUG[0m [2mwayvid::video::mpv[0m[2m:[0m 🎬 Rendering frame: 2560x1440 to FBO 0
[2m2025-10-23T08:08:08.352486Z[0m [34mDEBUG[0m [2mwayvid::video::mpv[0m[2m:[0m   ✓ Frame rendered successfully
[2m2025-10-23T08:08:08.352772Z[0m [33m WARN[0m [2mwayvid::backend::wayland::surface[0m[2m:[0m resume_playback not supported with shared decode context
[2m2025-10-23T08:08:08.352785Z[0m [33m WARN[0m [2mwayvid::backend::wayland::surface[0m[2m:[0m resume_playback not supported with shared decode context
[2m2025-10-23T08:08:08.352815Z[0m [34mDEBUG[0m [2mwayvid::video::mpv[0m[2m:[0m 🎬 Rendering frame: 2160x1215 to FBO 0
[2m2025-10-23T08:08:08.386114Z[0m [34mDEBUG[0m [2mwayvid::video::mpv[0m[2m:[0m   ✓ Frame rendered successfully
[2m2025-10-23T08:08:08.386417Z[0m [33m WARN[0m [2mwayvid::backend::wayland::surface[0m[2m:[0m resume_playback not supported with shared decode context
[2m2025-10-23T08:08:08.386432Z[0m [33m WARN[0m [2mwayvid::backend::wayland::surface[0m[2m:[0m resume_playback not supported with shared decode context
[2m2025-10-23T08:08:08.386459Z[0m [34mDEBUG[0m [2mwayvid::video::mpv[0m[2m:[0m 🎬 Rendering frame: 2560x1440 to FBO 0
[2m2025-10-23T08:08:08.419135Z[0m [34mDEBUG[0m [2mwayvid::video::mpv[0m[2m:[0m   ✓ Frame rendered successfully
[2m2025-10-23T08:08:08.419551Z[0m [33m WARN[0m [2mwayvid::backend::wayland::surface[0m[2m:[0m resume_playback not supported with shared decode context
[2m2025-10-23T08:08:08.419566Z[0m [33m WARN[0m [2mwayvid::backend::wayland::surface[0m[2m:[0m resume_playback not supported with shared decode context
[2m2025-10-23T08:08:08.419610Z[0m [34mDEBUG[0m [2mwayvid::video::mpv[0m[2m:[0m 🎬 Rendering frame: 2160x1215 to FBO 0
[2m2025-10-23T08:08:08.452470Z[0m [34mDEBUG[0m [2mwayvid::video::mpv[0m[2m:[0m   ✓ Frame rendered successfully
[2m2025-10-23T08:08:08.452808Z[0m [33m WARN[0m [2mwayvid::backend::wayland::surface[0m[2m:[0m resume_playback not supported with shared decode context
[2m2025-10-23T08:08:08.452821Z[0m [33m WARN[0m [2mwayvid::backend::wayland::surface[0m[2m:[0m resume_playback not supported with shared decode context
[2m2025-10-23T08:08:08.452858Z[0m [34mDEBUG[0m [2mwayvid::video::mpv[0m[2m:[0m 🎬 Rendering frame: 2560x1440 to FBO 0
[2m2025-10-23T08:08:08.485819Z[0m [34mDEBUG[0m [2mwayvid::video::mpv[0m[2m:[0m   ✓ Frame rendered successfully
[2m2025-10-23T08:08:08.486236Z[0m [33m WARN[0m [2mwayvid::backend::wayland::surface[0m[2m:[0m resume_playback not supported with shared decode context
[2m2025-10-23T08:08:08.486252Z[0m [33m WARN[0m [2mwayvid::backend::wayland::surface[0m[2m:[0m resume_playback not supported with shared decode context
[2m2025-10-23T08:08:08.486290Z[0m [34mDEBUG[0m [2mwayvid::video::mpv[0m[2m:[0m 🎬 Rendering frame: 2160x1215 to FBO 0
[2m2025-10-23T08:08:08.519126Z[0m [34mDEBUG[0m [2mwayvid::video::mpv[0m[2m:[0m   ✓ Frame rendered successfully
[2m2025-10-23T08:08:08.519403Z[0m [33m WARN[0m [2mwayvid::backend::wayland::surface[0m[2m:[0m resume_playback not supported with shared decode context
[2m2025-10-23T08:08:08.519417Z[0m [33m WARN[0m [2mwayvid::backend::wayland::surface[0m[2m:[0m resume_playback not supported with shared decode context
[2m2025-10-23T08:08:08.519454Z[0m [34mDEBUG[0m [2mwayvid::video::mpv[0m[2m:[0m 🎬 Rendering frame: 2560x1440 to FBO 0
[2m2025-10-23T08:08:08.552483Z[0m [34mDEBUG[0m [2mwayvid::video::mpv[0m[2m:[0m   ✓ Frame rendered successfully
[2m2025-10-23T08:08:08.552771Z[0m [33m WARN[0m [2mwayvid::backend::wayland::surface[0m[2m:[0m resume_playback not supported with shared decode context
[2m2025-10-23T08:08:08.552784Z[0m [33m WARN[0m [2mwayvid::backend::wayland::surface[0m[2m:[0m resume_playback not supported with shared decode context
[2m2025-10-23T08:08:08.552819Z[0m [34mDEBUG[0m [2mwayvid::video::mpv[0m[2m:[0m 🎬 Rendering frame: 2160x1215 to FBO 0
[2m2025-10-23T08:08:08.585795Z[0m [34mDEBUG[0m [2mwayvid::video::mpv[0m[2m:[0m   ✓ Frame rendered successfully
[2m2025-10-23T08:08:08.586107Z[0m [33m WARN[0m [2mwayvid::backend::wayland::surface[0m[2m:[0m resume_playback not supported with shared decode context
[2m2025-10-23T08:08:08.586122Z[0m [33m WARN[0m [2mwayvid::backend::wayland::surface[0m[2m:[0m resume_playback not supported with shared decode context
[2m2025-10-23T08:08:08.586157Z[0m [34mDEBUG[0m [2mwayvid::video::mpv[0m[2m:[0m 🎬 Rendering frame: 2560x1440 to FBO 0
[2m2025-10-23T08:08:08.619125Z[0m [34mDEBUG[0m [2mwayvid::video::mpv[0m[2m:[0m   ✓ Frame rendered successfully
[2m2025-10-23T08:08:08.619518Z[0m [33m WARN[0m [2mwayvid::backend::wayland::surface[0m[2m:[0m resume_playback not supported with shared decode context
[2m2025-10-23T08:08:08.619537Z[0m [33m WARN[0m [2mwayvid::backend::wayland::surface[0m[2m:[0m resume_playback not supported with shared decode context
[2m2025-10-23T08:08:08.619570Z[0m [34mDEBUG[0m [2mwayvid::video::mpv[0m[2m:[0m 🎬 Rendering frame: 2160x1215 to FBO 0
[2m2025-10-23T08:08:08.652458Z[0m [34mDEBUG[0m [2mwayvid::video::mpv[0m[2m:[0m   ✓ Frame rendered successfully
[2m2025-10-23T08:08:08.652741Z[0m [33m WARN[0m [2mwayvid::backend::wayland::surface[0m[2m:[0m resume_playback not supported with shared decode context
[2m2025-10-23T08:08:08.652753Z[0m [33m WARN[0m [2mwayvid::backend::wayland::surface[0m[2m:[0m resume_playback not supported with shared decode context
[2m2025-10-23T08:08:08.652779Z[0m [34mDEBUG[0m [2mwayvid::video::mpv[0m[2m:[0m 🎬 Rendering frame: 2560x1440 to FBO 0
[2m2025-10-23T08:08:08.685815Z[0m [34mDEBUG[0m [2mwayvid::video::mpv[0m[2m:[0m   ✓ Frame rendered successfully
[2m2025-10-23T08:08:08.686099Z[0m [33m WARN[0m [2mwayvid::backend::wayland::surface[0m[2m:[0m resume_playback not supported with shared decode context
[2m2025-10-23T08:08:08.686119Z[0m [33m WARN[0m [2mwayvid::backend::wayland::surface[0m[2m:[0m resume_playback not supported with shared decode context
[2m2025-10-23T08:08:08.686155Z[0m [34mDEBUG[0m [2mwayvid::video::mpv[0m[2m:[0m 🎬 Rendering frame: 2160x1215 to FBO 0
[2m2025-10-23T08:08:08.719129Z[0m [34mDEBUG[0m [2mwayvid::video::mpv[0m[2m:[0m   ✓ Frame rendered successfully
[2m2025-10-23T08:08:08.719382Z[0m [33m WARN[0m [2mwayvid::backend::wayland::surface[0m[2m:[0m resume_playback not supported with shared decode context
[2m2025-10-23T08:08:08.719402Z[0m [33m WARN[0m [2mwayvid::backend::wayland::surface[0m[2m:[0m resume_playback not supported with shared decode context
[2m2025-10-23T08:08:08.719438Z[0m [34mDEBUG[0m [2mwayvid::video::mpv[0m[2m:[0m 🎬 Rendering frame: 2560x1440 to FBO 0
[2m2025-10-23T08:08:08.752464Z[0m [34mDEBUG[0m [2mwayvid::video::mpv[0m[2m:[0m   ✓ Frame rendered successfully
[2m2025-10-23T08:08:08.752743Z[0m [33m WARN[0m [2mwayvid::backend::wayland::surface[0m[2m:[0m resume_playback not supported with shared decode context
[2m2025-10-23T08:08:08.752777Z[0m [33m WARN[0m [2mwayvid::backend::wayland::surface[0m[2m:[0m resume_playback not supported with shared decode context
[2m2025-10-23T08:08:08.752809Z[0m [34mDEBUG[0m [2mwayvid::video::mpv[0m[2m:[0m 🎬 Rendering frame: 2160x1215 to FBO 0
[2m2025-10-23T08:08:08.785791Z[0m [34mDEBUG[0m [2mwayvid::video::mpv[0m[2m:[0m   ✓ Frame rendered successfully
[2m2025-10-23T08:08:08.786043Z[0m [33m WARN[0m [2mwayvid::backend::wayland::surface[0m[2m:[0m resume_playback not supported with shared decode context
[2m2025-10-23T08:08:08.786054Z[0m [33m WARN[0m [2mwayvid::backend::wayland::surface[0m[2m:[0m resume_playback not supported with shared decode context
[2m2025-10-23T08:08:08.786082Z[0m [34mDEBUG[0m [2mwayvid::video::mpv[0m[2m:[0m 🎬 Rendering frame: 2560x1440 to FBO 0
[2m2025-10-23T08:08:08.819147Z[0m [34mDEBUG[0m [2mwayvid::video::mpv[0m[2m:[0m   ✓ Frame rendered successfully
[2m2025-10-23T08:08:08.819403Z[0m [33m WARN[0m [2mwayvid::backend::wayland::surface[0m[2m:[0m resume_playback not supported with shared decode context
[2m2025-10-23T08:08:08.819415Z[0m [33m WARN[0m [2mwayvid::backend::wayland::surface[0m[2m:[0m resume_playback not supported with shared decode context
[2m2025-10-23T08:08:08.819445Z[0m [34mDEBUG[0m [2mwayvid::video::mpv[0m[2m:[0m 🎬 Rendering frame: 2160x1215 to FBO 0
[2m2025-10-23T08:08:08.852477Z[0m [34mDEBUG[0m [2mwayvid::video::mpv[0m[2m:[0m   ✓ Frame rendered successfully
[2m2025-10-23T08:08:08.852734Z[0m [33m WARN[0m [2mwayvid::backend::wayland::surface[0m[2m:[0m resume_playback not supported with shared decode context
[2m2025-10-23T08:08:08.852751Z[0m [33m WARN[0m [2mwayvid::backend::wayland::surface[0m[2m:[0m resume_playback not supported with shared decode context
[2m2025-10-23T08:08:08.852787Z[0m [34mDEBUG[0m [2mwayvid::video::mpv[0m[2m:[0m 🎬 Rendering frame: 2560x1440 to FBO 0
[2m2025-10-23T08:08:08.885813Z[0m [34mDEBUG[0m [2mwayvid::video::mpv[0m[2m:[0m   ✓ Frame rendered successfully
[2m2025-10-23T08:08:08.886111Z[0m [33m WARN[0m [2mwayvid::backend::wayland::surface[0m[2m:[0m resume_playback not supported with shared decode context
[2m2025-10-23T08:08:08.886129Z[0m [33m WARN[0m [2mwayvid::backend::wayland::surface[0m[2m:[0m resume_playback not supported with shared decode context
[2m2025-10-23T08:08:08.886169Z[0m [34mDEBUG[0m [2mwayvid::video::mpv[0m[2m:[0m 🎬 Rendering frame: 2160x1215 to FBO 0
[2m2025-10-23T08:08:08.919145Z[0m [34mDEBUG[0m [2mwayvid::video::mpv[0m[2m:[0m   ✓ Frame rendered successfully
[2m2025-10-23T08:08:08.919390Z[0m [33m WARN[0m [2mwayvid::backend::wayland::surface[0m[2m:[0m resume_playback not supported with shared decode context
[2m2025-10-23T08:08:08.919402Z[0m [33m WARN[0m [2mwayvid::backend::wayland::surface[0m[2m:[0m resume_playback not supported with shared decode context
[2m2025-10-23T08:08:08.919430Z[0m [34mDEBUG[0m [2mwayvid::video::mpv[0m[2m:[0m 🎬 Rendering frame: 2560x1440 to FBO 0
[2m2025-10-23T08:08:08.952456Z[0m [34mDEBUG[0m [2mwayvid::video::mpv[0m[2m:[0m   ✓ Frame rendered successfully
[2m2025-10-23T08:08:08.952725Z[0m [33m WARN[0m [2mwayvid::backend::wayland::surface[0m[2m:[0m resume_playback not supported with shared decode context
[2m2025-10-23T08:08:08.952742Z[0m [33m WARN[0m [2mwayvid::backend::wayland::surface[0m[2m:[0m resume_playback not supported with shared decode context
[2m2025-10-23T08:08:08.952777Z[0m [34mDEBUG[0m [2mwayvid::video::mpv[0m[2m:[0m 🎬 Rendering frame: 2160x1215 to FBO 0
[2m2025-10-23T08:08:08.985797Z[0m [34mDEBUG[0m [2mwayvid::video::mpv[0m[2m:[0m   ✓ Frame rendered successfully
[2m2025-10-23T08:08:08.986103Z[0m [33m WARN[0m [2mwayvid::backend::wayland::surface[0m[2m:[0m resume_playback not supported with shared decode context
[2m2025-10-23T08:08:08.986135Z[0m [33m WARN[0m [2mwayvid::backend::wayland::surface[0m[2m:[0m resume_playback not supported with shared decode context
[2m2025-10-23T08:08:08.986171Z[0m [34mDEBUG[0m [2mwayvid::video::mpv[0m[2m:[0m 🎬 Rendering frame: 2560x1440 to FBO 0
[2m2025-10-23T08:08:09.019128Z[0m [34mDEBUG[0m [2mwayvid::video::mpv[0m[2m:[0m   ✓ Frame rendered successfully
[2m2025-10-23T08:08:09.019373Z[0m [33m WARN[0m [2mwayvid::backend::wayland::surface[0m[2m:[0m resume_playback not supported with shared decode context
[2m2025-10-23T08:08:09.019387Z[0m [33m WARN[0m [2mwayvid::backend::wayland::surface[0m[2m:[0m resume_playback not supported with shared decode context
[2m2025-10-23T08:08:09.019420Z[0m [34mDEBUG[0m [2mwayvid::video::mpv[0m[2m:[0m 🎬 Rendering frame: 2160x1215 to FBO 0
[2m2025-10-23T08:08:09.052481Z[0m [34mDEBUG[0m [2mwayvid::video::mpv[0m[2m:[0m   ✓ Frame rendered successfully
[2m2025-10-23T08:08:09.052787Z[0m [33m WARN[0m [2mwayvid::backend::wayland::surface[0m[2m:[0m resume_playback not supported with shared decode context
[2m2025-10-23T08:08:09.052801Z[0m [33m WARN[0m [2mwayvid::backend::wayland::surface[0m[2m:[0m resume_playback not supported with shared decode context
[2m2025-10-23T08:08:09.052830Z[0m [34mDEBUG[0m [2mwayvid::video::mpv[0m[2m:[0m 🎬 Rendering frame: 2560x1440 to FBO 0
[2m2025-10-23T08:08:09.085811Z[0m [34mDEBUG[0m [2mwayvid::video::mpv[0m[2m:[0m   ✓ Frame rendered successfully
[2m2025-10-23T08:08:09.086104Z[0m [33m WARN[0m [2mwayvid::backend::wayland::surface[0m[2m:[0m resume_playback not supported with shared decode context
[2m2025-10-23T08:08:09.086120Z[0m [33m WARN[0m [2mwayvid::backend::wayland::surface[0m[2m:[0m resume_playback not supported with shared decode context
[2m2025-10-23T08:08:09.086149Z[0m [34mDEBUG[0m [2mwayvid::video::mpv[0m[2m:[0m 🎬 Rendering frame: 2160x1215 to FBO 0
[2m2025-10-23T08:08:09.119117Z[0m [34mDEBUG[0m [2mwayvid::video::mpv[0m[2m:[0m   ✓ Frame rendered successfully
[2m2025-10-23T08:08:09.119387Z[0m [33m WARN[0m [2mwayvid::backend::wayland::surface[0m[2m:[0m resume_playback not supported with shared decode context
[2m2025-10-23T08:08:09.119402Z[0m [33m WARN[0m [2mwayvid::backend::wayland::surface[0m[2m:[0m resume_playback not supported with shared decode context
[2m2025-10-23T08:08:09.119431Z[0m [34mDEBUG[0m [2mwayvid::video::mpv[0m[2m:[0m 🎬 Rendering frame: 2560x1440 to FBO 0
[2m2025-10-23T08:08:09.152473Z[0m [34mDEBUG[0m [2mwayvid::video::mpv[0m[2m:[0m   ✓ Frame rendered successfully
[2m2025-10-23T08:08:09.152807Z[0m [33m WARN[0m [2mwayvid::backend::wayland::surface[0m[2m:[0m resume_playback not supported with shared decode context
[2m2025-10-23T08:08:09.152823Z[0m [33m WARN[0m [2mwayvid::backend::wayland::surface[0m[2m:[0m resume_playback not supported with shared decode context
[2m2025-10-23T08:08:09.152858Z[0m [34mDEBUG[0m [2mwayvid::video::mpv[0m[2m:[0m 🎬 Rendering frame: 2160x1215 to FBO 0
[2m2025-10-23T08:08:09.185809Z[0m [34mDEBUG[0m [2mwayvid::video::mpv[0m[2m:[0m   ✓ Frame rendered successfully
[2m2025-10-23T08:08:09.186073Z[0m [33m WARN[0m [2mwayvid::backend::wayland::surface[0m[2m:[0m resume_playback not supported with shared decode context
[2m2025-10-23T08:08:09.186087Z[0m [33m WARN[0m [2mwayvid::backend::wayland::surface[0m[2m:[0m resume_playback not supported with shared decode context
[2m2025-10-23T08:08:09.186114Z[0m [34mDEBUG[0m [2mwayvid::video::mpv[0m[2m:[0m 🎬 Rendering frame: 2560x1440 to FBO 0
[2m2025-10-23T08:08:09.219147Z[0m [34mDEBUG[0m [2mwayvid::video::mpv[0m[2m:[0m   ✓ Frame rendered successfully
[2m2025-10-23T08:08:09.219460Z[0m [33m WARN[0m [2mwayvid::backend::wayland::surface[0m[2m:[0m resume_playback not supported with shared decode context
[2m2025-10-23T08:08:09.219477Z[0m [33m WARN[0m [2mwayvid::backend::wayland::surface[0m[2m:[0m resume_playback not supported with shared decode context
[2m2025-10-23T08:08:09.219519Z[0m [34mDEBUG[0m [2mwayvid::video::mpv[0m[2m:[0m 🎬 Rendering frame: 2160x1215 to FBO 0
[2m2025-10-23T08:08:09.252480Z[0m [34mDEBUG[0m [2mwayvid::video::mpv[0m[2m:[0m   ✓ Frame rendered successfully
[2m2025-10-23T08:08:09.252765Z[0m [33m WARN[0m [2mwayvid::backend::wayland::surface[0m[2m:[0m resume_playback not supported with shared decode context
[2m2025-10-23T08:08:09.252781Z[0m [33m WARN[0m [2mwayvid::backend::wayland::surface[0m[2m:[0m resume_playback not supported with shared decode context
[2m2025-10-23T08:08:09.252812Z[0m [34mDEBUG[0m [2mwayvid::video::mpv[0m[2m:[0m 🎬 Rendering frame: 2560x1440 to FBO 0
[2m2025-10-23T08:08:09.285811Z[0m [34mDEBUG[0m [2mwayvid::video::mpv[0m[2m:[0m   ✓ Frame rendered successfully
[2m2025-10-23T08:08:09.286099Z[0m [33m WARN[0m [2mwayvid::backend::wayland::surface[0m[2m:[0m resume_playback not supported with shared decode context
[2m2025-10-23T08:08:09.286116Z[0m [33m WARN[0m [2mwayvid::backend::wayland::surface[0m[2m:[0m resume_playback not supported with shared decode context
[2m2025-10-23T08:08:09.286144Z[0m [34mDEBUG[0m [2mwayvid::video::mpv[0m[2m:[0m 🎬 Rendering frame: 2160x1215 to FBO 0
[2m2025-10-23T08:08:09.319138Z[0m [34mDEBUG[0m [2mwayvid::video::mpv[0m[2m:[0m   ✓ Frame rendered successfully
[2m2025-10-23T08:08:09.319369Z[0m [33m WARN[0m [2mwayvid::backend::wayland::surface[0m[2m:[0m resume_playback not supported with shared decode context
[2m2025-10-23T08:08:09.319386Z[0m [33m WARN[0m [2mwayvid::backend::wayland::surface[0m[2m:[0m resume_playback not supported with shared decode context
[2m2025-10-23T08:08:09.325701Z[0m [33m WARN[0m [2mwayvid::backend::wayland::surface[0m[2m:[0m resume_playback not supported with shared decode context
[2m2025-10-23T08:08:09.325728Z[0m [33m WARN[0m [2mwayvid::backend::wayland::surface[0m[2m:[0m resume_playback not supported with shared decode context
[2m2025-10-23T08:08:09.325770Z[0m [34mDEBUG[0m [2mwayvid::video::mpv[0m[2m:[0m 🎬 Rendering frame: 2560x1440 to FBO 0
[2m2025-10-23T08:08:09.352485Z[0m [34mDEBUG[0m [2mwayvid::video::mpv[0m[2m:[0m   ✓ Frame rendered successfully
[2m2025-10-23T08:08:09.352813Z[0m [33m WARN[0m [2mwayvid::backend::wayland::surface[0m[2m:[0m resume_playback not supported with shared decode context
[2m2025-10-23T08:08:09.352829Z[0m [33m WARN[0m [2mwayvid::backend::wayland::surface[0m[2m:[0m resume_playback not supported with shared decode context
[2m2025-10-23T08:08:09.352875Z[0m [34mDEBUG[0m [2mwayvid::video::mpv[0m[2m:[0m 🎬 Rendering frame: 2160x1215 to FBO 0
[2m2025-10-23T08:08:09.385802Z[0m [34mDEBUG[0m [2mwayvid::video::mpv[0m[2m:[0m   ✓ Frame rendered successfully
[2m2025-10-23T08:08:09.386056Z[0m [33m WARN[0m [2mwayvid::backend::wayland::surface[0m[2m:[0m resume_playback not supported with shared decode context
[2m2025-10-23T08:08:09.386071Z[0m [33m WARN[0m [2mwayvid::backend::wayland::surface[0m[2m:[0m resume_playback not supported with shared decode context
[2m2025-10-23T08:08:09.386100Z[0m [34mDEBUG[0m [2mwayvid::video::mpv[0m[2m:[0m 🎬 Rendering frame: 2560x1440 to FBO 0
[2m2025-10-23T08:08:09.419128Z[0m [34mDEBUG[0m [2mwayvid::video::mpv[0m[2m:[0m   ✓ Frame rendered successfully
[2m2025-10-23T08:08:09.419399Z[0m [33m WARN[0m [2mwayvid::backend::wayland::surface[0m[2m:[0m resume_playback not supported with shared decode context
[2m2025-10-23T08:08:09.419415Z[0m [33m WARN[0m [2mwayvid::backend::wayland::surface[0m[2m:[0m resume_playback not supported with shared decode context
[2m2025-10-23T08:08:09.419445Z[0m [34mDEBUG[0m [2mwayvid::video::mpv[0m[2m:[0m 🎬 Rendering frame: 2160x1215 to FBO 0
[2m2025-10-23T08:08:09.452466Z[0m [34mDEBUG[0m [2mwayvid::video::mpv[0m[2m:[0m   ✓ Frame rendered successfully
[2m2025-10-23T08:08:09.452750Z[0m [33m WARN[0m [2mwayvid::backend::wayland::surface[0m[2m:[0m resume_playback not supported with shared decode context
[2m2025-10-23T08:08:09.452778Z[0m [33m WARN[0m [2mwayvid::backend::wayland::surface[0m[2m:[0m resume_playback not supported with shared decode context
[2m2025-10-23T08:08:09.452811Z[0m [34mDEBUG[0m [2mwayvid::video::mpv[0m[2m:[0m 🎬 Rendering frame: 2560x1440 to FBO 0
[2m2025-10-23T08:08:09.485808Z[0m [34mDEBUG[0m [2mwayvid::video::mpv[0m[2m:[0m   ✓ Frame rendered successfully
[2m2025-10-23T08:08:09.486160Z[0m [33m WARN[0m [2mwayvid::backend::wayland::surface[0m[2m:[0m resume_playback not supported with shared decode context
[2m2025-10-23T08:08:09.486175Z[0m [33m WARN[0m [2mwayvid::backend::wayland::surface[0m[2m:[0m resume_playback not supported with shared decode context
[2m2025-10-23T08:08:09.486209Z[0m [34mDEBUG[0m [2mwayvid::video::mpv[0m[2m:[0m 🎬 Rendering frame: 2160x1215 to FBO 0
[2m2025-10-23T08:08:09.519130Z[0m [34mDEBUG[0m [2mwayvid::video::mpv[0m[2m:[0m   ✓ Frame rendered successfully
[2m2025-10-23T08:08:09.519381Z[0m [33m WARN[0m [2mwayvid::backend::wayland::surface[0m[2m:[0m resume_playback not supported with shared decode context
[2m2025-10-23T08:08:09.519396Z[0m [33m WARN[0m [2mwayvid::backend::wayland::surface[0m[2m:[0m resume_playback not supported with shared decode context
[2m2025-10-23T08:08:09.519423Z[0m [34mDEBUG[0m [2mwayvid::video::mpv[0m[2m:[0m 🎬 Rendering frame: 2560x1440 to FBO 0
[2m2025-10-23T08:08:09.552470Z[0m [34mDEBUG[0m [2mwayvid::video::mpv[0m[2m:[0m   ✓ Frame rendered successfully
[2m2025-10-23T08:08:09.552745Z[0m [33m WARN[0m [2mwayvid::backend::wayland::surface[0m[2m:[0m resume_playback not supported with shared decode context
[2m2025-10-23T08:08:09.552758Z[0m [33m WARN[0m [2mwayvid::backend::wayland::surface[0m[2m:[0m resume_playback not supported with shared decode context
[2m2025-10-23T08:08:09.552784Z[0m [34mDEBUG[0m [2mwayvid::video::mpv[0m[2m:[0m 🎬 Rendering frame: 2160x1215 to FBO 0
[2m2025-10-23T08:08:09.585800Z[0m [34mDEBUG[0m [2mwayvid::video::mpv[0m[2m:[0m   ✓ Frame rendered successfully
[2m2025-10-23T08:08:09.586120Z[0m [33m WARN[0m [2mwayvid::backend::wayland::surface[0m[2m:[0m resume_playback not supported with shared decode context
[2m2025-10-23T08:08:09.586136Z[0m [33m WARN[0m [2mwayvid::backend::wayland::surface[0m[2m:[0m resume_playback not supported with shared decode context
[2m2025-10-23T08:08:09.586163Z[0m [34mDEBUG[0m [2mwayvid::video::mpv[0m[2m:[0m 🎬 Rendering frame: 2560x1440 to FBO 0
[2m2025-10-23T08:08:09.619136Z[0m [34mDEBUG[0m [2mwayvid::video::mpv[0m[2m:[0m   ✓ Frame rendered successfully
[2m2025-10-23T08:08:09.619461Z[0m [33m WARN[0m [2mwayvid::backend::wayland::surface[0m[2m:[0m resume_playback not supported with shared decode context
[2m2025-10-23T08:08:09.619476Z[0m [33m WARN[0m [2mwayvid::backend::wayland::surface[0m[2m:[0m resume_playback not supported with shared decode context
[2m2025-10-23T08:08:09.619507Z[0m [34mDEBUG[0m [2mwayvid::video::mpv[0m[2m:[0m 🎬 Rendering frame: 2160x1215 to FBO 0
[2m2025-10-23T08:08:09.652470Z[0m [34mDEBUG[0m [2mwayvid::video::mpv[0m[2m:[0m   ✓ Frame rendered successfully
[2m2025-10-23T08:08:09.652779Z[0m [33m WARN[0m [2mwayvid::backend::wayland::surface[0m[2m:[0m resume_playback not supported with shared decode context
[2m2025-10-23T08:08:09.652794Z[0m [33m WARN[0m [2mwayvid::backend::wayland::surface[0m[2m:[0m resume_playback not supported with shared decode context
[2m2025-10-23T08:08:09.652892Z[0m [34mDEBUG[0m [2mwayvid::video::mpv[0m[2m:[0m 🎬 Rendering frame: 2560x1440 to FBO 0
[2m2025-10-23T08:08:09.685765Z[0m [34mDEBUG[0m [2mwayvid::video::mpv[0m[2m:[0m   ✓ Frame rendered successfully
[2m2025-10-23T08:08:09.686107Z[0m [33m WARN[0m [2mwayvid::backend::wayland::surface[0m[2m:[0m resume_playback not supported with shared decode context
[2m2025-10-23T08:08:09.686121Z[0m [33m WARN[0m [2mwayvid::backend::wayland::surface[0m[2m:[0m resume_playback not supported with shared decode context
[2m2025-10-23T08:08:09.686166Z[0m [34mDEBUG[0m [2mwayvid::video::mpv[0m[2m:[0m 🎬 Rendering frame: 2160x1215 to FBO 0
[2m2025-10-23T08:08:09.719113Z[0m [34mDEBUG[0m [2mwayvid::video::mpv[0m[2m:[0m   ✓ Frame rendered successfully
[2m2025-10-23T08:08:09.719386Z[0m [33m WARN[0m [2mwayvid::backend::wayland::surface[0m[2m:[0m resume_playback not supported with shared decode context
[2m2025-10-23T08:08:09.719399Z[0m [33m WARN[0m [2mwayvid::backend::wayland::surface[0m[2m:[0m resume_playback not supported with shared decode context
[2m2025-10-23T08:08:09.721703Z[0m [33m WARN[0m [2mwayvid::backend::wayland::surface[0m[2m:[0m resume_playback not supported with shared decode context
[2m2025-10-23T08:08:09.721714Z[0m [33m WARN[0m [2mwayvid::backend::wayland::surface[0m[2m:[0m resume_playback not supported with shared decode context
[2m2025-10-23T08:08:09.721746Z[0m [34mDEBUG[0m [2mwayvid::video::mpv[0m[2m:[0m 🎬 Rendering frame: 2560x1440 to FBO 0
[2m2025-10-23T08:08:09.752460Z[0m [34mDEBUG[0m [2mwayvid::video::mpv[0m[2m:[0m   ✓ Frame rendered successfully
[2m2025-10-23T08:08:09.752721Z[0m [33m WARN[0m [2mwayvid::backend::wayland::surface[0m[2m:[0m resume_playback not supported with shared decode context
[2m2025-10-23T08:08:09.752737Z[0m [33m WARN[0m [2mwayvid::backend::wayland::surface[0m[2m:[0m resume_playback not supported with shared decode context
[2m2025-10-23T08:08:09.752764Z[0m [34mDEBUG[0m [2mwayvid::video::mpv[0m[2m:[0m 🎬 Rendering frame: 2160x1215 to FBO 0
[2m2025-10-23T08:08:09.785798Z[0m [34mDEBUG[0m [2mwayvid::video::mpv[0m[2m:[0m   ✓ Frame rendered successfully
[2m2025-10-23T08:08:09.786060Z[0m [33m WARN[0m [2mwayvid::backend::wayland::surface[0m[2m:[0m resume_playback not supported with shared decode context
[2m2025-10-23T08:08:09.786075Z[0m [33m WARN[0m [2mwayvid::backend::wayland::surface[0m[2m:[0m resume_playback not supported with shared decode context
[2m2025-10-23T08:08:09.786103Z[0m [34mDEBUG[0m [2mwayvid::video::mpv[0m[2m:[0m 🎬 Rendering frame: 2560x1440 to FBO 0
[2m2025-10-23T08:08:09.819154Z[0m [34mDEBUG[0m [2mwayvid::video::mpv[0m[2m:[0m   ✓ Frame rendered successfully
[2m2025-10-23T08:08:09.819451Z[0m [33m WARN[0m [2mwayvid::backend::wayland::surface[0m[2m:[0m resume_playback not supported with shared decode context
[2m2025-10-23T08:08:09.819469Z[0m [33m WARN[0m [2mwayvid::backend::wayland::surface[0m[2m:[0m resume_playback not supported with shared decode context
[2m2025-10-23T08:08:09.819498Z[0m [34mDEBUG[0m [2mwayvid::video::mpv[0m[2m:[0m 🎬 Rendering frame: 2160x1215 to FBO 0
[2m2025-10-23T08:08:09.852460Z[0m [34mDEBUG[0m [2mwayvid::video::mpv[0m[2m:[0m   ✓ Frame rendered successfully
[2m2025-10-23T08:08:09.852778Z[0m [33m WARN[0m [2mwayvid::backend::wayland::surface[0m[2m:[0m resume_playback not supported with shared decode context
[2m2025-10-23T08:08:09.852794Z[0m [33m WARN[0m [2mwayvid::backend::wayland::surface[0m[2m:[0m resume_playback not supported with shared decode context
[2m2025-10-23T08:08:09.852827Z[0m [34mDEBUG[0m [2mwayvid::video::mpv[0m[2m:[0m 🎬 Rendering frame: 2560x1440 to FBO 0
[2m2025-10-23T08:08:09.885815Z[0m [34mDEBUG[0m [2mwayvid::video::mpv[0m[2m:[0m   ✓ Frame rendered successfully
[2m2025-10-23T08:08:09.886116Z[0m [33m WARN[0m [2mwayvid::backend::wayland::surface[0m[2m:[0m resume_playback not supported with shared decode context
[2m2025-10-23T08:08:09.886131Z[0m [33m WARN[0m [2mwayvid::backend::wayland::surface[0m[2m:[0m resume_playback not supported with shared decode context
[2m2025-10-23T08:08:09.886162Z[0m [34mDEBUG[0m [2mwayvid::video::mpv[0m[2m:[0m 🎬 Rendering frame: 2160x1215 to FBO 0
[2m2025-10-23T08:08:09.919132Z[0m [34mDEBUG[0m [2mwayvid::video::mpv[0m[2m:[0m   ✓ Frame rendered successfully
[2m2025-10-23T08:08:09.919421Z[0m [33m WARN[0m [2mwayvid::backend::wayland::surface[0m[2m:[0m resume_playback not supported with shared decode context
[2m2025-10-23T08:08:09.919447Z[0m [33m WARN[0m [2mwayvid::backend::wayland::surface[0m[2m:[0m resume_playback not supported with shared decode context
[2m2025-10-23T08:08:09.922920Z[0m [33m WARN[0m [2mwayvid::backend::wayland::surface[0m[2m:[0m resume_playback not supported with shared decode context
[2m2025-10-23T08:08:09.922950Z[0m [33m WARN[0m [2mwayvid::backend::wayland::surface[0m[2m:[0m resume_playback not supported with shared decode context
[2m2025-10-23T08:08:09.922996Z[0m [34mDEBUG[0m [2mwayvid::video::mpv[0m[2m:[0m 🎬 Rendering frame: 2560x1440 to FBO 0
[2m2025-10-23T08:08:09.952479Z[0m [34mDEBUG[0m [2mwayvid::video::mpv[0m[2m:[0m   ✓ Frame rendered successfully
[2m2025-10-23T08:08:09.952798Z[0m [33m WARN[0m [2mwayvid::backend::wayland::surface[0m[2m:[0m resume_playback not supported with shared decode context
[2m2025-10-23T08:08:09.952813Z[0m [33m WARN[0m [2mwayvid::backend::wayland::surface[0m[2m:[0m resume_playback not supported with shared decode context
[2m2025-10-23T08:08:09.952849Z[0m [34mDEBUG[0m [2mwayvid::video::mpv[0m[2m:[0m 🎬 Rendering frame: 2160x1215 to FBO 0
[2m2025-10-23T08:08:09.985815Z[0m [34mDEBUG[0m [2mwayvid::video::mpv[0m[2m:[0m   ✓ Frame rendered successfully
[2m2025-10-23T08:08:09.986081Z[0m [33m WARN[0m [2mwayvid::backend::wayland::surface[0m[2m:[0m resume_playback not supported with shared decode context
[2m2025-10-23T08:08:09.986093Z[0m [33m WARN[0m [2mwayvid::backend::wayland::surface[0m[2m:[0m resume_playback not supported with shared decode context
[2m2025-10-23T08:08:09.986129Z[0m [34mDEBUG[0m [2mwayvid::video::mpv[0m[2m:[0m 🎬 Rendering frame: 2560x1440 to FBO 0
[2m2025-10-23T08:08:10.019147Z[0m [34mDEBUG[0m [2mwayvid::video::mpv[0m[2m:[0m   ✓ Frame rendered successfully
[2m2025-10-23T08:08:10.019418Z[0m [33m WARN[0m [2mwayvid::backend::wayland::surface[0m[2m:[0m resume_playback not supported with shared decode context
[2m2025-10-23T08:08:10.019433Z[0m [33m WARN[0m [2mwayvid::backend::wayland::surface[0m[2m:[0m resume_playback not supported with shared decode context
[2m2025-10-23T08:08:10.019471Z[0m [34mDEBUG[0m [2mwayvid::video::mpv[0m[2m:[0m 🎬 Rendering frame: 2160x1215 to FBO 0
[2m2025-10-23T08:08:10.052485Z[0m [34mDEBUG[0m [2mwayvid::video::mpv[0m[2m:[0m   ✓ Frame rendered successfully
[2m2025-10-23T08:08:10.052744Z[0m [33m WARN[0m [2mwayvid::backend::wayland::surface[0m[2m:[0m resume_playback not supported with shared decode context
[2m2025-10-23T08:08:10.052758Z[0m [33m WARN[0m [2mwayvid::backend::wayland::surface[0m[2m:[0m resume_playback not supported with shared decode context
[2m2025-10-23T08:08:10.052790Z[0m [34mDEBUG[0m [2mwayvid::video::mpv[0m[2m:[0m 🎬 Rendering frame: 2560x1440 to FBO 0
[2m2025-10-23T08:08:10.085881Z[0m [34mDEBUG[0m [2mwayvid::video::mpv[0m[2m:[0m   ✓ Frame rendered successfully
[2m2025-10-23T08:08:10.086161Z[0m [33m WARN[0m [2mwayvid::backend::wayland::surface[0m[2m:[0m resume_playback not supported with shared decode context
[2m2025-10-23T08:08:10.086178Z[0m [33m WARN[0m [2mwayvid::backend::wayland::surface[0m[2m:[0m resume_playback not supported with shared decode context
[2m2025-10-23T08:08:10.089627Z[0m [33m WARN[0m [2mwayvid::backend::wayland::surface[0m[2m:[0m resume_playback not supported with shared decode context
[2m2025-10-23T08:08:10.089652Z[0m [33m WARN[0m [2mwayvid::backend::wayland::surface[0m[2m:[0m resume_playback not supported with shared decode context
[2m2025-10-23T08:08:10.089668Z[0m [34mDEBUG[0m [2mwayvid::video::mpv[0m[2m:[0m 🎬 Rendering frame: 2560x1440 to FBO 0
[2m2025-10-23T08:08:10.119124Z[0m [34mDEBUG[0m [2mwayvid::video::mpv[0m[2m:[0m   ✓ Frame rendered successfully
[2m2025-10-23T08:08:10.119465Z[0m [33m WARN[0m [2mwayvid::backend::wayland::surface[0m[2m:[0m resume_playback not supported with shared decode context
[2m2025-10-23T08:08:10.119495Z[0m [33m WARN[0m [2mwayvid::backend::wayland::surface[0m[2m:[0m resume_playback not supported with shared decode context
[2m2025-10-23T08:08:10.119527Z[0m [34mDEBUG[0m [2mwayvid::video::mpv[0m[2m:[0m 🎬 Rendering frame: 2160x1215 to FBO 0
[2m2025-10-23T08:08:10.152457Z[0m [34mDEBUG[0m [2mwayvid::video::mpv[0m[2m:[0m   ✓ Frame rendered successfully
[2m2025-10-23T08:08:10.152711Z[0m [33m WARN[0m [2mwayvid::backend::wayland::surface[0m[2m:[0m resume_playback not supported with shared decode context
[2m2025-10-23T08:08:10.152732Z[0m [33m WARN[0m [2mwayvid::backend::wayland::surface[0m[2m:[0m resume_playback not supported with shared decode context
[2m2025-10-23T08:08:10.152768Z[0m [34mDEBUG[0m [2mwayvid::video::mpv[0m[2m:[0m 🎬 Rendering frame: 2560x1440 to FBO 0
[2m2025-10-23T08:08:10.185817Z[0m [34mDEBUG[0m [2mwayvid::video::mpv[0m[2m:[0m   ✓ Frame rendered successfully
[2m2025-10-23T08:08:10.186087Z[0m [33m WARN[0m [2mwayvid::backend::wayland::surface[0m[2m:[0m resume_playback not supported with shared decode context
[2m2025-10-23T08:08:10.186101Z[0m [33m WARN[0m [2mwayvid::backend::wayland::surface[0m[2m:[0m resume_playback not supported with shared decode context
[2m2025-10-23T08:08:10.186195Z[0m [34mDEBUG[0m [2mwayvid::video::mpv[0m[2m:[0m 🎬 Rendering frame: 2160x1215 to FBO 0
[2m2025-10-23T08:08:10.219471Z[0m [34mDEBUG[0m [2mwayvid::video::mpv[0m[2m:[0m   ✓ Frame rendered successfully
[2m2025-10-23T08:08:10.219716Z[0m [33m WARN[0m [2mwayvid::backend::wayland::surface[0m[2m:[0m resume_playback not supported with shared decode context
[2m2025-10-23T08:08:10.219729Z[0m [33m WARN[0m [2mwayvid::backend::wayland::surface[0m[2m:[0m resume_playback not supported with shared decode context
[2m2025-10-23T08:08:10.219762Z[0m [34mDEBUG[0m [2mwayvid::video::mpv[0m[2m:[0m 🎬 Rendering frame: 2560x1440 to FBO 0
[2m2025-10-23T08:08:10.252820Z[0m [34mDEBUG[0m [2mwayvid::video::mpv[0m[2m:[0m   ✓ Frame rendered successfully
[2m2025-10-23T08:08:10.253086Z[0m [33m WARN[0m [2mwayvid::backend::wayland::surface[0m[2m:[0m resume_playback not supported with shared decode context
[2m2025-10-23T08:08:10.253097Z[0m [33m WARN[0m [2mwayvid::backend::wayland::surface[0m[2m:[0m resume_playback not supported with shared decode context
[2m2025-10-23T08:08:10.253133Z[0m [34mDEBUG[0m [2mwayvid::video::mpv[0m[2m:[0m 🎬 Rendering frame: 2160x1215 to FBO 0
[2m2025-10-23T08:08:10.285792Z[0m [34mDEBUG[0m [2mwayvid::video::mpv[0m[2m:[0m   ✓ Frame rendered successfully
[2m2025-10-23T08:08:10.286064Z[0m [33m WARN[0m [2mwayvid::backend::wayland::surface[0m[2m:[0m resume_playback not supported with shared decode context
[2m2025-10-23T08:08:10.286080Z[0m [33m WARN[0m [2mwayvid::backend::wayland::surface[0m[2m:[0m resume_playback not supported with shared decode context
[2m2025-10-23T08:08:10.286117Z[0m [34mDEBUG[0m [2mwayvid::video::mpv[0m[2m:[0m 🎬 Rendering frame: 2560x1440 to FBO 0
[2m2025-10-23T08:08:10.319147Z[0m [34mDEBUG[0m [2mwayvid::video::mpv[0m[2m:[0m   ✓ Frame rendered successfully
[2m2025-10-23T08:08:10.319433Z[0m [33m WARN[0m [2mwayvid::backend::wayland::surface[0m[2m:[0m resume_playback not supported with shared decode context
[2m2025-10-23T08:08:10.319449Z[0m [33m WARN[0m [2mwayvid::backend::wayland::surface[0m[2m:[0m resume_playback not supported with shared decode context
[2m2025-10-23T08:08:10.319483Z[0m [34mDEBUG[0m [2mwayvid::video::mpv[0m[2m:[0m 🎬 Rendering frame: 2160x1215 to FBO 0
[2m2025-10-23T08:08:10.352882Z[0m [34mDEBUG[0m [2mwayvid::video::mpv[0m[2m:[0m   ✓ Frame rendered successfully
[2m2025-10-23T08:08:10.353158Z[0m [33m WARN[0m [2mwayvid::backend::wayland::surface[0m[2m:[0m resume_playback not supported with shared decode context
[2m2025-10-23T08:08:10.353167Z[0m [33m WARN[0m [2mwayvid::backend::wayland::surface[0m[2m:[0m resume_playback not supported with shared decode context
[2m2025-10-23T08:08:10.353213Z[0m [34mDEBUG[0m [2mwayvid::video::mpv[0m[2m:[0m 🎬 Rendering frame: 2560x1440 to FBO 0
[2m2025-10-23T08:08:10.385808Z[0m [34mDEBUG[0m [2mwayvid::video::mpv[0m[2m:[0m   ✓ Frame rendered successfully
[2m2025-10-23T08:08:10.386061Z[0m [33m WARN[0m [2mwayvid::backend::wayland::surface[0m[2m:[0m resume_playback not supported with shared decode context
[2m2025-10-23T08:08:10.386075Z[0m [33m WARN[0m [2mwayvid::backend::wayland::surface[0m[2m:[0m resume_playback not supported with shared decode context
[2m2025-10-23T08:08:10.386110Z[0m [34mDEBUG[0m [2mwayvid::video::mpv[0m[2m:[0m 🎬 Rendering frame: 2160x1215 to FBO 0
[2m2025-10-23T08:08:10.419448Z[0m [34mDEBUG[0m [2mwayvid::video::mpv[0m[2m:[0m   ✓ Frame rendered successfully
[2m2025-10-23T08:08:10.419679Z[0m [33m WARN[0m [2mwayvid::backend::wayland::surface[0m[2m:[0m resume_playback not supported with shared decode context
[2m2025-10-23T08:08:10.419689Z[0m [33m WARN[0m [2mwayvid::backend::wayland::surface[0m[2m:[0m resume_playback not supported with shared decode context
[2m2025-10-23T08:08:10.419717Z[0m [34mDEBUG[0m [2mwayvid::video::mpv[0m[2m:[0m 🎬 Rendering frame: 2560x1440 to FBO 0
[2m2025-10-23T08:08:10.453042Z[0m [34mDEBUG[0m [2mwayvid::video::mpv[0m[2m:[0m   ✓ Frame rendered successfully
[2m2025-10-23T08:08:10.453297Z[0m [33m WARN[0m [2mwayvid::backend::wayland::surface[0m[2m:[0m resume_playback not supported with shared decode context
[2m2025-10-23T08:08:10.453309Z[0m [33m WARN[0m [2mwayvid::backend::wayland::surface[0m[2m:[0m resume_playback not supported with shared decode context
[2m2025-10-23T08:08:10.453338Z[0m [34mDEBUG[0m [2mwayvid::video::mpv[0m[2m:[0m 🎬 Rendering frame: 2160x1215 to FBO 0
[2m2025-10-23T08:08:10.485814Z[0m [34mDEBUG[0m [2mwayvid::video::mpv[0m[2m:[0m   ✓ Frame rendered successfully
[2m2025-10-23T08:08:10.486067Z[0m [33m WARN[0m [2mwayvid::backend::wayland::surface[0m[2m:[0m resume_playback not supported with shared decode context
[2m2025-10-23T08:08:10.486080Z[0m [33m WARN[0m [2mwayvid::backend::wayland::surface[0m[2m:[0m resume_playback not supported with shared decode context
[2m2025-10-23T08:08:10.486114Z[0m [34mDEBUG[0m [2mwayvid::video::mpv[0m[2m:[0m 🎬 Rendering frame: 2560x1440 to FBO 0
[2m2025-10-23T08:08:10.519148Z[0m [34mDEBUG[0m [2mwayvid::video::mpv[0m[2m:[0m   ✓ Frame rendered successfully
[2m2025-10-23T08:08:10.519414Z[0m [33m WARN[0m [2mwayvid::backend::wayland::surface[0m[2m:[0m resume_playback not supported with shared decode context
[2m2025-10-23T08:08:10.519428Z[0m [33m WARN[0m [2mwayvid::backend::wayland::surface[0m[2m:[0m resume_playback not supported with shared decode context
[2m2025-10-23T08:08:10.519457Z[0m [34mDEBUG[0m [2mwayvid::video::mpv[0m[2m:[0m 🎬 Rendering frame: 2160x1215 to FBO 0
[2m2025-10-23T08:08:10.552464Z[0m [34mDEBUG[0m [2mwayvid::video::mpv[0m[2m:[0m   ✓ Frame rendered successfully
[2m2025-10-23T08:08:10.552735Z[0m [33m WARN[0m [2mwayvid::backend::wayland::surface[0m[2m:[0m resume_playback not supported with shared decode context
[2m2025-10-23T08:08:10.552748Z[0m [33m WARN[0m [2mwayvid::backend::wayland::surface[0m[2m:[0m resume_playback not supported with shared decode context
[2m2025-10-23T08:08:10.552779Z[0m [34mDEBUG[0m [2mwayvid::video::mpv[0m[2m:[0m 🎬 Rendering frame: 2560x1440 to FBO 0
[2m2025-10-23T08:08:10.585809Z[0m [34mDEBUG[0m [2mwayvid::video::mpv[0m[2m:[0m   ✓ Frame rendered successfully
[2m2025-10-23T08:08:10.586095Z[0m [33m WARN[0m [2mwayvid::backend::wayland::surface[0m[2m:[0m resume_playback not supported with shared decode context
[2m2025-10-23T08:08:10.586109Z[0m [33m WARN[0m [2mwayvid::backend::wayland::surface[0m[2m:[0m resume_playback not supported with shared decode context
[2m2025-10-23T08:08:10.586144Z[0m [34mDEBUG[0m [2mwayvid::video::mpv[0m[2m:[0m 🎬 Rendering frame: 2160x1215 to FBO 0
[2m2025-10-23T08:08:10.619139Z[0m [34mDEBUG[0m [2mwayvid::video::mpv[0m[2m:[0m   ✓ Frame rendered successfully
[2m2025-10-23T08:08:10.619381Z[0m [33m WARN[0m [2mwayvid::backend::wayland::surface[0m[2m:[0m resume_playback not supported with shared decode context
[2m2025-10-23T08:08:10.619399Z[0m [33m WARN[0m [2mwayvid::backend::wayland::surface[0m[2m:[0m resume_playback not supported with shared decode context
[2m2025-10-23T08:08:10.619429Z[0m [34mDEBUG[0m [2mwayvid::video::mpv[0m[2m:[0m 🎬 Rendering frame: 2560x1440 to FBO 0
[2m2025-10-23T08:08:10.652471Z[0m [34mDEBUG[0m [2mwayvid::video::mpv[0m[2m:[0m   ✓ Frame rendered successfully
[2m2025-10-23T08:08:10.652728Z[0m [33m WARN[0m [2mwayvid::backend::wayland::surface[0m[2m:[0m resume_playback not supported with shared decode context
[2m2025-10-23T08:08:10.652743Z[0m [33m WARN[0m [2mwayvid::backend::wayland::surface[0m[2m:[0m resume_playback not supported with shared decode context
[2m2025-10-23T08:08:10.652772Z[0m [34mDEBUG[0m [2mwayvid::video::mpv[0m[2m:[0m 🎬 Rendering frame: 2160x1215 to FBO 0
[2m2025-10-23T08:08:10.685905Z[0m [34mDEBUG[0m [2mwayvid::video::mpv[0m[2m:[0m   ✓ Frame rendered successfully
[2m2025-10-23T08:08:10.686201Z[0m [33m WARN[0m [2mwayvid::backend::wayland::surface[0m[2m:[0m resume_playback not supported with shared decode context
[2m2025-10-23T08:08:10.686217Z[0m [33m WARN[0m [2mwayvid::backend::wayland::surface[0m[2m:[0m resume_playback not supported with shared decode context
[2m2025-10-23T08:08:10.686253Z[0m [34mDEBUG[0m [2mwayvid::video::mpv[0m[2m:[0m 🎬 Rendering frame: 2560x1440 to FBO 0
[2m2025-10-23T08:08:10.719121Z[0m [34mDEBUG[0m [2mwayvid::video::mpv[0m[2m:[0m   ✓ Frame rendered successfully
[2m2025-10-23T08:08:10.719395Z[0m [33m WARN[0m [2mwayvid::backend::wayland::surface[0m[2m:[0m resume_playback not supported with shared decode context
[2m2025-10-23T08:08:10.719413Z[0m [33m WARN[0m [2mwayvid::backend::wayland::surface[0m[2m:[0m resume_playback not supported with shared decode context
[2m2025-10-23T08:08:10.719443Z[0m [34mDEBUG[0m [2mwayvid::video::mpv[0m[2m:[0m 🎬 Rendering frame: 2160x1215 to FBO 0
[2m2025-10-23T08:08:10.752452Z[0m [34mDEBUG[0m [2mwayvid::video::mpv[0m[2m:[0m   ✓ Frame rendered successfully
[2m2025-10-23T08:08:10.752719Z[0m [33m WARN[0m [2mwayvid::backend::wayland::surface[0m[2m:[0m resume_playback not supported with shared decode context
[2m2025-10-23T08:08:10.752735Z[0m [33m WARN[0m [2mwayvid::backend::wayland::surface[0m[2m:[0m resume_playback not supported with shared decode context
[2m2025-10-23T08:08:10.752769Z[0m [34mDEBUG[0m [2mwayvid::video::mpv[0m[2m:[0m 🎬 Rendering frame: 2560x1440 to FBO 0
[2m2025-10-23T08:08:10.785781Z[0m [34mDEBUG[0m [2mwayvid::video::mpv[0m[2m:[0m   ✓ Frame rendered successfully
[2m2025-10-23T08:08:10.786024Z[0m [33m WARN[0m [2mwayvid::backend::wayland::surface[0m[2m:[0m resume_playback not supported with shared decode context
[2m2025-10-23T08:08:10.786040Z[0m [33m WARN[0m [2mwayvid::backend::wayland::surface[0m[2m:[0m resume_playback not supported with shared decode context
[2m2025-10-23T08:08:10.786068Z[0m [34mDEBUG[0m [2mwayvid::video::mpv[0m[2m:[0m 🎬 Rendering frame: 2160x1215 to FBO 0
[2m2025-10-23T08:08:10.819135Z[0m [34mDEBUG[0m [2mwayvid::video::mpv[0m[2m:[0m   ✓ Frame rendered successfully
[2m2025-10-23T08:08:10.819443Z[0m [33m WARN[0m [2mwayvid::backend::wayland::surface[0m[2m:[0m resume_playback not supported with shared decode context
[2m2025-10-23T08:08:10.819457Z[0m [33m WARN[0m [2mwayvid::backend::wayland::surface[0m[2m:[0m resume_playback not supported with shared decode context
[2m2025-10-23T08:08:10.819498Z[0m [34mDEBUG[0m [2mwayvid::video::mpv[0m[2m:[0m 🎬 Rendering frame: 2560x1440 to FBO 0
[2m2025-10-23T08:08:10.852459Z[0m [34mDEBUG[0m [2mwayvid::video::mpv[0m[2m:[0m   ✓ Frame rendered successfully
[2m2025-10-23T08:08:10.852842Z[0m [33m WARN[0m [2mwayvid::backend::wayland::surface[0m[2m:[0m resume_playback not supported with shared decode context
[2m2025-10-23T08:08:10.852859Z[0m [33m WARN[0m [2mwayvid::backend::wayland::surface[0m[2m:[0m resume_playback not supported with shared decode context
[2m2025-10-23T08:08:10.852898Z[0m [34mDEBUG[0m [2mwayvid::video::mpv[0m[2m:[0m 🎬 Rendering frame: 2160x1215 to FBO 0
[2m2025-10-23T08:08:10.885786Z[0m [34mDEBUG[0m [2mwayvid::video::mpv[0m[2m:[0m   ✓ Frame rendered successfully
[2m2025-10-23T08:08:10.886043Z[0m [33m WARN[0m [2mwayvid::backend::wayland::surface[0m[2m:[0m resume_playback not supported with shared decode context
[2m2025-10-23T08:08:10.886056Z[0m [33m WARN[0m [2mwayvid::backend::wayland::surface[0m[2m:[0m resume_playback not supported with shared decode context
[2m2025-10-23T08:08:10.886084Z[0m [34mDEBUG[0m [2mwayvid::video::mpv[0m[2m:[0m 🎬 Rendering frame: 2560x1440 to FBO 0
[2m2025-10-23T08:08:10.919123Z[0m [34mDEBUG[0m [2mwayvid::video::mpv[0m[2m:[0m   ✓ Frame rendered successfully
[2m2025-10-23T08:08:10.919418Z[0m [33m WARN[0m [2mwayvid::backend::wayland::surface[0m[2m:[0m resume_playback not supported with shared decode context
[2m2025-10-23T08:08:10.919437Z[0m [33m WARN[0m [2mwayvid::backend::wayland::surface[0m[2m:[0m resume_playback not supported with shared decode context
[2m2025-10-23T08:08:10.919472Z[0m [34mDEBUG[0m [2mwayvid::video::mpv[0m[2m:[0m 🎬 Rendering frame: 2160x1215 to FBO 0
[2m2025-10-23T08:08:10.952802Z[0m [34mDEBUG[0m [2mwayvid::video::mpv[0m[2m:[0m   ✓ Frame rendered successfully
[2m2025-10-23T08:08:10.953101Z[0m [33m WARN[0m [2mwayvid::backend::wayland::surface[0m[2m:[0m resume_playback not supported with shared decode context
[2m2025-10-23T08:08:10.953113Z[0m [33m WARN[0m [2mwayvid::backend::wayland::surface[0m[2m:[0m resume_playback not supported with shared decode context
[2m2025-10-23T08:08:10.953145Z[0m [34mDEBUG[0m [2mwayvid::video::mpv[0m[2m:[0m 🎬 Rendering frame: 2560x1440 to FBO 0
[2m2025-10-23T08:08:10.985782Z[0m [34mDEBUG[0m [2mwayvid::video::mpv[0m[2m:[0m   ✓ Frame rendered successfully
[2m2025-10-23T08:08:10.986042Z[0m [33m WARN[0m [2mwayvid::backend::wayland::surface[0m[2m:[0m resume_playback not supported with shared decode context
[2m2025-10-23T08:08:10.986061Z[0m [33m WARN[0m [2mwayvid::backend::wayland::surface[0m[2m:[0m resume_playback not supported with shared decode context
[2m2025-10-23T08:08:10.986088Z[0m [34mDEBUG[0m [2mwayvid::video::mpv[0m[2m:[0m 🎬 Rendering frame: 2160x1215 to FBO 0
[2m2025-10-23T08:08:11.019115Z[0m [34mDEBUG[0m [2mwayvid::video::mpv[0m[2m:[0m   ✓ Frame rendered successfully
[2m2025-10-23T08:08:11.019368Z[0m [33m WARN[0m [2mwayvid::backend::wayland::surface[0m[2m:[0m resume_playback not supported with shared decode context
[2m2025-10-23T08:08:11.019386Z[0m [33m WARN[0m [2mwayvid::backend::wayland::surface[0m[2m:[0m resume_playback not supported with shared decode context
[2m2025-10-23T08:08:11.020238Z[0m [33m WARN[0m [2mwayvid::backend::wayland::surface[0m[2m:[0m resume_playback not supported with shared decode context
[2m2025-10-23T08:08:11.020247Z[0m [33m WARN[0m [2mwayvid::backend::wayland::surface[0m[2m:[0m resume_playback not supported with shared decode context
[2m2025-10-23T08:08:11.020281Z[0m [34mDEBUG[0m [2mwayvid::video::mpv[0m[2m:[0m 🎬 Rendering frame: 2560x1440 to FBO 0
[2m2025-10-23T08:08:11.052937Z[0m [34mDEBUG[0m [2mwayvid::video::mpv[0m[2m:[0m   ✓ Frame rendered successfully
[2m2025-10-23T08:08:11.053215Z[0m [33m WARN[0m [2mwayvid::backend::wayland::surface[0m[2m:[0m resume_playback not supported with shared decode context
[2m2025-10-23T08:08:11.053232Z[0m [33m WARN[0m [2mwayvid::backend::wayland::surface[0m[2m:[0m resume_playback not supported with shared decode context
[2m2025-10-23T08:08:11.053290Z[0m [34mDEBUG[0m [2mwayvid::video::mpv[0m[2m:[0m 🎬 Rendering frame: 2160x1215 to FBO 0
[2m2025-10-23T08:08:11.085783Z[0m [34mDEBUG[0m [2mwayvid::video::mpv[0m[2m:[0m   ✓ Frame rendered successfully
[2m2025-10-23T08:08:11.086051Z[0m [33m WARN[0m [2mwayvid::backend::wayland::surface[0m[2m:[0m resume_playback not supported with shared decode context
[2m2025-10-23T08:08:11.086068Z[0m [33m WARN[0m [2mwayvid::backend::wayland::surface[0m[2m:[0m resume_playback not supported with shared decode context
[2m2025-10-23T08:08:11.086099Z[0m [34mDEBUG[0m [2mwayvid::video::mpv[0m[2m:[0m 🎬 Rendering frame: 2560x1440 to FBO 0
[2m2025-10-23T08:08:11.119105Z[0m [34mDEBUG[0m [2mwayvid::video::mpv[0m[2m:[0m   ✓ Frame rendered successfully
[2m2025-10-23T08:08:11.119323Z[0m [33m WARN[0m [2mwayvid::backend::wayland::surface[0m[2m:[0m resume_playback not supported with shared decode context
[2m2025-10-23T08:08:11.119332Z[0m [33m WARN[0m [2mwayvid::backend::wayland::surface[0m[2m:[0m resume_playback not supported with shared decode context
[2m2025-10-23T08:08:11.119362Z[0m [34mDEBUG[0m [2mwayvid::video::mpv[0m[2m:[0m 🎬 Rendering frame: 2160x1215 to FBO 0
[2m2025-10-23T08:08:11.152444Z[0m [34mDEBUG[0m [2mwayvid::video::mpv[0m[2m:[0m   ✓ Frame rendered successfully
[2m2025-10-23T08:08:11.152689Z[0m [33m WARN[0m [2mwayvid::backend::wayland::surface[0m[2m:[0m resume_playback not supported with shared decode context
[2m2025-10-23T08:08:11.152704Z[0m [33m WARN[0m [2mwayvid::backend::wayland::surface[0m[2m:[0m resume_playback not supported with shared decode context
[2m2025-10-23T08:08:11.152732Z[0m [34mDEBUG[0m [2mwayvid::video::mpv[0m[2m:[0m 🎬 Rendering frame: 2560x1440 to FBO 0
[2m2025-10-23T08:08:11.185778Z[0m [34mDEBUG[0m [2mwayvid::video::mpv[0m[2m:[0m   ✓ Frame rendered successfully
[2m2025-10-23T08:08:11.186041Z[0m [33m WARN[0m [2mwayvid::backend::wayland::surface[0m[2m:[0m resume_playback not supported with shared decode context
[2m2025-10-23T08:08:11.186056Z[0m [33m WARN[0m [2mwayvid::backend::wayland::surface[0m[2m:[0m resume_playback not supported with shared decode context
[2m2025-10-23T08:08:11.186085Z[0m [34mDEBUG[0m [2mwayvid::video::mpv[0m[2m:[0m 🎬 Rendering frame: 2160x1215 to FBO 0
[2m2025-10-23T08:08:11.219116Z[0m [34mDEBUG[0m [2mwayvid::video::mpv[0m[2m:[0m   ✓ Frame rendered successfully
[2m2025-10-23T08:08:11.219404Z[0m [33m WARN[0m [2mwayvid::backend::wayland::surface[0m[2m:[0m resume_playback not supported with shared decode context
[2m2025-10-23T08:08:11.219414Z[0m [33m WARN[0m [2mwayvid::backend::wayland::surface[0m[2m:[0m resume_playback not supported with shared decode context
[2m2025-10-23T08:08:11.219445Z[0m [34mDEBUG[0m [2mwayvid::video::mpv[0m[2m:[0m 🎬 Rendering frame: 2560x1440 to FBO 0
[2m2025-10-23T08:08:11.252447Z[0m [34mDEBUG[0m [2mwayvid::video::mpv[0m[2m:[0m   ✓ Frame rendered successfully
[2m2025-10-23T08:08:11.252699Z[0m [33m WARN[0m [2mwayvid::backend::wayland::surface[0m[2m:[0m resume_playback not supported with shared decode context
[2m2025-10-23T08:08:11.252711Z[0m [33m WARN[0m [2mwayvid::backend::wayland::surface[0m[2m:[0m resume_playback not supported with shared decode context
[2m2025-10-23T08:08:11.252749Z[0m [34mDEBUG[0m [2mwayvid::video::mpv[0m[2m:[0m 🎬 Rendering frame: 2160x1215 to FBO 0
[2m2025-10-23T08:08:11.285778Z[0m [34mDEBUG[0m [2mwayvid::video::mpv[0m[2m:[0m   ✓ Frame rendered successfully
[2m2025-10-23T08:08:11.286046Z[0m [33m WARN[0m [2mwayvid::backend::wayland::surface[0m[2m:[0m resume_playback not supported with shared decode context
[2m2025-10-23T08:08:11.286055Z[0m [33m WARN[0m [2mwayvid::backend::wayland::surface[0m[2m:[0m resume_playback not supported with shared decode context
[2m2025-10-23T08:08:11.286089Z[0m [34mDEBUG[0m [2mwayvid::video::mpv[0m[2m:[0m 🎬 Rendering frame: 2560x1440 to FBO 0
[2m2025-10-23T08:08:11.319110Z[0m [34mDEBUG[0m [2mwayvid::video::mpv[0m[2m:[0m   ✓ Frame rendered successfully
[2m2025-10-23T08:08:11.319392Z[0m [33m WARN[0m [2mwayvid::backend::wayland::surface[0m[2m:[0m resume_playback not supported with shared decode context
[2m2025-10-23T08:08:11.319411Z[0m [33m WARN[0m [2mwayvid::backend::wayland::surface[0m[2m:[0m resume_playback not supported with shared decode context
[2m2025-10-23T08:08:11.319440Z[0m [34mDEBUG[0m [2mwayvid::video::mpv[0m[2m:[0m 🎬 Rendering frame: 2160x1215 to FBO 0
[2m2025-10-23T08:08:11.352452Z[0m [34mDEBUG[0m [2mwayvid::video::mpv[0m[2m:[0m   ✓ Frame rendered successfully
[2m2025-10-23T08:08:11.352804Z[0m [33m WARN[0m [2mwayvid::backend::wayland::surface[0m[2m:[0m resume_playback not supported with shared decode context
[2m2025-10-23T08:08:11.352823Z[0m [33m WARN[0m [2mwayvid::backend::wayland::surface[0m[2m:[0m resume_playback not supported with shared decode context
[2m2025-10-23T08:08:11.352857Z[0m [34mDEBUG[0m [2mwayvid::video::mpv[0m[2m:[0m 🎬 Rendering frame: 2560x1440 to FBO 0
[2m2025-10-23T08:08:11.385780Z[0m [34mDEBUG[0m [2mwayvid::video::mpv[0m[2m:[0m   ✓ Frame rendered successfully
[2m2025-10-23T08:08:11.386033Z[0m [33m WARN[0m [2mwayvid::backend::wayland::surface[0m[2m:[0m resume_playback not supported with shared decode context
[2m2025-10-23T08:08:11.386057Z[0m [33m WARN[0m [2mwayvid::backend::wayland::surface[0m[2m:[0m resume_playback not supported with shared decode context
[2m2025-10-23T08:08:11.388192Z[0m [33m WARN[0m [2mwayvid::backend::wayland::surface[0m[2m:[0m resume_playback not supported with shared decode context
[2m2025-10-23T08:08:11.388207Z[0m [33m WARN[0m [2mwayvid::backend::wayland::surface[0m[2m:[0m resume_playback not supported with shared decode context
[2m2025-10-23T08:08:11.388223Z[0m [34mDEBUG[0m [2mwayvid::video::mpv[0m[2m:[0m 🎬 Rendering frame: 2560x1440 to FBO 0
[2m2025-10-23T08:08:11.419109Z[0m [34mDEBUG[0m [2mwayvid::video::mpv[0m[2m:[0m   ✓ Frame rendered successfully
[2m2025-10-23T08:08:11.419451Z[0m [33m WARN[0m [2mwayvid::backend::wayland::surface[0m[2m:[0m resume_playback not supported with shared decode context
[2m2025-10-23T08:08:11.419472Z[0m [33m WARN[0m [2mwayvid::backend::wayland::surface[0m[2m:[0m resume_playback not supported with shared decode context
[2m2025-10-23T08:08:11.419511Z[0m [34mDEBUG[0m [2mwayvid::video::mpv[0m[2m:[0m 🎬 Rendering frame: 2160x1215 to FBO 0
[2m2025-10-23T08:08:11.452445Z[0m [34mDEBUG[0m [2mwayvid::video::mpv[0m[2m:[0m   ✓ Frame rendered successfully
[2m2025-10-23T08:08:11.452697Z[0m [33m WARN[0m [2mwayvid::backend::wayland::surface[0m[2m:[0m resume_playback not supported with shared decode context
[2m2025-10-23T08:08:11.452717Z[0m [33m WARN[0m [2mwayvid::backend::wayland::surface[0m[2m:[0m resume_playback not supported with shared decode context
[2m2025-10-23T08:08:11.452745Z[0m [34mDEBUG[0m [2mwayvid::video::mpv[0m[2m:[0m 🎬 Rendering frame: 2560x1440 to FBO 0
[2m2025-10-23T08:08:11.485781Z[0m [34mDEBUG[0m [2mwayvid::video::mpv[0m[2m:[0m   ✓ Frame rendered successfully
[2m2025-10-23T08:08:11.486418Z[0m [33m WARN[0m [2mwayvid::backend::wayland::surface[0m[2m:[0m resume_playback not supported with shared decode context
[2m2025-10-23T08:08:11.486431Z[0m [33m WARN[0m [2mwayvid::backend::wayland::surface[0m[2m:[0m resume_playback not supported with shared decode context
[2m2025-10-23T08:08:11.486458Z[0m [34mDEBUG[0m [2mwayvid::video::mpv[0m[2m:[0m 🎬 Rendering frame: 2160x1215 to FBO 0
[2m2025-10-23T08:08:11.519088Z[0m [34mDEBUG[0m [2mwayvid::video::mpv[0m[2m:[0m   ✓ Frame rendered successfully
[2m2025-10-23T08:08:11.519406Z[0m [33m WARN[0m [2mwayvid::backend::wayland::surface[0m[2m:[0m resume_playback not supported with shared decode context
[2m2025-10-23T08:08:11.519421Z[0m [33m WARN[0m [2mwayvid::backend::wayland::surface[0m[2m:[0m resume_playback not supported with shared decode context
[2m2025-10-23T08:08:11.519470Z[0m [34mDEBUG[0m [2mwayvid::video::mpv[0m[2m:[0m 🎬 Rendering frame: 2560x1440 to FBO 0
[2m2025-10-23T08:08:11.552696Z[0m [34mDEBUG[0m [2mwayvid::video::mpv[0m[2m:[0m   ✓ Frame rendered successfully
[2m2025-10-23T08:08:11.552944Z[0m [33m WARN[0m [2mwayvid::backend::wayland::surface[0m[2m:[0m resume_playback not supported with shared decode context
[2m2025-10-23T08:08:11.552956Z[0m [33m WARN[0m [2mwayvid::backend::wayland::surface[0m[2m:[0m resume_playback not supported with shared decode context
[2m2025-10-23T08:08:11.554890Z[0m [33m WARN[0m [2mwayvid::backend::wayland::surface[0m[2m:[0m resume_playback not supported with shared decode context
[2m2025-10-23T08:08:11.554911Z[0m [33m WARN[0m [2mwayvid::backend::wayland::surface[0m[2m:[0m resume_playback not supported with shared decode context
[2m2025-10-23T08:08:11.554927Z[0m [34mDEBUG[0m [2mwayvid::video::mpv[0m[2m:[0m 🎬 Rendering frame: 2560x1440 to FBO 0
[2m2025-10-23T08:08:11.585761Z[0m [34mDEBUG[0m [2mwayvid::video::mpv[0m[2m:[0m   ✓ Frame rendered successfully
[2m2025-10-23T08:08:11.586367Z[0m [33m WARN[0m [2mwayvid::backend::wayland::surface[0m[2m:[0m resume_playback not supported with shared decode context
[2m2025-10-23T08:08:11.586391Z[0m [33m WARN[0m [2mwayvid::backend::wayland::surface[0m[2m:[0m resume_playback not supported with shared decode context
[2m2025-10-23T08:08:11.586435Z[0m [34mDEBUG[0m [2mwayvid::video::mpv[0m[2m:[0m 🎬 Rendering frame: 2160x1215 to FBO 0
[2m2025-10-23T08:08:11.619108Z[0m [34mDEBUG[0m [2mwayvid::video::mpv[0m[2m:[0m   ✓ Frame rendered successfully
[2m2025-10-23T08:08:11.619675Z[0m [33m WARN[0m [2mwayvid::backend::wayland::surface[0m[2m:[0m resume_playback not supported with shared decode context
[2m2025-10-23T08:08:11.619701Z[0m [33m WARN[0m [2mwayvid::backend::wayland::surface[0m[2m:[0m resume_playback not supported with shared decode context
[2m2025-10-23T08:08:11.619745Z[0m [34mDEBUG[0m [2mwayvid::video::mpv[0m[2m:[0m 🎬 Rendering frame: 2560x1440 to FBO 0
[2m2025-10-23T08:08:11.652442Z[0m [34mDEBUG[0m [2mwayvid::video::mpv[0m[2m:[0m   ✓ Frame rendered successfully
[2m2025-10-23T08:08:11.652676Z[0m [33m WARN[0m [2mwayvid::backend::wayland::surface[0m[2m:[0m resume_playback not supported with shared decode context
[2m2025-10-23T08:08:11.652691Z[0m [33m WARN[0m [2mwayvid::backend::wayland::surface[0m[2m:[0m resume_playback not supported with shared decode context
[2m2025-10-23T08:08:11.652729Z[0m [34mDEBUG[0m [2mwayvid::video::mpv[0m[2m:[0m 🎬 Rendering frame: 2160x1215 to FBO 0
[2m2025-10-23T08:08:11.685772Z[0m [34mDEBUG[0m [2mwayvid::video::mpv[0m[2m:[0m   ✓ Frame rendered successfully
[2m2025-10-23T08:08:11.686047Z[0m [33m WARN[0m [2mwayvid::backend::wayland::surface[0m[2m:[0m resume_playback not supported with shared decode context
[2m2025-10-23T08:08:11.686058Z[0m [33m WARN[0m [2mwayvid::backend::wayland::surface[0m[2m:[0m resume_playback not supported with shared decode context
[2m2025-10-23T08:08:11.686087Z[0m [34mDEBUG[0m [2mwayvid::video::mpv[0m[2m:[0m 🎬 Rendering frame: 2560x1440 to FBO 0
[2m2025-10-23T08:08:11.719095Z[0m [34mDEBUG[0m [2mwayvid::video::mpv[0m[2m:[0m   ✓ Frame rendered successfully
[2m2025-10-23T08:08:11.719360Z[0m [33m WARN[0m [2mwayvid::backend::wayland::surface[0m[2m:[0m resume_playback not supported with shared decode context
[2m2025-10-23T08:08:11.719373Z[0m [33m WARN[0m [2mwayvid::backend::wayland::surface[0m[2m:[0m resume_playback not supported with shared decode context
[2m2025-10-23T08:08:11.719413Z[0m [34mDEBUG[0m [2mwayvid::video::mpv[0m[2m:[0m 🎬 Rendering frame: 2160x1215 to FBO 0
[2m2025-10-23T08:08:11.752421Z[0m [34mDEBUG[0m [2mwayvid::video::mpv[0m[2m:[0m   ✓ Frame rendered successfully
[2m2025-10-23T08:08:11.752682Z[0m [33m WARN[0m [2mwayvid::backend::wayland::surface[0m[2m:[0m resume_playback not supported with shared decode context
[2m2025-10-23T08:08:11.752723Z[0m [33m WARN[0m [2mwayvid::backend::wayland::surface[0m[2m:[0m resume_playback not supported with shared decode context
[2m2025-10-23T08:08:11.752762Z[0m [34mDEBUG[0m [2mwayvid::video::mpv[0m[2m:[0m 🎬 Rendering frame: 2560x1440 to FBO 0
[2m2025-10-23T08:08:11.785779Z[0m [34mDEBUG[0m [2mwayvid::video::mpv[0m[2m:[0m   ✓ Frame rendered successfully
[2m2025-10-23T08:08:11.786063Z[0m [33m WARN[0m [2mwayvid::backend::wayland::surface[0m[2m:[0m resume_playback not supported with shared decode context
[2m2025-10-23T08:08:11.786077Z[0m [33m WARN[0m [2mwayvid::backend::wayland::surface[0m[2m:[0m resume_playback not supported with shared decode context
[2m2025-10-23T08:08:11.786112Z[0m [34mDEBUG[0m [2mwayvid::video::mpv[0m[2m:[0m 🎬 Rendering frame: 2160x1215 to FBO 0
[2m2025-10-23T08:08:11.819126Z[0m [34mDEBUG[0m [2mwayvid::video::mpv[0m[2m:[0m   ✓ Frame rendered successfully
[2m2025-10-23T08:08:11.819431Z[0m [33m WARN[0m [2mwayvid::backend::wayland::surface[0m[2m:[0m resume_playback not supported with shared decode context
[2m2025-10-23T08:08:11.819448Z[0m [33m WARN[0m [2mwayvid::backend::wayland::surface[0m[2m:[0m resume_playback not supported with shared decode context
[2m2025-10-23T08:08:11.819480Z[0m [34mDEBUG[0m [2mwayvid::video::mpv[0m[2m:[0m 🎬 Rendering frame: 2560x1440 to FBO 0
[2m2025-10-23T08:08:11.852466Z[0m [34mDEBUG[0m [2mwayvid::video::mpv[0m[2m:[0m   ✓ Frame rendered successfully
[2m2025-10-23T08:08:11.852759Z[0m [33m WARN[0m [2mwayvid::backend::wayland::surface[0m[2m:[0m resume_playback not supported with shared decode context
[2m2025-10-23T08:08:11.852776Z[0m [33m WARN[0m [2mwayvid::backend::wayland::surface[0m[2m:[0m resume_playback not supported with shared decode context
[2m2025-10-23T08:08:11.852827Z[0m [34mDEBUG[0m [2mwayvid::video::mpv[0m[2m:[0m 🎬 Rendering frame: 2160x1215 to FBO 0
[2m2025-10-23T08:08:11.885774Z[0m [34mDEBUG[0m [2mwayvid::video::mpv[0m[2m:[0m   ✓ Frame rendered successfully
[2m2025-10-23T08:08:11.886025Z[0m [33m WARN[0m [2mwayvid::backend::wayland::surface[0m[2m:[0m resume_playback not supported with shared decode context
[2m2025-10-23T08:08:11.886040Z[0m [33m WARN[0m [2mwayvid::backend::wayland::surface[0m[2m:[0m resume_playback not supported with shared decode context
[2m2025-10-23T08:08:11.888128Z[0m [33m WARN[0m [2mwayvid::backend::wayland::surface[0m[2m:[0m resume_playback not supported with shared decode context
[2m2025-10-23T08:08:11.888146Z[0m [33m WARN[0m [2mwayvid::backend::wayland::surface[0m[2m:[0m resume_playback not supported with shared decode context
[2m2025-10-23T08:08:11.888200Z[0m [34mDEBUG[0m [2mwayvid::video::mpv[0m[2m:[0m 🎬 Rendering frame: 2560x1440 to FBO 0
[2m2025-10-23T08:08:11.919102Z[0m [34mDEBUG[0m [2mwayvid::video::mpv[0m[2m:[0m   ✓ Frame rendered successfully
[2m2025-10-23T08:08:11.919440Z[0m [33m WARN[0m [2mwayvid::backend::wayland::surface[0m[2m:[0m resume_playback not supported with shared decode context
[2m2025-10-23T08:08:11.919456Z[0m [33m WARN[0m [2mwayvid::backend::wayland::surface[0m[2m:[0m resume_playback not supported with shared decode context
[2m2025-10-23T08:08:11.919519Z[0m [34mDEBUG[0m [2mwayvid::video::mpv[0m[2m:[0m 🎬 Rendering frame: 2160x1215 to FBO 0
[2m2025-10-23T08:08:11.952437Z[0m [34mDEBUG[0m [2mwayvid::video::mpv[0m[2m:[0m   ✓ Frame rendered successfully
[2m2025-10-23T08:08:11.952694Z[0m [33m WARN[0m [2mwayvid::backend::wayland::surface[0m[2m:[0m resume_playback not supported with shared decode context
[2m2025-10-23T08:08:11.952711Z[0m [33m WARN[0m [2mwayvid::backend::wayland::surface[0m[2m:[0m resume_playback not supported with shared decode context
[2m2025-10-23T08:08:11.952740Z[0m [34mDEBUG[0m [2mwayvid::video::mpv[0m[2m:[0m 🎬 Rendering frame: 2560x1440 to FBO 0
[2m2025-10-23T08:08:11.985782Z[0m [34mDEBUG[0m [2mwayvid::video::mpv[0m[2m:[0m   ✓ Frame rendered successfully
[2m2025-10-23T08:08:11.986200Z[0m [33m WARN[0m [2mwayvid::backend::wayland::surface[0m[2m:[0m resume_playback not supported with shared decode context
[2m2025-10-23T08:08:11.986215Z[0m [33m WARN[0m [2mwayvid::backend::wayland::surface[0m[2m:[0m resume_playback not supported with shared decode context
[2m2025-10-23T08:08:11.992417Z[0m [33m WARN[0m [2mwayvid::backend::wayland::surface[0m[2m:[0m resume_playback not supported with shared decode context
[2m2025-10-23T08:08:11.992448Z[0m [33m WARN[0m [2mwayvid::backend::wayland::surface[0m[2m:[0m resume_playback not supported with shared decode context
[2m2025-10-23T08:08:11.992465Z[0m [34mDEBUG[0m [2mwayvid::video::mpv[0m[2m:[0m 🎬 Rendering frame: 2560x1440 to FBO 0
[2m2025-10-23T08:08:12.019103Z[0m [34mDEBUG[0m [2mwayvid::video::mpv[0m[2m:[0m   ✓ Frame rendered successfully
[2m2025-10-23T08:08:12.019415Z[0m [33m WARN[0m [2mwayvid::backend::wayland::surface[0m[2m:[0m resume_playback not supported with shared decode context
[2m2025-10-23T08:08:12.019431Z[0m [33m WARN[0m [2mwayvid::backend::wayland::surface[0m[2m:[0m resume_playback not supported with shared decode context
[2m2025-10-23T08:08:12.019466Z[0m [34mDEBUG[0m [2mwayvid::video::mpv[0m[2m:[0m 🎬 Rendering frame: 2160x1215 to FBO 0
[2m2025-10-23T08:08:12.052790Z[0m [34mDEBUG[0m [2mwayvid::video::mpv[0m[2m:[0m   ✓ Frame rendered successfully
[2m2025-10-23T08:08:12.053082Z[0m [33m WARN[0m [2mwayvid::backend::wayland::surface[0m[2m:[0m resume_playback not supported with shared decode context
[2m2025-10-23T08:08:12.053095Z[0m [33m WARN[0m [2mwayvid::backend::wayland::surface[0m[2m:[0m resume_playback not supported with shared decode context
[2m2025-10-23T08:08:12.054995Z[0m [33m WARN[0m [2mwayvid::backend::wayland::surface[0m[2m:[0m resume_playback not supported with shared decode context
[2m2025-10-23T08:08:12.055004Z[0m [33m WARN[0m [2mwayvid::backend::wayland::surface[0m[2m:[0m resume_playback not supported with shared decode context
[2m2025-10-23T08:08:12.055035Z[0m [34mDEBUG[0m [2mwayvid::video::mpv[0m[2m:[0m 🎬 Rendering frame: 2560x1440 to FBO 0
[2m2025-10-23T08:08:12.085788Z[0m [34mDEBUG[0m [2mwayvid::video::mpv[0m[2m:[0m   ✓ Frame rendered successfully
[2m2025-10-23T08:08:12.086050Z[0m [33m WARN[0m [2mwayvid::backend::wayland::surface[0m[2m:[0m resume_playback not supported with shared decode context
[2m2025-10-23T08:08:12.086072Z[0m [33m WARN[0m [2mwayvid::backend::wayland::surface[0m[2m:[0m resume_playback not supported with shared decode context
[2m2025-10-23T08:08:12.086113Z[0m [34mDEBUG[0m [2mwayvid::video::mpv[0m[2m:[0m 🎬 Rendering frame: 2160x1215 to FBO 0
[2m2025-10-23T08:08:12.119105Z[0m [34mDEBUG[0m [2mwayvid::video::mpv[0m[2m:[0m   ✓ Frame rendered successfully
[2m2025-10-23T08:08:12.119443Z[0m [33m WARN[0m [2mwayvid::backend::wayland::surface[0m[2m:[0m resume_playback not supported with shared decode context
[2m2025-10-23T08:08:12.119459Z[0m [33m WARN[0m [2mwayvid::backend::wayland::surface[0m[2m:[0m resume_playback not supported with shared decode context
[2m2025-10-23T08:08:12.119498Z[0m [34mDEBUG[0m [2mwayvid::video::mpv[0m[2m:[0m 🎬 Rendering frame: 2560x1440 to FBO 0
[2m2025-10-23T08:08:12.152437Z[0m [34mDEBUG[0m [2mwayvid::video::mpv[0m[2m:[0m   ✓ Frame rendered successfully
[2m2025-10-23T08:08:12.152725Z[0m [33m WARN[0m [2mwayvid::backend::wayland::surface[0m[2m:[0m resume_playback not supported with shared decode context
[2m2025-10-23T08:08:12.152743Z[0m [33m WARN[0m [2mwayvid::backend::wayland::surface[0m[2m:[0m resume_playback not supported with shared decode context
[2m2025-10-23T08:08:12.152778Z[0m [34mDEBUG[0m [2mwayvid::video::mpv[0m[2m:[0m 🎬 Rendering frame: 2160x1215 to FBO 0
[2m2025-10-23T08:08:12.185768Z[0m [34mDEBUG[0m [2mwayvid::video::mpv[0m[2m:[0m   ✓ Frame rendered successfully
[2m2025-10-23T08:08:12.186037Z[0m [33m WARN[0m [2mwayvid::backend::wayland::surface[0m[2m:[0m resume_playback not supported with shared decode context
[2m2025-10-23T08:08:12.186052Z[0m [33m WARN[0m [2mwayvid::backend::wayland::surface[0m[2m:[0m resume_playback not supported with shared decode context
[2m2025-10-23T08:08:12.186083Z[0m [34mDEBUG[0m [2mwayvid::video::mpv[0m[2m:[0m 🎬 Rendering frame: 2560x1440 to FBO 0
[2m2025-10-23T08:08:12.219100Z[0m [34mDEBUG[0m [2mwayvid::video::mpv[0m[2m:[0m   ✓ Frame rendered successfully
[2m2025-10-23T08:08:12.219406Z[0m [33m WARN[0m [2mwayvid::backend::wayland::surface[0m[2m:[0m resume_playback not supported with shared decode context
[2m2025-10-23T08:08:12.219424Z[0m [33m WARN[0m [2mwayvid::backend::wayland::surface[0m[2m:[0m resume_playback not supported with shared decode context
[2m2025-10-23T08:08:12.219456Z[0m [34mDEBUG[0m [2mwayvid::video::mpv[0m[2m:[0m 🎬 Rendering frame: 2160x1215 to FBO 0
[2m2025-10-23T08:08:12.252923Z[0m [34mDEBUG[0m [2mwayvid::video::mpv[0m[2m:[0m   ✓ Frame rendered successfully
[2m2025-10-23T08:08:12.253132Z[0m [33m WARN[0m [2mwayvid::backend::wayland::surface[0m[2m:[0m resume_playback not supported with shared decode context
[2m2025-10-23T08:08:12.253146Z[0m [33m WARN[0m [2mwayvid::backend::wayland::surface[0m[2m:[0m resume_playback not supported with shared decode context
[2m2025-10-23T08:08:12.253175Z[0m [34mDEBUG[0m [2mwayvid::video::mpv[0m[2m:[0m 🎬 Rendering frame: 2560x1440 to FBO 0
[2m2025-10-23T08:08:12.285778Z[0m [34mDEBUG[0m [2mwayvid::video::mpv[0m[2m:[0m   ✓ Frame rendered successfully
[2m2025-10-23T08:08:12.286009Z[0m [33m WARN[0m [2mwayvid::backend::wayland::surface[0m[2m:[0m resume_playback not supported with shared decode context
[2m2025-10-23T08:08:12.286020Z[0m [33m WARN[0m [2mwayvid::backend::wayland::surface[0m[2m:[0m resume_playback not supported with shared decode context
[2m2025-10-23T08:08:12.286054Z[0m [34mDEBUG[0m [2mwayvid::video::mpv[0m[2m:[0m 🎬 Rendering frame: 2160x1215 to FBO 0
[2m2025-10-23T08:08:12.319098Z[0m [34mDEBUG[0m [2mwayvid::video::mpv[0m[2m:[0m   ✓ Frame rendered successfully
[2m2025-10-23T08:08:12.319331Z[0m [33m WARN[0m [2mwayvid::backend::wayland::surface[0m[2m:[0m resume_playback not supported with shared decode context
[2m2025-10-23T08:08:12.319344Z[0m [33m WARN[0m [2mwayvid::backend::wayland::surface[0m[2m:[0m resume_playback not supported with shared decode context
[2m2025-10-23T08:08:12.319379Z[0m [34mDEBUG[0m [2mwayvid::video::mpv[0m[2m:[0m 🎬 Rendering frame: 2560x1440 to FBO 0
[2m2025-10-23T08:08:12.352429Z[0m [34mDEBUG[0m [2mwayvid::video::mpv[0m[2m:[0m   ✓ Frame rendered successfully
[2m2025-10-23T08:08:12.352890Z[0m [33m WARN[0m [2mwayvid::backend::wayland::surface[0m[2m:[0m resume_playback not supported with shared decode context
[2m2025-10-23T08:08:12.352908Z[0m [33m WARN[0m [2mwayvid::backend::wayland::surface[0m[2m:[0m resume_playback not supported with shared decode context
[2m2025-10-23T08:08:12.352952Z[0m [34mDEBUG[0m [2mwayvid::video::mpv[0m[2m:[0m 🎬 Rendering frame: 2160x1215 to FBO 0
[2m2025-10-23T08:08:12.385754Z[0m [34mDEBUG[0m [2mwayvid::video::mpv[0m[2m:[0m   ✓ Frame rendered successfully
[2m2025-10-23T08:08:12.386033Z[0m [33m WARN[0m [2mwayvid::backend::wayland::surface[0m[2m:[0m resume_playback not supported with shared decode context
[2m2025-10-23T08:08:12.386044Z[0m [33m WARN[0m [2mwayvid::backend::wayland::surface[0m[2m:[0m resume_playback not supported with shared decode context
[2m2025-10-23T08:08:12.386079Z[0m [34mDEBUG[0m [2mwayvid::video::mpv[0m[2m:[0m 🎬 Rendering frame: 2560x1440 to FBO 0
[2m2025-10-23T08:08:12.419089Z[0m [34mDEBUG[0m [2mwayvid::video::mpv[0m[2m:[0m   ✓ Frame rendered successfully
[2m2025-10-23T08:08:12.419387Z[0m [33m WARN[0m [2mwayvid::backend::wayland::surface[0m[2m:[0m resume_playback not supported with shared decode context
[2m2025-10-23T08:08:12.419418Z[0m [33m WARN[0m [2mwayvid::backend::wayland::surface[0m[2m:[0m resume_playback not supported with shared decode context
[2m2025-10-23T08:08:12.419514Z[0m [34mDEBUG[0m [2mwayvid::video::mpv[0m[2m:[0m 🎬 Rendering frame: 2160x1215 to FBO 0
[2m2025-10-23T08:08:12.452822Z[0m [34mDEBUG[0m [2mwayvid::video::mpv[0m[2m:[0m   ✓ Frame rendered successfully
[2m2025-10-23T08:08:12.453136Z[0m [33m WARN[0m [2mwayvid::backend::wayland::surface[0m[2m:[0m resume_playback not supported with shared decode context
[2m2025-10-23T08:08:12.453151Z[0m [33m WARN[0m [2mwayvid::backend::wayland::surface[0m[2m:[0m resume_playback not supported with shared decode context
[2m2025-10-23T08:08:12.453187Z[0m [34mDEBUG[0m [2mwayvid::video::mpv[0m[2m:[0m 🎬 Rendering frame: 2560x1440 to FBO 0
[2m2025-10-23T08:08:12.485762Z[0m [34mDEBUG[0m [2mwayvid::video::mpv[0m[2m:[0m   ✓ Frame rendered successfully
[2m2025-10-23T08:08:12.486042Z[0m [33m WARN[0m [2mwayvid::backend::wayland::surface[0m[2m:[0m resume_playback not supported with shared decode context
[2m2025-10-23T08:08:12.486059Z[0m [33m WARN[0m [2mwayvid::backend::wayland::surface[0m[2m:[0m resume_playback not supported with shared decode context
[2m2025-10-23T08:08:12.486096Z[0m [34mDEBUG[0m [2mwayvid::video::mpv[0m[2m:[0m 🎬 Rendering frame: 2160x1215 to FBO 0
[2m2025-10-23T08:08:12.519410Z[0m [34mDEBUG[0m [2mwayvid::video::mpv[0m[2m:[0m   ✓ Frame rendered successfully
[2m2025-10-23T08:08:12.519722Z[0m [33m WARN[0m [2mwayvid::backend::wayland::surface[0m[2m:[0m resume_playback not supported with shared decode context
[2m2025-10-23T08:08:12.519735Z[0m [33m WARN[0m [2mwayvid::backend::wayland::surface[0m[2m:[0m resume_playback not supported with shared decode context
[2m2025-10-23T08:08:12.519772Z[0m [34mDEBUG[0m [2mwayvid::video::mpv[0m[2m:[0m 🎬 Rendering frame: 2560x1440 to FBO 0
[2m2025-10-23T08:08:12.552449Z[0m [34mDEBUG[0m [2mwayvid::video::mpv[0m[2m:[0m   ✓ Frame rendered successfully
[2m2025-10-23T08:08:12.552732Z[0m [33m WARN[0m [2mwayvid::backend::wayland::surface[0m[2m:[0m resume_playback not supported with shared decode context
[2m2025-10-23T08:08:12.552749Z[0m [33m WARN[0m [2mwayvid::backend::wayland::surface[0m[2m:[0m resume_playback not supported with shared decode context
[2m2025-10-23T08:08:12.552783Z[0m [34mDEBUG[0m [2mwayvid::video::mpv[0m[2m:[0m 🎬 Rendering frame: 2160x1215 to FBO 0
[2m2025-10-23T08:08:12.585762Z[0m [34mDEBUG[0m [2mwayvid::video::mpv[0m[2m:[0m   ✓ Frame rendered successfully
[2m2025-10-23T08:08:12.586063Z[0m [33m WARN[0m [2mwayvid::backend::wayland::surface[0m[2m:[0m resume_playback not supported with shared decode context
[2m2025-10-23T08:08:12.586076Z[0m [33m WARN[0m [2mwayvid::backend::wayland::surface[0m[2m:[0m resume_playback not supported with shared decode context
[2m2025-10-23T08:08:12.586117Z[0m [34mDEBUG[0m [2mwayvid::video::mpv[0m[2m:[0m 🎬 Rendering frame: 2560x1440 to FBO 0
[2m2025-10-23T08:08:12.619121Z[0m [34mDEBUG[0m [2mwayvid::video::mpv[0m[2m:[0m   ✓ Frame rendered successfully
[2m2025-10-23T08:08:12.619444Z[0m [33m WARN[0m [2mwayvid::backend::wayland::surface[0m[2m:[0m resume_playback not supported with shared decode context
[2m2025-10-23T08:08:12.619460Z[0m [33m WARN[0m [2mwayvid::backend::wayland::surface[0m[2m:[0m resume_playback not supported with shared decode context
[2m2025-10-23T08:08:12.619496Z[0m [34mDEBUG[0m [2mwayvid::video::mpv[0m[2m:[0m 🎬 Rendering frame: 2160x1215 to FBO 0
[2m2025-10-23T08:08:12.652787Z[0m [34mDEBUG[0m [2mwayvid::video::mpv[0m[2m:[0m   ✓ Frame rendered successfully
[2m2025-10-23T08:08:12.653103Z[0m [33m WARN[0m [2mwayvid::backend::wayland::surface[0m[2m:[0m resume_playback not supported with shared decode context
[2m2025-10-23T08:08:12.653131Z[0m [33m WARN[0m [2mwayvid::backend::wayland::surface[0m[2m:[0m resume_playback not supported with shared decode context
[2m2025-10-23T08:08:12.653168Z[0m [34mDEBUG[0m [2mwayvid::video::mpv[0m[2m:[0m 🎬 Rendering frame: 2560x1440 to FBO 0
[2m2025-10-23T08:08:12.685776Z[0m [34mDEBUG[0m [2mwayvid::video::mpv[0m[2m:[0m   ✓ Frame rendered successfully
[2m2025-10-23T08:08:12.686040Z[0m [33m WARN[0m [2mwayvid::backend::wayland::surface[0m[2m:[0m resume_playback not supported with shared decode context
[2m2025-10-23T08:08:12.686058Z[0m [33m WARN[0m [2mwayvid::backend::wayland::surface[0m[2m:[0m resume_playback not supported with shared decode context
[2m2025-10-23T08:08:12.686093Z[0m [34mDEBUG[0m [2mwayvid::video::mpv[0m[2m:[0m 🎬 Rendering frame: 2160x1215 to FBO 0
[2m2025-10-23T08:08:12.719115Z[0m [34mDEBUG[0m [2mwayvid::video::mpv[0m[2m:[0m   ✓ Frame rendered successfully
[2m2025-10-23T08:08:12.719414Z[0m [33m WARN[0m [2mwayvid::backend::wayland::surface[0m[2m:[0m resume_playback not supported with shared decode context
[2m2025-10-23T08:08:12.719431Z[0m [33m WARN[0m [2mwayvid::backend::wayland::surface[0m[2m:[0m resume_playback not supported with shared decode context
[2m2025-10-23T08:08:12.719466Z[0m [34mDEBUG[0m [2mwayvid::video::mpv[0m[2m:[0m 🎬 Rendering frame: 2560x1440 to FBO 0
[2m2025-10-23T08:08:12.752425Z[0m [34mDEBUG[0m [2mwayvid::video::mpv[0m[2m:[0m   ✓ Frame rendered successfully
[2m2025-10-23T08:08:12.752687Z[0m [33m WARN[0m [2mwayvid::backend::wayland::surface[0m[2m:[0m resume_playback not supported with shared decode context
[2m2025-10-23T08:08:12.752700Z[0m [33m WARN[0m [2mwayvid::backend::wayland::surface[0m[2m:[0m resume_playback not supported with shared decode context
[2m2025-10-23T08:08:12.752733Z[0m [34mDEBUG[0m [2mwayvid::video::mpv[0m[2m:[0m 🎬 Rendering frame: 2160x1215 to FBO 0
[2m2025-10-23T08:08:12.785759Z[0m [34mDEBUG[0m [2mwayvid::video::mpv[0m[2m:[0m   ✓ Frame rendered successfully
[2m2025-10-23T08:08:12.786047Z[0m [33m WARN[0m [2mwayvid::backend::wayland::surface[0m[2m:[0m resume_playback not supported with shared decode context
[2m2025-10-23T08:08:12.786074Z[0m [33m WARN[0m [2mwayvid::backend::wayland::surface[0m[2m:[0m resume_playback not supported with shared decode context
[2m2025-10-23T08:08:12.786113Z[0m [34mDEBUG[0m [2mwayvid::video::mpv[0m[2m:[0m 🎬 Rendering frame: 2560x1440 to FBO 0
[2m2025-10-23T08:08:12.819092Z[0m [34mDEBUG[0m [2mwayvid::video::mpv[0m[2m:[0m   ✓ Frame rendered successfully
[2m2025-10-23T08:08:12.819362Z[0m [33m WARN[0m [2mwayvid::backend::wayland::surface[0m[2m:[0m resume_playback not supported with shared decode context
[2m2025-10-23T08:08:12.819379Z[0m [33m WARN[0m [2mwayvid::backend::wayland::surface[0m[2m:[0m resume_playback not supported with shared decode context
[2m2025-10-23T08:08:12.819415Z[0m [34mDEBUG[0m [2mwayvid::video::mpv[0m[2m:[0m 🎬 Rendering frame: 2160x1215 to FBO 0
[2m2025-10-23T08:08:12.852426Z[0m [34mDEBUG[0m [2mwayvid::video::mpv[0m[2m:[0m   ✓ Frame rendered successfully
[2m2025-10-23T08:08:12.852821Z[0m [33m WARN[0m [2mwayvid::backend::wayland::surface[0m[2m:[0m resume_playback not supported with shared decode context
[2m2025-10-23T08:08:12.852852Z[0m [33m WARN[0m [2mwayvid::backend::wayland::surface[0m[2m:[0m resume_playback not supported with shared decode context
[2m2025-10-23T08:08:12.853537Z[0m [33m WARN[0m [2mwayvid::backend::wayland::surface[0m[2m:[0m resume_playback not supported with shared decode context
[2m2025-10-23T08:08:12.853549Z[0m [33m WARN[0m [2mwayvid::backend::wayland::surface[0m[2m:[0m resume_playback not supported with shared decode context
[2m2025-10-23T08:08:12.853588Z[0m [34mDEBUG[0m [2mwayvid::video::mpv[0m[2m:[0m 🎬 Rendering frame: 2560x1440 to FBO 0
[2m2025-10-23T08:08:12.885760Z[0m [34mDEBUG[0m [2mwayvid::video::mpv[0m[2m:[0m   ✓ Frame rendered successfully
[2m2025-10-23T08:08:12.886037Z[0m [33m WARN[0m [2mwayvid::backend::wayland::surface[0m[2m:[0m resume_playback not supported with shared decode context
[2m2025-10-23T08:08:12.886049Z[0m [33m WARN[0m [2mwayvid::backend::wayland::surface[0m[2m:[0m resume_playback not supported with shared decode context
[2m2025-10-23T08:08:12.886077Z[0m [34mDEBUG[0m [2mwayvid::video::mpv[0m[2m:[0m 🎬 Rendering frame: 2160x1215 to FBO 0
[2m2025-10-23T08:08:12.919395Z[0m [34mDEBUG[0m [2mwayvid::video::mpv[0m[2m:[0m   ✓ Frame rendered successfully
[2m2025-10-23T08:08:12.919647Z[0m [33m WARN[0m [2mwayvid::backend::wayland::surface[0m[2m:[0m resume_playback not supported with shared decode context
[2m2025-10-23T08:08:12.919663Z[0m [33m WARN[0m [2mwayvid::backend::wayland::surface[0m[2m:[0m resume_playback not supported with shared decode context
[2m2025-10-23T08:08:12.919701Z[0m [34mDEBUG[0m [2mwayvid::video::mpv[0m[2m:[0m 🎬 Rendering frame: 2560x1440 to FBO 0
[2m2025-10-23T08:08:12.952449Z[0m [34mDEBUG[0m [2mwayvid::video::mpv[0m[2m:[0m   ✓ Frame rendered successfully
[2m2025-10-23T08:08:12.952730Z[0m [33m WARN[0m [2mwayvid::backend::wayland::surface[0m[2m:[0m resume_playback not supported with shared decode context
[2m2025-10-23T08:08:12.952746Z[0m [33m WARN[0m [2mwayvid::backend::wayland::surface[0m[2m:[0m resume_playback not supported with shared decode context
[2m2025-10-23T08:08:12.952780Z[0m [34mDEBUG[0m [2mwayvid::video::mpv[0m[2m:[0m 🎬 Rendering frame: 2160x1215 to FBO 0
[2m2025-10-23T08:08:12.985761Z[0m [34mDEBUG[0m [2mwayvid::video::mpv[0m[2m:[0m   ✓ Frame rendered successfully
[2m2025-10-23T08:08:12.986052Z[0m [33m WARN[0m [2mwayvid::backend::wayland::surface[0m[2m:[0m resume_playback not supported with shared decode context
[2m2025-10-23T08:08:12.986069Z[0m [33m WARN[0m [2mwayvid::backend::wayland::surface[0m[2m:[0m resume_playback not supported with shared decode context
[2m2025-10-23T08:08:12.986108Z[0m [34mDEBUG[0m [2mwayvid::video::mpv[0m[2m:[0m 🎬 Rendering frame: 2560x1440 to FBO 0
[2m2025-10-23T08:08:13.019095Z[0m [34mDEBUG[0m [2mwayvid::video::mpv[0m[2m:[0m   ✓ Frame rendered successfully
[2m2025-10-23T08:08:13.019410Z[0m [33m WARN[0m [2mwayvid::backend::wayland::surface[0m[2m:[0m resume_playback not supported with shared decode context
[2m2025-10-23T08:08:13.019429Z[0m [33m WARN[0m [2mwayvid::backend::wayland::surface[0m[2m:[0m resume_playback not supported with shared decode context
[2m2025-10-23T08:08:13.019472Z[0m [34mDEBUG[0m [2mwayvid::video::mpv[0m[2m:[0m 🎬 Rendering frame: 2160x1215 to FBO 0
[2m2025-10-23T08:08:13.052425Z[0m [34mDEBUG[0m [2mwayvid::video::mpv[0m[2m:[0m   ✓ Frame rendered successfully
[2m2025-10-23T08:08:13.052736Z[0m [33m WARN[0m [2mwayvid::backend::wayland::surface[0m[2m:[0m resume_playback not supported with shared decode context
[2m2025-10-23T08:08:13.052764Z[0m [33m WARN[0m [2mwayvid::backend::wayland::surface[0m[2m:[0m resume_playback not supported with shared decode context
[2m2025-10-23T08:08:13.052801Z[0m [34mDEBUG[0m [2mwayvid::video::mpv[0m[2m:[0m 🎬 Rendering frame: 2560x1440 to FBO 0
[2m2025-10-23T08:08:13.085739Z[0m [34mDEBUG[0m [2mwayvid::video::mpv[0m[2m:[0m   ✓ Frame rendered successfully
[2m2025-10-23T08:08:13.086004Z[0m [33m WARN[0m [2mwayvid::backend::wayland::surface[0m[2m:[0m resume_playback not supported with shared decode context
[2m2025-10-23T08:08:13.086020Z[0m [33m WARN[0m [2mwayvid::backend::wayland::surface[0m[2m:[0m resume_playback not supported with shared decode context
[2m2025-10-23T08:08:13.086057Z[0m [34mDEBUG[0m [2mwayvid::video::mpv[0m[2m:[0m 🎬 Rendering frame: 2160x1215 to FBO 0
[2m2025-10-23T08:08:13.119435Z[0m [34mDEBUG[0m [2mwayvid::video::mpv[0m[2m:[0m   ✓ Frame rendered successfully
[2m2025-10-23T08:08:13.119687Z[0m [33m WARN[0m [2mwayvid::backend::wayland::surface[0m[2m:[0m resume_playback not supported with shared decode context
[2m2025-10-23T08:08:13.119711Z[0m [33m WARN[0m [2mwayvid::backend::wayland::surface[0m[2m:[0m resume_playback not supported with shared decode context
[2m2025-10-23T08:08:13.119744Z[0m [34mDEBUG[0m [2mwayvid::video::mpv[0m[2m:[0m 🎬 Rendering frame: 2560x1440 to FBO 0
[2m2025-10-23T08:08:13.152444Z[0m [34mDEBUG[0m [2mwayvid::video::mpv[0m[2m:[0m   ✓ Frame rendered successfully
[2m2025-10-23T08:08:13.152724Z[0m [33m WARN[0m [2mwayvid::backend::wayland::surface[0m[2m:[0m resume_playback not supported with shared decode context
[2m2025-10-23T08:08:13.152739Z[0m [33m WARN[0m [2mwayvid::backend::wayland::surface[0m[2m:[0m resume_playback not supported with shared decode context
[2m2025-10-23T08:08:13.152773Z[0m [34mDEBUG[0m [2mwayvid::video::mpv[0m[2m:[0m 🎬 Rendering frame: 2160x1215 to FBO 0
[2m2025-10-23T08:08:13.185779Z[0m [34mDEBUG[0m [2mwayvid::video::mpv[0m[2m:[0m   ✓ Frame rendered successfully
[2m2025-10-23T08:08:13.186045Z[0m [33m WARN[0m [2mwayvid::backend::wayland::surface[0m[2m:[0m resume_playback not supported with shared decode context
[2m2025-10-23T08:08:13.186067Z[0m [33m WARN[0m [2mwayvid::backend::wayland::surface[0m[2m:[0m resume_playback not supported with shared decode context
[2m2025-10-23T08:08:13.186767Z[0m [33m WARN[0m [2mwayvid::backend::wayland::surface[0m[2m:[0m resume_playback not supported with shared decode context
[2m2025-10-23T08:08:13.186784Z[0m [33m WARN[0m [2mwayvid::backend::wayland::surface[0m[2m:[0m resume_playback not supported with shared decode context
[2m2025-10-23T08:08:13.186842Z[0m [34mDEBUG[0m [2mwayvid::video::mpv[0m[2m:[0m 🎬 Rendering frame: 2560x1440 to FBO 0
[2m2025-10-23T08:08:13.219112Z[0m [34mDEBUG[0m [2mwayvid::video::mpv[0m[2m:[0m   ✓ Frame rendered successfully
[2m2025-10-23T08:08:13.219384Z[0m [33m WARN[0m [2mwayvid::backend::wayland::surface[0m[2m:[0m resume_playback not supported with shared decode context
[2m2025-10-23T08:08:13.219401Z[0m [33m WARN[0m [2mwayvid::backend::wayland::surface[0m[2m:[0m resume_playback not supported with shared decode context
[2m2025-10-23T08:08:13.219438Z[0m [34mDEBUG[0m [2mwayvid::video::mpv[0m[2m:[0m 🎬 Rendering frame: 2160x1215 to FBO 0
[2m2025-10-23T08:08:13.252443Z[0m [34mDEBUG[0m [2mwayvid::video::mpv[0m[2m:[0m   ✓ Frame rendered successfully
[2m2025-10-23T08:08:13.252745Z[0m [33m WARN[0m [2mwayvid::backend::wayland::surface[0m[2m:[0m resume_playback not supported with shared decode context
[2m2025-10-23T08:08:13.252761Z[0m [33m WARN[0m [2mwayvid::backend::wayland::surface[0m[2m:[0m resume_playback not supported with shared decode context
[2m2025-10-23T08:08:13.252795Z[0m [34mDEBUG[0m [2mwayvid::video::mpv[0m[2m:[0m 🎬 Rendering frame: 2560x1440 to FBO 0
[2m2025-10-23T08:08:13.285731Z[0m [34mDEBUG[0m [2mwayvid::video::mpv[0m[2m:[0m   ✓ Frame rendered successfully
[2m2025-10-23T08:08:13.285981Z[0m [33m WARN[0m [2mwayvid::backend::wayland::surface[0m[2m:[0m resume_playback not supported with shared decode context
[2m2025-10-23T08:08:13.285989Z[0m [33m WARN[0m [2mwayvid::backend::wayland::surface[0m[2m:[0m resume_playback not supported with shared decode context
[2m2025-10-23T08:08:13.286019Z[0m [34mDEBUG[0m [2mwayvid::video::mpv[0m[2m:[0m 🎬 Rendering frame: 2160x1215 to FBO 0
[2m2025-10-23T08:08:13.319064Z[0m [34mDEBUG[0m [2mwayvid::video::mpv[0m[2m:[0m   ✓ Frame rendered successfully
[2m2025-10-23T08:08:13.319312Z[0m [33m WARN[0m [2mwayvid::backend::wayland::surface[0m[2m:[0m resume_playback not supported with shared decode context
[2m2025-10-23T08:08:13.319326Z[0m [33m WARN[0m [2mwayvid::backend::wayland::surface[0m[2m:[0m resume_playback not supported with shared decode context
[2m2025-10-23T08:08:13.319363Z[0m [34mDEBUG[0m [2mwayvid::video::mpv[0m[2m:[0m 🎬 Rendering frame: 2560x1440 to FBO 0
[2m2025-10-23T08:08:13.352405Z[0m [34mDEBUG[0m [2mwayvid::video::mpv[0m[2m:[0m   ✓ Frame rendered successfully
[2m2025-10-23T08:08:13.352744Z[0m [33m WARN[0m [2mwayvid::backend::wayland::surface[0m[2m:[0m resume_playback not supported with shared decode context
[2m2025-10-23T08:08:13.352753Z[0m [33m WARN[0m [2mwayvid::backend::wayland::surface[0m[2m:[0m resume_playback not supported with shared decode context
[2m2025-10-23T08:08:13.352855Z[0m [34mDEBUG[0m [2mwayvid::video::mpv[0m[2m:[0m 🎬 Rendering frame: 2160x1215 to FBO 0
[2m2025-10-23T08:08:13.385753Z[0m [34mDEBUG[0m [2mwayvid::video::mpv[0m[2m:[0m   ✓ Frame rendered successfully
[2m2025-10-23T08:08:13.386044Z[0m [33m WARN[0m [2mwayvid::backend::wayland::surface[0m[2m:[0m resume_playback not supported with shared decode context
[2m2025-10-23T08:08:13.386059Z[0m [33m WARN[0m [2mwayvid::backend::wayland::surface[0m[2m:[0m resume_playback not supported with shared decode context
[2m2025-10-23T08:08:13.386088Z[0m [34mDEBUG[0m [2mwayvid::video::mpv[0m[2m:[0m 🎬 Rendering frame: 2560x1440 to FBO 0
[2m2025-10-23T08:08:13.419090Z[0m [34mDEBUG[0m [2mwayvid::video::mpv[0m[2m:[0m   ✓ Frame rendered successfully
[2m2025-10-23T08:08:13.419372Z[0m [33m WARN[0m [2mwayvid::backend::wayland::surface[0m[2m:[0m resume_playback not supported with shared decode context
[2m2025-10-23T08:08:13.419387Z[0m [33m WARN[0m [2mwayvid::backend::wayland::surface[0m[2m:[0m resume_playback not supported with shared decode context
[2m2025-10-23T08:08:13.419416Z[0m [34mDEBUG[0m [2mwayvid::video::mpv[0m[2m:[0m 🎬 Rendering frame: 2160x1215 to FBO 0
[2m2025-10-23T08:08:13.452940Z[0m [34mDEBUG[0m [2mwayvid::video::mpv[0m[2m:[0m   ✓ Frame rendered successfully
[2m2025-10-23T08:08:13.453234Z[0m [33m WARN[0m [2mwayvid::backend::wayland::surface[0m[2m:[0m resume_playback not supported with shared decode context
[2m2025-10-23T08:08:13.453246Z[0m [33m WARN[0m [2mwayvid::backend::wayland::surface[0m[2m:[0m resume_playback not supported with shared decode context
[2m2025-10-23T08:08:13.453278Z[0m [34mDEBUG[0m [2mwayvid::video::mpv[0m[2m:[0m 🎬 Rendering frame: 2560x1440 to FBO 0
[2m2025-10-23T08:08:13.485764Z[0m [34mDEBUG[0m [2mwayvid::video::mpv[0m[2m:[0m   ✓ Frame rendered successfully
[2m2025-10-23T08:08:13.486041Z[0m [33m WARN[0m [2mwayvid::backend::wayland::surface[0m[2m:[0m resume_playback not supported with shared decode context
[2m2025-10-23T08:08:13.486060Z[0m [33m WARN[0m [2mwayvid::backend::wayland::surface[0m[2m:[0m resume_playback not supported with shared decode context
[2m2025-10-23T08:08:13.486089Z[0m [34mDEBUG[0m [2mwayvid::video::mpv[0m[2m:[0m 🎬 Rendering frame: 2160x1215 to FBO 0
[2m2025-10-23T08:08:13.519085Z[0m [34mDEBUG[0m [2mwayvid::video::mpv[0m[2m:[0m   ✓ Frame rendered successfully
[2m2025-10-23T08:08:13.519390Z[0m [33m WARN[0m [2mwayvid::backend::wayland::surface[0m[2m:[0m resume_playback not supported with shared decode context
[2m2025-10-23T08:08:13.519410Z[0m [33m WARN[0m [2mwayvid::backend::wayland::surface[0m[2m:[0m resume_playback not supported with shared decode context
[2m2025-10-23T08:08:13.519455Z[0m [34mDEBUG[0m [2mwayvid::video::mpv[0m[2m:[0m 🎬 Rendering frame: 2560x1440 to FBO 0
[2m2025-10-23T08:08:13.552421Z[0m [34mDEBUG[0m [2mwayvid::video::mpv[0m[2m:[0m   ✓ Frame rendered successfully
[2m2025-10-23T08:08:13.552710Z[0m [33m WARN[0m [2mwayvid::backend::wayland::surface[0m[2m:[0m resume_playback not supported with shared decode context
[2m2025-10-23T08:08:13.552727Z[0m [33m WARN[0m [2mwayvid::backend::wayland::surface[0m[2m:[0m resume_playback not supported with shared decode context
[2m2025-10-23T08:08:13.552763Z[0m [34mDEBUG[0m [2mwayvid::video::mpv[0m[2m:[0m 🎬 Rendering frame: 2160x1215 to FBO 0
[2m2025-10-23T08:08:13.585750Z[0m [34mDEBUG[0m [2mwayvid::video::mpv[0m[2m:[0m   ✓ Frame rendered successfully
[2m2025-10-23T08:08:13.586016Z[0m [33m WARN[0m [2mwayvid::backend::wayland::surface[0m[2m:[0m resume_playback not supported with shared decode context
[2m2025-10-23T08:08:13.586047Z[0m [33m WARN[0m [2mwayvid::backend::wayland::surface[0m[2m:[0m resume_playback not supported with shared decode context
[2m2025-10-23T08:08:13.586079Z[0m [34mDEBUG[0m [2mwayvid::video::mpv[0m[2m:[0m 🎬 Rendering frame: 2560x1440 to FBO 0
[2m2025-10-23T08:08:13.619080Z[0m [34mDEBUG[0m [2mwayvid::video::mpv[0m[2m:[0m   ✓ Frame rendered successfully
[2m2025-10-23T08:08:13.619385Z[0m [33m WARN[0m [2mwayvid::backend::wayland::surface[0m[2m:[0m resume_playback not supported with shared decode context
[2m2025-10-23T08:08:13.619395Z[0m [33m WARN[0m [2mwayvid::backend::wayland::surface[0m[2m:[0m resume_playback not supported with shared decode context
[2m2025-10-23T08:08:13.619428Z[0m [34mDEBUG[0m [2mwayvid::video::mpv[0m[2m:[0m 🎬 Rendering frame: 2160x1215 to FBO 0
[2m2025-10-23T08:08:13.652415Z[0m [34mDEBUG[0m [2mwayvid::video::mpv[0m[2m:[0m   ✓ Frame rendered successfully
[2m2025-10-23T08:08:13.652680Z[0m [33m WARN[0m [2mwayvid::backend::wayland::surface[0m[2m:[0m resume_playback not supported with shared decode context
[2m2025-10-23T08:08:13.652696Z[0m [33m WARN[0m [2mwayvid::backend::wayland::surface[0m[2m:[0m resume_playback not supported with shared decode context
[2m2025-10-23T08:08:13.652730Z[0m [34mDEBUG[0m [2mwayvid::video::mpv[0m[2m:[0m 🎬 Rendering frame: 2560x1440 to FBO 0
[2m2025-10-23T08:08:13.685748Z[0m [34mDEBUG[0m [2mwayvid::video::mpv[0m[2m:[0m   ✓ Frame rendered successfully
[2m2025-10-23T08:08:13.686014Z[0m [33m WARN[0m [2mwayvid::backend::wayland::surface[0m[2m:[0m resume_playback not supported with shared decode context
[2m2025-10-23T08:08:13.686031Z[0m [33m WARN[0m [2mwayvid::backend::wayland::surface[0m[2m:[0m resume_playback not supported with shared decode context
[2m2025-10-23T08:08:13.686060Z[0m [34mDEBUG[0m [2mwayvid::video::mpv[0m[2m:[0m 🎬 Rendering frame: 2160x1215 to FBO 0
[2m2025-10-23T08:08:13.719083Z[0m [34mDEBUG[0m [2mwayvid::video::mpv[0m[2m:[0m   ✓ Frame rendered successfully
[2m2025-10-23T08:08:13.719354Z[0m [33m WARN[0m [2mwayvid::backend::wayland::surface[0m[2m:[0m resume_playback not supported with shared decode context
[2m2025-10-23T08:08:13.719369Z[0m [33m WARN[0m [2mwayvid::backend::wayland::surface[0m[2m:[0m resume_playback not supported with shared decode context
[2m2025-10-23T08:08:13.719398Z[0m [34mDEBUG[0m [2mwayvid::video::mpv[0m[2m:[0m 🎬 Rendering frame: 2560x1440 to FBO 0
[2m2025-10-23T08:08:13.752411Z[0m [34mDEBUG[0m [2mwayvid::video::mpv[0m[2m:[0m   ✓ Frame rendered successfully
[2m2025-10-23T08:08:13.752713Z[0m [33m WARN[0m [2mwayvid::backend::wayland::surface[0m[2m:[0m resume_playback not supported with shared decode context
[2m2025-10-23T08:08:13.752733Z[0m [33m WARN[0m [2mwayvid::backend::wayland::surface[0m[2m:[0m resume_playback not supported with shared decode context
[2m2025-10-23T08:08:13.752779Z[0m [34mDEBUG[0m [2mwayvid::video::mpv[0m[2m:[0m 🎬 Rendering frame: 2160x1215 to FBO 0
[2m2025-10-23T08:08:13.785751Z[0m [34mDEBUG[0m [2mwayvid::video::mpv[0m[2m:[0m   ✓ Frame rendered successfully
[2m2025-10-23T08:08:13.786067Z[0m [33m WARN[0m [2mwayvid::backend::wayland::surface[0m[2m:[0m resume_playback not supported with shared decode context
[2m2025-10-23T08:08:13.786086Z[0m [33m WARN[0m [2mwayvid::backend::wayland::surface[0m[2m:[0m resume_playback not supported with shared decode context
[2m2025-10-23T08:08:13.786148Z[0m [34mDEBUG[0m [2mwayvid::video::mpv[0m[2m:[0m 🎬 Rendering frame: 2560x1440 to FBO 0
[2m2025-10-23T08:08:13.819086Z[0m [34mDEBUG[0m [2mwayvid::video::mpv[0m[2m:[0m   ✓ Frame rendered successfully
[2m2025-10-23T08:08:13.819380Z[0m [33m WARN[0m [2mwayvid::backend::wayland::surface[0m[2m:[0m resume_playback not supported with shared decode context
[2m2025-10-23T08:08:13.819419Z[0m [33m WARN[0m [2mwayvid::backend::wayland::surface[0m[2m:[0m resume_playback not supported with shared decode context
[2m2025-10-23T08:08:13.819464Z[0m [34mDEBUG[0m [2mwayvid::video::mpv[0m[2m:[0m 🎬 Rendering frame: 2160x1215 to FBO 0
[2m2025-10-23T08:08:13.852443Z[0m [34mDEBUG[0m [2mwayvid::video::mpv[0m[2m:[0m   ✓ Frame rendered successfully
[2m2025-10-23T08:08:13.852763Z[0m [33m WARN[0m [2mwayvid::backend::wayland::surface[0m[2m:[0m resume_playback not supported with shared decode context
[2m2025-10-23T08:08:13.852777Z[0m [33m WARN[0m [2mwayvid::backend::wayland::surface[0m[2m:[0m resume_playback not supported with shared decode context
[2m2025-10-23T08:08:13.852818Z[0m [34mDEBUG[0m [2mwayvid::video::mpv[0m[2m:[0m 🎬 Rendering frame: 2560x1440 to FBO 0
[2m2025-10-23T08:08:13.885757Z[0m [34mDEBUG[0m [2mwayvid::video::mpv[0m[2m:[0m   ✓ Frame rendered successfully
[2m2025-10-23T08:08:13.886084Z[0m [33m WARN[0m [2mwayvid::backend::wayland::surface[0m[2m:[0m resume_playback not supported with shared decode context
[2m2025-10-23T08:08:13.886096Z[0m [33m WARN[0m [2mwayvid::backend::wayland::surface[0m[2m:[0m resume_playback not supported with shared decode context
[2m2025-10-23T08:08:13.886128Z[0m [34mDEBUG[0m [2mwayvid::video::mpv[0m[2m:[0m 🎬 Rendering frame: 2160x1215 to FBO 0
[2m2025-10-23T08:08:13.919100Z[0m [34mDEBUG[0m [2mwayvid::video::mpv[0m[2m:[0m   ✓ Frame rendered successfully
[2m2025-10-23T08:08:13.919298Z[0m [33m WARN[0m [2mwayvid::backend::wayland::surface[0m[2m:[0m resume_playback not supported with shared decode context
[2m2025-10-23T08:08:13.919319Z[0m [33m WARN[0m [2mwayvid::backend::wayland::surface[0m[2m:[0m resume_playback not supported with shared decode context
[2m2025-10-23T08:08:13.919357Z[0m [34mDEBUG[0m [2mwayvid::video::mpv[0m[2m:[0m 🎬 Rendering frame: 2560x1440 to FBO 0
[2m2025-10-23T08:08:13.952443Z[0m [34mDEBUG[0m [2mwayvid::video::mpv[0m[2m:[0m   ✓ Frame rendered successfully
[2m2025-10-23T08:08:13.952753Z[0m [33m WARN[0m [2mwayvid::backend::wayland::surface[0m[2m:[0m resume_playback not supported with shared decode context
[2m2025-10-23T08:08:13.952768Z[0m [33m WARN[0m [2mwayvid::backend::wayland::surface[0m[2m:[0m resume_playback not supported with shared decode context
[2m2025-10-23T08:08:13.952796Z[0m [34mDEBUG[0m [2mwayvid::video::mpv[0m[2m:[0m 🎬 Rendering frame: 2160x1215 to FBO 0
[2m2025-10-23T08:08:13.953443Z[0m [34mDEBUG[0m [2mwayvid::video::mpv[0m[2m:[0m   ✓ Frame rendered successfully
[2m2025-10-23T08:08:13.964481Z[0m [33m WARN[0m [2mwayvid::backend::wayland::surface[0m[2m:[0m resume_playback not supported with shared decode context
[2m2025-10-23T08:08:13.964510Z[0m [33m WARN[0m [2mwayvid::backend::wayland::surface[0m[2m:[0m resume_playback not supported with shared decode context
[2m2025-10-23T08:08:13.964549Z[0m [34mDEBUG[0m [2mwayvid::video::mpv[0m[2m:[0m 🎬 Rendering frame: 2560x1440 to FBO 0
[2m2025-10-23T08:08:13.971011Z[0m [34mDEBUG[0m [2mwayvid::video::mpv[0m[2m:[0m   ✓ Frame rendered successfully
[2m2025-10-23T08:08:13.989946Z[0m [33m WARN[0m [2mwayvid::backend::wayland::surface[0m[2m:[0m resume_playback not supported with shared decode context
[2m2025-10-23T08:08:13.989965Z[0m [33m WARN[0m [2mwayvid::backend::wayland::surface[0m[2m:[0m resume_playback not supported with shared decode context
[2m2025-10-23T08:08:13.999113Z[0m [33m WARN[0m [2mwayvid::backend::wayland::surface[0m[2m:[0m resume_playback not supported with shared decode context
[2m2025-10-23T08:08:13.999130Z[0m [33m WARN[0m [2mwayvid::backend::wayland::surface[0m[2m:[0m resume_playback not supported with shared decode context
[2m2025-10-23T08:08:14.001782Z[0m [33m WARN[0m [2mwayvid::backend::wayland::surface[0m[2m:[0m resume_playback not supported with shared decode context
[2m2025-10-23T08:08:14.001793Z[0m [33m WARN[0m [2mwayvid::backend::wayland::surface[0m[2m:[0m resume_playback not supported with shared decode context
[2m2025-10-23T08:08:14.001842Z[0m [34mDEBUG[0m [2mwayvid::video::mpv[0m[2m:[0m 🎬 Rendering frame: 2160x1215 to FBO 0
[2m2025-10-23T08:08:14.012076Z[0m [34mDEBUG[0m [2mwayvid::video::mpv[0m[2m:[0m   ✓ Frame rendered successfully
[2m2025-10-23T08:08:14.015155Z[0m [33m WARN[0m [2mwayvid::backend::wayland::surface[0m[2m:[0m resume_playback not supported with shared decode context
[2m2025-10-23T08:08:14.015171Z[0m [33m WARN[0m [2mwayvid::backend::wayland::surface[0m[2m:[0m resume_playback not supported with shared decode context
[2m2025-10-23T08:08:14.020115Z[0m [33m WARN[0m [2mwayvid::backend::wayland::surface[0m[2m:[0m resume_playback not supported with shared decode context
[2m2025-10-23T08:08:14.020133Z[0m [33m WARN[0m [2mwayvid::backend::wayland::surface[0m[2m:[0m resume_playback not supported with shared decode context
[2m2025-10-23T08:08:14.020179Z[0m [34mDEBUG[0m [2mwayvid::video::mpv[0m[2m:[0m 🎬 Rendering frame: 2560x1440 to FBO 0
[2m2025-10-23T08:08:14.024465Z[0m [34mDEBUG[0m [2mwayvid::video::mpv[0m[2m:[0m   ✓ Frame rendered successfully
[2m2025-10-23T08:08:14.038885Z[0m [33m WARN[0m [2mwayvid::backend::wayland::surface[0m[2m:[0m resume_playback not supported with shared decode context
[2m2025-10-23T08:08:14.038908Z[0m [33m WARN[0m [2mwayvid::backend::wayland::surface[0m[2m:[0m resume_playback not supported with shared decode context
[2m2025-10-23T08:08:14.050697Z[0m [33m WARN[0m [2mwayvid::backend::wayland::surface[0m[2m:[0m resume_playback not supported with shared decode context
[2m2025-10-23T08:08:14.050713Z[0m [33m WARN[0m [2mwayvid::backend::wayland::surface[0m[2m:[0m resume_playback not supported with shared decode context
[2m2025-10-23T08:08:14.051913Z[0m [33m WARN[0m [2mwayvid::backend::wayland::surface[0m[2m:[0m resume_playback not supported with shared decode context
[2m2025-10-23T08:08:14.051926Z[0m [33m WARN[0m [2mwayvid::backend::wayland::surface[0m[2m:[0m resume_playback not supported with shared decode context
[2m2025-10-23T08:08:14.051976Z[0m [34mDEBUG[0m [2mwayvid::video::mpv[0m[2m:[0m 🎬 Rendering frame: 2160x1215 to FBO 0
[2m2025-10-23T08:08:14.055838Z[0m [34mDEBUG[0m [2mwayvid::video::mpv[0m[2m:[0m   ✓ Frame rendered successfully
[2m2025-10-23T08:08:14.056020Z[0m [33m WARN[0m [2mwayvid::backend::wayland::surface[0m[2m:[0m resume_playback not supported with shared decode context
[2m2025-10-23T08:08:14.056028Z[0m [33m WARN[0m [2mwayvid::backend::wayland::surface[0m[2m:[0m resume_playback not supported with shared decode context
[2m2025-10-23T08:08:14.056049Z[0m [34mDEBUG[0m [2mwayvid::video::mpv[0m[2m:[0m 🎬 Rendering frame: 2560x1440 to FBO 0
[2m2025-10-23T08:08:14.087018Z[0m [34mDEBUG[0m [2mwayvid::video::mpv[0m[2m:[0m   ✓ Frame rendered successfully
[2m2025-10-23T08:08:14.087239Z[0m [33m WARN[0m [2mwayvid::backend::wayland::surface[0m[2m:[0m resume_playback not supported with shared decode context
[2m2025-10-23T08:08:14.087253Z[0m [33m WARN[0m [2mwayvid::backend::wayland::surface[0m[2m:[0m resume_playback not supported with shared decode context
[2m2025-10-23T08:08:14.087281Z[0m [34mDEBUG[0m [2mwayvid::video::mpv[0m[2m:[0m 🎬 Rendering frame: 2160x1215 to FBO 0
[2m2025-10-23T08:08:14.120356Z[0m [34mDEBUG[0m [2mwayvid::video::mpv[0m[2m:[0m   ✓ Frame rendered successfully
[2m2025-10-23T08:08:14.120629Z[0m [33m WARN[0m [2mwayvid::backend::wayland::surface[0m[2m:[0m resume_playback not supported with shared decode context
[2m2025-10-23T08:08:14.120643Z[0m [33m WARN[0m [2mwayvid::backend::wayland::surface[0m[2m:[0m resume_playback not supported with shared decode context
[2m2025-10-23T08:08:14.120673Z[0m [34mDEBUG[0m [2mwayvid::video::mpv[0m[2m:[0m 🎬 Rendering frame: 2560x1440 to FBO 0
[2m2025-10-23T08:08:14.153684Z[0m [34mDEBUG[0m [2mwayvid::video::mpv[0m[2m:[0m   ✓ Frame rendered successfully
[2m2025-10-23T08:08:14.154039Z[0m [33m WARN[0m [2mwayvid::backend::wayland::surface[0m[2m:[0m resume_playback not supported with shared decode context
[2m2025-10-23T08:08:14.154051Z[0m [33m WARN[0m [2mwayvid::backend::wayland::surface[0m[2m:[0m resume_playback not supported with shared decode context
[2m2025-10-23T08:08:14.154088Z[0m [34mDEBUG[0m [2mwayvid::video::mpv[0m[2m:[0m 🎬 Rendering frame: 2160x1215 to FBO 0
[2m2025-10-23T08:08:14.187025Z[0m [34mDEBUG[0m [2mwayvid::video::mpv[0m[2m:[0m   ✓ Frame rendered successfully
[2m2025-10-23T08:08:14.187297Z[0m [33m WARN[0m [2mwayvid::backend::wayland::surface[0m[2m:[0m resume_playback not supported with shared decode context
[2m2025-10-23T08:08:14.187308Z[0m [33m WARN[0m [2mwayvid::backend::wayland::surface[0m[2m:[0m resume_playback not supported with shared decode context
[2m2025-10-23T08:08:14.187345Z[0m [34mDEBUG[0m [2mwayvid::video::mpv[0m[2m:[0m 🎬 Rendering frame: 2560x1440 to FBO 0
[2m2025-10-23T08:08:14.220360Z[0m [34mDEBUG[0m [2mwayvid::video::mpv[0m[2m:[0m   ✓ Frame rendered successfully
[2m2025-10-23T08:08:14.220645Z[0m [33m WARN[0m [2mwayvid::backend::wayland::surface[0m[2m:[0m resume_playback not supported with shared decode context
[2m2025-10-23T08:08:14.220657Z[0m [33m WARN[0m [2mwayvid::backend::wayland::surface[0m[2m:[0m resume_playback not supported with shared decode context
[2m2025-10-23T08:08:14.220692Z[0m [34mDEBUG[0m [2mwayvid::video::mpv[0m[2m:[0m 🎬 Rendering frame: 2160x1215 to FBO 0
[2m2025-10-23T08:08:14.253669Z[0m [34mDEBUG[0m [2mwayvid::video::mpv[0m[2m:[0m   ✓ Frame rendered successfully
[2m2025-10-23T08:08:14.253933Z[0m [33m WARN[0m [2mwayvid::backend::wayland::surface[0m[2m:[0m resume_playback not supported with shared decode context
[2m2025-10-23T08:08:14.253942Z[0m [33m WARN[0m [2mwayvid::backend::wayland::surface[0m[2m:[0m resume_playback not supported with shared decode context
[2m2025-10-23T08:08:14.253972Z[0m [34mDEBUG[0m [2mwayvid::video::mpv[0m[2m:[0m 🎬 Rendering frame: 2560x1440 to FBO 0
[2m2025-10-23T08:08:14.287027Z[0m [34mDEBUG[0m [2mwayvid::video::mpv[0m[2m:[0m   ✓ Frame rendered successfully
[2m2025-10-23T08:08:14.287324Z[0m [33m WARN[0m [2mwayvid::backend::wayland::surface[0m[2m:[0m resume_playback not supported with shared decode context
[2m2025-10-23T08:08:14.287339Z[0m [33m WARN[0m [2mwayvid::backend::wayland::surface[0m[2m:[0m resume_playback not supported with shared decode context
[2m2025-10-23T08:08:14.287376Z[0m [34mDEBUG[0m [2mwayvid::video::mpv[0m[2m:[0m 🎬 Rendering frame: 2160x1215 to FBO 0
[2m2025-10-23T08:08:14.320363Z[0m [34mDEBUG[0m [2mwayvid::video::mpv[0m[2m:[0m   ✓ Frame rendered successfully
[2m2025-10-23T08:08:14.320673Z[0m [33m WARN[0m [2mwayvid::backend::wayland::surface[0m[2m:[0m resume_playback not supported with shared decode context
[2m2025-10-23T08:08:14.320685Z[0m [33m WARN[0m [2mwayvid::backend::wayland::surface[0m[2m:[0m resume_playback not supported with shared decode context
[2m2025-10-23T08:08:14.320723Z[0m [34mDEBUG[0m [2mwayvid::video::mpv[0m[2m:[0m 🎬 Rendering frame: 2560x1440 to FBO 0
[2m2025-10-23T08:08:14.353676Z[0m [34mDEBUG[0m [2mwayvid::video::mpv[0m[2m:[0m   ✓ Frame rendered successfully
[2m2025-10-23T08:08:14.353933Z[0m [33m WARN[0m [2mwayvid::backend::wayland::surface[0m[2m:[0m resume_playback not supported with shared decode context
[2m2025-10-23T08:08:14.353943Z[0m [33m WARN[0m [2mwayvid::backend::wayland::surface[0m[2m:[0m resume_playback not supported with shared decode context
[2m2025-10-23T08:08:14.353976Z[0m [34mDEBUG[0m [2mwayvid::video::mpv[0m[2m:[0m 🎬 Rendering frame: 2160x1215 to FBO 0
[2m2025-10-23T08:08:14.387026Z[0m [34mDEBUG[0m [2mwayvid::video::mpv[0m[2m:[0m   ✓ Frame rendered successfully
[2m2025-10-23T08:08:14.387308Z[0m [33m WARN[0m [2mwayvid::backend::wayland::surface[0m[2m:[0m resume_playback not supported with shared decode context
[2m2025-10-23T08:08:14.387337Z[0m [33m WARN[0m [2mwayvid::backend::wayland::surface[0m[2m:[0m resume_playback not supported with shared decode context
[2m2025-10-23T08:08:14.388003Z[0m [33m WARN[0m [2mwayvid::backend::wayland::surface[0m[2m:[0m resume_playback not supported with shared decode context
[2m2025-10-23T08:08:14.388016Z[0m [33m WARN[0m [2mwayvid::backend::wayland::surface[0m[2m:[0m resume_playback not supported with shared decode context
[2m2025-10-23T08:08:14.388057Z[0m [34mDEBUG[0m [2mwayvid::video::mpv[0m[2m:[0m 🎬 Rendering frame: 2560x1440 to FBO 0
[2m2025-10-23T08:08:14.420337Z[0m [34mDEBUG[0m [2mwayvid::video::mpv[0m[2m:[0m   ✓ Frame rendered successfully
[2m2025-10-23T08:08:14.420590Z[0m [33m WARN[0m [2mwayvid::backend::wayland::surface[0m[2m:[0m resume_playback not supported with shared decode context
[2m2025-10-23T08:08:14.420602Z[0m [33m WARN[0m [2mwayvid::backend::wayland::surface[0m[2m:[0m resume_playback not supported with shared decode context
[2m2025-10-23T08:08:14.420633Z[0m [34mDEBUG[0m [2mwayvid::video::mpv[0m[2m:[0m 🎬 Rendering frame: 2160x1215 to FBO 0
[2m2025-10-23T08:08:14.453685Z[0m [34mDEBUG[0m [2mwayvid::video::mpv[0m[2m:[0m   ✓ Frame rendered successfully
[2m2025-10-23T08:08:14.453942Z[0m [33m WARN[0m [2mwayvid::backend::wayland::surface[0m[2m:[0m resume_playback not supported with shared decode context
[2m2025-10-23T08:08:14.453958Z[0m [33m WARN[0m [2mwayvid::backend::wayland::surface[0m[2m:[0m resume_playback not supported with shared decode context
[2m2025-10-23T08:08:14.453986Z[0m [34mDEBUG[0m [2mwayvid::video::mpv[0m[2m:[0m 🎬 Rendering frame: 2560x1440 to FBO 0
[2m2025-10-23T08:08:14.486996Z[0m [34mDEBUG[0m [2mwayvid::video::mpv[0m[2m:[0m   ✓ Frame rendered successfully
[2m2025-10-23T08:08:14.487275Z[0m [33m WARN[0m [2mwayvid::backend::wayland::surface[0m[2m:[0m resume_playback not supported with shared decode context
[2m2025-10-23T08:08:14.487288Z[0m [33m WARN[0m [2mwayvid::backend::wayland::surface[0m[2m:[0m resume_playback not supported with shared decode context
[2m2025-10-23T08:08:14.487325Z[0m [34mDEBUG[0m [2mwayvid::video::mpv[0m[2m:[0m 🎬 Rendering frame: 2160x1215 to FBO 0
[2m2025-10-23T08:08:14.520333Z[0m [34mDEBUG[0m [2mwayvid::video::mpv[0m[2m:[0m   ✓ Frame rendered successfully
[2m2025-10-23T08:08:14.520542Z[0m [33m WARN[0m [2mwayvid::backend::wayland::surface[0m[2m:[0m resume_playback not supported with shared decode context
[2m2025-10-23T08:08:14.520550Z[0m [33m WARN[0m [2mwayvid::backend::wayland::surface[0m[2m:[0m resume_playback not supported with shared decode context
[2m2025-10-23T08:08:14.520581Z[0m [34mDEBUG[0m [2mwayvid::video::mpv[0m[2m:[0m 🎬 Rendering frame: 2560x1440 to FBO 0
[2m2025-10-23T08:08:14.553667Z[0m [34mDEBUG[0m [2mwayvid::video::mpv[0m[2m:[0m   ✓ Frame rendered successfully
[2m2025-10-23T08:08:14.553892Z[0m [33m WARN[0m [2mwayvid::backend::wayland::surface[0m[2m:[0m resume_playback not supported with shared decode context
[2m2025-10-23T08:08:14.553910Z[0m [33m WARN[0m [2mwayvid::backend::wayland::surface[0m[2m:[0m resume_playback not supported with shared decode context
[2m2025-10-23T08:08:14.553941Z[0m [34mDEBUG[0m [2mwayvid::video::mpv[0m[2m:[0m 🎬 Rendering frame: 2160x1215 to FBO 0
[2m2025-10-23T08:08:14.586993Z[0m [34mDEBUG[0m [2mwayvid::video::mpv[0m[2m:[0m   ✓ Frame rendered successfully
[2m2025-10-23T08:08:14.587197Z[0m [33m WARN[0m [2mwayvid::backend::wayland::surface[0m[2m:[0m resume_playback not supported with shared decode context
[2m2025-10-23T08:08:14.587203Z[0m [33m WARN[0m [2mwayvid::backend::wayland::surface[0m[2m:[0m resume_playback not supported with shared decode context
[2m2025-10-23T08:08:14.587228Z[0m [34mDEBUG[0m [2mwayvid::video::mpv[0m[2m:[0m 🎬 Rendering frame: 2560x1440 to FBO 0
[2m2025-10-23T08:08:14.620331Z[0m [34mDEBUG[0m [2mwayvid::video::mpv[0m[2m:[0m   ✓ Frame rendered successfully
[2m2025-10-23T08:08:14.620548Z[0m [33m WARN[0m [2mwayvid::backend::wayland::surface[0m[2m:[0m resume_playback not supported with shared decode context
[2m2025-10-23T08:08:14.620571Z[0m [33m WARN[0m [2mwayvid::backend::wayland::surface[0m[2m:[0m resume_playback not supported with shared decode context
[2m2025-10-23T08:08:14.620599Z[0m [34mDEBUG[0m [2mwayvid::video::mpv[0m[2m:[0m 🎬 Rendering frame: 2160x1215 to FBO 0
[2m2025-10-23T08:08:14.653682Z[0m [34mDEBUG[0m [2mwayvid::video::mpv[0m[2m:[0m   ✓ Frame rendered successfully
[2m2025-10-23T08:08:14.653894Z[0m [33m WARN[0m [2mwayvid::backend::wayland::surface[0m[2m:[0m resume_playback not supported with shared decode context
[2m2025-10-23T08:08:14.653908Z[0m [33m WARN[0m [2mwayvid::backend::wayland::surface[0m[2m:[0m resume_playback not supported with shared decode context
[2m2025-10-23T08:08:14.653936Z[0m [34mDEBUG[0m [2mwayvid::video::mpv[0m[2m:[0m 🎬 Rendering frame: 2560x1440 to FBO 0
[2m2025-10-23T08:08:14.686997Z[0m [34mDEBUG[0m [2mwayvid::video::mpv[0m[2m:[0m   ✓ Frame rendered successfully
[2m2025-10-23T08:08:14.687263Z[0m [33m WARN[0m [2mwayvid::backend::wayland::surface[0m[2m:[0m resume_playback not supported with shared decode context
[2m2025-10-23T08:08:14.687272Z[0m [33m WARN[0m [2mwayvid::backend::wayland::surface[0m[2m:[0m resume_playback not supported with shared decode context
[2m2025-10-23T08:08:14.687303Z[0m [34mDEBUG[0m [2mwayvid::video::mpv[0m[2m:[0m 🎬 Rendering frame: 2160x1215 to FBO 0
[2m2025-10-23T08:08:14.720331Z[0m [34mDEBUG[0m [2mwayvid::video::mpv[0m[2m:[0m   ✓ Frame rendered successfully
[2m2025-10-23T08:08:14.720560Z[0m [33m WARN[0m [2mwayvid::backend::wayland::surface[0m[2m:[0m resume_playback not supported with shared decode context
[2m2025-10-23T08:08:14.720572Z[0m [33m WARN[0m [2mwayvid::backend::wayland::surface[0m[2m:[0m resume_playback not supported with shared decode context
[2m2025-10-23T08:08:14.721361Z[0m [33m WARN[0m [2mwayvid::backend::wayland::surface[0m[2m:[0m resume_playback not supported with shared decode context
[2m2025-10-23T08:08:14.721381Z[0m [33m WARN[0m [2mwayvid::backend::wayland::surface[0m[2m:[0m resume_playback not supported with shared decode context
[2m2025-10-23T08:08:14.721426Z[0m [34mDEBUG[0m [2mwayvid::video::mpv[0m[2m:[0m 🎬 Rendering frame: 2560x1440 to FBO 0
[2m2025-10-23T08:08:14.753691Z[0m [34mDEBUG[0m [2mwayvid::video::mpv[0m[2m:[0m   ✓ Frame rendered successfully
[2m2025-10-23T08:08:14.753951Z[0m [33m WARN[0m [2mwayvid::backend::wayland::surface[0m[2m:[0m resume_playback not supported with shared decode context
[2m2025-10-23T08:08:14.753967Z[0m [33m WARN[0m [2mwayvid::backend::wayland::surface[0m[2m:[0m resume_playback not supported with shared decode context
[2m2025-10-23T08:08:14.754007Z[0m [34mDEBUG[0m [2mwayvid::video::mpv[0m[2m:[0m 🎬 Rendering frame: 2160x1215 to FBO 0
[2m2025-10-23T08:08:14.786985Z[0m [34mDEBUG[0m [2mwayvid::video::mpv[0m[2m:[0m   ✓ Frame rendered successfully
[2m2025-10-23T08:08:14.787287Z[0m [33m WARN[0m [2mwayvid::backend::wayland::surface[0m[2m:[0m resume_playback not supported with shared decode context
[2m2025-10-23T08:08:14.787300Z[0m [33m WARN[0m [2mwayvid::backend::wayland::surface[0m[2m:[0m resume_playback not supported with shared decode context
[2m2025-10-23T08:08:14.787340Z[0m [34mDEBUG[0m [2mwayvid::video::mpv[0m[2m:[0m 🎬 Rendering frame: 2560x1440 to FBO 0
[2m2025-10-23T08:08:14.820332Z[0m [34mDEBUG[0m [2mwayvid::video::mpv[0m[2m:[0m   ✓ Frame rendered successfully
[2m2025-10-23T08:08:14.820641Z[0m [33m WARN[0m [2mwayvid::backend::wayland::surface[0m[2m:[0m resume_playback not supported with shared decode context
[2m2025-10-23T08:08:14.820655Z[0m [33m WARN[0m [2mwayvid::backend::wayland::surface[0m[2m:[0m resume_playback not supported with shared decode context
[2m2025-10-23T08:08:14.820716Z[0m [34mDEBUG[0m [2mwayvid::video::mpv[0m[2m:[0m 🎬 Rendering frame: 2160x1215 to FBO 0
[2m2025-10-23T08:08:14.853658Z[0m [34mDEBUG[0m [2mwayvid::video::mpv[0m[2m:[0m   ✓ Frame rendered successfully
[2m2025-10-23T08:08:14.853897Z[0m [33m WARN[0m [2mwayvid::backend::wayland::surface[0m[2m:[0m resume_playback not supported with shared decode context
[2m2025-10-23T08:08:14.853910Z[0m [33m WARN[0m [2mwayvid::backend::wayland::surface[0m[2m:[0m resume_playback not supported with shared decode context
[2m2025-10-23T08:08:14.853944Z[0m [34mDEBUG[0m [2mwayvid::video::mpv[0m[2m:[0m 🎬 Rendering frame: 2560x1440 to FBO 0
[2m2025-10-23T08:08:14.887002Z[0m [34mDEBUG[0m [2mwayvid::video::mpv[0m[2m:[0m   ✓ Frame rendered successfully
[2m2025-10-23T08:08:14.887293Z[0m [33m WARN[0m [2mwayvid::backend::wayland::surface[0m[2m:[0m resume_playback not supported with shared decode context
[2m2025-10-23T08:08:14.887307Z[0m [33m WARN[0m [2mwayvid::backend::wayland::surface[0m[2m:[0m resume_playback not supported with shared decode context
[2m2025-10-23T08:08:14.887344Z[0m [34mDEBUG[0m [2mwayvid::video::mpv[0m[2m:[0m 🎬 Rendering frame: 2160x1215 to FBO 0
[2m2025-10-23T08:08:14.920327Z[0m [34mDEBUG[0m [2mwayvid::video::mpv[0m[2m:[0m   ✓ Frame rendered successfully
[2m2025-10-23T08:08:14.920576Z[0m [33m WARN[0m [2mwayvid::backend::wayland::surface[0m[2m:[0m resume_playback not supported with shared decode context
[2m2025-10-23T08:08:14.920588Z[0m [33m WARN[0m [2mwayvid::backend::wayland::surface[0m[2m:[0m resume_playback not supported with shared decode context
[2m2025-10-23T08:08:14.920625Z[0m [34mDEBUG[0m [2mwayvid::video::mpv[0m[2m:[0m 🎬 Rendering frame: 2560x1440 to FBO 0
[2m2025-10-23T08:08:14.953663Z[0m [34mDEBUG[0m [2mwayvid::video::mpv[0m[2m:[0m   ✓ Frame rendered successfully
[2m2025-10-23T08:08:14.953942Z[0m [33m WARN[0m [2mwayvid::backend::wayland::surface[0m[2m:[0m resume_playback not supported with shared decode context
[2m2025-10-23T08:08:14.953955Z[0m [33m WARN[0m [2mwayvid::backend::wayland::surface[0m[2m:[0m resume_playback not supported with shared decode context
[2m2025-10-23T08:08:14.953987Z[0m [34mDEBUG[0m [2mwayvid::video::mpv[0m[2m:[0m 🎬 Rendering frame: 2160x1215 to FBO 0
[2m2025-10-23T08:08:14.986997Z[0m [34mDEBUG[0m [2mwayvid::video::mpv[0m[2m:[0m   ✓ Frame rendered successfully
[2m2025-10-23T08:08:14.987292Z[0m [33m WARN[0m [2mwayvid::backend::wayland::surface[0m[2m:[0m resume_playback not supported with shared decode context
[2m2025-10-23T08:08:14.987304Z[0m [33m WARN[0m [2mwayvid::backend::wayland::surface[0m[2m:[0m resume_playback not supported with shared decode context
[2m2025-10-23T08:08:14.987343Z[0m [34mDEBUG[0m [2mwayvid::video::mpv[0m[2m:[0m 🎬 Rendering frame: 2560x1440 to FBO 0
[2m2025-10-23T08:08:15.020332Z[0m [34mDEBUG[0m [2mwayvid::video::mpv[0m[2m:[0m   ✓ Frame rendered successfully
[2m2025-10-23T08:08:15.020634Z[0m [33m WARN[0m [2mwayvid::backend::wayland::surface[0m[2m:[0m resume_playback not supported with shared decode context
[2m2025-10-23T08:08:15.020649Z[0m [33m WARN[0m [2mwayvid::backend::wayland::surface[0m[2m:[0m resume_playback not supported with shared decode context
[2m2025-10-23T08:08:15.020688Z[0m [34mDEBUG[0m [2mwayvid::video::mpv[0m[2m:[0m 🎬 Rendering frame: 2160x1215 to FBO 0
[2m2025-10-23T08:08:15.053687Z[0m [34mDEBUG[0m [2mwayvid::video::mpv[0m[2m:[0m   ✓ Frame rendered successfully
[2m2025-10-23T08:08:15.053986Z[0m [33m WARN[0m [2mwayvid::backend::wayland::surface[0m[2m:[0m resume_playback not supported with shared decode context
[2m2025-10-23T08:08:15.053998Z[0m [33m WARN[0m [2mwayvid::backend::wayland::surface[0m[2m:[0m resume_playback not supported with shared decode context
[2m2025-10-23T08:08:15.054041Z[0m [34mDEBUG[0m [2mwayvid::video::mpv[0m[2m:[0m 🎬 Rendering frame: 2560x1440 to FBO 0
[2m2025-10-23T08:08:15.087010Z[0m [34mDEBUG[0m [2mwayvid::video::mpv[0m[2m:[0m   ✓ Frame rendered successfully
[2m2025-10-23T08:08:15.087259Z[0m [33m WARN[0m [2mwayvid::backend::wayland::surface[0m[2m:[0m resume_playback not supported with shared decode context
[2m2025-10-23T08:08:15.087271Z[0m [33m WARN[0m [2mwayvid::backend::wayland::surface[0m[2m:[0m resume_playback not supported with shared decode context
[2m2025-10-23T08:08:15.087311Z[0m [34mDEBUG[0m [2mwayvid::video::mpv[0m[2m:[0m 🎬 Rendering frame: 2160x1215 to FBO 0
[2m2025-10-23T08:08:15.120349Z[0m [34mDEBUG[0m [2mwayvid::video::mpv[0m[2m:[0m   ✓ Frame rendered successfully
[2m2025-10-23T08:08:15.120609Z[0m [33m WARN[0m [2mwayvid::backend::wayland::surface[0m[2m:[0m resume_playback not supported with shared decode context
[2m2025-10-23T08:08:15.120623Z[0m [33m WARN[0m [2mwayvid::backend::wayland::surface[0m[2m:[0m resume_playback not supported with shared decode context
[2m2025-10-23T08:08:15.120656Z[0m [34mDEBUG[0m [2mwayvid::video::mpv[0m[2m:[0m 🎬 Rendering frame: 2560x1440 to FBO 0
[2m2025-10-23T08:08:15.153669Z[0m [34mDEBUG[0m [2mwayvid::video::mpv[0m[2m:[0m   ✓ Frame rendered successfully
[2m2025-10-23T08:08:15.153956Z[0m [33m WARN[0m [2mwayvid::backend::wayland::surface[0m[2m:[0m resume_playback not supported with shared decode context
[2m2025-10-23T08:08:15.153968Z[0m [33m WARN[0m [2mwayvid::backend::wayland::surface[0m[2m:[0m resume_playback not supported with shared decode context
[2m2025-10-23T08:08:15.153997Z[0m [34mDEBUG[0m [2mwayvid::video::mpv[0m[2m:[0m 🎬 Rendering frame: 2160x1215 to FBO 0
[2m2025-10-23T08:08:15.187019Z[0m [34mDEBUG[0m [2mwayvid::video::mpv[0m[2m:[0m   ✓ Frame rendered successfully
[2m2025-10-23T08:08:15.187263Z[0m [33m WARN[0m [2mwayvid::backend::wayland::surface[0m[2m:[0m resume_playback not supported with shared decode context
[2m2025-10-23T08:08:15.187274Z[0m [33m WARN[0m [2mwayvid::backend::wayland::surface[0m[2m:[0m resume_playback not supported with shared decode context
[2m2025-10-23T08:08:15.187316Z[0m [34mDEBUG[0m [2mwayvid::video::mpv[0m[2m:[0m 🎬 Rendering frame: 2560x1440 to FBO 0
[2m2025-10-23T08:08:15.220331Z[0m [34mDEBUG[0m [2mwayvid::video::mpv[0m[2m:[0m   ✓ Frame rendered successfully
[2m2025-10-23T08:08:15.220592Z[0m [33m WARN[0m [2mwayvid::backend::wayland::surface[0m[2m:[0m resume_playback not supported with shared decode context
[2m2025-10-23T08:08:15.220604Z[0m [33m WARN[0m [2mwayvid::backend::wayland::surface[0m[2m:[0m resume_playback not supported with shared decode context
[2m2025-10-23T08:08:15.220635Z[0m [34mDEBUG[0m [2mwayvid::video::mpv[0m[2m:[0m 🎬 Rendering frame: 2160x1215 to FBO 0
[2m2025-10-23T08:08:15.253675Z[0m [34mDEBUG[0m [2mwayvid::video::mpv[0m[2m:[0m   ✓ Frame rendered successfully
[2m2025-10-23T08:08:15.253894Z[0m [33m WARN[0m [2mwayvid::backend::wayland::surface[0m[2m:[0m resume_playback not supported with shared decode context
[2m2025-10-23T08:08:15.253903Z[0m [33m WARN[0m [2mwayvid::backend::wayland::surface[0m[2m:[0m resume_playback not supported with shared decode context
[2m2025-10-23T08:08:15.253936Z[0m [34mDEBUG[0m [2mwayvid::video::mpv[0m[2m:[0m 🎬 Rendering frame: 2560x1440 to FBO 0
[2m2025-10-23T08:08:15.286972Z[0m [34mDEBUG[0m [2mwayvid::video::mpv[0m[2m:[0m   ✓ Frame rendered successfully
[2m2025-10-23T08:08:15.287219Z[0m [33m WARN[0m [2mwayvid::backend::wayland::surface[0m[2m:[0m resume_playback not supported with shared decode context
[2m2025-10-23T08:08:15.287232Z[0m [33m WARN[0m [2mwayvid::backend::wayland::surface[0m[2m:[0m resume_playback not supported with shared decode context
[2m2025-10-23T08:08:15.287270Z[0m [34mDEBUG[0m [2mwayvid::video::mpv[0m[2m:[0m 🎬 Rendering frame: 2160x1215 to FBO 0
[2m2025-10-23T08:08:15.320327Z[0m [34mDEBUG[0m [2mwayvid::video::mpv[0m[2m:[0m   ✓ Frame rendered successfully
[2m2025-10-23T08:08:15.320603Z[0m [33m WARN[0m [2mwayvid::backend::wayland::surface[0m[2m:[0m resume_playback not supported with shared decode context
[2m2025-10-23T08:08:15.320618Z[0m [33m WARN[0m [2mwayvid::backend::wayland::surface[0m[2m:[0m resume_playback not supported with shared decode context
[2m2025-10-23T08:08:15.320648Z[0m [34mDEBUG[0m [2mwayvid::video::mpv[0m[2m:[0m 🎬 Rendering frame: 2560x1440 to FBO 0
[2m2025-10-23T08:08:15.353668Z[0m [34mDEBUG[0m [2mwayvid::video::mpv[0m[2m:[0m   ✓ Frame rendered successfully
[2m2025-10-23T08:08:15.353970Z[0m [33m WARN[0m [2mwayvid::backend::wayland::surface[0m[2m:[0m resume_playback not supported with shared decode context
[2m2025-10-23T08:08:15.353982Z[0m [33m WARN[0m [2mwayvid::backend::wayland::surface[0m[2m:[0m resume_playback not supported with shared decode context
[2m2025-10-23T08:08:15.354014Z[0m [34mDEBUG[0m [2mwayvid::video::mpv[0m[2m:[0m 🎬 Rendering frame: 2160x1215 to FBO 0
[2m2025-10-23T08:08:15.386995Z[0m [34mDEBUG[0m [2mwayvid::video::mpv[0m[2m:[0m   ✓ Frame rendered successfully
[2m2025-10-23T08:08:15.387267Z[0m [33m WARN[0m [2mwayvid::backend::wayland::surface[0m[2m:[0m resume_playback not supported with shared decode context
[2m2025-10-23T08:08:15.387279Z[0m [33m WARN[0m [2mwayvid::backend::wayland::surface[0m[2m:[0m resume_playback not supported with shared decode context
[2m2025-10-23T08:08:15.387312Z[0m [34mDEBUG[0m [2mwayvid::video::mpv[0m[2m:[0m 🎬 Rendering frame: 2560x1440 to FBO 0
[2m2025-10-23T08:08:15.420302Z[0m [34mDEBUG[0m [2mwayvid::video::mpv[0m[2m:[0m   ✓ Frame rendered successfully
[2m2025-10-23T08:08:15.420538Z[0m [33m WARN[0m [2mwayvid::backend::wayland::surface[0m[2m:[0m resume_playback not supported with shared decode context
[2m2025-10-23T08:08:15.420550Z[0m [33m WARN[0m [2mwayvid::backend::wayland::surface[0m[2m:[0m resume_playback not supported with shared decode context
[2m2025-10-23T08:08:15.420581Z[0m [34mDEBUG[0m [2mwayvid::video::mpv[0m[2m:[0m 🎬 Rendering frame: 2160x1215 to FBO 0
[2m2025-10-23T08:08:15.453658Z[0m [34mDEBUG[0m [2mwayvid::video::mpv[0m[2m:[0m   ✓ Frame rendered successfully
[2m2025-10-23T08:08:15.453888Z[0m [33m WARN[0m [2mwayvid::backend::wayland::surface[0m[2m:[0m resume_playback not supported with shared decode context
[2m2025-10-23T08:08:15.453899Z[0m [33m WARN[0m [2mwayvid::backend::wayland::surface[0m[2m:[0m resume_playback not supported with shared decode context
[2m2025-10-23T08:08:15.453933Z[0m [34mDEBUG[0m [2mwayvid::video::mpv[0m[2m:[0m 🎬 Rendering frame: 2560x1440 to FBO 0
[2m2025-10-23T08:08:15.486995Z[0m [34mDEBUG[0m [2mwayvid::video::mpv[0m[2m:[0m   ✓ Frame rendered successfully
[2m2025-10-23T08:08:15.487270Z[0m [33m WARN[0m [2mwayvid::backend::wayland::surface[0m[2m:[0m resume_playback not supported with shared decode context
[2m2025-10-23T08:08:15.487280Z[0m [33m WARN[0m [2mwayvid::backend::wayland::surface[0m[2m:[0m resume_playback not supported with shared decode context
[2m2025-10-23T08:08:15.487307Z[0m [34mDEBUG[0m [2mwayvid::video::mpv[0m[2m:[0m 🎬 Rendering frame: 2160x1215 to FBO 0
[2m2025-10-23T08:08:15.520303Z[0m [34mDEBUG[0m [2mwayvid::video::mpv[0m[2m:[0m   ✓ Frame rendered successfully
[2m2025-10-23T08:08:15.520550Z[0m [33m WARN[0m [2mwayvid::backend::wayland::surface[0m[2m:[0m resume_playback not supported with shared decode context
[2m2025-10-23T08:08:15.520561Z[0m [33m WARN[0m [2mwayvid::backend::wayland::surface[0m[2m:[0m resume_playback not supported with shared decode context
[2m2025-10-23T08:08:15.520594Z[0m [34mDEBUG[0m [2mwayvid::video::mpv[0m[2m:[0m 🎬 Rendering frame: 2560x1440 to FBO 0
[2m2025-10-23T08:08:15.553647Z[0m [34mDEBUG[0m [2mwayvid::video::mpv[0m[2m:[0m   ✓ Frame rendered successfully
[2m2025-10-23T08:08:15.553919Z[0m [33m WARN[0m [2mwayvid::backend::wayland::surface[0m[2m:[0m resume_playback not supported with shared decode context
[2m2025-10-23T08:08:15.553948Z[0m [33m WARN[0m [2mwayvid::backend::wayland::surface[0m[2m:[0m resume_playback not supported with shared decode context
[2m2025-10-23T08:08:15.553986Z[0m [34mDEBUG[0m [2mwayvid::video::mpv[0m[2m:[0m 🎬 Rendering frame: 2160x1215 to FBO 0
[2m2025-10-23T08:08:15.586974Z[0m [34mDEBUG[0m [2mwayvid::video::mpv[0m[2m:[0m   ✓ Frame rendered successfully
[2m2025-10-23T08:08:15.587205Z[0m [33m WARN[0m [2mwayvid::backend::wayland::surface[0m[2m:[0m resume_playback not supported with shared decode context
[2m2025-10-23T08:08:15.587215Z[0m [33m WARN[0m [2mwayvid::backend::wayland::surface[0m[2m:[0m resume_playback not supported with shared decode context
[2m2025-10-23T08:08:15.587245Z[0m [34mDEBUG[0m [2mwayvid::video::mpv[0m[2m:[0m 🎬 Rendering frame: 2560x1440 to FBO 0
[2m2025-10-23T08:08:15.620340Z[0m [34mDEBUG[0m [2mwayvid::video::mpv[0m[2m:[0m   ✓ Frame rendered successfully
[2m2025-10-23T08:08:15.620618Z[0m [33m WARN[0m [2mwayvid::backend::wayland::surface[0m[2m:[0m resume_playback not supported with shared decode context
[2m2025-10-23T08:08:15.620630Z[0m [33m WARN[0m [2mwayvid::backend::wayland::surface[0m[2m:[0m resume_playback not supported with shared decode context
[2m2025-10-23T08:08:15.620663Z[0m [34mDEBUG[0m [2mwayvid::video::mpv[0m[2m:[0m 🎬 Rendering frame: 2160x1215 to FBO 0
[2m2025-10-23T08:08:15.653638Z[0m [34mDEBUG[0m [2mwayvid::video::mpv[0m[2m:[0m   ✓ Frame rendered successfully
[2m2025-10-23T08:08:15.653915Z[0m [33m WARN[0m [2mwayvid::backend::wayland::surface[0m[2m:[0m resume_playback not supported with shared decode context
[2m2025-10-23T08:08:15.653929Z[0m [33m WARN[0m [2mwayvid::backend::wayland::surface[0m[2m:[0m resume_playback not supported with shared decode context
[2m2025-10-23T08:08:15.653967Z[0m [34mDEBUG[0m [2mwayvid::video::mpv[0m[2m:[0m 🎬 Rendering frame: 2560x1440 to FBO 0
[2m2025-10-23T08:08:15.686995Z[0m [34mDEBUG[0m [2mwayvid::video::mpv[0m[2m:[0m   ✓ Frame rendered successfully
[2m2025-10-23T08:08:15.687297Z[0m [33m WARN[0m [2mwayvid::backend::wayland::surface[0m[2m:[0m resume_playback not supported with shared decode context
[2m2025-10-23T08:08:15.687311Z[0m [33m WARN[0m [2mwayvid::backend::wayland::surface[0m[2m:[0m resume_playback not supported with shared decode context
[2m2025-10-23T08:08:15.687334Z[0m [33m WARN[0m [2mwayvid::backend::wayland::surface[0m[2m:[0m resume_playback not supported with shared decode context
[2m2025-10-23T08:08:15.687339Z[0m [33m WARN[0m [2mwayvid::backend::wayland::surface[0m[2m:[0m resume_playback not supported with shared decode context
[2m2025-10-23T08:08:15.687370Z[0m [34mDEBUG[0m [2mwayvid::video::mpv[0m[2m:[0m 🎬 Rendering frame: 2160x1215 to FBO 0
[2m2025-10-23T08:08:15.720299Z[0m [34mDEBUG[0m [2mwayvid::video::mpv[0m[2m:[0m   ✓ Frame rendered successfully
[2m2025-10-23T08:08:15.720524Z[0m [33m WARN[0m [2mwayvid::backend::wayland::surface[0m[2m:[0m resume_playback not supported with shared decode context
[2m2025-10-23T08:08:15.720535Z[0m [33m WARN[0m [2mwayvid::backend::wayland::surface[0m[2m:[0m resume_playback not supported with shared decode context
[2m2025-10-23T08:08:15.720560Z[0m [34mDEBUG[0m [2mwayvid::video::mpv[0m[2m:[0m 🎬 Rendering frame: 2560x1440 to FBO 0
[2m2025-10-23T08:08:15.753637Z[0m [34mDEBUG[0m [2mwayvid::video::mpv[0m[2m:[0m   ✓ Frame rendered successfully
[2m2025-10-23T08:08:15.753918Z[0m [33m WARN[0m [2mwayvid::backend::wayland::surface[0m[2m:[0m resume_playback not supported with shared decode context
[2m2025-10-23T08:08:15.753930Z[0m [33m WARN[0m [2mwayvid::backend::wayland::surface[0m[2m:[0m resume_playback not supported with shared decode context
[2m2025-10-23T08:08:15.754118Z[0m [33m WARN[0m [2mwayvid::backend::wayland::surface[0m[2m:[0m resume_playback not supported with shared decode context
[2m2025-10-23T08:08:15.754141Z[0m [33m WARN[0m [2mwayvid::backend::wayland::surface[0m[2m:[0m resume_playback not supported with shared decode context
[2m2025-10-23T08:08:15.754174Z[0m [34mDEBUG[0m [2mwayvid::video::mpv[0m[2m:[0m 🎬 Rendering frame: 2160x1215 to FBO 0
[2m2025-10-23T08:08:15.786988Z[0m [34mDEBUG[0m [2mwayvid::video::mpv[0m[2m:[0m   ✓ Frame rendered successfully
[2m2025-10-23T08:08:15.787250Z[0m [33m WARN[0m [2mwayvid::backend::wayland::surface[0m[2m:[0m resume_playback not supported with shared decode context
[2m2025-10-23T08:08:15.787262Z[0m [33m WARN[0m [2mwayvid::backend::wayland::surface[0m[2m:[0m resume_playback not supported with shared decode context
[2m2025-10-23T08:08:15.787290Z[0m [34mDEBUG[0m [2mwayvid::video::mpv[0m[2m:[0m 🎬 Rendering frame: 2560x1440 to FBO 0
[2m2025-10-23T08:08:15.820326Z[0m [34mDEBUG[0m [2mwayvid::video::mpv[0m[2m:[0m   ✓ Frame rendered successfully
[2m2025-10-23T08:08:15.820597Z[0m [33m WARN[0m [2mwayvid::backend::wayland::surface[0m[2m:[0m resume_playback not supported with shared decode context
[2m2025-10-23T08:08:15.820608Z[0m [33m WARN[0m [2mwayvid::backend::wayland::surface[0m[2m:[0m resume_playback not supported with shared decode context
[2m2025-10-23T08:08:15.820863Z[0m [33m WARN[0m [2mwayvid::backend::wayland::surface[0m[2m:[0m resume_playback not supported with shared decode context
[2m2025-10-23T08:08:15.820868Z[0m [33m WARN[0m [2mwayvid::backend::wayland::surface[0m[2m:[0m resume_playback not supported with shared decode context
[2m2025-10-23T08:08:15.820901Z[0m [34mDEBUG[0m [2mwayvid::video::mpv[0m[2m:[0m 🎬 Rendering frame: 2160x1215 to FBO 0
[2m2025-10-23T08:08:15.853663Z[0m [34mDEBUG[0m [2mwayvid::video::mpv[0m[2m:[0m   ✓ Frame rendered successfully
[2m2025-10-23T08:08:15.854010Z[0m [33m WARN[0m [2mwayvid::backend::wayland::surface[0m[2m:[0m resume_playback not supported with shared decode context
[2m2025-10-23T08:08:15.854022Z[0m [33m WARN[0m [2mwayvid::backend::wayland::surface[0m[2m:[0m resume_playback not supported with shared decode context
[2m2025-10-23T08:08:15.854051Z[0m [34mDEBUG[0m [2mwayvid::video::mpv[0m[2m:[0m 🎬 Rendering frame: 2560x1440 to FBO 0
[2m2025-10-23T08:08:15.886999Z[0m [34mDEBUG[0m [2mwayvid::video::mpv[0m[2m:[0m   ✓ Frame rendered successfully
[2m2025-10-23T08:08:15.887333Z[0m [33m WARN[0m [2mwayvid::backend::wayland::surface[0m[2m:[0m resume_playback not supported with shared decode context
[2m2025-10-23T08:08:15.887346Z[0m [33m WARN[0m [2mwayvid::backend::wayland::surface[0m[2m:[0m resume_playback not supported with shared decode context
[2m2025-10-23T08:08:15.887377Z[0m [34mDEBUG[0m [2mwayvid::video::mpv[0m[2m:[0m 🎬 Rendering frame: 2160x1215 to FBO 0
[2m2025-10-23T08:08:15.920302Z[0m [34mDEBUG[0m [2mwayvid::video::mpv[0m[2m:[0m   ✓ Frame rendered successfully
[2m2025-10-23T08:08:15.920682Z[0m [33m WARN[0m [2mwayvid::backend::wayland::surface[0m[2m:[0m resume_playback not supported with shared decode context
[2m2025-10-23T08:08:15.920693Z[0m [33m WARN[0m [2mwayvid::backend::wayland::surface[0m[2m:[0m resume_playback not supported with shared decode context
[2m2025-10-23T08:08:15.920733Z[0m [34mDEBUG[0m [2mwayvid::video::mpv[0m[2m:[0m 🎬 Rendering frame: 2560x1440 to FBO 0
[2m2025-10-23T08:08:15.953659Z[0m [34mDEBUG[0m [2mwayvid::video::mpv[0m[2m:[0m   ✓ Frame rendered successfully
[2m2025-10-23T08:08:15.954164Z[0m [33m WARN[0m [2mwayvid::backend::wayland::surface[0m[2m:[0m resume_playback not supported with shared decode context
[2m2025-10-23T08:08:15.954180Z[0m [33m WARN[0m [2mwayvid::backend::wayland::surface[0m[2m:[0m resume_playback not supported with shared decode context
[2m2025-10-23T08:08:15.954860Z[0m [33m WARN[0m [2mwayvid::backend::wayland::surface[0m[2m:[0m resume_playback not supported with shared decode context
[2m2025-10-23T08:08:15.954868Z[0m [33m WARN[0m [2mwayvid::backend::wayland::surface[0m[2m:[0m resume_playback not supported with shared decode context
[2m2025-10-23T08:08:15.954932Z[0m [34mDEBUG[0m [2mwayvid::video::mpv[0m[2m:[0m 🎬 Rendering frame: 2160x1215 to FBO 0
[2m2025-10-23T08:08:15.986998Z[0m [34mDEBUG[0m [2mwayvid::video::mpv[0m[2m:[0m   ✓ Frame rendered successfully
[2m2025-10-23T08:08:15.987407Z[0m [33m WARN[0m [2mwayvid::backend::wayland::surface[0m[2m:[0m resume_playback not supported with shared decode context
[2m2025-10-23T08:08:15.987419Z[0m [33m WARN[0m [2mwayvid::backend::wayland::surface[0m[2m:[0m resume_playback not supported with shared decode context
[2m2025-10-23T08:08:15.987457Z[0m [34mDEBUG[0m [2mwayvid::video::mpv[0m[2m:[0m 🎬 Rendering frame: 2560x1440 to FBO 0
[2m2025-10-23T08:08:16.020303Z[0m [34mDEBUG[0m [2mwayvid::video::mpv[0m[2m:[0m   ✓ Frame rendered successfully
[2m2025-10-23T08:08:16.020641Z[0m [33m WARN[0m [2mwayvid::backend::wayland::surface[0m[2m:[0m resume_playback not supported with shared decode context
[2m2025-10-23T08:08:16.020652Z[0m [33m WARN[0m [2mwayvid::backend::wayland::surface[0m[2m:[0m resume_playback not supported with shared decode context
[2m2025-10-23T08:08:16.021545Z[0m [33m WARN[0m [2mwayvid::backend::wayland::surface[0m[2m:[0m resume_playback not supported with shared decode context
[2m2025-10-23T08:08:16.021558Z[0m [33m WARN[0m [2mwayvid::backend::wayland::surface[0m[2m:[0m resume_playback not supported with shared decode context
[2m2025-10-23T08:08:16.021599Z[0m [34mDEBUG[0m [2mwayvid::video::mpv[0m[2m:[0m 🎬 Rendering frame: 2160x1215 to FBO 0
[2m2025-10-23T08:08:16.053642Z[0m [34mDEBUG[0m [2mwayvid::video::mpv[0m[2m:[0m   ✓ Frame rendered successfully
[2m2025-10-23T08:08:16.054073Z[0m [33m WARN[0m [2mwayvid::backend::wayland::surface[0m[2m:[0m resume_playback not supported with shared decode context
[2m2025-10-23T08:08:16.054088Z[0m [33m WARN[0m [2mwayvid::backend::wayland::surface[0m[2m:[0m resume_playback not supported with shared decode context
[2m2025-10-23T08:08:16.054146Z[0m [34mDEBUG[0m [2mwayvid::video::mpv[0m[2m:[0m 🎬 Rendering frame: 2560x1440 to FBO 0
[2m2025-10-23T08:08:16.087013Z[0m [34mDEBUG[0m [2mwayvid::video::mpv[0m[2m:[0m   ✓ Frame rendered successfully
[2m2025-10-23T08:08:16.087417Z[0m [33m WARN[0m [2mwayvid::backend::wayland::surface[0m[2m:[0m resume_playback not supported with shared decode context
[2m2025-10-23T08:08:16.087430Z[0m [33m WARN[0m [2mwayvid::backend::wayland::surface[0m[2m:[0m resume_playback not supported with shared decode context
[2m2025-10-23T08:08:16.088515Z[0m [33m WARN[0m [2mwayvid::backend::wayland::surface[0m[2m:[0m resume_playback not supported with shared decode context
[2m2025-10-23T08:08:16.088527Z[0m [33m WARN[0m [2mwayvid::backend::wayland::surface[0m[2m:[0m resume_playback not supported with shared decode context
[2m2025-10-23T08:08:16.088576Z[0m [34mDEBUG[0m [2mwayvid::video::mpv[0m[2m:[0m 🎬 Rendering frame: 2160x1215 to FBO 0
[2m2025-10-23T08:08:16.120316Z[0m [34mDEBUG[0m [2mwayvid::video::mpv[0m[2m:[0m   ✓ Frame rendered successfully
[2m2025-10-23T08:08:16.121083Z[0m [33m WARN[0m [2mwayvid::backend::wayland::surface[0m[2m:[0m resume_playback not supported with shared decode context
[2m2025-10-23T08:08:16.121103Z[0m [33m WARN[0m [2mwayvid::backend::wayland::surface[0m[2m:[0m resume_playback not supported with shared decode context
[2m2025-10-23T08:08:16.121173Z[0m [34mDEBUG[0m [2mwayvid::video::mpv[0m[2m:[0m 🎬 Rendering frame: 2560x1440 to FBO 0
[2m2025-10-23T08:08:16.153659Z[0m [34mDEBUG[0m [2mwayvid::video::mpv[0m[2m:[0m   ✓ Frame rendered successfully
[2m2025-10-23T08:08:16.154366Z[0m [33m WARN[0m [2mwayvid::backend::wayland::surface[0m[2m:[0m resume_playback not supported with shared decode context
[2m2025-10-23T08:08:16.154391Z[0m [33m WARN[0m [2mwayvid::backend::wayland::surface[0m[2m:[0m resume_playback not supported with shared decode context
[2m2025-10-23T08:08:16.155501Z[0m [33m WARN[0m [2mwayvid::backend::wayland::surface[0m[2m:[0m resume_playback not supported with shared decode context
[2m2025-10-23T08:08:16.155576Z[0m [33m WARN[0m [2mwayvid::backend::wayland::surface[0m[2m:[0m resume_playback not supported with shared decode context
[2m2025-10-23T08:08:16.155660Z[0m [34mDEBUG[0m [2mwayvid::video::mpv[0m[2m:[0m 🎬 Rendering frame: 2160x1215 to FBO 0
[2m2025-10-23T08:08:16.186972Z[0m [34mDEBUG[0m [2mwayvid::video::mpv[0m[2m:[0m   ✓ Frame rendered successfully
[2m2025-10-23T08:08:16.187488Z[0m [33m WARN[0m [2mwayvid::backend::wayland::surface[0m[2m:[0m resume_playback not supported with shared decode context
[2m2025-10-23T08:08:16.187501Z[0m [33m WARN[0m [2mwayvid::backend::wayland::surface[0m[2m:[0m resume_playback not supported with shared decode context
[2m2025-10-23T08:08:16.187542Z[0m [34mDEBUG[0m [2mwayvid::video::mpv[0m[2m:[0m 🎬 Rendering frame: 2560x1440 to FBO 0
[2m2025-10-23T08:08:16.220311Z[0m [34mDEBUG[0m [2mwayvid::video::mpv[0m[2m:[0m   ✓ Frame rendered successfully
[2m2025-10-23T08:08:16.221526Z[0m [33m WARN[0m [2mwayvid::backend::wayland::surface[0m[2m:[0m resume_playback not supported with shared decode context
[2m2025-10-23T08:08:16.221549Z[0m [33m WARN[0m [2mwayvid::backend::wayland::surface[0m[2m:[0m resume_playback not supported with shared decode context
[2m2025-10-23T08:08:16.221605Z[0m [34mDEBUG[0m [2mwayvid::video::mpv[0m[2m:[0m 🎬 Rendering frame: 2160x1215 to FBO 0
[2m2025-10-23T08:08:16.253640Z[0m [34mDEBUG[0m [2mwayvid::video::mpv[0m[2m:[0m   ✓ Frame rendered successfully
[2m2025-10-23T08:08:16.254133Z[0m [33m WARN[0m [2mwayvid::backend::wayland::surface[0m[2m:[0m resume_playback not supported with shared decode context
[2m2025-10-23T08:08:16.254157Z[0m [33m WARN[0m [2mwayvid::backend::wayland::surface[0m[2m:[0m resume_playback not supported with shared decode context
[2m2025-10-23T08:08:16.254206Z[0m [34mDEBUG[0m [2mwayvid::video::mpv[0m[2m:[0m 🎬 Rendering frame: 2560x1440 to FBO 0
[2m2025-10-23T08:08:16.286996Z[0m [34mDEBUG[0m [2mwayvid::video::mpv[0m[2m:[0m   ✓ Frame rendered successfully
[2m2025-10-23T08:08:16.289583Z[0m [33m WARN[0m [2mwayvid::backend::wayland::surface[0m[2m:[0m resume_playback not supported with shared decode context
[2m2025-10-23T08:08:16.289641Z[0m [33m WARN[0m [2mwayvid::backend::wayland::surface[0m[2m:[0m resume_playback not supported with shared decode context
[2m2025-10-23T08:08:16.289771Z[0m [34mDEBUG[0m [2mwayvid::video::mpv[0m[2m:[0m 🎬 Rendering frame: 2160x1215 to FBO 0
[2m2025-10-23T08:08:16.320307Z[0m [34mDEBUG[0m [2mwayvid::video::mpv[0m[2m:[0m   ✓ Frame rendered successfully
[2m2025-10-23T08:08:16.320729Z[0m [33m WARN[0m [2mwayvid::backend::wayland::surface[0m[2m:[0m resume_playback not supported with shared decode context
[2m2025-10-23T08:08:16.320752Z[0m [33m WARN[0m [2mwayvid::backend::wayland::surface[0m[2m:[0m resume_playback not supported with shared decode context
[2m2025-10-23T08:08:16.320809Z[0m [34mDEBUG[0m [2mwayvid::video::mpv[0m[2m:[0m 🎬 Rendering frame: 2560x1440 to FBO 0
[2m2025-10-23T08:08:16.353636Z[0m [34mDEBUG[0m [2mwayvid::video::mpv[0m[2m:[0m   ✓ Frame rendered successfully
[2m2025-10-23T08:08:16.353929Z[0m [33m WARN[0m [2mwayvid::backend::wayland::surface[0m[2m:[0m resume_playback not supported with shared decode context
[2m2025-10-23T08:08:16.353943Z[0m [33m WARN[0m [2mwayvid::backend::wayland::surface[0m[2m:[0m resume_playback not supported with shared decode context
[2m2025-10-23T08:08:16.353980Z[0m [34mDEBUG[0m [2mwayvid::video::mpv[0m[2m:[0m 🎬 Rendering frame: 2160x1215 to FBO 0
[2m2025-10-23T08:08:16.386974Z[0m [34mDEBUG[0m [2mwayvid::video::mpv[0m[2m:[0m   ✓ Frame rendered successfully
[2m2025-10-23T08:08:16.387335Z[0m [33m WARN[0m [2mwayvid::backend::wayland::surface[0m[2m:[0m resume_playback not supported with shared decode context
[2m2025-10-23T08:08:16.387352Z[0m [33m WARN[0m [2mwayvid::backend::wayland::surface[0m[2m:[0m resume_playback not supported with shared decode context
[2m2025-10-23T08:08:16.387393Z[0m [34mDEBUG[0m [2mwayvid::video::mpv[0m[2m:[0m 🎬 Rendering frame: 2560x1440 to FBO 0
[2m2025-10-23T08:08:16.420307Z[0m [34mDEBUG[0m [2mwayvid::video::mpv[0m[2m:[0m   ✓ Frame rendered successfully
[2m2025-10-23T08:08:16.420554Z[0m [33m WARN[0m [2mwayvid::backend::wayland::surface[0m[2m:[0m resume_playback not supported with shared decode context
[2m2025-10-23T08:08:16.420566Z[0m [33m WARN[0m [2mwayvid::backend::wayland::surface[0m[2m:[0m resume_playback not supported with shared decode context
[2m2025-10-23T08:08:16.420606Z[0m [34mDEBUG[0m [2mwayvid::video::mpv[0m[2m:[0m 🎬 Rendering frame: 2160x1215 to FBO 0
[2m2025-10-23T08:08:16.453620Z[0m [34mDEBUG[0m [2mwayvid::video::mpv[0m[2m:[0m   ✓ Frame rendered successfully
[2m2025-10-23T08:08:16.453869Z[0m [33m WARN[0m [2mwayvid::backend::wayland::surface[0m[2m:[0m resume_playback not supported with shared decode context
[2m2025-10-23T08:08:16.453882Z[0m [33m WARN[0m [2mwayvid::backend::wayland::surface[0m[2m:[0m resume_playback not supported with shared decode context
[2m2025-10-23T08:08:16.453918Z[0m [34mDEBUG[0m [2mwayvid::video::mpv[0m[2m:[0m 🎬 Rendering frame: 2560x1440 to FBO 0
[2m2025-10-23T08:08:16.486955Z[0m [34mDEBUG[0m [2mwayvid::video::mpv[0m[2m:[0m   ✓ Frame rendered successfully
[2m2025-10-23T08:08:16.487194Z[0m [33m WARN[0m [2mwayvid::backend::wayland::surface[0m[2m:[0m resume_playback not supported with shared decode context
[2m2025-10-23T08:08:16.487204Z[0m [33m WARN[0m [2mwayvid::backend::wayland::surface[0m[2m:[0m resume_playback not supported with shared decode context
[2m2025-10-23T08:08:16.487236Z[0m [34mDEBUG[0m [2mwayvid::video::mpv[0m[2m:[0m 🎬 Rendering frame: 2160x1215 to FBO 0
[2m2025-10-23T08:08:16.520306Z[0m [34mDEBUG[0m [2mwayvid::video::mpv[0m[2m:[0m   ✓ Frame rendered successfully
[2m2025-10-23T08:08:16.520572Z[0m [33m WARN[0m [2mwayvid::backend::wayland::surface[0m[2m:[0m resume_playback not supported with shared decode context
[2m2025-10-23T08:08:16.520585Z[0m [33m WARN[0m [2mwayvid::backend::wayland::surface[0m[2m:[0m resume_playback not supported with shared decode context
[2m2025-10-23T08:08:16.520620Z[0m [34mDEBUG[0m [2mwayvid::video::mpv[0m[2m:[0m 🎬 Rendering frame: 2560x1440 to FBO 0
[2m2025-10-23T08:08:16.553643Z[0m [34mDEBUG[0m [2mwayvid::video::mpv[0m[2m:[0m   ✓ Frame rendered successfully
[2m2025-10-23T08:08:16.553931Z[0m [33m WARN[0m [2mwayvid::backend::wayland::surface[0m[2m:[0m resume_playback not supported with shared decode context
[2m2025-10-23T08:08:16.553943Z[0m [33m WARN[0m [2mwayvid::backend::wayland::surface[0m[2m:[0m resume_playback not supported with shared decode context
[2m2025-10-23T08:08:16.553975Z[0m [34mDEBUG[0m [2mwayvid::video::mpv[0m[2m:[0m 🎬 Rendering frame: 2160x1215 to FBO 0
[2m2025-10-23T08:08:16.586971Z[0m [34mDEBUG[0m [2mwayvid::video::mpv[0m[2m:[0m   ✓ Frame rendered successfully
[2m2025-10-23T08:08:16.587249Z[0m [33m WARN[0m [2mwayvid::backend::wayland::surface[0m[2m:[0m resume_playback not supported with shared decode context
[2m2025-10-23T08:08:16.587261Z[0m [33m WARN[0m [2mwayvid::backend::wayland::surface[0m[2m:[0m resume_playback not supported with shared decode context
[2m2025-10-23T08:08:16.587295Z[0m [34mDEBUG[0m [2mwayvid::video::mpv[0m[2m:[0m 🎬 Rendering frame: 2560x1440 to FBO 0
[2m2025-10-23T08:08:16.620310Z[0m [34mDEBUG[0m [2mwayvid::video::mpv[0m[2m:[0m   ✓ Frame rendered successfully
[2m2025-10-23T08:08:16.620574Z[0m [33m WARN[0m [2mwayvid::backend::wayland::surface[0m[2m:[0m resume_playback not supported with shared decode context
[2m2025-10-23T08:08:16.620585Z[0m [33m WARN[0m [2mwayvid::backend::wayland::surface[0m[2m:[0m resume_playback not supported with shared decode context
[2m2025-10-23T08:08:16.620632Z[0m [34mDEBUG[0m [2mwayvid::video::mpv[0m[2m:[0m 🎬 Rendering frame: 2160x1215 to FBO 0
[2m2025-10-23T08:08:16.653640Z[0m [34mDEBUG[0m [2mwayvid::video::mpv[0m[2m:[0m   ✓ Frame rendered successfully
[2m2025-10-23T08:08:16.653915Z[0m [33m WARN[0m [2mwayvid::backend::wayland::surface[0m[2m:[0m resume_playback not supported with shared decode context
[2m2025-10-23T08:08:16.653928Z[0m [33m WARN[0m [2mwayvid::backend::wayland::surface[0m[2m:[0m resume_playback not supported with shared decode context
[2m2025-10-23T08:08:16.653992Z[0m [34mDEBUG[0m [2mwayvid::video::mpv[0m[2m:[0m 🎬 Rendering frame: 2560x1440 to FBO 0
[2m2025-10-23T08:08:16.686974Z[0m [34mDEBUG[0m [2mwayvid::video::mpv[0m[2m:[0m   ✓ Frame rendered successfully
[2m2025-10-23T08:08:16.687229Z[0m [33m WARN[0m [2mwayvid::backend::wayland::surface[0m[2m:[0m resume_playback not supported with shared decode context
[2m2025-10-23T08:08:16.687243Z[0m [33m WARN[0m [2mwayvid::backend::wayland::surface[0m[2m:[0m resume_playback not supported with shared decode context
[2m2025-10-23T08:08:16.687276Z[0m [34mDEBUG[0m [2mwayvid::video::mpv[0m[2m:[0m 🎬 Rendering frame: 2160x1215 to FBO 0
[2m2025-10-23T08:08:16.720308Z[0m [34mDEBUG[0m [2mwayvid::video::mpv[0m[2m:[0m   ✓ Frame rendered successfully
[2m2025-10-23T08:08:16.720601Z[0m [33m WARN[0m [2mwayvid::backend::wayland::surface[0m[2m:[0m resume_playback not supported with shared decode context
[2m2025-10-23T08:08:16.720612Z[0m [33m WARN[0m [2mwayvid::backend::wayland::surface[0m[2m:[0m resume_playback not supported with shared decode context
[2m2025-10-23T08:08:16.720642Z[0m [34mDEBUG[0m [2mwayvid::video::mpv[0m[2m:[0m 🎬 Rendering frame: 2560x1440 to FBO 0
[2m2025-10-23T08:08:16.753639Z[0m [34mDEBUG[0m [2mwayvid::video::mpv[0m[2m:[0m   ✓ Frame rendered successfully
[2m2025-10-23T08:08:16.753899Z[0m [33m WARN[0m [2mwayvid::backend::wayland::surface[0m[2m:[0m resume_playback not supported with shared decode context
[2m2025-10-23T08:08:16.753911Z[0m [33m WARN[0m [2mwayvid::backend::wayland::surface[0m[2m:[0m resume_playback not supported with shared decode context
[2m2025-10-23T08:08:16.753946Z[0m [34mDEBUG[0m [2mwayvid::video::mpv[0m[2m:[0m 🎬 Rendering frame: 2160x1215 to FBO 0
[2m2025-10-23T08:08:16.786974Z[0m [34mDEBUG[0m [2mwayvid::video::mpv[0m[2m:[0m   ✓ Frame rendered successfully
[2m2025-10-23T08:08:16.787275Z[0m [33m WARN[0m [2mwayvid::backend::wayland::surface[0m[2m:[0m resume_playback not supported with shared decode context
[2m2025-10-23T08:08:16.787287Z[0m [33m WARN[0m [2mwayvid::backend::wayland::surface[0m[2m:[0m resume_playback not supported with shared decode context
[2m2025-10-23T08:08:16.787322Z[0m [34mDEBUG[0m [2mwayvid::video::mpv[0m[2m:[0m 🎬 Rendering frame: 2560x1440 to FBO 0
[2m2025-10-23T08:08:16.820307Z[0m [34mDEBUG[0m [2mwayvid::video::mpv[0m[2m:[0m   ✓ Frame rendered successfully
[2m2025-10-23T08:08:16.820625Z[0m [33m WARN[0m [2mwayvid::backend::wayland::surface[0m[2m:[0m resume_playback not supported with shared decode context
[2m2025-10-23T08:08:16.820636Z[0m [33m WARN[0m [2mwayvid::backend::wayland::surface[0m[2m:[0m resume_playback not supported with shared decode context
[2m2025-10-23T08:08:16.820676Z[0m [34mDEBUG[0m [2mwayvid::video::mpv[0m[2m:[0m 🎬 Rendering frame: 2160x1215 to FBO 0
[2m2025-10-23T08:08:16.853655Z[0m [34mDEBUG[0m [2mwayvid::video::mpv[0m[2m:[0m   ✓ Frame rendered successfully
[2m2025-10-23T08:08:16.853889Z[0m [33m WARN[0m [2mwayvid::backend::wayland::surface[0m[2m:[0m resume_playback not supported with shared decode context
[2m2025-10-23T08:08:16.853901Z[0m [33m WARN[0m [2mwayvid::backend::wayland::surface[0m[2m:[0m resume_playback not supported with shared decode context
[2m2025-10-23T08:08:16.853945Z[0m [34mDEBUG[0m [2mwayvid::video::mpv[0m[2m:[0m 🎬 Rendering frame: 2560x1440 to FBO 0
[2m2025-10-23T08:08:16.886975Z[0m [34mDEBUG[0m [2mwayvid::video::mpv[0m[2m:[0m   ✓ Frame rendered successfully
[2m2025-10-23T08:08:16.887268Z[0m [33m WARN[0m [2mwayvid::backend::wayland::surface[0m[2m:[0m resume_playback not supported with shared decode context
[2m2025-10-23T08:08:16.887280Z[0m [33m WARN[0m [2mwayvid::backend::wayland::surface[0m[2m:[0m resume_playback not supported with shared decode context
[2m2025-10-23T08:08:16.887314Z[0m [34mDEBUG[0m [2mwayvid::video::mpv[0m[2m:[0m 🎬 Rendering frame: 2160x1215 to FBO 0
[2m2025-10-23T08:08:16.920304Z[0m [34mDEBUG[0m [2mwayvid::video::mpv[0m[2m:[0m   ✓ Frame rendered successfully
[2m2025-10-23T08:08:16.920571Z[0m [33m WARN[0m [2mwayvid::backend::wayland::surface[0m[2m:[0m resume_playback not supported with shared decode context
[2m2025-10-23T08:08:16.920584Z[0m [33m WARN[0m [2mwayvid::backend::wayland::surface[0m[2m:[0m resume_playback not supported with shared decode context
[2m2025-10-23T08:08:16.920620Z[0m [34mDEBUG[0m [2mwayvid::video::mpv[0m[2m:[0m 🎬 Rendering frame: 2560x1440 to FBO 0
[2m2025-10-23T08:08:16.953641Z[0m [34mDEBUG[0m [2mwayvid::video::mpv[0m[2m:[0m   ✓ Frame rendered successfully
[2m2025-10-23T08:08:16.953921Z[0m [33m WARN[0m [2mwayvid::backend::wayland::surface[0m[2m:[0m resume_playback not supported with shared decode context
[2m2025-10-23T08:08:16.953933Z[0m [33m WARN[0m [2mwayvid::backend::wayland::surface[0m[2m:[0m resume_playback not supported with shared decode context
[2m2025-10-23T08:08:16.953969Z[0m [34mDEBUG[0m [2mwayvid::video::mpv[0m[2m:[0m 🎬 Rendering frame: 2160x1215 to FBO 0
[2m2025-10-23T08:08:16.986972Z[0m [34mDEBUG[0m [2mwayvid::video::mpv[0m[2m:[0m   ✓ Frame rendered successfully
[2m2025-10-23T08:08:16.987236Z[0m [33m WARN[0m [2mwayvid::backend::wayland::surface[0m[2m:[0m resume_playback not supported with shared decode context
[2m2025-10-23T08:08:16.987248Z[0m [33m WARN[0m [2mwayvid::backend::wayland::surface[0m[2m:[0m resume_playback not supported with shared decode context
[2m2025-10-23T08:08:16.987285Z[0m [34mDEBUG[0m [2mwayvid::video::mpv[0m[2m:[0m 🎬 Rendering frame: 2560x1440 to FBO 0
[2m2025-10-23T08:08:17.020303Z[0m [34mDEBUG[0m [2mwayvid::video::mpv[0m[2m:[0m   ✓ Frame rendered successfully
[2m2025-10-23T08:08:17.020593Z[0m [33m WARN[0m [2mwayvid::backend::wayland::surface[0m[2m:[0m resume_playback not supported with shared decode context
[2m2025-10-23T08:08:17.020605Z[0m [33m WARN[0m [2mwayvid::backend::wayland::surface[0m[2m:[0m resume_playback not supported with shared decode context
[2m2025-10-23T08:08:17.020643Z[0m [34mDEBUG[0m [2mwayvid::video::mpv[0m[2m:[0m 🎬 Rendering frame: 2160x1215 to FBO 0
[2m2025-10-23T08:08:17.053635Z[0m [34mDEBUG[0m [2mwayvid::video::mpv[0m[2m:[0m   ✓ Frame rendered successfully
[2m2025-10-23T08:08:17.053883Z[0m [33m WARN[0m [2mwayvid::backend::wayland::surface[0m[2m:[0m resume_playback not supported with shared decode context
[2m2025-10-23T08:08:17.053894Z[0m [33m WARN[0m [2mwayvid::backend::wayland::surface[0m[2m:[0m resume_playback not supported with shared decode context
[2m2025-10-23T08:08:17.053924Z[0m [34mDEBUG[0m [2mwayvid::video::mpv[0m[2m:[0m 🎬 Rendering frame: 2560x1440 to FBO 0
[2m2025-10-23T08:08:17.086966Z[0m [34mDEBUG[0m [2mwayvid::video::mpv[0m[2m:[0m   ✓ Frame rendered successfully
[2m2025-10-23T08:08:17.087268Z[0m [33m WARN[0m [2mwayvid::backend::wayland::surface[0m[2m:[0m resume_playback not supported with shared decode context
[2m2025-10-23T08:08:17.087281Z[0m [33m WARN[0m [2mwayvid::backend::wayland::surface[0m[2m:[0m resume_playback not supported with shared decode context
[2m2025-10-23T08:08:17.087319Z[0m [34mDEBUG[0m [2mwayvid::video::mpv[0m[2m:[0m 🎬 Rendering frame: 2160x1215 to FBO 0
[2m2025-10-23T08:08:17.120298Z[0m [34mDEBUG[0m [2mwayvid::video::mpv[0m[2m:[0m   ✓ Frame rendered successfully
[2m2025-10-23T08:08:17.120521Z[0m [33m WARN[0m [2mwayvid::backend::wayland::surface[0m[2m:[0m resume_playback not supported with shared decode context
[2m2025-10-23T08:08:17.120531Z[0m [33m WARN[0m [2mwayvid::backend::wayland::surface[0m[2m:[0m resume_playback not supported with shared decode context
[2m2025-10-23T08:08:17.120559Z[0m [34mDEBUG[0m [2mwayvid::video::mpv[0m[2m:[0m 🎬 Rendering frame: 2560x1440 to FBO 0
[2m2025-10-23T08:08:17.153648Z[0m [34mDEBUG[0m [2mwayvid::video::mpv[0m[2m:[0m   ✓ Frame rendered successfully
[2m2025-10-23T08:08:17.153949Z[0m [33m WARN[0m [2mwayvid::backend::wayland::surface[0m[2m:[0m resume_playback not supported with shared decode context
[2m2025-10-23T08:08:17.153960Z[0m [33m WARN[0m [2mwayvid::backend::wayland::surface[0m[2m:[0m resume_playback not supported with shared decode context
[2m2025-10-23T08:08:17.153996Z[0m [34mDEBUG[0m [2mwayvid::video::mpv[0m[2m:[0m 🎬 Rendering frame: 2160x1215 to FBO 0
[2m2025-10-23T08:08:17.186964Z[0m [34mDEBUG[0m [2mwayvid::video::mpv[0m[2m:[0m   ✓ Frame rendered successfully
[2m2025-10-23T08:08:17.187202Z[0m [33m WARN[0m [2mwayvid::backend::wayland::surface[0m[2m:[0m resume_playback not supported with shared decode context
[2m2025-10-23T08:08:17.187211Z[0m [33m WARN[0m [2mwayvid::backend::wayland::surface[0m[2m:[0m resume_playback not supported with shared decode context
[2m2025-10-23T08:08:17.187239Z[0m [34mDEBUG[0m [2mwayvid::video::mpv[0m[2m:[0m 🎬 Rendering frame: 2560x1440 to FBO 0
[2m2025-10-23T08:08:17.220301Z[0m [34mDEBUG[0m [2mwayvid::video::mpv[0m[2m:[0m   ✓ Frame rendered successfully
[2m2025-10-23T08:08:17.220558Z[0m [33m WARN[0m [2mwayvid::backend::wayland::surface[0m[2m:[0m resume_playback not supported with shared decode context
[2m2025-10-23T08:08:17.220569Z[0m [33m WARN[0m [2mwayvid::backend::wayland::surface[0m[2m:[0m resume_playback not supported with shared decode context
[2m2025-10-23T08:08:17.220599Z[0m [34mDEBUG[0m [2mwayvid::video::mpv[0m[2m:[0m 🎬 Rendering frame: 2160x1215 to FBO 0
[2m2025-10-23T08:08:17.253631Z[0m [34mDEBUG[0m [2mwayvid::video::mpv[0m[2m:[0m   ✓ Frame rendered successfully
[2m2025-10-23T08:08:17.253914Z[0m [33m WARN[0m [2mwayvid::backend::wayland::surface[0m[2m:[0m resume_playback not supported with shared decode context
[2m2025-10-23T08:08:17.253929Z[0m [33m WARN[0m [2mwayvid::backend::wayland::surface[0m[2m:[0m resume_playback not supported with shared decode context
[2m2025-10-23T08:08:17.253961Z[0m [34mDEBUG[0m [2mwayvid::video::mpv[0m[2m:[0m 🎬 Rendering frame: 2560x1440 to FBO 0
[2m2025-10-23T08:08:17.286965Z[0m [34mDEBUG[0m [2mwayvid::video::mpv[0m[2m:[0m   ✓ Frame rendered successfully
[2m2025-10-23T08:08:17.287223Z[0m [33m WARN[0m [2mwayvid::backend::wayland::surface[0m[2m:[0m resume_playback not supported with shared decode context
[2m2025-10-23T08:08:17.287237Z[0m [33m WARN[0m [2mwayvid::backend::wayland::surface[0m[2m:[0m resume_playback not supported with shared decode context
[2m2025-10-23T08:08:17.287270Z[0m [34mDEBUG[0m [2mwayvid::video::mpv[0m[2m:[0m 🎬 Rendering frame: 2160x1215 to FBO 0
[2m2025-10-23T08:08:17.320296Z[0m [34mDEBUG[0m [2mwayvid::video::mpv[0m[2m:[0m   ✓ Frame rendered successfully
[2m2025-10-23T08:08:17.320548Z[0m [33m WARN[0m [2mwayvid::backend::wayland::surface[0m[2m:[0m resume_playback not supported with shared decode context
[2m2025-10-23T08:08:17.320562Z[0m [33m WARN[0m [2mwayvid::backend::wayland::surface[0m[2m:[0m resume_playback not supported with shared decode context
[2m2025-10-23T08:08:17.320589Z[0m [34mDEBUG[0m [2mwayvid::video::mpv[0m[2m:[0m 🎬 Rendering frame: 2560x1440 to FBO 0
[2m2025-10-23T08:08:17.353630Z[0m [34mDEBUG[0m [2mwayvid::video::mpv[0m[2m:[0m   ✓ Frame rendered successfully
[2m2025-10-23T08:08:17.353892Z[0m [33m WARN[0m [2mwayvid::backend::wayland::surface[0m[2m:[0m resume_playback not supported with shared decode context
[2m2025-10-23T08:08:17.353903Z[0m [33m WARN[0m [2mwayvid::backend::wayland::surface[0m[2m:[0m resume_playback not supported with shared decode context
[2m2025-10-23T08:08:17.353930Z[0m [34mDEBUG[0m [2mwayvid::video::mpv[0m[2m:[0m 🎬 Rendering frame: 2160x1215 to FBO 0
[2m2025-10-23T08:08:17.386963Z[0m [34mDEBUG[0m [2mwayvid::video::mpv[0m[2m:[0m   ✓ Frame rendered successfully
[2m2025-10-23T08:08:17.387250Z[0m [33m WARN[0m [2mwayvid::backend::wayland::surface[0m[2m:[0m resume_playback not supported with shared decode context
[2m2025-10-23T08:08:17.387262Z[0m [33m WARN[0m [2mwayvid::backend::wayland::surface[0m[2m:[0m resume_playback not supported with shared decode context
[2m2025-10-23T08:08:17.387290Z[0m [34mDEBUG[0m [2mwayvid::video::mpv[0m[2m:[0m 🎬 Rendering frame: 2560x1440 to FBO 0
[2m2025-10-23T08:08:17.420300Z[0m [34mDEBUG[0m [2mwayvid::video::mpv[0m[2m:[0m   ✓ Frame rendered successfully
[2m2025-10-23T08:08:17.420623Z[0m [33m WARN[0m [2mwayvid::backend::wayland::surface[0m[2m:[0m resume_playback not supported with shared decode context
[2m2025-10-23T08:08:17.420638Z[0m [33m WARN[0m [2mwayvid::backend::wayland::surface[0m[2m:[0m resume_playback not supported with shared decode context
[2m2025-10-23T08:08:17.420686Z[0m [34mDEBUG[0m [2mwayvid::video::mpv[0m[2m:[0m 🎬 Rendering frame: 2160x1215 to FBO 0
[2m2025-10-23T08:08:17.453622Z[0m [34mDEBUG[0m [2mwayvid::video::mpv[0m[2m:[0m   ✓ Frame rendered successfully
[2m2025-10-23T08:08:17.453943Z[0m [33m WARN[0m [2mwayvid::backend::wayland::surface[0m[2m:[0m resume_playback not supported with shared decode context
[2m2025-10-23T08:08:17.453953Z[0m [33m WARN[0m [2mwayvid::backend::wayland::surface[0m[2m:[0m resume_playback not supported with shared decode context
[2m2025-10-23T08:08:17.453987Z[0m [34mDEBUG[0m [2mwayvid::video::mpv[0m[2m:[0m 🎬 Rendering frame: 2560x1440 to FBO 0
[2m2025-10-23T08:08:17.486953Z[0m [34mDEBUG[0m [2mwayvid::video::mpv[0m[2m:[0m   ✓ Frame rendered successfully
[2m2025-10-23T08:08:17.487248Z[0m [33m WARN[0m [2mwayvid::backend::wayland::surface[0m[2m:[0m resume_playback not supported with shared decode context
[2m2025-10-23T08:08:17.487264Z[0m [33m WARN[0m [2mwayvid::backend::wayland::surface[0m[2m:[0m resume_playback not supported with shared decode context
[2m2025-10-23T08:08:17.487303Z[0m [34mDEBUG[0m [2mwayvid::video::mpv[0m[2m:[0m 🎬 Rendering frame: 2160x1215 to FBO 0
[2m2025-10-23T08:08:17.520304Z[0m [34mDEBUG[0m [2mwayvid::video::mpv[0m[2m:[0m   ✓ Frame rendered successfully
[2m2025-10-23T08:08:17.520678Z[0m [33m WARN[0m [2mwayvid::backend::wayland::surface[0m[2m:[0m resume_playback not supported with shared decode context
[2m2025-10-23T08:08:17.520701Z[0m [33m WARN[0m [2mwayvid::backend::wayland::surface[0m[2m:[0m resume_playback not supported with shared decode context
[2m2025-10-23T08:08:17.520747Z[0m [34mDEBUG[0m [2mwayvid::video::mpv[0m[2m:[0m 🎬 Rendering frame: 2560x1440 to FBO 0
[2m2025-10-23T08:08:17.553625Z[0m [34mDEBUG[0m [2mwayvid::video::mpv[0m[2m:[0m   ✓ Frame rendered successfully
[2m2025-10-23T08:08:17.553913Z[0m [33m WARN[0m [2mwayvid::backend::wayland::surface[0m[2m:[0m resume_playback not supported with shared decode context
[2m2025-10-23T08:08:17.553927Z[0m [33m WARN[0m [2mwayvid::backend::wayland::surface[0m[2m:[0m resume_playback not supported with shared decode context
[2m2025-10-23T08:08:17.553957Z[0m [34mDEBUG[0m [2mwayvid::video::mpv[0m[2m:[0m 🎬 Rendering frame: 2160x1215 to FBO 0
[2m2025-10-23T08:08:17.586960Z[0m [34mDEBUG[0m [2mwayvid::video::mpv[0m[2m:[0m   ✓ Frame rendered successfully
[2m2025-10-23T08:08:17.587218Z[0m [33m WARN[0m [2mwayvid::backend::wayland::surface[0m[2m:[0m resume_playback not supported with shared decode context
[2m2025-10-23T08:08:17.587242Z[0m [33m WARN[0m [2mwayvid::backend::wayland::surface[0m[2m:[0m resume_playback not supported with shared decode context
[2m2025-10-23T08:08:17.587268Z[0m [34mDEBUG[0m [2mwayvid::video::mpv[0m[2m:[0m 🎬 Rendering frame: 2560x1440 to FBO 0
[2m2025-10-23T08:08:17.620315Z[0m [34mDEBUG[0m [2mwayvid::video::mpv[0m[2m:[0m   ✓ Frame rendered successfully
[2m2025-10-23T08:08:17.620590Z[0m [33m WARN[0m [2mwayvid::backend::wayland::surface[0m[2m:[0m resume_playback not supported with shared decode context
[2m2025-10-23T08:08:17.620599Z[0m [33m WARN[0m [2mwayvid::backend::wayland::surface[0m[2m:[0m resume_playback not supported with shared decode context
[2m2025-10-23T08:08:17.620632Z[0m [34mDEBUG[0m [2mwayvid::video::mpv[0m[2m:[0m 🎬 Rendering frame: 2160x1215 to FBO 0
[2m2025-10-23T08:08:17.653607Z[0m [34mDEBUG[0m [2mwayvid::video::mpv[0m[2m:[0m   ✓ Frame rendered successfully
[2m2025-10-23T08:08:17.653877Z[0m [33m WARN[0m [2mwayvid::backend::wayland::surface[0m[2m:[0m resume_playback not supported with shared decode context
[2m2025-10-23T08:08:17.653891Z[0m [33m WARN[0m [2mwayvid::backend::wayland::surface[0m[2m:[0m resume_playback not supported with shared decode context
[2m2025-10-23T08:08:17.653928Z[0m [34mDEBUG[0m [2mwayvid::video::mpv[0m[2m:[0m 🎬 Rendering frame: 2560x1440 to FBO 0
[2m2025-10-23T08:08:17.686960Z[0m [34mDEBUG[0m [2mwayvid::video::mpv[0m[2m:[0m   ✓ Frame rendered successfully
[2m2025-10-23T08:08:17.687243Z[0m [33m WARN[0m [2mwayvid::backend::wayland::surface[0m[2m:[0m resume_playback not supported with shared decode context
[2m2025-10-23T08:08:17.687252Z[0m [33m WARN[0m [2mwayvid::backend::wayland::surface[0m[2m:[0m resume_playback not supported with shared decode context
[2m2025-10-23T08:08:17.687284Z[0m [34mDEBUG[0m [2mwayvid::video::mpv[0m[2m:[0m 🎬 Rendering frame: 2160x1215 to FBO 0
[2m2025-10-23T08:08:17.720299Z[0m [34mDEBUG[0m [2mwayvid::video::mpv[0m[2m:[0m   ✓ Frame rendered successfully
[2m2025-10-23T08:08:17.720603Z[0m [33m WARN[0m [2mwayvid::backend::wayland::surface[0m[2m:[0m resume_playback not supported with shared decode context
[2m2025-10-23T08:08:17.720613Z[0m [33m WARN[0m [2mwayvid::backend::wayland::surface[0m[2m:[0m resume_playback not supported with shared decode context
[2m2025-10-23T08:08:17.720647Z[0m [34mDEBUG[0m [2mwayvid::video::mpv[0m[2m:[0m 🎬 Rendering frame: 2560x1440 to FBO 0
[2m2025-10-23T08:08:17.753609Z[0m [34mDEBUG[0m [2mwayvid::video::mpv[0m[2m:[0m   ✓ Frame rendered successfully
[2m2025-10-23T08:08:17.753900Z[0m [33m WARN[0m [2mwayvid::backend::wayland::surface[0m[2m:[0m resume_playback not supported with shared decode context
[2m2025-10-23T08:08:17.753911Z[0m [33m WARN[0m [2mwayvid::backend::wayland::surface[0m[2m:[0m resume_playback not supported with shared decode context
[2m2025-10-23T08:08:17.753953Z[0m [34mDEBUG[0m [2mwayvid::video::mpv[0m[2m:[0m 🎬 Rendering frame: 2160x1215 to FBO 0
[2m2025-10-23T08:08:17.786941Z[0m [34mDEBUG[0m [2mwayvid::video::mpv[0m[2m:[0m   ✓ Frame rendered successfully
[2m2025-10-23T08:08:17.787214Z[0m [33m WARN[0m [2mwayvid::backend::wayland::surface[0m[2m:[0m resume_playback not supported with shared decode context
[2m2025-10-23T08:08:17.787224Z[0m [33m WARN[0m [2mwayvid::backend::wayland::surface[0m[2m:[0m resume_playback not supported with shared decode context
[2m2025-10-23T08:08:17.787254Z[0m [34mDEBUG[0m [2mwayvid::video::mpv[0m[2m:[0m 🎬 Rendering frame: 2560x1440 to FBO 0
[2m2025-10-23T08:08:17.820293Z[0m [34mDEBUG[0m [2mwayvid::video::mpv[0m[2m:[0m   ✓ Frame rendered successfully
[2m2025-10-23T08:08:17.820589Z[0m [33m WARN[0m [2mwayvid::backend::wayland::surface[0m[2m:[0m resume_playback not supported with shared decode context
[2m2025-10-23T08:08:17.820601Z[0m [33m WARN[0m [2mwayvid::backend::wayland::surface[0m[2m:[0m resume_playback not supported with shared decode context
[2m2025-10-23T08:08:17.820648Z[0m [34mDEBUG[0m [2mwayvid::video::mpv[0m[2m:[0m 🎬 Rendering frame: 2160x1215 to FBO 0
[2m2025-10-23T08:08:17.853630Z[0m [34mDEBUG[0m [2mwayvid::video::mpv[0m[2m:[0m   ✓ Frame rendered successfully
[2m2025-10-23T08:08:17.853930Z[0m [33m WARN[0m [2mwayvid::backend::wayland::surface[0m[2m:[0m resume_playback not supported with shared decode context
[2m2025-10-23T08:08:17.853944Z[0m [33m WARN[0m [2mwayvid::backend::wayland::surface[0m[2m:[0m resume_playback not supported with shared decode context
[2m2025-10-23T08:08:17.853977Z[0m [34mDEBUG[0m [2mwayvid::video::mpv[0m[2m:[0m 🎬 Rendering frame: 2560x1440 to FBO 0
[2m2025-10-23T08:08:17.886977Z[0m [34mDEBUG[0m [2mwayvid::video::mpv[0m[2m:[0m   ✓ Frame rendered successfully
[2m2025-10-23T08:08:17.887269Z[0m [33m WARN[0m [2mwayvid::backend::wayland::surface[0m[2m:[0m resume_playback not supported with shared decode context
[2m2025-10-23T08:08:17.887281Z[0m [33m WARN[0m [2mwayvid::backend::wayland::surface[0m[2m:[0m resume_playback not supported with shared decode context
[2m2025-10-23T08:08:17.887311Z[0m [34mDEBUG[0m [2mwayvid::video::mpv[0m[2m:[0m 🎬 Rendering frame: 2160x1215 to FBO 0
[2m2025-10-23T08:08:17.920311Z[0m [34mDEBUG[0m [2mwayvid::video::mpv[0m[2m:[0m   ✓ Frame rendered successfully
[2m2025-10-23T08:08:17.920592Z[0m [33m WARN[0m [2mwayvid::backend::wayland::surface[0m[2m:[0m resume_playback not supported with shared decode context
[2m2025-10-23T08:08:17.920603Z[0m [33m WARN[0m [2mwayvid::backend::wayland::surface[0m[2m:[0m resume_playback not supported with shared decode context
[2m2025-10-23T08:08:17.920635Z[0m [34mDEBUG[0m [2mwayvid::video::mpv[0m[2m:[0m 🎬 Rendering frame: 2560x1440 to FBO 0
[2m2025-10-23T08:08:17.953647Z[0m [34mDEBUG[0m [2mwayvid::video::mpv[0m[2m:[0m   ✓ Frame rendered successfully
[2m2025-10-23T08:08:17.953971Z[0m [33m WARN[0m [2mwayvid::backend::wayland::surface[0m[2m:[0m resume_playback not supported with shared decode context
[2m2025-10-23T08:08:17.953982Z[0m [33m WARN[0m [2mwayvid::backend::wayland::surface[0m[2m:[0m resume_playback not supported with shared decode context
[2m2025-10-23T08:08:17.954012Z[0m [34mDEBUG[0m [2mwayvid::video::mpv[0m[2m:[0m 🎬 Rendering frame: 2160x1215 to FBO 0
[2m2025-10-23T08:08:17.986939Z[0m [34mDEBUG[0m [2mwayvid::video::mpv[0m[2m:[0m   ✓ Frame rendered successfully
[2m2025-10-23T08:08:17.987186Z[0m [33m WARN[0m [2mwayvid::backend::wayland::surface[0m[2m:[0m resume_playback not supported with shared decode context
[2m2025-10-23T08:08:17.987202Z[0m [33m WARN[0m [2mwayvid::backend::wayland::surface[0m[2m:[0m resume_playback not supported with shared decode context
[2m2025-10-23T08:08:17.987231Z[0m [34mDEBUG[0m [2mwayvid::video::mpv[0m[2m:[0m 🎬 Rendering frame: 2560x1440 to FBO 0
[2m2025-10-23T08:08:18.020316Z[0m [34mDEBUG[0m [2mwayvid::video::mpv[0m[2m:[0m   ✓ Frame rendered successfully
[2m2025-10-23T08:08:18.020620Z[0m [33m WARN[0m [2mwayvid::backend::wayland::surface[0m[2m:[0m resume_playback not supported with shared decode context
[2m2025-10-23T08:08:18.020633Z[0m [33m WARN[0m [2mwayvid::backend::wayland::surface[0m[2m:[0m resume_playback not supported with shared decode context
[2m2025-10-23T08:08:18.020666Z[0m [34mDEBUG[0m [2mwayvid::video::mpv[0m[2m:[0m 🎬 Rendering frame: 2160x1215 to FBO 0
[2m2025-10-23T08:08:18.053647Z[0m [34mDEBUG[0m [2mwayvid::video::mpv[0m[2m:[0m   ✓ Frame rendered successfully
[2m2025-10-23T08:08:18.053943Z[0m [33m WARN[0m [2mwayvid::backend::wayland::surface[0m[2m:[0m resume_playback not supported with shared decode context
[2m2025-10-23T08:08:18.053953Z[0m [33m WARN[0m [2mwayvid::backend::wayland::surface[0m[2m:[0m resume_playback not supported with shared decode context
[2m2025-10-23T08:08:18.053980Z[0m [34mDEBUG[0m [2mwayvid::video::mpv[0m[2m:[0m 🎬 Rendering frame: 2560x1440 to FBO 0
[2m2025-10-23T08:08:18.086980Z[0m [34mDEBUG[0m [2mwayvid::video::mpv[0m[2m:[0m   ✓ Frame rendered successfully
[2m2025-10-23T08:08:18.087270Z[0m [33m WARN[0m [2mwayvid::backend::wayland::surface[0m[2m:[0m resume_playback not supported with shared decode context
[2m2025-10-23T08:08:18.087282Z[0m [33m WARN[0m [2mwayvid::backend::wayland::surface[0m[2m:[0m resume_playback not supported with shared decode context
[2m2025-10-23T08:08:18.087313Z[0m [34mDEBUG[0m [2mwayvid::video::mpv[0m[2m:[0m 🎬 Rendering frame: 2160x1215 to FBO 0
[2m2025-10-23T08:08:18.120313Z[0m [34mDEBUG[0m [2mwayvid::video::mpv[0m[2m:[0m   ✓ Frame rendered successfully
[2m2025-10-23T08:08:18.120597Z[0m [33m WARN[0m [2mwayvid::backend::wayland::surface[0m[2m:[0m resume_playback not supported with shared decode context
[2m2025-10-23T08:08:18.120607Z[0m [33m WARN[0m [2mwayvid::backend::wayland::surface[0m[2m:[0m resume_playback not supported with shared decode context
[2m2025-10-23T08:08:18.120643Z[0m [34mDEBUG[0m [2mwayvid::video::mpv[0m[2m:[0m 🎬 Rendering frame: 2560x1440 to FBO 0
[2m2025-10-23T08:08:18.153645Z[0m [34mDEBUG[0m [2mwayvid::video::mpv[0m[2m:[0m   ✓ Frame rendered successfully
[2m2025-10-23T08:08:18.153971Z[0m [33m WARN[0m [2mwayvid::backend::wayland::surface[0m[2m:[0m resume_playback not supported with shared decode context
[2m2025-10-23T08:08:18.153981Z[0m [33m WARN[0m [2mwayvid::backend::wayland::surface[0m[2m:[0m resume_playback not supported with shared decode context
[2m2025-10-23T08:08:18.154025Z[0m [34mDEBUG[0m [2mwayvid::video::mpv[0m[2m:[0m 🎬 Rendering frame: 2160x1215 to FBO 0
[2m2025-10-23T08:08:18.186972Z[0m [34mDEBUG[0m [2mwayvid::video::mpv[0m[2m:[0m   ✓ Frame rendered successfully
[2m2025-10-23T08:08:18.187224Z[0m [33m WARN[0m [2mwayvid::backend::wayland::surface[0m[2m:[0m resume_playback not supported with shared decode context
[2m2025-10-23T08:08:18.187233Z[0m [33m WARN[0m [2mwayvid::backend::wayland::surface[0m[2m:[0m resume_playback not supported with shared decode context
[2m2025-10-23T08:08:18.187268Z[0m [34mDEBUG[0m [2mwayvid::video::mpv[0m[2m:[0m 🎬 Rendering frame: 2560x1440 to FBO 0
[2m2025-10-23T08:08:18.220328Z[0m [34mDEBUG[0m [2mwayvid::video::mpv[0m[2m:[0m   ✓ Frame rendered successfully
[2m2025-10-23T08:08:18.220610Z[0m [33m WARN[0m [2mwayvid::backend::wayland::surface[0m[2m:[0m resume_playback not supported with shared decode context
[2m2025-10-23T08:08:18.220621Z[0m [33m WARN[0m [2mwayvid::backend::wayland::surface[0m[2m:[0m resume_playback not supported with shared decode context
[2m2025-10-23T08:08:18.220659Z[0m [34mDEBUG[0m [2mwayvid::video::mpv[0m[2m:[0m 🎬 Rendering frame: 2160x1215 to FBO 0
[2m2025-10-23T08:08:18.253646Z[0m [34mDEBUG[0m [2mwayvid::video::mpv[0m[2m:[0m   ✓ Frame rendered successfully
[2m2025-10-23T08:08:18.253923Z[0m [33m WARN[0m [2mwayvid::backend::wayland::surface[0m[2m:[0m resume_playback not supported with shared decode context
[2m2025-10-23T08:08:18.253935Z[0m [33m WARN[0m [2mwayvid::backend::wayland::surface[0m[2m:[0m resume_playback not supported with shared decode context
[2m2025-10-23T08:08:18.253971Z[0m [34mDEBUG[0m [2mwayvid::video::mpv[0m[2m:[0m 🎬 Rendering frame: 2560x1440 to FBO 0
[2m2025-10-23T08:08:18.286978Z[0m [34mDEBUG[0m [2mwayvid::video::mpv[0m[2m:[0m   ✓ Frame rendered successfully
[2m2025-10-23T08:08:18.287254Z[0m [33m WARN[0m [2mwayvid::backend::wayland::surface[0m[2m:[0m resume_playback not supported with shared decode context
[2m2025-10-23T08:08:18.287264Z[0m [33m WARN[0m [2mwayvid::backend::wayland::surface[0m[2m:[0m resume_playback not supported with shared decode context
[2m2025-10-23T08:08:18.288912Z[0m [34mDEBUG[0m [2mwayvid::video::mpv[0m[2m:[0m 🎬 Rendering frame: 2160x1215 to FBO 0
[2m2025-10-23T08:08:18.320287Z[0m [34mDEBUG[0m [2mwayvid::video::mpv[0m[2m:[0m   ✓ Frame rendered successfully
[2m2025-10-23T08:08:18.320625Z[0m [33m WARN[0m [2mwayvid::backend::wayland::surface[0m[2m:[0m resume_playback not supported with shared decode context
[2m2025-10-23T08:08:18.320635Z[0m [33m WARN[0m [2mwayvid::backend::wayland::surface[0m[2m:[0m resume_playback not supported with shared decode context
[2m2025-10-23T08:08:18.320663Z[0m [34mDEBUG[0m [2mwayvid::video::mpv[0m[2m:[0m 🎬 Rendering frame: 2560x1440 to FBO 0
[2m2025-10-23T08:08:18.353626Z[0m [34mDEBUG[0m [2mwayvid::video::mpv[0m[2m:[0m   ✓ Frame rendered successfully
[2m2025-10-23T08:08:18.353907Z[0m [33m WARN[0m [2mwayvid::backend::wayland::surface[0m[2m:[0m resume_playback not supported with shared decode context
[2m2025-10-23T08:08:18.353917Z[0m [33m WARN[0m [2mwayvid::backend::wayland::surface[0m[2m:[0m resume_playback not supported with shared decode context
[2m2025-10-23T08:08:18.353943Z[0m [34mDEBUG[0m [2mwayvid::video::mpv[0m[2m:[0m 🎬 Rendering frame: 2160x1215 to FBO 0
[2m2025-10-23T08:08:18.386958Z[0m [34mDEBUG[0m [2mwayvid::video::mpv[0m[2m:[0m   ✓ Frame rendered successfully
[2m2025-10-23T08:08:18.387227Z[0m [33m WARN[0m [2mwayvid::backend::wayland::surface[0m[2m:[0m resume_playback not supported with shared decode context
[2m2025-10-23T08:08:18.387244Z[0m [33m WARN[0m [2mwayvid::backend::wayland::surface[0m[2m:[0m resume_playback not supported with shared decode context
[2m2025-10-23T08:08:18.387275Z[0m [34mDEBUG[0m [2mwayvid::video::mpv[0m[2m:[0m 🎬 Rendering frame: 2560x1440 to FBO 0
[2m2025-10-23T08:08:18.420307Z[0m [34mDEBUG[0m [2mwayvid::video::mpv[0m[2m:[0m   ✓ Frame rendered successfully
[2m2025-10-23T08:08:18.420599Z[0m [33m WARN[0m [2mwayvid::backend::wayland::surface[0m[2m:[0m resume_playback not supported with shared decode context
[2m2025-10-23T08:08:18.420620Z[0m [33m WARN[0m [2mwayvid::backend::wayland::surface[0m[2m:[0m resume_playback not supported with shared decode context
[2m2025-10-23T08:08:18.420650Z[0m [34mDEBUG[0m [2mwayvid::video::mpv[0m[2m:[0m 🎬 Rendering frame: 2160x1215 to FBO 0
[2m2025-10-23T08:08:18.453631Z[0m [34mDEBUG[0m [2mwayvid::video::mpv[0m[2m:[0m   ✓ Frame rendered successfully
[2m2025-10-23T08:08:18.453887Z[0m [33m WARN[0m [2mwayvid::backend::wayland::surface[0m[2m:[0m resume_playback not supported with shared decode context
[2m2025-10-23T08:08:18.453894Z[0m [33m WARN[0m [2mwayvid::backend::wayland::surface[0m[2m:[0m resume_playback not supported with shared decode context
[2m2025-10-23T08:08:18.457597Z[0m [33m WARN[0m [2mwayvid::backend::wayland::surface[0m[2m:[0m resume_playback not supported with shared decode context
[2m2025-10-23T08:08:18.457620Z[0m [33m WARN[0m [2mwayvid::backend::wayland::surface[0m[2m:[0m resume_playback not supported with shared decode context
[2m2025-10-23T08:08:18.457668Z[0m [34mDEBUG[0m [2mwayvid::video::mpv[0m[2m:[0m 🎬 Rendering frame: 2560x1440 to FBO 0
[2m2025-10-23T08:08:18.486974Z[0m [34mDEBUG[0m [2mwayvid::video::mpv[0m[2m:[0m   ✓ Frame rendered successfully
[2m2025-10-23T08:08:18.487208Z[0m [33m WARN[0m [2mwayvid::backend::wayland::surface[0m[2m:[0m resume_playback not supported with shared decode context
[2m2025-10-23T08:08:18.487218Z[0m [33m WARN[0m [2mwayvid::backend::wayland::surface[0m[2m:[0m resume_playback not supported with shared decode context
[2m2025-10-23T08:08:18.487252Z[0m [34mDEBUG[0m [2mwayvid::video::mpv[0m[2m:[0m 🎬 Rendering frame: 2160x1215 to FBO 0
[2m2025-10-23T08:08:18.520312Z[0m [34mDEBUG[0m [2mwayvid::video::mpv[0m[2m:[0m   ✓ Frame rendered successfully
[2m2025-10-23T08:08:18.520563Z[0m [33m WARN[0m [2mwayvid::backend::wayland::surface[0m[2m:[0m resume_playback not supported with shared decode context
[2m2025-10-23T08:08:18.520573Z[0m [33m WARN[0m [2mwayvid::backend::wayland::surface[0m[2m:[0m resume_playback not supported with shared decode context
[2m2025-10-23T08:08:18.520616Z[0m [34mDEBUG[0m [2mwayvid::video::mpv[0m[2m:[0m 🎬 Rendering frame: 2560x1440 to FBO 0
[2m2025-10-23T08:08:18.553627Z[0m [34mDEBUG[0m [2mwayvid::video::mpv[0m[2m:[0m   ✓ Frame rendered successfully
[2m2025-10-23T08:08:18.553964Z[0m [33m WARN[0m [2mwayvid::backend::wayland::surface[0m[2m:[0m resume_playback not supported with shared decode context
[2m2025-10-23T08:08:18.553978Z[0m [33m WARN[0m [2mwayvid::backend::wayland::surface[0m[2m:[0m resume_playback not supported with shared decode context
[2m2025-10-23T08:08:18.554020Z[0m [34mDEBUG[0m [2mwayvid::video::mpv[0m[2m:[0m 🎬 Rendering frame: 2160x1215 to FBO 0
[2m2025-10-23T08:08:18.586939Z[0m [34mDEBUG[0m [2mwayvid::video::mpv[0m[2m:[0m   ✓ Frame rendered successfully
[2m2025-10-23T08:08:18.587275Z[0m [33m WARN[0m [2mwayvid::backend::wayland::surface[0m[2m:[0m resume_playback not supported with shared decode context
[2m2025-10-23T08:08:18.587291Z[0m [33m WARN[0m [2mwayvid::backend::wayland::surface[0m[2m:[0m resume_playback not supported with shared decode context
[2m2025-10-23T08:08:18.587336Z[0m [34mDEBUG[0m [2mwayvid::video::mpv[0m[2m:[0m 🎬 Rendering frame: 2560x1440 to FBO 0
[2m2025-10-23T08:08:18.620284Z[0m [34mDEBUG[0m [2mwayvid::video::mpv[0m[2m:[0m   ✓ Frame rendered successfully
[2m2025-10-23T08:08:18.620596Z[0m [33m WARN[0m [2mwayvid::backend::wayland::surface[0m[2m:[0m resume_playback not supported with shared decode context
[2m2025-10-23T08:08:18.620608Z[0m [33m WARN[0m [2mwayvid::backend::wayland::surface[0m[2m:[0m resume_playback not supported with shared decode context
[2m2025-10-23T08:08:18.620638Z[0m [34mDEBUG[0m [2mwayvid::video::mpv[0m[2m:[0m 🎬 Rendering frame: 2160x1215 to FBO 0
[2m2025-10-23T08:08:18.653620Z[0m [34mDEBUG[0m [2mwayvid::video::mpv[0m[2m:[0m   ✓ Frame rendered successfully
[2m2025-10-23T08:08:18.653896Z[0m [33m WARN[0m [2mwayvid::backend::wayland::surface[0m[2m:[0m resume_playback not supported with shared decode context
[2m2025-10-23T08:08:18.653905Z[0m [33m WARN[0m [2mwayvid::backend::wayland::surface[0m[2m:[0m resume_playback not supported with shared decode context
[2m2025-10-23T08:08:18.653936Z[0m [34mDEBUG[0m [2mwayvid::video::mpv[0m[2m:[0m 🎬 Rendering frame: 2560x1440 to FBO 0
[2m2025-10-23T08:08:18.686955Z[0m [34mDEBUG[0m [2mwayvid::video::mpv[0m[2m:[0m   ✓ Frame rendered successfully
[2m2025-10-23T08:08:18.687257Z[0m [33m WARN[0m [2mwayvid::backend::wayland::surface[0m[2m:[0m resume_playback not supported with shared decode context
[2m2025-10-23T08:08:18.687269Z[0m [33m WARN[0m [2mwayvid::backend::wayland::surface[0m[2m:[0m resume_playback not supported with shared decode context
[2m2025-10-23T08:08:18.687307Z[0m [34mDEBUG[0m [2mwayvid::video::mpv[0m[2m:[0m 🎬 Rendering frame: 2160x1215 to FBO 0
[2m2025-10-23T08:08:18.720280Z[0m [34mDEBUG[0m [2mwayvid::video::mpv[0m[2m:[0m   ✓ Frame rendered successfully
[2m2025-10-23T08:08:18.720499Z[0m [33m WARN[0m [2mwayvid::backend::wayland::surface[0m[2m:[0m resume_playback not supported with shared decode context
[2m2025-10-23T08:08:18.720507Z[0m [33m WARN[0m [2mwayvid::backend::wayland::surface[0m[2m:[0m resume_playback not supported with shared decode context
[2m2025-10-23T08:08:18.720534Z[0m [34mDEBUG[0m [2mwayvid::video::mpv[0m[2m:[0m 🎬 Rendering frame: 2560x1440 to FBO 0
[2m2025-10-23T08:08:18.753617Z[0m [34mDEBUG[0m [2mwayvid::video::mpv[0m[2m:[0m   ✓ Frame rendered successfully
[2m2025-10-23T08:08:18.753886Z[0m [33m WARN[0m [2mwayvid::backend::wayland::surface[0m[2m:[0m resume_playback not supported with shared decode context
[2m2025-10-23T08:08:18.753897Z[0m [33m WARN[0m [2mwayvid::backend::wayland::surface[0m[2m:[0m resume_playback not supported with shared decode context
[2m2025-10-23T08:08:18.753925Z[0m [34mDEBUG[0m [2mwayvid::video::mpv[0m[2m:[0m 🎬 Rendering frame: 2160x1215 to FBO 0
[2m2025-10-23T08:08:18.786947Z[0m [34mDEBUG[0m [2mwayvid::video::mpv[0m[2m:[0m   ✓ Frame rendered successfully
[2m2025-10-23T08:08:18.787214Z[0m [33m WARN[0m [2mwayvid::backend::wayland::surface[0m[2m:[0m resume_playback not supported with shared decode context
[2m2025-10-23T08:08:18.787229Z[0m [33m WARN[0m [2mwayvid::backend::wayland::surface[0m[2m:[0m resume_playback not supported with shared decode context
[2m2025-10-23T08:08:18.787264Z[0m [34mDEBUG[0m [2mwayvid::video::mpv[0m[2m:[0m 🎬 Rendering frame: 2560x1440 to FBO 0
[2m2025-10-23T08:08:18.820283Z[0m [34mDEBUG[0m [2mwayvid::video::mpv[0m[2m:[0m   ✓ Frame rendered successfully
[2m2025-10-23T08:08:18.820550Z[0m [33m WARN[0m [2mwayvid::backend::wayland::surface[0m[2m:[0m resume_playback not supported with shared decode context
[2m2025-10-23T08:08:18.820572Z[0m [33m WARN[0m [2mwayvid::backend::wayland::surface[0m[2m:[0m resume_playback not supported with shared decode context
[2m2025-10-23T08:08:18.820610Z[0m [34mDEBUG[0m [2mwayvid::video::mpv[0m[2m:[0m 🎬 Rendering frame: 2160x1215 to FBO 0
[2m2025-10-23T08:08:18.853618Z[0m [34mDEBUG[0m [2mwayvid::video::mpv[0m[2m:[0m   ✓ Frame rendered successfully
[2m2025-10-23T08:08:18.853899Z[0m [33m WARN[0m [2mwayvid::backend::wayland::surface[0m[2m:[0m resume_playback not supported with shared decode context
[2m2025-10-23T08:08:18.853913Z[0m [33m WARN[0m [2mwayvid::backend::wayland::surface[0m[2m:[0m resume_playback not supported with shared decode context
[2m2025-10-23T08:08:18.853946Z[0m [34mDEBUG[0m [2mwayvid::video::mpv[0m[2m:[0m 🎬 Rendering frame: 2560x1440 to FBO 0
[2m2025-10-23T08:08:18.886928Z[0m [34mDEBUG[0m [2mwayvid::video::mpv[0m[2m:[0m   ✓ Frame rendered successfully
[2m2025-10-23T08:08:18.887158Z[0m [33m WARN[0m [2mwayvid::backend::wayland::surface[0m[2m:[0m resume_playback not supported with shared decode context
[2m2025-10-23T08:08:18.887172Z[0m [33m WARN[0m [2mwayvid::backend::wayland::surface[0m[2m:[0m resume_playback not supported with shared decode context
[2m2025-10-23T08:08:18.887249Z[0m [34mDEBUG[0m [2mwayvid::video::mpv[0m[2m:[0m 🎬 Rendering frame: 2160x1215 to FBO 0
[2m2025-10-23T08:08:18.920277Z[0m [34mDEBUG[0m [2mwayvid::video::mpv[0m[2m:[0m   ✓ Frame rendered successfully
[2m2025-10-23T08:08:18.920526Z[0m [33m WARN[0m [2mwayvid::backend::wayland::surface[0m[2m:[0m resume_playback not supported with shared decode context
[2m2025-10-23T08:08:18.920538Z[0m [33m WARN[0m [2mwayvid::backend::wayland::surface[0m[2m:[0m resume_playback not supported with shared decode context
[2m2025-10-23T08:08:18.922921Z[0m [33m WARN[0m [2mwayvid::backend::wayland::surface[0m[2m:[0m resume_playback not supported with shared decode context
[2m2025-10-23T08:08:18.922941Z[0m [33m WARN[0m [2mwayvid::backend::wayland::surface[0m[2m:[0m resume_playback not supported with shared decode context
[2m2025-10-23T08:08:18.922978Z[0m [34mDEBUG[0m [2mwayvid::video::mpv[0m[2m:[0m 🎬 Rendering frame: 2560x1440 to FBO 0
[2m2025-10-23T08:08:18.953600Z[0m [34mDEBUG[0m [2mwayvid::video::mpv[0m[2m:[0m   ✓ Frame rendered successfully
[2m2025-10-23T08:08:18.953844Z[0m [33m WARN[0m [2mwayvid::backend::wayland::surface[0m[2m:[0m resume_playback not supported with shared decode context
[2m2025-10-23T08:08:18.953855Z[0m [33m WARN[0m [2mwayvid::backend::wayland::surface[0m[2m:[0m resume_playback not supported with shared decode context
[2m2025-10-23T08:08:18.953886Z[0m [34mDEBUG[0m [2mwayvid::video::mpv[0m[2m:[0m 🎬 Rendering frame: 2160x1215 to FBO 0
[2m2025-10-23T08:08:18.986923Z[0m [34mDEBUG[0m [2mwayvid::video::mpv[0m[2m:[0m   ✓ Frame rendered successfully
[2m2025-10-23T08:08:18.987163Z[0m [33m WARN[0m [2mwayvid::backend::wayland::surface[0m[2m:[0m resume_playback not supported with shared decode context
[2m2025-10-23T08:08:18.987175Z[0m [33m WARN[0m [2mwayvid::backend::wayland::surface[0m[2m:[0m resume_playback not supported with shared decode context
[2m2025-10-23T08:08:18.987215Z[0m [34mDEBUG[0m [2mwayvid::video::mpv[0m[2m:[0m 🎬 Rendering frame: 2560x1440 to FBO 0
[2m2025-10-23T08:08:19.020302Z[0m [34mDEBUG[0m [2mwayvid::video::mpv[0m[2m:[0m   ✓ Frame rendered successfully
[2m2025-10-23T08:08:19.020662Z[0m [33m WARN[0m [2mwayvid::backend::wayland::surface[0m[2m:[0m resume_playback not supported with shared decode context
[2m2025-10-23T08:08:19.020680Z[0m [33m WARN[0m [2mwayvid::backend::wayland::surface[0m[2m:[0m resume_playback not supported with shared decode context
[2m2025-10-23T08:08:19.020711Z[0m [34mDEBUG[0m [2mwayvid::video::mpv[0m[2m:[0m 🎬 Rendering frame: 2160x1215 to FBO 0
[2m2025-10-23T08:08:19.053614Z[0m [34mDEBUG[0m [2mwayvid::video::mpv[0m[2m:[0m   ✓ Frame rendered successfully
[2m2025-10-23T08:08:19.053862Z[0m [33m WARN[0m [2mwayvid::backend::wayland::surface[0m[2m:[0m resume_playback not supported with shared decode context
[2m2025-10-23T08:08:19.053877Z[0m [33m WARN[0m [2mwayvid::backend::wayland::surface[0m[2m:[0m resume_playback not supported with shared decode context
[2m2025-10-23T08:08:19.053918Z[0m [34mDEBUG[0m [2mwayvid::video::mpv[0m[2m:[0m 🎬 Rendering frame: 2560x1440 to FBO 0
[2m2025-10-23T08:08:19.086924Z[0m [34mDEBUG[0m [2mwayvid::video::mpv[0m[2m:[0m   ✓ Frame rendered successfully
[2m2025-10-23T08:08:19.087124Z[0m [33m WARN[0m [2mwayvid::backend::wayland::surface[0m[2m:[0m resume_playback not supported with shared decode context
[2m2025-10-23T08:08:19.087132Z[0m [33m WARN[0m [2mwayvid::backend::wayland::surface[0m[2m:[0m resume_playback not supported with shared decode context
[2m2025-10-23T08:08:19.087157Z[0m [34mDEBUG[0m [2mwayvid::video::mpv[0m[2m:[0m 🎬 Rendering frame: 2160x1215 to FBO 0
[2m2025-10-23T08:08:19.120276Z[0m [34mDEBUG[0m [2mwayvid::video::mpv[0m[2m:[0m   ✓ Frame rendered successfully
[2m2025-10-23T08:08:19.120524Z[0m [33m WARN[0m [2mwayvid::backend::wayland::surface[0m[2m:[0m resume_playback not supported with shared decode context
[2m2025-10-23T08:08:19.120536Z[0m [33m WARN[0m [2mwayvid::backend::wayland::surface[0m[2m:[0m resume_playback not supported with shared decode context
[2m2025-10-23T08:08:19.120571Z[0m [34mDEBUG[0m [2mwayvid::video::mpv[0m[2m:[0m 🎬 Rendering frame: 2560x1440 to FBO 0
[2m2025-10-23T08:08:19.153595Z[0m [34mDEBUG[0m [2mwayvid::video::mpv[0m[2m:[0m   ✓ Frame rendered successfully
[2m2025-10-23T08:08:19.153863Z[0m [33m WARN[0m [2mwayvid::backend::wayland::surface[0m[2m:[0m resume_playback not supported with shared decode context
[2m2025-10-23T08:08:19.153872Z[0m [33m WARN[0m [2mwayvid::backend::wayland::surface[0m[2m:[0m resume_playback not supported with shared decode context
[2m2025-10-23T08:08:19.153906Z[0m [34mDEBUG[0m [2mwayvid::video::mpv[0m[2m:[0m 🎬 Rendering frame: 2160x1215 to FBO 0
[2m2025-10-23T08:08:19.186927Z[0m [34mDEBUG[0m [2mwayvid::video::mpv[0m[2m:[0m   ✓ Frame rendered successfully
[2m2025-10-23T08:08:19.187184Z[0m [33m WARN[0m [2mwayvid::backend::wayland::surface[0m[2m:[0m resume_playback not supported with shared decode context
[2m2025-10-23T08:08:19.187195Z[0m [33m WARN[0m [2mwayvid::backend::wayland::surface[0m[2m:[0m resume_playback not supported with shared decode context
[2m2025-10-23T08:08:19.187231Z[0m [34mDEBUG[0m [2mwayvid::video::mpv[0m[2m:[0m 🎬 Rendering frame: 2560x1440 to FBO 0
[2m2025-10-23T08:08:19.220279Z[0m [34mDEBUG[0m [2mwayvid::video::mpv[0m[2m:[0m   ✓ Frame rendered successfully
[2m2025-10-23T08:08:19.220545Z[0m [33m WARN[0m [2mwayvid::backend::wayland::surface[0m[2m:[0m resume_playback not supported with shared decode context
[2m2025-10-23T08:08:19.220555Z[0m [33m WARN[0m [2mwayvid::backend::wayland::surface[0m[2m:[0m resume_playback not supported with shared decode context
[2m2025-10-23T08:08:19.220588Z[0m [34mDEBUG[0m [2mwayvid::video::mpv[0m[2m:[0m 🎬 Rendering frame: 2160x1215 to FBO 0
[2m2025-10-23T08:08:19.253613Z[0m [34mDEBUG[0m [2mwayvid::video::mpv[0m[2m:[0m   ✓ Frame rendered successfully
[2m2025-10-23T08:08:19.253881Z[0m [33m WARN[0m [2mwayvid::backend::wayland::surface[0m[2m:[0m resume_playback not supported with shared decode context
[2m2025-10-23T08:08:19.253891Z[0m [33m WARN[0m [2mwayvid::backend::wayland::surface[0m[2m:[0m resume_playback not supported with shared decode context
[2m2025-10-23T08:08:19.253921Z[0m [34mDEBUG[0m [2mwayvid::video::mpv[0m[2m:[0m 🎬 Rendering frame: 2560x1440 to FBO 0
[2m2025-10-23T08:08:19.286968Z[0m [34mDEBUG[0m [2mwayvid::video::mpv[0m[2m:[0m   ✓ Frame rendered successfully
[2m2025-10-23T08:08:19.287254Z[0m [33m WARN[0m [2mwayvid::backend::wayland::surface[0m[2m:[0m resume_playback not supported with shared decode context
[2m2025-10-23T08:08:19.287267Z[0m [33m WARN[0m [2mwayvid::backend::wayland::surface[0m[2m:[0m resume_playback not supported with shared decode context
[2m2025-10-23T08:08:19.287302Z[0m [34mDEBUG[0m [2mwayvid::video::mpv[0m[2m:[0m 🎬 Rendering frame: 2160x1215 to FBO 0
[2m2025-10-23T08:08:19.320273Z[0m [34mDEBUG[0m [2mwayvid::video::mpv[0m[2m:[0m   ✓ Frame rendered successfully
[2m2025-10-23T08:08:19.320555Z[0m [33m WARN[0m [2mwayvid::backend::wayland::surface[0m[2m:[0m resume_playback not supported with shared decode context
[2m2025-10-23T08:08:19.320564Z[0m [33m WARN[0m [2mwayvid::backend::wayland::surface[0m[2m:[0m resume_playback not supported with shared decode context
[2m2025-10-23T08:08:19.320594Z[0m [34mDEBUG[0m [2mwayvid::video::mpv[0m[2m:[0m 🎬 Rendering frame: 2560x1440 to FBO 0
[2m2025-10-23T08:08:19.353622Z[0m [34mDEBUG[0m [2mwayvid::video::mpv[0m[2m:[0m   ✓ Frame rendered successfully
[2m2025-10-23T08:08:19.353960Z[0m [33m WARN[0m [2mwayvid::backend::wayland::surface[0m[2m:[0m resume_playback not supported with shared decode context
[2m2025-10-23T08:08:19.353969Z[0m [33m WARN[0m [2mwayvid::backend::wayland::surface[0m[2m:[0m resume_playback not supported with shared decode context
[2m2025-10-23T08:08:19.354003Z[0m [34mDEBUG[0m [2mwayvid::video::mpv[0m[2m:[0m 🎬 Rendering frame: 2160x1215 to FBO 0
[2m2025-10-23T08:08:19.386938Z[0m [34mDEBUG[0m [2mwayvid::video::mpv[0m[2m:[0m   ✓ Frame rendered successfully
[2m2025-10-23T08:08:19.387155Z[0m [33m WARN[0m [2mwayvid::backend::wayland::surface[0m[2m:[0m resume_playback not supported with shared decode context
[2m2025-10-23T08:08:19.387172Z[0m [33m WARN[0m [2mwayvid::backend::wayland::surface[0m[2m:[0m resume_playback not supported with shared decode context
[2m2025-10-23T08:08:19.387200Z[0m [34mDEBUG[0m [2mwayvid::video::mpv[0m[2m:[0m 🎬 Rendering frame: 2560x1440 to FBO 0
[2m2025-10-23T08:08:19.420274Z[0m [34mDEBUG[0m [2mwayvid::video::mpv[0m[2m:[0m   ✓ Frame rendered successfully
[2m2025-10-23T08:08:19.420538Z[0m [33m WARN[0m [2mwayvid::backend::wayland::surface[0m[2m:[0m resume_playback not supported with shared decode context
[2m2025-10-23T08:08:19.420547Z[0m [33m WARN[0m [2mwayvid::backend::wayland::surface[0m[2m:[0m resume_playback not supported with shared decode context
[2m2025-10-23T08:08:19.420575Z[0m [34mDEBUG[0m [2mwayvid::video::mpv[0m[2m:[0m 🎬 Rendering frame: 2160x1215 to FBO 0
[2m2025-10-23T08:08:19.453593Z[0m [34mDEBUG[0m [2mwayvid::video::mpv[0m[2m:[0m   ✓ Frame rendered successfully
[2m2025-10-23T08:08:19.453881Z[0m [33m WARN[0m [2mwayvid::backend::wayland::surface[0m[2m:[0m resume_playback not supported with shared decode context
[2m2025-10-23T08:08:19.453893Z[0m [33m WARN[0m [2mwayvid::backend::wayland::surface[0m[2m:[0m resume_playback not supported with shared decode context
[2m2025-10-23T08:08:19.453923Z[0m [34mDEBUG[0m [2mwayvid::video::mpv[0m[2m:[0m 🎬 Rendering frame: 2560x1440 to FBO 0
[2m2025-10-23T08:08:19.486941Z[0m [34mDEBUG[0m [2mwayvid::video::mpv[0m[2m:[0m   ✓ Frame rendered successfully
[2m2025-10-23T08:08:19.487212Z[0m [33m WARN[0m [2mwayvid::backend::wayland::surface[0m[2m:[0m resume_playback not supported with shared decode context
[2m2025-10-23T08:08:19.487226Z[0m [33m WARN[0m [2mwayvid::backend::wayland::surface[0m[2m:[0m resume_playback not supported with shared decode context
[2m2025-10-23T08:08:19.487265Z[0m [34mDEBUG[0m [2mwayvid::video::mpv[0m[2m:[0m 🎬 Rendering frame: 2160x1215 to FBO 0
[2m2025-10-23T08:08:19.520254Z[0m [34mDEBUG[0m [2mwayvid::video::mpv[0m[2m:[0m   ✓ Frame rendered successfully
[2m2025-10-23T08:08:19.520514Z[0m [33m WARN[0m [2mwayvid::backend::wayland::surface[0m[2m:[0m resume_playback not supported with shared decode context
[2m2025-10-23T08:08:19.520527Z[0m [33m WARN[0m [2mwayvid::backend::wayland::surface[0m[2m:[0m resume_playback not supported with shared decode context
[2m2025-10-23T08:08:19.520555Z[0m [34mDEBUG[0m [2mwayvid::video::mpv[0m[2m:[0m 🎬 Rendering frame: 2560x1440 to FBO 0
[2m2025-10-23T08:08:19.553594Z[0m [34mDEBUG[0m [2mwayvid::video::mpv[0m[2m:[0m   ✓ Frame rendered successfully
[2m2025-10-23T08:08:19.553902Z[0m [33m WARN[0m [2mwayvid::backend::wayland::surface[0m[2m:[0m resume_playback not supported with shared decode context
[2m2025-10-23T08:08:19.553916Z[0m [33m WARN[0m [2mwayvid::backend::wayland::surface[0m[2m:[0m resume_playback not supported with shared decode context
[2m2025-10-23T08:08:19.553951Z[0m [34mDEBUG[0m [2mwayvid::video::mpv[0m[2m:[0m 🎬 Rendering frame: 2160x1215 to FBO 0
[2m2025-10-23T08:08:19.586935Z[0m [34mDEBUG[0m [2mwayvid::video::mpv[0m[2m:[0m   ✓ Frame rendered successfully
[2m2025-10-23T08:08:19.587164Z[0m [33m WARN[0m [2mwayvid::backend::wayland::surface[0m[2m:[0m resume_playback not supported with shared decode context
[2m2025-10-23T08:08:19.587177Z[0m [33m WARN[0m [2mwayvid::backend::wayland::surface[0m[2m:[0m resume_playback not supported with shared decode context
[2m2025-10-23T08:08:19.587205Z[0m [34mDEBUG[0m [2mwayvid::video::mpv[0m[2m:[0m 🎬 Rendering frame: 2560x1440 to FBO 0
[2m2025-10-23T08:08:19.620269Z[0m [34mDEBUG[0m [2mwayvid::video::mpv[0m[2m:[0m   ✓ Frame rendered successfully
[2m2025-10-23T08:08:19.620525Z[0m [33m WARN[0m [2mwayvid::backend::wayland::surface[0m[2m:[0m resume_playback not supported with shared decode context
[2m2025-10-23T08:08:19.620534Z[0m [33m WARN[0m [2mwayvid::backend::wayland::surface[0m[2m:[0m resume_playback not supported with shared decode context
[2m2025-10-23T08:08:19.620561Z[0m [34mDEBUG[0m [2mwayvid::video::mpv[0m[2m:[0m 🎬 Rendering frame: 2160x1215 to FBO 0
[2m2025-10-23T08:08:19.653603Z[0m [34mDEBUG[0m [2mwayvid::video::mpv[0m[2m:[0m   ✓ Frame rendered successfully
[2m2025-10-23T08:08:19.653842Z[0m [33m WARN[0m [2mwayvid::backend::wayland::surface[0m[2m:[0m resume_playback not supported with shared decode context
[2m2025-10-23T08:08:19.653853Z[0m [33m WARN[0m [2mwayvid::backend::wayland::surface[0m[2m:[0m resume_playback not supported with shared decode context
[2m2025-10-23T08:08:19.653889Z[0m [34mDEBUG[0m [2mwayvid::video::mpv[0m[2m:[0m 🎬 Rendering frame: 2560x1440 to FBO 0
[2m2025-10-23T08:08:19.686938Z[0m [34mDEBUG[0m [2mwayvid::video::mpv[0m[2m:[0m   ✓ Frame rendered successfully
[2m2025-10-23T08:08:19.687210Z[0m [33m WARN[0m [2mwayvid::backend::wayland::surface[0m[2m:[0m resume_playback not supported with shared decode context
[2m2025-10-23T08:08:19.687226Z[0m [33m WARN[0m [2mwayvid::backend::wayland::surface[0m[2m:[0m resume_playback not supported with shared decode context
[2m2025-10-23T08:08:19.687265Z[0m [34mDEBUG[0m [2mwayvid::video::mpv[0m[2m:[0m 🎬 Rendering frame: 2160x1215 to FBO 0
[2m2025-10-23T08:08:19.720270Z[0m [34mDEBUG[0m [2mwayvid::video::mpv[0m[2m:[0m   ✓ Frame rendered successfully
[2m2025-10-23T08:08:19.720510Z[0m [33m WARN[0m [2mwayvid::backend::wayland::surface[0m[2m:[0m resume_playback not supported with shared decode context
[2m2025-10-23T08:08:19.720536Z[0m [33m WARN[0m [2mwayvid::backend::wayland::surface[0m[2m:[0m resume_playback not supported with shared decode context
[2m2025-10-23T08:08:19.720570Z[0m [34mDEBUG[0m [2mwayvid::video::mpv[0m[2m:[0m 🎬 Rendering frame: 2560x1440 to FBO 0
[2m2025-10-23T08:08:19.753606Z[0m [34mDEBUG[0m [2mwayvid::video::mpv[0m[2m:[0m   ✓ Frame rendered successfully
[2m2025-10-23T08:08:19.753927Z[0m [33m WARN[0m [2mwayvid::backend::wayland::surface[0m[2m:[0m resume_playback not supported with shared decode context
[2m2025-10-23T08:08:19.753939Z[0m [33m WARN[0m [2mwayvid::backend::wayland::surface[0m[2m:[0m resume_playback not supported with shared decode context
[2m2025-10-23T08:08:19.753978Z[0m [34mDEBUG[0m [2mwayvid::video::mpv[0m[2m:[0m 🎬 Rendering frame: 2160x1215 to FBO 0
[2m2025-10-23T08:08:19.786941Z[0m [34mDEBUG[0m [2mwayvid::video::mpv[0m[2m:[0m   ✓ Frame rendered successfully
[2m2025-10-23T08:08:19.787206Z[0m [33m WARN[0m [2mwayvid::backend::wayland::surface[0m[2m:[0m resume_playback not supported with shared decode context
[2m2025-10-23T08:08:19.787219Z[0m [33m WARN[0m [2mwayvid::backend::wayland::surface[0m[2m:[0m resume_playback not supported with shared decode context
[2m2025-10-23T08:08:19.787257Z[0m [34mDEBUG[0m [2mwayvid::video::mpv[0m[2m:[0m 🎬 Rendering frame: 2560x1440 to FBO 0
[2m2025-10-23T08:08:19.820255Z[0m [34mDEBUG[0m [2mwayvid::video::mpv[0m[2m:[0m   ✓ Frame rendered successfully
[2m2025-10-23T08:08:19.820507Z[0m [33m WARN[0m [2mwayvid::backend::wayland::surface[0m[2m:[0m resume_playback not supported with shared decode context
[2m2025-10-23T08:08:19.820519Z[0m [33m WARN[0m [2mwayvid::backend::wayland::surface[0m[2m:[0m resume_playback not supported with shared decode context
[2m2025-10-23T08:08:19.820553Z[0m [34mDEBUG[0m [2mwayvid::video::mpv[0m[2m:[0m 🎬 Rendering frame: 2160x1215 to FBO 0
[2m2025-10-23T08:08:19.853656Z[0m [34mDEBUG[0m [2mwayvid::video::mpv[0m[2m:[0m   ✓ Frame rendered successfully
[2m2025-10-23T08:08:19.853971Z[0m [33m WARN[0m [2mwayvid::backend::wayland::surface[0m[2m:[0m resume_playback not supported with shared decode context
[2m2025-10-23T08:08:19.853980Z[0m [33m WARN[0m [2mwayvid::backend::wayland::surface[0m[2m:[0m resume_playback not supported with shared decode context
[2m2025-10-23T08:08:19.854009Z[0m [34mDEBUG[0m [2mwayvid::video::mpv[0m[2m:[0m 🎬 Rendering frame: 2560x1440 to FBO 0
[2m2025-10-23T08:08:19.886936Z[0m [34mDEBUG[0m [2mwayvid::video::mpv[0m[2m:[0m   ✓ Frame rendered successfully
[2m2025-10-23T08:08:19.887238Z[0m [33m WARN[0m [2mwayvid::backend::wayland::surface[0m[2m:[0m resume_playback not supported with shared decode context
[2m2025-10-23T08:08:19.887252Z[0m [33m WARN[0m [2mwayvid::backend::wayland::surface[0m[2m:[0m resume_playback not supported with shared decode context
[2m2025-10-23T08:08:19.887282Z[0m [34mDEBUG[0m [2mwayvid::video::mpv[0m[2m:[0m 🎬 Rendering frame: 2160x1215 to FBO 0
[2m2025-10-23T08:08:19.920287Z[0m [34mDEBUG[0m [2mwayvid::video::mpv[0m[2m:[0m   ✓ Frame rendered successfully
[2m2025-10-23T08:08:19.920581Z[0m [33m WARN[0m [2mwayvid::backend::wayland::surface[0m[2m:[0m resume_playback not supported with shared decode context
[2m2025-10-23T08:08:19.920594Z[0m [33m WARN[0m [2mwayvid::backend::wayland::surface[0m[2m:[0m resume_playback not supported with shared decode context
[2m2025-10-23T08:08:19.920634Z[0m [34mDEBUG[0m [2mwayvid::video::mpv[0m[2m:[0m 🎬 Rendering frame: 2560x1440 to FBO 0
[2m2025-10-23T08:08:19.953632Z[0m [34mDEBUG[0m [2mwayvid::video::mpv[0m[2m:[0m   ✓ Frame rendered successfully
[2m2025-10-23T08:08:19.953975Z[0m [33m WARN[0m [2mwayvid::backend::wayland::surface[0m[2m:[0m resume_playback not supported with shared decode context
[2m2025-10-23T08:08:19.953990Z[0m [33m WARN[0m [2mwayvid::backend::wayland::surface[0m[2m:[0m resume_playback not supported with shared decode context
[2m2025-10-23T08:08:19.954044Z[0m [34mDEBUG[0m [2mwayvid::video::mpv[0m[2m:[0m 🎬 Rendering frame: 2160x1215 to FBO 0
[2m2025-10-23T08:08:19.986952Z[0m [34mDEBUG[0m [2mwayvid::video::mpv[0m[2m:[0m   ✓ Frame rendered successfully
[2m2025-10-23T08:08:19.987221Z[0m [33m WARN[0m [2mwayvid::backend::wayland::surface[0m[2m:[0m resume_playback not supported with shared decode context
[2m2025-10-23T08:08:19.987230Z[0m [33m WARN[0m [2mwayvid::backend::wayland::surface[0m[2m:[0m resume_playback not supported with shared decode context
[2m2025-10-23T08:08:19.987262Z[0m [34mDEBUG[0m [2mwayvid::video::mpv[0m[2m:[0m 🎬 Rendering frame: 2560x1440 to FBO 0
[2m2025-10-23T08:08:20.020290Z[0m [34mDEBUG[0m [2mwayvid::video::mpv[0m[2m:[0m   ✓ Frame rendered successfully
[2m2025-10-23T08:08:20.020587Z[0m [33m WARN[0m [2mwayvid::backend::wayland::surface[0m[2m:[0m resume_playback not supported with shared decode context
[2m2025-10-23T08:08:20.020600Z[0m [33m WARN[0m [2mwayvid::backend::wayland::surface[0m[2m:[0m resume_playback not supported with shared decode context
[2m2025-10-23T08:08:20.020629Z[0m [34mDEBUG[0m [2mwayvid::video::mpv[0m[2m:[0m 🎬 Rendering frame: 2160x1215 to FBO 0
[2m2025-10-23T08:08:20.053606Z[0m [34mDEBUG[0m [2mwayvid::video::mpv[0m[2m:[0m   ✓ Frame rendered successfully
[2m2025-10-23T08:08:20.054023Z[0m [33m WARN[0m [2mwayvid::backend::wayland::surface[0m[2m:[0m resume_playback not supported with shared decode context
[2m2025-10-23T08:08:20.054036Z[0m [33m WARN[0m [2mwayvid::backend::wayland::surface[0m[2m:[0m resume_playback not supported with shared decode context
[2m2025-10-23T08:08:20.054083Z[0m [34mDEBUG[0m [2mwayvid::video::mpv[0m[2m:[0m 🎬 Rendering frame: 2560x1440 to FBO 0
[2m2025-10-23T08:08:20.086955Z[0m [34mDEBUG[0m [2mwayvid::video::mpv[0m[2m:[0m   ✓ Frame rendered successfully
[2m2025-10-23T08:08:20.087210Z[0m [33m WARN[0m [2mwayvid::backend::wayland::surface[0m[2m:[0m resume_playback not supported with shared decode context
[2m2025-10-23T08:08:20.087222Z[0m [33m WARN[0m [2mwayvid::backend::wayland::surface[0m[2m:[0m resume_playback not supported with shared decode context
[2m2025-10-23T08:08:20.087250Z[0m [34mDEBUG[0m [2mwayvid::video::mpv[0m[2m:[0m 🎬 Rendering frame: 2160x1215 to FBO 0
[2m2025-10-23T08:08:20.120284Z[0m [34mDEBUG[0m [2mwayvid::video::mpv[0m[2m:[0m   ✓ Frame rendered successfully
[2m2025-10-23T08:08:20.120527Z[0m [33m WARN[0m [2mwayvid::backend::wayland::surface[0m[2m:[0m resume_playback not supported with shared decode context
[2m2025-10-23T08:08:20.120537Z[0m [33m WARN[0m [2mwayvid::backend::wayland::surface[0m[2m:[0m resume_playback not supported with shared decode context
[2m2025-10-23T08:08:20.120571Z[0m [34mDEBUG[0m [2mwayvid::video::mpv[0m[2m:[0m 🎬 Rendering frame: 2560x1440 to FBO 0
[2m2025-10-23T08:08:20.153625Z[0m [34mDEBUG[0m [2mwayvid::video::mpv[0m[2m:[0m   ✓ Frame rendered successfully
[2m2025-10-23T08:08:20.153903Z[0m [33m WARN[0m [2mwayvid::backend::wayland::surface[0m[2m:[0m resume_playback not supported with shared decode context
[2m2025-10-23T08:08:20.153913Z[0m [33m WARN[0m [2mwayvid::backend::wayland::surface[0m[2m:[0m resume_playback not supported with shared decode context
[2m2025-10-23T08:08:20.153944Z[0m [34mDEBUG[0m [2mwayvid::video::mpv[0m[2m:[0m 🎬 Rendering frame: 2160x1215 to FBO 0
[2m2025-10-23T08:08:20.186928Z[0m [34mDEBUG[0m [2mwayvid::video::mpv[0m[2m:[0m   ✓ Frame rendered successfully
[2m2025-10-23T08:08:20.187169Z[0m [33m WARN[0m [2mwayvid::backend::wayland::surface[0m[2m:[0m resume_playback not supported with shared decode context
[2m2025-10-23T08:08:20.187180Z[0m [33m WARN[0m [2mwayvid::backend::wayland::surface[0m[2m:[0m resume_playback not supported with shared decode context
[2m2025-10-23T08:08:20.187221Z[0m [34mDEBUG[0m [2mwayvid::video::mpv[0m[2m:[0m 🎬 Rendering frame: 2560x1440 to FBO 0
[2m2025-10-23T08:08:20.220265Z[0m [34mDEBUG[0m [2mwayvid::video::mpv[0m[2m:[0m   ✓ Frame rendered successfully
[2m2025-10-23T08:08:20.220536Z[0m [33m WARN[0m [2mwayvid::backend::wayland::surface[0m[2m:[0m resume_playback not supported with shared decode context
[2m2025-10-23T08:08:20.220547Z[0m [33m WARN[0m [2mwayvid::backend::wayland::surface[0m[2m:[0m resume_playback not supported with shared decode context
[2m2025-10-23T08:08:20.220574Z[0m [34mDEBUG[0m [2mwayvid::video::mpv[0m[2m:[0m 🎬 Rendering frame: 2160x1215 to FBO 0
[2m2025-10-23T08:08:20.253597Z[0m [34mDEBUG[0m [2mwayvid::video::mpv[0m[2m:[0m   ✓ Frame rendered successfully
[2m2025-10-23T08:08:20.253952Z[0m [33m WARN[0m [2mwayvid::backend::wayland::surface[0m[2m:[0m resume_playback not supported with shared decode context
[2m2025-10-23T08:08:20.253964Z[0m [33m WARN[0m [2mwayvid::backend::wayland::surface[0m[2m:[0m resume_playback not supported with shared decode context
[2m2025-10-23T08:08:20.254006Z[0m [34mDEBUG[0m [2mwayvid::video::mpv[0m[2m:[0m 🎬 Rendering frame: 2560x1440 to FBO 0
[2m2025-10-23T08:08:20.286930Z[0m [34mDEBUG[0m [2mwayvid::video::mpv[0m[2m:[0m   ✓ Frame rendered successfully
[2m2025-10-23T08:08:20.287184Z[0m [33m WARN[0m [2mwayvid::backend::wayland::surface[0m[2m:[0m resume_playback not supported with shared decode context
[2m2025-10-23T08:08:20.287193Z[0m [33m WARN[0m [2mwayvid::backend::wayland::surface[0m[2m:[0m resume_playback not supported with shared decode context
[2m2025-10-23T08:08:20.287223Z[0m [34mDEBUG[0m [2mwayvid::video::mpv[0m[2m:[0m 🎬 Rendering frame: 2160x1215 to FBO 0
[2m2025-10-23T08:08:20.320264Z[0m [34mDEBUG[0m [2mwayvid::video::mpv[0m[2m:[0m   ✓ Frame rendered successfully
[2m2025-10-23T08:08:20.320519Z[0m [33m WARN[0m [2mwayvid::backend::wayland::surface[0m[2m:[0m resume_playback not supported with shared decode context
[2m2025-10-23T08:08:20.320529Z[0m [33m WARN[0m [2mwayvid::backend::wayland::surface[0m[2m:[0m resume_playback not supported with shared decode context
[2m2025-10-23T08:08:20.320562Z[0m [34mDEBUG[0m [2mwayvid::video::mpv[0m[2m:[0m 🎬 Rendering frame: 2560x1440 to FBO 0
[2m2025-10-23T08:08:20.353616Z[0m [34mDEBUG[0m [2mwayvid::video::mpv[0m[2m:[0m   ✓ Frame rendered successfully
[2m2025-10-23T08:08:20.353982Z[0m [33m WARN[0m [2mwayvid::backend::wayland::surface[0m[2m:[0m resume_playback not supported with shared decode context
[2m2025-10-23T08:08:20.353995Z[0m [33m WARN[0m [2mwayvid::backend::wayland::surface[0m[2m:[0m resume_playback not supported with shared decode context
[2m2025-10-23T08:08:20.354026Z[0m [34mDEBUG[0m [2mwayvid::video::mpv[0m[2m:[0m 🎬 Rendering frame: 2160x1215 to FBO 0
[2m2025-10-23T08:08:20.386950Z[0m [34mDEBUG[0m [2mwayvid::video::mpv[0m[2m:[0m   ✓ Frame rendered successfully
[2m2025-10-23T08:08:20.387230Z[0m [33m WARN[0m [2mwayvid::backend::wayland::surface[0m[2m:[0m resume_playback not supported with shared decode context
[2m2025-10-23T08:08:20.387241Z[0m [33m WARN[0m [2mwayvid::backend::wayland::surface[0m[2m:[0m resume_playback not supported with shared decode context
[2m2025-10-23T08:08:20.387266Z[0m [34mDEBUG[0m [2mwayvid::video::mpv[0m[2m:[0m 🎬 Rendering frame: 2560x1440 to FBO 0
[2m2025-10-23T08:08:20.420291Z[0m [34mDEBUG[0m [2mwayvid::video::mpv[0m[2m:[0m   ✓ Frame rendered successfully
[2m2025-10-23T08:08:20.420557Z[0m [33m WARN[0m [2mwayvid::backend::wayland::surface[0m[2m:[0m resume_playback not supported with shared decode context
[2m2025-10-23T08:08:20.420567Z[0m [33m WARN[0m [2mwayvid::backend::wayland::surface[0m[2m:[0m resume_playback not supported with shared decode context
[2m2025-10-23T08:08:20.420599Z[0m [34mDEBUG[0m [2mwayvid::video::mpv[0m[2m:[0m 🎬 Rendering frame: 2160x1215 to FBO 0
[2m2025-10-23T08:08:20.453616Z[0m [34mDEBUG[0m [2mwayvid::video::mpv[0m[2m:[0m   ✓ Frame rendered successfully
[2m2025-10-23T08:08:20.453867Z[0m [33m WARN[0m [2mwayvid::backend::wayland::surface[0m[2m:[0m resume_playback not supported with shared decode context
[2m2025-10-23T08:08:20.453879Z[0m [33m WARN[0m [2mwayvid::backend::wayland::surface[0m[2m:[0m resume_playback not supported with shared decode context
[2m2025-10-23T08:08:20.453907Z[0m [34mDEBUG[0m [2mwayvid::video::mpv[0m[2m:[0m 🎬 Rendering frame: 2560x1440 to FBO 0
[2m2025-10-23T08:08:20.486921Z[0m [34mDEBUG[0m [2mwayvid::video::mpv[0m[2m:[0m   ✓ Frame rendered successfully
[2m2025-10-23T08:08:20.487165Z[0m [33m WARN[0m [2mwayvid::backend::wayland::surface[0m[2m:[0m resume_playback not supported with shared decode context
[2m2025-10-23T08:08:20.487175Z[0m [33m WARN[0m [2mwayvid::backend::wayland::surface[0m[2m:[0m resume_playback not supported with shared decode context
[2m2025-10-23T08:08:20.487205Z[0m [34mDEBUG[0m [2mwayvid::video::mpv[0m[2m:[0m 🎬 Rendering frame: 2160x1215 to FBO 0
[2m2025-10-23T08:08:20.520261Z[0m [34mDEBUG[0m [2mwayvid::video::mpv[0m[2m:[0m   ✓ Frame rendered successfully
[2m2025-10-23T08:08:20.520508Z[0m [33m WARN[0m [2mwayvid::backend::wayland::surface[0m[2m:[0m resume_playback not supported with shared decode context
[2m2025-10-23T08:08:20.520522Z[0m [33m WARN[0m [2mwayvid::backend::wayland::surface[0m[2m:[0m resume_playback not supported with shared decode context
[2m2025-10-23T08:08:20.520561Z[0m [34mDEBUG[0m [2mwayvid::video::mpv[0m[2m:[0m 🎬 Rendering frame: 2560x1440 to FBO 0
[2m2025-10-23T08:08:20.553595Z[0m [34mDEBUG[0m [2mwayvid::video::mpv[0m[2m:[0m   ✓ Frame rendered successfully
[2m2025-10-23T08:08:20.553886Z[0m [33m WARN[0m [2mwayvid::backend::wayland::surface[0m[2m:[0m resume_playback not supported with shared decode context
[2m2025-10-23T08:08:20.553898Z[0m [33m WARN[0m [2mwayvid::backend::wayland::surface[0m[2m:[0m resume_playback not supported with shared decode context
[2m2025-10-23T08:08:20.553929Z[0m [34mDEBUG[0m [2mwayvid::video::mpv[0m[2m:[0m 🎬 Rendering frame: 2160x1215 to FBO 0
[2m2025-10-23T08:08:20.586925Z[0m [34mDEBUG[0m [2mwayvid::video::mpv[0m[2m:[0m   ✓ Frame rendered successfully
[2m2025-10-23T08:08:20.587220Z[0m [33m WARN[0m [2mwayvid::backend::wayland::surface[0m[2m:[0m resume_playback not supported with shared decode context
[2m2025-10-23T08:08:20.587234Z[0m [33m WARN[0m [2mwayvid::backend::wayland::surface[0m[2m:[0m resume_playback not supported with shared decode context
[2m2025-10-23T08:08:20.587278Z[0m [34mDEBUG[0m [2mwayvid::video::mpv[0m[2m:[0m 🎬 Rendering frame: 2560x1440 to FBO 0
[2m2025-10-23T08:08:20.620259Z[0m [34mDEBUG[0m [2mwayvid::video::mpv[0m[2m:[0m   ✓ Frame rendered successfully
[2m2025-10-23T08:08:20.620528Z[0m [33m WARN[0m [2mwayvid::backend::wayland::surface[0m[2m:[0m resume_playback not supported with shared decode context
[2m2025-10-23T08:08:20.620540Z[0m [33m WARN[0m [2mwayvid::backend::wayland::surface[0m[2m:[0m resume_playback not supported with shared decode context
[2m2025-10-23T08:08:20.620573Z[0m [34mDEBUG[0m [2mwayvid::video::mpv[0m[2m:[0m 🎬 Rendering frame: 2160x1215 to FBO 0
[2m2025-10-23T08:08:20.653616Z[0m [34mDEBUG[0m [2mwayvid::video::mpv[0m[2m:[0m   ✓ Frame rendered successfully
[2m2025-10-23T08:08:20.653934Z[0m [33m WARN[0m [2mwayvid::backend::wayland::surface[0m[2m:[0m resume_playback not supported with shared decode context
[2m2025-10-23T08:08:20.653948Z[0m [33m WARN[0m [2mwayvid::backend::wayland::surface[0m[2m:[0m resume_playback not supported with shared decode context
[2m2025-10-23T08:08:20.653983Z[0m [34mDEBUG[0m [2mwayvid::video::mpv[0m[2m:[0m 🎬 Rendering frame: 2560x1440 to FBO 0
[2m2025-10-23T08:08:20.686924Z[0m [34mDEBUG[0m [2mwayvid::video::mpv[0m[2m:[0m   ✓ Frame rendered successfully
[2m2025-10-23T08:08:20.687194Z[0m [33m WARN[0m [2mwayvid::backend::wayland::surface[0m[2m:[0m resume_playback not supported with shared decode context
[2m2025-10-23T08:08:20.687203Z[0m [33m WARN[0m [2mwayvid::backend::wayland::surface[0m[2m:[0m resume_playback not supported with shared decode context
[2m2025-10-23T08:08:20.687230Z[0m [34mDEBUG[0m [2mwayvid::video::mpv[0m[2m:[0m 🎬 Rendering frame: 2160x1215 to FBO 0
[2m2025-10-23T08:08:20.720281Z[0m [34mDEBUG[0m [2mwayvid::video::mpv[0m[2m:[0m   ✓ Frame rendered successfully
[2m2025-10-23T08:08:20.720562Z[0m [33m WARN[0m [2mwayvid::backend::wayland::surface[0m[2m:[0m resume_playback not supported with shared decode context
[2m2025-10-23T08:08:20.720575Z[0m [33m WARN[0m [2mwayvid::backend::wayland::surface[0m[2m:[0m resume_playback not supported with shared decode context
[2m2025-10-23T08:08:20.720611Z[0m [34mDEBUG[0m [2mwayvid::video::mpv[0m[2m:[0m 🎬 Rendering frame: 2560x1440 to FBO 0
[2m2025-10-23T08:08:20.753621Z[0m [34mDEBUG[0m [2mwayvid::video::mpv[0m[2m:[0m   ✓ Frame rendered successfully
[2m2025-10-23T08:08:20.753936Z[0m [33m WARN[0m [2mwayvid::backend::wayland::surface[0m[2m:[0m resume_playback not supported with shared decode context
[2m2025-10-23T08:08:20.753952Z[0m [33m WARN[0m [2mwayvid::backend::wayland::surface[0m[2m:[0m resume_playback not supported with shared decode context
[2m2025-10-23T08:08:20.753987Z[0m [34mDEBUG[0m [2mwayvid::video::mpv[0m[2m:[0m 🎬 Rendering frame: 2160x1215 to FBO 0
[2m2025-10-23T08:08:20.786923Z[0m [34mDEBUG[0m [2mwayvid::video::mpv[0m[2m:[0m   ✓ Frame rendered successfully
[2m2025-10-23T08:08:20.787178Z[0m [33m WARN[0m [2mwayvid::backend::wayland::surface[0m[2m:[0m resume_playback not supported with shared decode context
[2m2025-10-23T08:08:20.787191Z[0m [33m WARN[0m [2mwayvid::backend::wayland::surface[0m[2m:[0m resume_playback not supported with shared decode context
[2m2025-10-23T08:08:20.787222Z[0m [34mDEBUG[0m [2mwayvid::video::mpv[0m[2m:[0m 🎬 Rendering frame: 2560x1440 to FBO 0
[2m2025-10-23T08:08:20.820284Z[0m [34mDEBUG[0m [2mwayvid::video::mpv[0m[2m:[0m   ✓ Frame rendered successfully
[2m2025-10-23T08:08:20.820597Z[0m [33m WARN[0m [2mwayvid::backend::wayland::surface[0m[2m:[0m resume_playback not supported with shared decode context
[2m2025-10-23T08:08:20.820609Z[0m [33m WARN[0m [2mwayvid::backend::wayland::surface[0m[2m:[0m resume_playback not supported with shared decode context
[2m2025-10-23T08:08:20.820635Z[0m [34mDEBUG[0m [2mwayvid::video::mpv[0m[2m:[0m 🎬 Rendering frame: 2160x1215 to FBO 0
[2m2025-10-23T08:08:20.853616Z[0m [34mDEBUG[0m [2mwayvid::video::mpv[0m[2m:[0m   ✓ Frame rendered successfully
[2m2025-10-23T08:08:20.853903Z[0m [33m WARN[0m [2mwayvid::backend::wayland::surface[0m[2m:[0m resume_playback not supported with shared decode context
[2m2025-10-23T08:08:20.853913Z[0m [33m WARN[0m [2mwayvid::backend::wayland::surface[0m[2m:[0m resume_playback not supported with shared decode context
[2m2025-10-23T08:08:20.853938Z[0m [34mDEBUG[0m [2mwayvid::video::mpv[0m[2m:[0m 🎬 Rendering frame: 2560x1440 to FBO 0
[2m2025-10-23T08:08:20.886925Z[0m [34mDEBUG[0m [2mwayvid::video::mpv[0m[2m:[0m   ✓ Frame rendered successfully
[2m2025-10-23T08:08:20.887174Z[0m [33m WARN[0m [2mwayvid::backend::wayland::surface[0m[2m:[0m resume_playback not supported with shared decode context
[2m2025-10-23T08:08:20.887184Z[0m [33m WARN[0m [2mwayvid::backend::wayland::surface[0m[2m:[0m resume_playback not supported with shared decode context
[2m2025-10-23T08:08:20.887217Z[0m [34mDEBUG[0m [2mwayvid::video::mpv[0m[2m:[0m 🎬 Rendering frame: 2160x1215 to FBO 0
[2m2025-10-23T08:08:20.920278Z[0m [34mDEBUG[0m [2mwayvid::video::mpv[0m[2m:[0m   ✓ Frame rendered successfully
[2m2025-10-23T08:08:20.920507Z[0m [33m WARN[0m [2mwayvid::backend::wayland::surface[0m[2m:[0m resume_playback not supported with shared decode context
[2m2025-10-23T08:08:20.920527Z[0m [33m WARN[0m [2mwayvid::backend::wayland::surface[0m[2m:[0m resume_playback not supported with shared decode context
[2m2025-10-23T08:08:20.920559Z[0m [34mDEBUG[0m [2mwayvid::video::mpv[0m[2m:[0m 🎬 Rendering frame: 2560x1440 to FBO 0
[2m2025-10-23T08:08:20.953610Z[0m [34mDEBUG[0m [2mwayvid::video::mpv[0m[2m:[0m   ✓ Frame rendered successfully
[2m2025-10-23T08:08:20.953850Z[0m [33m WARN[0m [2mwayvid::backend::wayland::surface[0m[2m:[0m resume_playback not supported with shared decode context
[2m2025-10-23T08:08:20.953859Z[0m [33m WARN[0m [2mwayvid::backend::wayland::surface[0m[2m:[0m resume_playback not supported with shared decode context
[2m2025-10-23T08:08:20.953887Z[0m [34mDEBUG[0m [2mwayvid::video::mpv[0m[2m:[0m 🎬 Rendering frame: 2160x1215 to FBO 0
[2m2025-10-23T08:08:20.986944Z[0m [34mDEBUG[0m [2mwayvid::video::mpv[0m[2m:[0m   ✓ Frame rendered successfully
[2m2025-10-23T08:08:20.987195Z[0m [33m WARN[0m [2mwayvid::backend::wayland::surface[0m[2m:[0m resume_playback not supported with shared decode context
[2m2025-10-23T08:08:20.987203Z[0m [33m WARN[0m [2mwayvid::backend::wayland::surface[0m[2m:[0m resume_playback not supported with shared decode context
[2m2025-10-23T08:08:20.987228Z[0m [34mDEBUG[0m [2mwayvid::video::mpv[0m[2m:[0m 🎬 Rendering frame: 2560x1440 to FBO 0
[2m2025-10-23T08:08:21.020280Z[0m [34mDEBUG[0m [2mwayvid::video::mpv[0m[2m:[0m   ✓ Frame rendered successfully
[2m2025-10-23T08:08:21.020588Z[0m [33m WARN[0m [2mwayvid::backend::wayland::surface[0m[2m:[0m resume_playback not supported with shared decode context
[2m2025-10-23T08:08:21.020601Z[0m [33m WARN[0m [2mwayvid::backend::wayland::surface[0m[2m:[0m resume_playback not supported with shared decode context
[2m2025-10-23T08:08:21.020629Z[0m [34mDEBUG[0m [2mwayvid::video::mpv[0m[2m:[0m 🎬 Rendering frame: 2160x1215 to FBO 0
[2m2025-10-23T08:08:21.053615Z[0m [34mDEBUG[0m [2mwayvid::video::mpv[0m[2m:[0m   ✓ Frame rendered successfully
[2m2025-10-23T08:08:21.053868Z[0m [33m WARN[0m [2mwayvid::backend::wayland::surface[0m[2m:[0m resume_playback not supported with shared decode context
[2m2025-10-23T08:08:21.053878Z[0m [33m WARN[0m [2mwayvid::backend::wayland::surface[0m[2m:[0m resume_playback not supported with shared decode context
[2m2025-10-23T08:08:21.053907Z[0m [34mDEBUG[0m [2mwayvid::video::mpv[0m[2m:[0m 🎬 Rendering frame: 2560x1440 to FBO 0
[2m2025-10-23T08:08:21.086950Z[0m [34mDEBUG[0m [2mwayvid::video::mpv[0m[2m:[0m   ✓ Frame rendered successfully
[2m2025-10-23T08:08:21.087227Z[0m [33m WARN[0m [2mwayvid::backend::wayland::surface[0m[2m:[0m resume_playback not supported with shared decode context
[2m2025-10-23T08:08:21.087241Z[0m [33m WARN[0m [2mwayvid::backend::wayland::surface[0m[2m:[0m resume_playback not supported with shared decode context
[2m2025-10-23T08:08:21.087269Z[0m [34mDEBUG[0m [2mwayvid::video::mpv[0m[2m:[0m 🎬 Rendering frame: 2160x1215 to FBO 0
[2m2025-10-23T08:08:21.120262Z[0m [34mDEBUG[0m [2mwayvid::video::mpv[0m[2m:[0m   ✓ Frame rendered successfully
[2m2025-10-23T08:08:21.120517Z[0m [33m WARN[0m [2mwayvid::backend::wayland::surface[0m[2m:[0m resume_playback not supported with shared decode context
[2m2025-10-23T08:08:21.120526Z[0m [33m WARN[0m [2mwayvid::backend::wayland::surface[0m[2m:[0m resume_playback not supported with shared decode context
[2m2025-10-23T08:08:21.120554Z[0m [34mDEBUG[0m [2mwayvid::video::mpv[0m[2m:[0m 🎬 Rendering frame: 2560x1440 to FBO 0
[2m2025-10-23T08:08:21.153605Z[0m [34mDEBUG[0m [2mwayvid::video::mpv[0m[2m:[0m   ✓ Frame rendered successfully
[2m2025-10-23T08:08:21.153895Z[0m [33m WARN[0m [2mwayvid::backend::wayland::surface[0m[2m:[0m resume_playback not supported with shared decode context
[2m2025-10-23T08:08:21.153909Z[0m [33m WARN[0m [2mwayvid::backend::wayland::surface[0m[2m:[0m resume_playback not supported with shared decode context
[2m2025-10-23T08:08:21.153961Z[0m [34mDEBUG[0m [2mwayvid::video::mpv[0m[2m:[0m 🎬 Rendering frame: 2160x1215 to FBO 0
[2m2025-10-23T08:08:21.186943Z[0m [34mDEBUG[0m [2mwayvid::video::mpv[0m[2m:[0m   ✓ Frame rendered successfully
[2m2025-10-23T08:08:21.187230Z[0m [33m WARN[0m [2mwayvid::backend::wayland::surface[0m[2m:[0m resume_playback not supported with shared decode context
[2m2025-10-23T08:08:21.187243Z[0m [33m WARN[0m [2mwayvid::backend::wayland::surface[0m[2m:[0m resume_playback not supported with shared decode context
[2m2025-10-23T08:08:21.187276Z[0m [34mDEBUG[0m [2mwayvid::video::mpv[0m[2m:[0m 🎬 Rendering frame: 2560x1440 to FBO 0
[2m2025-10-23T08:08:21.220262Z[0m [34mDEBUG[0m [2mwayvid::video::mpv[0m[2m:[0m   ✓ Frame rendered successfully
[2m2025-10-23T08:08:21.220539Z[0m [33m WARN[0m [2mwayvid::backend::wayland::surface[0m[2m:[0m resume_playback not supported with shared decode context
[2m2025-10-23T08:08:21.220551Z[0m [33m WARN[0m [2mwayvid::backend::wayland::surface[0m[2m:[0m resume_playback not supported with shared decode context
[2m2025-10-23T08:08:21.220581Z[0m [34mDEBUG[0m [2mwayvid::video::mpv[0m[2m:[0m 🎬 Rendering frame: 2160x1215 to FBO 0
[2m2025-10-23T08:08:21.253589Z[0m [34mDEBUG[0m [2mwayvid::video::mpv[0m[2m:[0m   ✓ Frame rendered successfully
[2m2025-10-23T08:08:21.253900Z[0m [33m WARN[0m [2mwayvid::backend::wayland::surface[0m[2m:[0m resume_playback not supported with shared decode context
[2m2025-10-23T08:08:21.253913Z[0m [33m WARN[0m [2mwayvid::backend::wayland::surface[0m[2m:[0m resume_playback not supported with shared decode context
[2m2025-10-23T08:08:21.253943Z[0m [34mDEBUG[0m [2mwayvid::video::mpv[0m[2m:[0m 🎬 Rendering frame: 2560x1440 to FBO 0
[2m2025-10-23T08:08:21.286935Z[0m [34mDEBUG[0m [2mwayvid::video::mpv[0m[2m:[0m   ✓ Frame rendered successfully
[2m2025-10-23T08:08:21.287261Z[0m [33m WARN[0m [2mwayvid::backend::wayland::surface[0m[2m:[0m resume_playback not supported with shared decode context
[2m2025-10-23T08:08:21.287273Z[0m [33m WARN[0m [2mwayvid::backend::wayland::surface[0m[2m:[0m resume_playback not supported with shared decode context
[2m2025-10-23T08:08:21.287306Z[0m [34mDEBUG[0m [2mwayvid::video::mpv[0m[2m:[0m 🎬 Rendering frame: 2160x1215 to FBO 0
[2m2025-10-23T08:08:21.320260Z[0m [34mDEBUG[0m [2mwayvid::video::mpv[0m[2m:[0m   ✓ Frame rendered successfully
[2m2025-10-23T08:08:21.320575Z[0m [33m WARN[0m [2mwayvid::backend::wayland::surface[0m[2m:[0m resume_playback not supported with shared decode context
[2m2025-10-23T08:08:21.320589Z[0m [33m WARN[0m [2mwayvid::backend::wayland::surface[0m[2m:[0m resume_playback not supported with shared decode context
[2m2025-10-23T08:08:21.320625Z[0m [34mDEBUG[0m [2mwayvid::video::mpv[0m[2m:[0m 🎬 Rendering frame: 2560x1440 to FBO 0
[2m2025-10-23T08:08:21.353615Z[0m [34mDEBUG[0m [2mwayvid::video::mpv[0m[2m:[0m   ✓ Frame rendered successfully
[2m2025-10-23T08:08:21.353933Z[0m [33m WARN[0m [2mwayvid::backend::wayland::surface[0m[2m:[0m resume_playback not supported with shared decode context
[2m2025-10-23T08:08:21.353946Z[0m [33m WARN[0m [2mwayvid::backend::wayland::surface[0m[2m:[0m resume_playback not supported with shared decode context
[2m2025-10-23T08:08:21.353975Z[0m [34mDEBUG[0m [2mwayvid::video::mpv[0m[2m:[0m 🎬 Rendering frame: 2160x1215 to FBO 0
[2m2025-10-23T08:08:21.386934Z[0m [34mDEBUG[0m [2mwayvid::video::mpv[0m[2m:[0m   ✓ Frame rendered successfully
[2m2025-10-23T08:08:21.387191Z[0m [33m WARN[0m [2mwayvid::backend::wayland::surface[0m[2m:[0m resume_playback not supported with shared decode context
[2m2025-10-23T08:08:21.387202Z[0m [33m WARN[0m [2mwayvid::backend::wayland::surface[0m[2m:[0m resume_playback not supported with shared decode context
[2m2025-10-23T08:08:21.388077Z[0m [33m WARN[0m [2mwayvid::backend::wayland::surface[0m[2m:[0m resume_playback not supported with shared decode context
[2m2025-10-23T08:08:21.388099Z[0m [33m WARN[0m [2mwayvid::backend::wayland::surface[0m[2m:[0m resume_playback not supported with shared decode context
[2m2025-10-23T08:08:21.388133Z[0m [34mDEBUG[0m [2mwayvid::video::mpv[0m[2m:[0m 🎬 Rendering frame: 2560x1440 to FBO 0
[2m2025-10-23T08:08:21.420276Z[0m [34mDEBUG[0m [2mwayvid::video::mpv[0m[2m:[0m   ✓ Frame rendered successfully
[2m2025-10-23T08:08:21.420654Z[0m [33m WARN[0m [2mwayvid::backend::wayland::surface[0m[2m:[0m resume_playback not supported with shared decode context
[2m2025-10-23T08:08:21.420667Z[0m [33m WARN[0m [2mwayvid::backend::wayland::surface[0m[2m:[0m resume_playback not supported with shared decode context
[2m2025-10-23T08:08:21.420697Z[0m [34mDEBUG[0m [2mwayvid::video::mpv[0m[2m:[0m 🎬 Rendering frame: 2160x1215 to FBO 0
[2m2025-10-23T08:08:21.453646Z[0m [34mDEBUG[0m [2mwayvid::video::mpv[0m[2m:[0m   ✓ Frame rendered successfully
[2m2025-10-23T08:08:21.453852Z[0m [33m WARN[0m [2mwayvid::backend::wayland::surface[0m[2m:[0m resume_playback not supported with shared decode context
[2m2025-10-23T08:08:21.453861Z[0m [33m WARN[0m [2mwayvid::backend::wayland::surface[0m[2m:[0m resume_playback not supported with shared decode context
[2m2025-10-23T08:08:21.453894Z[0m [34mDEBUG[0m [2mwayvid::video::mpv[0m[2m:[0m 🎬 Rendering frame: 2560x1440 to FBO 0
[2m2025-10-23T08:08:21.486938Z[0m [34mDEBUG[0m [2mwayvid::video::mpv[0m[2m:[0m   ✓ Frame rendered successfully
[2m2025-10-23T08:08:21.487225Z[0m [33m WARN[0m [2mwayvid::backend::wayland::surface[0m[2m:[0m resume_playback not supported with shared decode context
[2m2025-10-23T08:08:21.487238Z[0m [33m WARN[0m [2mwayvid::backend::wayland::surface[0m[2m:[0m resume_playback not supported with shared decode context
[2m2025-10-23T08:08:21.487269Z[0m [34mDEBUG[0m [2mwayvid::video::mpv[0m[2m:[0m 🎬 Rendering frame: 2160x1215 to FBO 0
[2m2025-10-23T08:08:21.520269Z[0m [34mDEBUG[0m [2mwayvid::video::mpv[0m[2m:[0m   ✓ Frame rendered successfully
[2m2025-10-23T08:08:21.520548Z[0m [33m WARN[0m [2mwayvid::backend::wayland::surface[0m[2m:[0m resume_playback not supported with shared decode context
[2m2025-10-23T08:08:21.520565Z[0m [33m WARN[0m [2mwayvid::backend::wayland::surface[0m[2m:[0m resume_playback not supported with shared decode context
[2m2025-10-23T08:08:21.520600Z[0m [34mDEBUG[0m [2mwayvid::video::mpv[0m[2m:[0m 🎬 Rendering frame: 2560x1440 to FBO 0
[2m2025-10-23T08:08:21.553590Z[0m [34mDEBUG[0m [2mwayvid::video::mpv[0m[2m:[0m   ✓ Frame rendered successfully
[2m2025-10-23T08:08:21.553867Z[0m [33m WARN[0m [2mwayvid::backend::wayland::surface[0m[2m:[0m resume_playback not supported with shared decode context
[2m2025-10-23T08:08:21.553882Z[0m [33m WARN[0m [2mwayvid::backend::wayland::surface[0m[2m:[0m resume_playback not supported with shared decode context
[2m2025-10-23T08:08:21.553913Z[0m [34mDEBUG[0m [2mwayvid::video::mpv[0m[2m:[0m 🎬 Rendering frame: 2160x1215 to FBO 0
[2m2025-10-23T08:08:21.586935Z[0m [34mDEBUG[0m [2mwayvid::video::mpv[0m[2m:[0m   ✓ Frame rendered successfully
[2m2025-10-23T08:08:21.587214Z[0m [33m WARN[0m [2mwayvid::backend::wayland::surface[0m[2m:[0m resume_playback not supported with shared decode context
[2m2025-10-23T08:08:21.587228Z[0m [33m WARN[0m [2mwayvid::backend::wayland::surface[0m[2m:[0m resume_playback not supported with shared decode context
[2m2025-10-23T08:08:21.587256Z[0m [34mDEBUG[0m [2mwayvid::video::mpv[0m[2m:[0m 🎬 Rendering frame: 2560x1440 to FBO 0
[2m2025-10-23T08:08:21.620269Z[0m [34mDEBUG[0m [2mwayvid::video::mpv[0m[2m:[0m   ✓ Frame rendered successfully
[2m2025-10-23T08:08:21.620536Z[0m [33m WARN[0m [2mwayvid::backend::wayland::surface[0m[2m:[0m resume_playback not supported with shared decode context
[2m2025-10-23T08:08:21.620549Z[0m [33m WARN[0m [2mwayvid::backend::wayland::surface[0m[2m:[0m resume_playback not supported with shared decode context
[2m2025-10-23T08:08:21.620589Z[0m [34mDEBUG[0m [2mwayvid::video::mpv[0m[2m:[0m 🎬 Rendering frame: 2160x1215 to FBO 0
[2m2025-10-23T08:08:21.653610Z[0m [34mDEBUG[0m [2mwayvid::video::mpv[0m[2m:[0m   ✓ Frame rendered successfully
[2m2025-10-23T08:08:21.653926Z[0m [33m WARN[0m [2mwayvid::backend::wayland::surface[0m[2m:[0m resume_playback not supported with shared decode context
[2m2025-10-23T08:08:21.653940Z[0m [33m WARN[0m [2mwayvid::backend::wayland::surface[0m[2m:[0m resume_playback not supported with shared decode context
[2m2025-10-23T08:08:21.653969Z[0m [34mDEBUG[0m [2mwayvid::video::mpv[0m[2m:[0m 🎬 Rendering frame: 2560x1440 to FBO 0
[2m2025-10-23T08:08:21.686928Z[0m [34mDEBUG[0m [2mwayvid::video::mpv[0m[2m:[0m   ✓ Frame rendered successfully
[2m2025-10-23T08:08:21.687187Z[0m [33m WARN[0m [2mwayvid::backend::wayland::surface[0m[2m:[0m resume_playback not supported with shared decode context
[2m2025-10-23T08:08:21.687199Z[0m [33m WARN[0m [2mwayvid::backend::wayland::surface[0m[2m:[0m resume_playback not supported with shared decode context
[2m2025-10-23T08:08:21.687229Z[0m [34mDEBUG[0m [2mwayvid::video::mpv[0m[2m:[0m 🎬 Rendering frame: 2160x1215 to FBO 0
[2m2025-10-23T08:08:21.720268Z[0m [34mDEBUG[0m [2mwayvid::video::mpv[0m[2m:[0m   ✓ Frame rendered successfully
[2m2025-10-23T08:08:21.720528Z[0m [33m WARN[0m [2mwayvid::backend::wayland::surface[0m[2m:[0m resume_playback not supported with shared decode context
[2m2025-10-23T08:08:21.720540Z[0m [33m WARN[0m [2mwayvid::backend::wayland::surface[0m[2m:[0m resume_playback not supported with shared decode context
[2m2025-10-23T08:08:21.721312Z[0m [33m WARN[0m [2mwayvid::backend::wayland::surface[0m[2m:[0m resume_playback not supported with shared decode context
[2m2025-10-23T08:08:21.721325Z[0m [33m WARN[0m [2mwayvid::backend::wayland::surface[0m[2m:[0m resume_playback not supported with shared decode context
[2m2025-10-23T08:08:21.721379Z[0m [34mDEBUG[0m [2mwayvid::video::mpv[0m[2m:[0m 🎬 Rendering frame: 2560x1440 to FBO 0
[2m2025-10-23T08:08:21.753600Z[0m [34mDEBUG[0m [2mwayvid::video::mpv[0m[2m:[0m   ✓ Frame rendered successfully
[2m2025-10-23T08:08:21.753854Z[0m [33m WARN[0m [2mwayvid::backend::wayland::surface[0m[2m:[0m resume_playback not supported with shared decode context
[2m2025-10-23T08:08:21.753868Z[0m [33m WARN[0m [2mwayvid::backend::wayland::surface[0m[2m:[0m resume_playback not supported with shared decode context
[2m2025-10-23T08:08:21.753895Z[0m [34mDEBUG[0m [2mwayvid::video::mpv[0m[2m:[0m 🎬 Rendering frame: 2160x1215 to FBO 0
[2m2025-10-23T08:08:21.786938Z[0m [34mDEBUG[0m [2mwayvid::video::mpv[0m[2m:[0m   ✓ Frame rendered successfully
[2m2025-10-23T08:08:21.787244Z[0m [33m WARN[0m [2mwayvid::backend::wayland::surface[0m[2m:[0m resume_playback not supported with shared decode context
[2m2025-10-23T08:08:21.787256Z[0m [33m WARN[0m [2mwayvid::backend::wayland::surface[0m[2m:[0m resume_playback not supported with shared decode context
[2m2025-10-23T08:08:21.787286Z[0m [34mDEBUG[0m [2mwayvid::video::mpv[0m[2m:[0m 🎬 Rendering frame: 2560x1440 to FBO 0
[2m2025-10-23T08:08:21.820270Z[0m [34mDEBUG[0m [2mwayvid::video::mpv[0m[2m:[0m   ✓ Frame rendered successfully
[2m2025-10-23T08:08:21.820554Z[0m [33m WARN[0m [2mwayvid::backend::wayland::surface[0m[2m:[0m resume_playback not supported with shared decode context
[2m2025-10-23T08:08:21.820570Z[0m [33m WARN[0m [2mwayvid::backend::wayland::surface[0m[2m:[0m resume_playback not supported with shared decode context
[2m2025-10-23T08:08:21.820598Z[0m [34mDEBUG[0m [2mwayvid::video::mpv[0m[2m:[0m 🎬 Rendering frame: 2160x1215 to FBO 0
[2m2025-10-23T08:08:21.853607Z[0m [34mDEBUG[0m [2mwayvid::video::mpv[0m[2m:[0m   ✓ Frame rendered successfully
[2m2025-10-23T08:08:21.853887Z[0m [33m WARN[0m [2mwayvid::backend::wayland::surface[0m[2m:[0m resume_playback not supported with shared decode context
[2m2025-10-23T08:08:21.853898Z[0m [33m WARN[0m [2mwayvid::backend::wayland::surface[0m[2m:[0m resume_playback not supported with shared decode context
[2m2025-10-23T08:08:21.853928Z[0m [34mDEBUG[0m [2mwayvid::video::mpv[0m[2m:[0m 🎬 Rendering frame: 2560x1440 to FBO 0
[2m2025-10-23T08:08:21.886917Z[0m [34mDEBUG[0m [2mwayvid::video::mpv[0m[2m:[0m   ✓ Frame rendered successfully
[2m2025-10-23T08:08:21.887165Z[0m [33m WARN[0m [2mwayvid::backend::wayland::surface[0m[2m:[0m resume_playback not supported with shared decode context
[2m2025-10-23T08:08:21.887178Z[0m [33m WARN[0m [2mwayvid::backend::wayland::surface[0m[2m:[0m resume_playback not supported with shared decode context
[2m2025-10-23T08:08:21.887206Z[0m [34mDEBUG[0m [2mwayvid::video::mpv[0m[2m:[0m 🎬 Rendering frame: 2160x1215 to FBO 0
[2m2025-10-23T08:08:21.920264Z[0m [34mDEBUG[0m [2mwayvid::video::mpv[0m[2m:[0m   ✓ Frame rendered successfully
[2m2025-10-23T08:08:21.920562Z[0m [33m WARN[0m [2mwayvid::backend::wayland::surface[0m[2m:[0m resume_playback not supported with shared decode context
[2m2025-10-23T08:08:21.920574Z[0m [33m WARN[0m [2mwayvid::backend::wayland::surface[0m[2m:[0m resume_playback not supported with shared decode context
[2m2025-10-23T08:08:21.920609Z[0m [34mDEBUG[0m [2mwayvid::video::mpv[0m[2m:[0m 🎬 Rendering frame: 2560x1440 to FBO 0
[2m2025-10-23T08:08:21.953602Z[0m [34mDEBUG[0m [2mwayvid::video::mpv[0m[2m:[0m   ✓ Frame rendered successfully
[2m2025-10-23T08:08:21.953898Z[0m [33m WARN[0m [2mwayvid::backend::wayland::surface[0m[2m:[0m resume_playback not supported with shared decode context
[2m2025-10-23T08:08:21.953910Z[0m [33m WARN[0m [2mwayvid::backend::wayland::surface[0m[2m:[0m resume_playback not supported with shared decode context
[2m2025-10-23T08:08:21.953942Z[0m [34mDEBUG[0m [2mwayvid::video::mpv[0m[2m:[0m 🎬 Rendering frame: 2160x1215 to FBO 0
[2m2025-10-23T08:08:21.986935Z[0m [34mDEBUG[0m [2mwayvid::video::mpv[0m[2m:[0m   ✓ Frame rendered successfully
[2m2025-10-23T08:08:21.987236Z[0m [33m WARN[0m [2mwayvid::backend::wayland::surface[0m[2m:[0m resume_playback not supported with shared decode context
[2m2025-10-23T08:08:21.987248Z[0m [33m WARN[0m [2mwayvid::backend::wayland::surface[0m[2m:[0m resume_playback not supported with shared decode context
[2m2025-10-23T08:08:21.987281Z[0m [34mDEBUG[0m [2mwayvid::video::mpv[0m[2m:[0m 🎬 Rendering frame: 2560x1440 to FBO 0
[2m2025-10-23T08:08:22.020247Z[0m [34mDEBUG[0m [2mwayvid::video::mpv[0m[2m:[0m   ✓ Frame rendered successfully
[2m2025-10-23T08:08:22.020508Z[0m [33m WARN[0m [2mwayvid::backend::wayland::surface[0m[2m:[0m resume_playback not supported with shared decode context
[2m2025-10-23T08:08:22.020522Z[0m [33m WARN[0m [2mwayvid::backend::wayland::surface[0m[2m:[0m resume_playback not supported with shared decode context
[2m2025-10-23T08:08:22.030035Z[0m [33m WARN[0m [2mwayvid::backend::wayland::surface[0m[2m:[0m resume_playback not supported with shared decode context
[2m2025-10-23T08:08:22.030061Z[0m [33m WARN[0m [2mwayvid::backend::wayland::surface[0m[2m:[0m resume_playback not supported with shared decode context
[2m2025-10-23T08:08:22.030098Z[0m [34mDEBUG[0m [2mwayvid::video::mpv[0m[2m:[0m 🎬 Rendering frame: 2160x1215 to FBO 0
[2m2025-10-23T08:08:22.053556Z[0m [34mDEBUG[0m [2mwayvid::video::mpv[0m[2m:[0m   ✓ Frame rendered successfully
[2m2025-10-23T08:08:22.053809Z[0m [33m WARN[0m [2mwayvid::backend::wayland::surface[0m[2m:[0m resume_playback not supported with shared decode context
[2m2025-10-23T08:08:22.053822Z[0m [33m WARN[0m [2mwayvid::backend::wayland::surface[0m[2m:[0m resume_playback not supported with shared decode context
[2m2025-10-23T08:08:22.053851Z[0m [34mDEBUG[0m [2mwayvid::video::mpv[0m[2m:[0m 🎬 Rendering frame: 2560x1440 to FBO 0
[2m2025-10-23T08:08:22.086913Z[0m [34mDEBUG[0m [2mwayvid::video::mpv[0m[2m:[0m   ✓ Frame rendered successfully
[2m2025-10-23T08:08:22.087193Z[0m [33m WARN[0m [2mwayvid::backend::wayland::surface[0m[2m:[0m resume_playback not supported with shared decode context
[2m2025-10-23T08:08:22.087204Z[0m [33m WARN[0m [2mwayvid::backend::wayland::surface[0m[2m:[0m resume_playback not supported with shared decode context
[2m2025-10-23T08:08:22.087234Z[0m [34mDEBUG[0m [2mwayvid::video::mpv[0m[2m:[0m 🎬 Rendering frame: 2160x1215 to FBO 0
[2m2025-10-23T08:08:22.120246Z[0m [34mDEBUG[0m [2mwayvid::video::mpv[0m[2m:[0m   ✓ Frame rendered successfully
[2m2025-10-23T08:08:22.120533Z[0m [33m WARN[0m [2mwayvid::backend::wayland::surface[0m[2m:[0m resume_playback not supported with shared decode context
[2m2025-10-23T08:08:22.120546Z[0m [33m WARN[0m [2mwayvid::backend::wayland::surface[0m[2m:[0m resume_playback not supported with shared decode context
[2m2025-10-23T08:08:22.120580Z[0m [34mDEBUG[0m [2mwayvid::video::mpv[0m[2m:[0m 🎬 Rendering frame: 2560x1440 to FBO 0
[2m2025-10-23T08:08:22.153558Z[0m [34mDEBUG[0m [2mwayvid::video::mpv[0m[2m:[0m   ✓ Frame rendered successfully
[2m2025-10-23T08:08:22.153842Z[0m [33m WARN[0m [2mwayvid::backend::wayland::surface[0m[2m:[0m resume_playback not supported with shared decode context
[2m2025-10-23T08:08:22.153855Z[0m [33m WARN[0m [2mwayvid::backend::wayland::surface[0m[2m:[0m resume_playback not supported with shared decode context
[2m2025-10-23T08:08:22.153890Z[0m [34mDEBUG[0m [2mwayvid::video::mpv[0m[2m:[0m 🎬 Rendering frame: 2160x1215 to FBO 0
[2m2025-10-23T08:08:22.186918Z[0m [34mDEBUG[0m [2mwayvid::video::mpv[0m[2m:[0m   ✓ Frame rendered successfully
[2m2025-10-23T08:08:22.187199Z[0m [33m WARN[0m [2mwayvid::backend::wayland::surface[0m[2m:[0m resume_playback not supported with shared decode context
[2m2025-10-23T08:08:22.187212Z[0m [33m WARN[0m [2mwayvid::backend::wayland::surface[0m[2m:[0m resume_playback not supported with shared decode context
[2m2025-10-23T08:08:22.187254Z[0m [34mDEBUG[0m [2mwayvid::video::mpv[0m[2m:[0m 🎬 Rendering frame: 2560x1440 to FBO 0
[2m2025-10-23T08:08:22.220266Z[0m [34mDEBUG[0m [2mwayvid::video::mpv[0m[2m:[0m   ✓ Frame rendered successfully
[2m2025-10-23T08:08:22.220550Z[0m [33m WARN[0m [2mwayvid::backend::wayland::surface[0m[2m:[0m resume_playback not supported with shared decode context
[2m2025-10-23T08:08:22.220566Z[0m [33m WARN[0m [2mwayvid::backend::wayland::surface[0m[2m:[0m resume_playback not supported with shared decode context
[2m2025-10-23T08:08:22.220606Z[0m [34mDEBUG[0m [2mwayvid::video::mpv[0m[2m:[0m 🎬 Rendering frame: 2160x1215 to FBO 0
[2m2025-10-23T08:08:22.253599Z[0m [34mDEBUG[0m [2mwayvid::video::mpv[0m[2m:[0m   ✓ Frame rendered successfully
[2m2025-10-23T08:08:22.253869Z[0m [33m WARN[0m [2mwayvid::backend::wayland::surface[0m[2m:[0m resume_playback not supported with shared decode context
[2m2025-10-23T08:08:22.253881Z[0m [33m WARN[0m [2mwayvid::backend::wayland::surface[0m[2m:[0m resume_playback not supported with shared decode context
[2m2025-10-23T08:08:22.253912Z[0m [34mDEBUG[0m [2mwayvid::video::mpv[0m[2m:[0m 🎬 Rendering frame: 2560x1440 to FBO 0
[2m2025-10-23T08:08:22.286935Z[0m [34mDEBUG[0m [2mwayvid::video::mpv[0m[2m:[0m   ✓ Frame rendered successfully
[2m2025-10-23T08:08:22.287255Z[0m [33m WARN[0m [2mwayvid::backend::wayland::surface[0m[2m:[0m resume_playback not supported with shared decode context
[2m2025-10-23T08:08:22.287267Z[0m [33m WARN[0m [2mwayvid::backend::wayland::surface[0m[2m:[0m resume_playback not supported with shared decode context
[2m2025-10-23T08:08:22.287296Z[0m [34mDEBUG[0m [2mwayvid::video::mpv[0m[2m:[0m 🎬 Rendering frame: 2160x1215 to FBO 0
[2m2025-10-23T08:08:22.320260Z[0m [34mDEBUG[0m [2mwayvid::video::mpv[0m[2m:[0m   ✓ Frame rendered successfully
[2m2025-10-23T08:08:22.320569Z[0m [33m WARN[0m [2mwayvid::backend::wayland::surface[0m[2m:[0m resume_playback not supported with shared decode context
[2m2025-10-23T08:08:22.320582Z[0m [33m WARN[0m [2mwayvid::backend::wayland::surface[0m[2m:[0m resume_playback not supported with shared decode context
[2m2025-10-23T08:08:22.320612Z[0m [34mDEBUG[0m [2mwayvid::video::mpv[0m[2m:[0m 🎬 Rendering frame: 2560x1440 to FBO 0
[2m2025-10-23T08:08:22.353606Z[0m [34mDEBUG[0m [2mwayvid::video::mpv[0m[2m:[0m   ✓ Frame rendered successfully
[2m2025-10-23T08:08:22.353912Z[0m [33m WARN[0m [2mwayvid::backend::wayland::surface[0m[2m:[0m resume_playback not supported with shared decode context
[2m2025-10-23T08:08:22.353926Z[0m [33m WARN[0m [2mwayvid::backend::wayland::surface[0m[2m:[0m resume_playback not supported with shared decode context
[2m2025-10-23T08:08:22.353956Z[0m [34mDEBUG[0m [2mwayvid::video::mpv[0m[2m:[0m 🎬 Rendering frame: 2160x1215 to FBO 0
[2m2025-10-23T08:08:22.386934Z[0m [34mDEBUG[0m [2mwayvid::video::mpv[0m[2m:[0m   ✓ Frame rendered successfully
[2m2025-10-23T08:08:22.387221Z[0m [33m WARN[0m [2mwayvid::backend::wayland::surface[0m[2m:[0m resume_playback not supported with shared decode context
[2m2025-10-23T08:08:22.387233Z[0m [33m WARN[0m [2mwayvid::backend::wayland::surface[0m[2m:[0m resume_playback not supported with shared decode context
[2m2025-10-23T08:08:22.387271Z[0m [34mDEBUG[0m [2mwayvid::video::mpv[0m[2m:[0m 🎬 Rendering frame: 2560x1440 to FBO 0
[2m2025-10-23T08:08:22.420270Z[0m [34mDEBUG[0m [2mwayvid::video::mpv[0m[2m:[0m   ✓ Frame rendered successfully
[2m2025-10-23T08:08:22.420522Z[0m [33m WARN[0m [2mwayvid::backend::wayland::surface[0m[2m:[0m resume_playback not supported with shared decode context
[2m2025-10-23T08:08:22.420542Z[0m [33m WARN[0m [2mwayvid::backend::wayland::surface[0m[2m:[0m resume_playback not supported with shared decode context
[2m2025-10-23T08:08:22.422800Z[0m [33m WARN[0m [2mwayvid::backend::wayland::surface[0m[2m:[0m resume_playback not supported with shared decode context
[2m2025-10-23T08:08:22.422821Z[0m [33m WARN[0m [2mwayvid::backend::wayland::surface[0m[2m:[0m resume_playback not supported with shared decode context
[2m2025-10-23T08:08:22.422833Z[0m [34mDEBUG[0m [2mwayvid::video::mpv[0m[2m:[0m 🎬 Rendering frame: 2560x1440 to FBO 0
[2m2025-10-23T08:08:22.453595Z[0m [34mDEBUG[0m [2mwayvid::video::mpv[0m[2m:[0m   ✓ Frame rendered successfully
[2m2025-10-23T08:08:22.453894Z[0m [33m WARN[0m [2mwayvid::backend::wayland::surface[0m[2m:[0m resume_playback not supported with shared decode context
[2m2025-10-23T08:08:22.453906Z[0m [33m WARN[0m [2mwayvid::backend::wayland::surface[0m[2m:[0m resume_playback not supported with shared decode context
[2m2025-10-23T08:08:22.453940Z[0m [34mDEBUG[0m [2mwayvid::video::mpv[0m[2m:[0m 🎬 Rendering frame: 2160x1215 to FBO 0
[2m2025-10-23T08:08:22.486922Z[0m [34mDEBUG[0m [2mwayvid::video::mpv[0m[2m:[0m   ✓ Frame rendered successfully
[2m2025-10-23T08:08:22.487203Z[0m [33m WARN[0m [2mwayvid::backend::wayland::surface[0m[2m:[0m resume_playback not supported with shared decode context
[2m2025-10-23T08:08:22.487215Z[0m [33m WARN[0m [2mwayvid::backend::wayland::surface[0m[2m:[0m resume_playback not supported with shared decode context
[2m2025-10-23T08:08:22.487244Z[0m [34mDEBUG[0m [2mwayvid::video::mpv[0m[2m:[0m 🎬 Rendering frame: 2560x1440 to FBO 0
[2m2025-10-23T08:08:22.520260Z[0m [34mDEBUG[0m [2mwayvid::video::mpv[0m[2m:[0m   ✓ Frame rendered successfully
[2m2025-10-23T08:08:22.520532Z[0m [33m WARN[0m [2mwayvid::backend::wayland::surface[0m[2m:[0m resume_playback not supported with shared decode context
[2m2025-10-23T08:08:22.520541Z[0m [33m WARN[0m [2mwayvid::backend::wayland::surface[0m[2m:[0m resume_playback not supported with shared decode context
[2m2025-10-23T08:08:22.520580Z[0m [34mDEBUG[0m [2mwayvid::video::mpv[0m[2m:[0m 🎬 Rendering frame: 2160x1215 to FBO 0
[2m2025-10-23T08:08:22.553594Z[0m [34mDEBUG[0m [2mwayvid::video::mpv[0m[2m:[0m   ✓ Frame rendered successfully
[2m2025-10-23T08:08:22.553971Z[0m [33m WARN[0m [2mwayvid::backend::wayland::surface[0m[2m:[0m resume_playback not supported with shared decode context
[2m2025-10-23T08:08:22.553988Z[0m [33m WARN[0m [2mwayvid::backend::wayland::surface[0m[2m:[0m resume_playback not supported with shared decode context
[2m2025-10-23T08:08:22.554060Z[0m [34mDEBUG[0m [2mwayvid::video::mpv[0m[2m:[0m 🎬 Rendering frame: 2560x1440 to FBO 0
[2m2025-10-23T08:08:22.586892Z[0m [34mDEBUG[0m [2mwayvid::video::mpv[0m[2m:[0m   ✓ Frame rendered successfully
[2m2025-10-23T08:08:22.587239Z[0m [33m WARN[0m [2mwayvid::backend::wayland::surface[0m[2m:[0m resume_playback not supported with shared decode context
[2m2025-10-23T08:08:22.587252Z[0m [33m WARN[0m [2mwayvid::backend::wayland::surface[0m[2m:[0m resume_playback not supported with shared decode context
[2m2025-10-23T08:08:22.587295Z[0m [34mDEBUG[0m [2mwayvid::video::mpv[0m[2m:[0m 🎬 Rendering frame: 2160x1215 to FBO 0
[2m2025-10-23T08:08:22.620243Z[0m [34mDEBUG[0m [2mwayvid::video::mpv[0m[2m:[0m   ✓ Frame rendered successfully
[2m2025-10-23T08:08:22.620537Z[0m [33m WARN[0m [2mwayvid::backend::wayland::surface[0m[2m:[0m resume_playback not supported with shared decode context
[2m2025-10-23T08:08:22.620546Z[0m [33m WARN[0m [2mwayvid::backend::wayland::surface[0m[2m:[0m resume_playback not supported with shared decode context
[2m2025-10-23T08:08:22.620576Z[0m [34mDEBUG[0m [2mwayvid::video::mpv[0m[2m:[0m 🎬 Rendering frame: 2560x1440 to FBO 0
[2m2025-10-23T08:08:22.653568Z[0m [34mDEBUG[0m [2mwayvid::video::mpv[0m[2m:[0m   ✓ Frame rendered successfully
[2m2025-10-23T08:08:22.653836Z[0m [33m WARN[0m [2mwayvid::backend::wayland::surface[0m[2m:[0m resume_playback not supported with shared decode context
[2m2025-10-23T08:08:22.653849Z[0m [33m WARN[0m [2mwayvid::backend::wayland::surface[0m[2m:[0m resume_playback not supported with shared decode context
[2m2025-10-23T08:08:22.653876Z[0m [34mDEBUG[0m [2mwayvid::video::mpv[0m[2m:[0m 🎬 Rendering frame: 2160x1215 to FBO 0
[2m2025-10-23T08:08:22.686886Z[0m [34mDEBUG[0m [2mwayvid::video::mpv[0m[2m:[0m   ✓ Frame rendered successfully
[2m2025-10-23T08:08:22.687204Z[0m [33m WARN[0m [2mwayvid::backend::wayland::surface[0m[2m:[0m resume_playback not supported with shared decode context
[2m2025-10-23T08:08:22.687217Z[0m [33m WARN[0m [2mwayvid::backend::wayland::surface[0m[2m:[0m resume_playback not supported with shared decode context
[2m2025-10-23T08:08:22.687255Z[0m [34mDEBUG[0m [2mwayvid::video::mpv[0m[2m:[0m 🎬 Rendering frame: 2560x1440 to FBO 0
[2m2025-10-23T08:08:22.720217Z[0m [34mDEBUG[0m [2mwayvid::video::mpv[0m[2m:[0m   ✓ Frame rendered successfully
[2m2025-10-23T08:08:22.720489Z[0m [33m WARN[0m [2mwayvid::backend::wayland::surface[0m[2m:[0m resume_playback not supported with shared decode context
[2m2025-10-23T08:08:22.720503Z[0m [33m WARN[0m [2mwayvid::backend::wayland::surface[0m[2m:[0m resume_playback not supported with shared decode context
[2m2025-10-23T08:08:22.720539Z[0m [34mDEBUG[0m [2mwayvid::video::mpv[0m[2m:[0m 🎬 Rendering frame: 2160x1215 to FBO 0
[2m2025-10-23T08:08:22.753569Z[0m [34mDEBUG[0m [2mwayvid::video::mpv[0m[2m:[0m   ✓ Frame rendered successfully
[2m2025-10-23T08:08:22.753802Z[0m [33m WARN[0m [2mwayvid::backend::wayland::surface[0m[2m:[0m resume_playback not supported with shared decode context
[2m2025-10-23T08:08:22.753816Z[0m [33m WARN[0m [2mwayvid::backend::wayland::surface[0m[2m:[0m resume_playback not supported with shared decode context
[2m2025-10-23T08:08:22.753845Z[0m [34mDEBUG[0m [2mwayvid::video::mpv[0m[2m:[0m 🎬 Rendering frame: 2560x1440 to FBO 0
[2m2025-10-23T08:08:22.786899Z[0m [34mDEBUG[0m [2mwayvid::video::mpv[0m[2m:[0m   ✓ Frame rendered successfully
[2m2025-10-23T08:08:22.787153Z[0m [33m WARN[0m [2mwayvid::backend::wayland::surface[0m[2m:[0m resume_playback not supported with shared decode context
[2m2025-10-23T08:08:22.787163Z[0m [33m WARN[0m [2mwayvid::backend::wayland::surface[0m[2m:[0m resume_playback not supported with shared decode context
[2m2025-10-23T08:08:22.787187Z[0m [34mDEBUG[0m [2mwayvid::video::mpv[0m[2m:[0m 🎬 Rendering frame: 2160x1215 to FBO 0
[2m2025-10-23T08:08:22.820252Z[0m [34mDEBUG[0m [2mwayvid::video::mpv[0m[2m:[0m   ✓ Frame rendered successfully
[2m2025-10-23T08:08:22.820502Z[0m [33m WARN[0m [2mwayvid::backend::wayland::surface[0m[2m:[0m resume_playback not supported with shared decode context
[2m2025-10-23T08:08:22.820515Z[0m [33m WARN[0m [2mwayvid::backend::wayland::surface[0m[2m:[0m resume_playback not supported with shared decode context
[2m2025-10-23T08:08:22.820549Z[0m [34mDEBUG[0m [2mwayvid::video::mpv[0m[2m:[0m 🎬 Rendering frame: 2560x1440 to FBO 0
[2m2025-10-23T08:08:22.853596Z[0m [34mDEBUG[0m [2mwayvid::video::mpv[0m[2m:[0m   ✓ Frame rendered successfully
[2m2025-10-23T08:08:22.853859Z[0m [33m WARN[0m [2mwayvid::backend::wayland::surface[0m[2m:[0m resume_playback not supported with shared decode context
[2m2025-10-23T08:08:22.853874Z[0m [33m WARN[0m [2mwayvid::backend::wayland::surface[0m[2m:[0m resume_playback not supported with shared decode context
[2m2025-10-23T08:08:22.853903Z[0m [34mDEBUG[0m [2mwayvid::video::mpv[0m[2m:[0m 🎬 Rendering frame: 2160x1215 to FBO 0
[2m2025-10-23T08:08:22.886878Z[0m [34mDEBUG[0m [2mwayvid::video::mpv[0m[2m:[0m   ✓ Frame rendered successfully
[2m2025-10-23T08:08:22.887103Z[0m [33m WARN[0m [2mwayvid::backend::wayland::surface[0m[2m:[0m resume_playback not supported with shared decode context
[2m2025-10-23T08:08:22.887111Z[0m [33m WARN[0m [2mwayvid::backend::wayland::surface[0m[2m:[0m resume_playback not supported with shared decode context
[2m2025-10-23T08:08:22.887140Z[0m [34mDEBUG[0m [2mwayvid::video::mpv[0m[2m:[0m 🎬 Rendering frame: 2560x1440 to FBO 0
[2m2025-10-23T08:08:22.920233Z[0m [34mDEBUG[0m [2mwayvid::video::mpv[0m[2m:[0m   ✓ Frame rendered successfully
[2m2025-10-23T08:08:22.920506Z[0m [33m WARN[0m [2mwayvid::backend::wayland::surface[0m[2m:[0m resume_playback not supported with shared decode context
[2m2025-10-23T08:08:22.920521Z[0m [33m WARN[0m [2mwayvid::backend::wayland::surface[0m[2m:[0m resume_playback not supported with shared decode context
[2m2025-10-23T08:08:22.920557Z[0m [34mDEBUG[0m [2mwayvid::video::mpv[0m[2m:[0m 🎬 Rendering frame: 2160x1215 to FBO 0
[2m2025-10-23T08:08:22.953582Z[0m [34mDEBUG[0m [2mwayvid::video::mpv[0m[2m:[0m   ✓ Frame rendered successfully
[2m2025-10-23T08:08:22.953767Z[0m [33m WARN[0m [2mwayvid::backend::wayland::surface[0m[2m:[0m resume_playback not supported with shared decode context
[2m2025-10-23T08:08:22.953773Z[0m [33m WARN[0m [2mwayvid::backend::wayland::surface[0m[2m:[0m resume_playback not supported with shared decode context
[2m2025-10-23T08:08:22.957401Z[0m [33m WARN[0m [2mwayvid::backend::wayland::surface[0m[2m:[0m resume_playback not supported with shared decode context
[2m2025-10-23T08:08:22.957417Z[0m [33m WARN[0m [2mwayvid::backend::wayland::surface[0m[2m:[0m resume_playback not supported with shared decode context
[2m2025-10-23T08:08:22.957451Z[0m [34mDEBUG[0m [2mwayvid::video::mpv[0m[2m:[0m 🎬 Rendering frame: 2560x1440 to FBO 0
[2m2025-10-23T08:08:22.986896Z[0m [34mDEBUG[0m [2mwayvid::video::mpv[0m[2m:[0m   ✓ Frame rendered successfully
[2m2025-10-23T08:08:22.987153Z[0m [33m WARN[0m [2mwayvid::backend::wayland::surface[0m[2m:[0m resume_playback not supported with shared decode context
[2m2025-10-23T08:08:22.987166Z[0m [33m WARN[0m [2mwayvid::backend::wayland::surface[0m[2m:[0m resume_playback not supported with shared decode context
[2m2025-10-23T08:08:22.987210Z[0m [34mDEBUG[0m [2mwayvid::video::mpv[0m[2m:[0m 🎬 Rendering frame: 2160x1215 to FBO 0
[2m2025-10-23T08:08:23.020236Z[0m [34mDEBUG[0m [2mwayvid::video::mpv[0m[2m:[0m   ✓ Frame rendered successfully
[2m2025-10-23T08:08:23.020505Z[0m [33m WARN[0m [2mwayvid::backend::wayland::surface[0m[2m:[0m resume_playback not supported with shared decode context
[2m2025-10-23T08:08:23.020517Z[0m [33m WARN[0m [2mwayvid::backend::wayland::surface[0m[2m:[0m resume_playback not supported with shared decode context
[2m2025-10-23T08:08:23.020548Z[0m [34mDEBUG[0m [2mwayvid::video::mpv[0m[2m:[0m 🎬 Rendering frame: 2560x1440 to FBO 0
[2m2025-10-23T08:08:23.053591Z[0m [34mDEBUG[0m [2mwayvid::video::mpv[0m[2m:[0m   ✓ Frame rendered successfully
[2m2025-10-23T08:08:23.053860Z[0m [33m WARN[0m [2mwayvid::backend::wayland::surface[0m[2m:[0m resume_playback not supported with shared decode context
[2m2025-10-23T08:08:23.053876Z[0m [33m WARN[0m [2mwayvid::backend::wayland::surface[0m[2m:[0m resume_playback not supported with shared decode context
[2m2025-10-23T08:08:23.054749Z[0m [33m WARN[0m [2mwayvid::backend::wayland::surface[0m[2m:[0m resume_playback not supported with shared decode context
[2m2025-10-23T08:08:23.054766Z[0m [33m WARN[0m [2mwayvid::backend::wayland::surface[0m[2m:[0m resume_playback not supported with shared decode context
[2m2025-10-23T08:08:23.054783Z[0m [34mDEBUG[0m [2mwayvid::video::mpv[0m[2m:[0m 🎬 Rendering frame: 2560x1440 to FBO 0
[2m2025-10-23T08:08:23.086916Z[0m [34mDEBUG[0m [2mwayvid::video::mpv[0m[2m:[0m   ✓ Frame rendered successfully
[2m2025-10-23T08:08:23.087225Z[0m [33m WARN[0m [2mwayvid::backend::wayland::surface[0m[2m:[0m resume_playback not supported with shared decode context
[2m2025-10-23T08:08:23.087240Z[0m [33m WARN[0m [2mwayvid::backend::wayland::surface[0m[2m:[0m resume_playback not supported with shared decode context
[2m2025-10-23T08:08:23.087276Z[0m [34mDEBUG[0m [2mwayvid::video::mpv[0m[2m:[0m 🎬 Rendering frame: 2160x1215 to FBO 0
[2m2025-10-23T08:08:23.120249Z[0m [34mDEBUG[0m [2mwayvid::video::mpv[0m[2m:[0m   ✓ Frame rendered successfully
[2m2025-10-23T08:08:23.120499Z[0m [33m WARN[0m [2mwayvid::backend::wayland::surface[0m[2m:[0m resume_playback not supported with shared decode context
[2m2025-10-23T08:08:23.120514Z[0m [33m WARN[0m [2mwayvid::backend::wayland::surface[0m[2m:[0m resume_playback not supported with shared decode context
[2m2025-10-23T08:08:23.120549Z[0m [34mDEBUG[0m [2mwayvid::video::mpv[0m[2m:[0m 🎬 Rendering frame: 2560x1440 to FBO 0
[2m2025-10-23T08:08:23.153580Z[0m [34mDEBUG[0m [2mwayvid::video::mpv[0m[2m:[0m   ✓ Frame rendered successfully
[2m2025-10-23T08:08:23.153848Z[0m [33m WARN[0m [2mwayvid::backend::wayland::surface[0m[2m:[0m resume_playback not supported with shared decode context
[2m2025-10-23T08:08:23.153865Z[0m [33m WARN[0m [2mwayvid::backend::wayland::surface[0m[2m:[0m resume_playback not supported with shared decode context
[2m2025-10-23T08:08:23.153906Z[0m [34mDEBUG[0m [2mwayvid::video::mpv[0m[2m:[0m 🎬 Rendering frame: 2160x1215 to FBO 0
[2m2025-10-23T08:08:23.186893Z[0m [34mDEBUG[0m [2mwayvid::video::mpv[0m[2m:[0m   ✓ Frame rendered successfully
[2m2025-10-23T08:08:23.187156Z[0m [33m WARN[0m [2mwayvid::backend::wayland::surface[0m[2m:[0m resume_playback not supported with shared decode context
[2m2025-10-23T08:08:23.187167Z[0m [33m WARN[0m [2mwayvid::backend::wayland::surface[0m[2m:[0m resume_playback not supported with shared decode context
[2m2025-10-23T08:08:23.187197Z[0m [34mDEBUG[0m [2mwayvid::video::mpv[0m[2m:[0m 🎬 Rendering frame: 2560x1440 to FBO 0
[2m2025-10-23T08:08:23.220251Z[0m [34mDEBUG[0m [2mwayvid::video::mpv[0m[2m:[0m   ✓ Frame rendered successfully
[2m2025-10-23T08:08:23.220510Z[0m [33m WARN[0m [2mwayvid::backend::wayland::surface[0m[2m:[0m resume_playback not supported with shared decode context
[2m2025-10-23T08:08:23.220537Z[0m [33m WARN[0m [2mwayvid::backend::wayland::surface[0m[2m:[0m resume_playback not supported with shared decode context
[2m2025-10-23T08:08:23.221373Z[0m [33m WARN[0m [2mwayvid::backend::wayland::surface[0m[2m:[0m resume_playback not supported with shared decode context
[2m2025-10-23T08:08:23.221389Z[0m [33m WARN[0m [2mwayvid::backend::wayland::surface[0m[2m:[0m resume_playback not supported with shared decode context
[2m2025-10-23T08:08:23.221406Z[0m [34mDEBUG[0m [2mwayvid::video::mpv[0m[2m:[0m 🎬 Rendering frame: 2560x1440 to FBO 0
[2m2025-10-23T08:08:23.253582Z[0m [34mDEBUG[0m [2mwayvid::video::mpv[0m[2m:[0m   ✓ Frame rendered successfully
[2m2025-10-23T08:08:23.253896Z[0m [33m WARN[0m [2mwayvid::backend::wayland::surface[0m[2m:[0m resume_playback not supported with shared decode context
[2m2025-10-23T08:08:23.253910Z[0m [33m WARN[0m [2mwayvid::backend::wayland::surface[0m[2m:[0m resume_playback not supported with shared decode context
[2m2025-10-23T08:08:23.253944Z[0m [34mDEBUG[0m [2mwayvid::video::mpv[0m[2m:[0m 🎬 Rendering frame: 2160x1215 to FBO 0
[2m2025-10-23T08:08:23.286914Z[0m [34mDEBUG[0m [2mwayvid::video::mpv[0m[2m:[0m   ✓ Frame rendered successfully
[2m2025-10-23T08:08:23.287184Z[0m [33m WARN[0m [2mwayvid::backend::wayland::surface[0m[2m:[0m resume_playback not supported with shared decode context
[2m2025-10-23T08:08:23.287195Z[0m [33m WARN[0m [2mwayvid::backend::wayland::surface[0m[2m:[0m resume_playback not supported with shared decode context
[2m2025-10-23T08:08:23.287225Z[0m [34mDEBUG[0m [2mwayvid::video::mpv[0m[2m:[0m 🎬 Rendering frame: 2560x1440 to FBO 0
[2m2025-10-23T08:08:23.320235Z[0m [34mDEBUG[0m [2mwayvid::video::mpv[0m[2m:[0m   ✓ Frame rendered successfully
[2m2025-10-23T08:08:23.320514Z[0m [33m WARN[0m [2mwayvid::backend::wayland::surface[0m[2m:[0m resume_playback not supported with shared decode context
[2m2025-10-23T08:08:23.320525Z[0m [33m WARN[0m [2mwayvid::backend::wayland::surface[0m[2m:[0m resume_playback not supported with shared decode context
[2m2025-10-23T08:08:23.320558Z[0m [34mDEBUG[0m [2mwayvid::video::mpv[0m[2m:[0m 🎬 Rendering frame: 2160x1215 to FBO 0
[2m2025-10-23T08:08:23.353572Z[0m [34mDEBUG[0m [2mwayvid::video::mpv[0m[2m:[0m   ✓ Frame rendered successfully
[2m2025-10-23T08:08:23.353880Z[0m [33m WARN[0m [2mwayvid::backend::wayland::surface[0m[2m:[0m resume_playback not supported with shared decode context
[2m2025-10-23T08:08:23.353892Z[0m [33m WARN[0m [2mwayvid::backend::wayland::surface[0m[2m:[0m resume_playback not supported with shared decode context
[2m2025-10-23T08:08:23.353924Z[0m [34mDEBUG[0m [2mwayvid::video::mpv[0m[2m:[0m 🎬 Rendering frame: 2560x1440 to FBO 0
[2m2025-10-23T08:08:23.386900Z[0m [34mDEBUG[0m [2mwayvid::video::mpv[0m[2m:[0m   ✓ Frame rendered successfully
[2m2025-10-23T08:08:23.387193Z[0m [33m WARN[0m [2mwayvid::backend::wayland::surface[0m[2m:[0m resume_playback not supported with shared decode context
[2m2025-10-23T08:08:23.387205Z[0m [33m WARN[0m [2mwayvid::backend::wayland::surface[0m[2m:[0m resume_playback not supported with shared decode context
[2m2025-10-23T08:08:23.387987Z[0m [33m WARN[0m [2mwayvid::backend::wayland::surface[0m[2m:[0m resume_playback not supported with shared decode context
[2m2025-10-23T08:08:23.387998Z[0m [33m WARN[0m [2mwayvid::backend::wayland::surface[0m[2m:[0m resume_playback not supported with shared decode context
[2m2025-10-23T08:08:23.388013Z[0m [34mDEBUG[0m [2mwayvid::video::mpv[0m[2m:[0m 🎬 Rendering frame: 2560x1440 to FBO 0
[2m2025-10-23T08:08:23.420231Z[0m [34mDEBUG[0m [2mwayvid::video::mpv[0m[2m:[0m   ✓ Frame rendered successfully
[2m2025-10-23T08:08:23.420514Z[0m [33m WARN[0m [2mwayvid::backend::wayland::surface[0m[2m:[0m resume_playback not supported with shared decode context
[2m2025-10-23T08:08:23.420548Z[0m [33m WARN[0m [2mwayvid::backend::wayland::surface[0m[2m:[0m resume_playback not supported with shared decode context
[2m2025-10-23T08:08:23.420576Z[0m [34mDEBUG[0m [2mwayvid::video::mpv[0m[2m:[0m 🎬 Rendering frame: 2160x1215 to FBO 0
[2m2025-10-23T08:08:23.453567Z[0m [34mDEBUG[0m [2mwayvid::video::mpv[0m[2m:[0m   ✓ Frame rendered successfully
[2m2025-10-23T08:08:23.453888Z[0m [33m WARN[0m [2mwayvid::backend::wayland::surface[0m[2m:[0m resume_playback not supported with shared decode context
[2m2025-10-23T08:08:23.453900Z[0m [33m WARN[0m [2mwayvid::backend::wayland::surface[0m[2m:[0m resume_playback not supported with shared decode context
[2m2025-10-23T08:08:23.453932Z[0m [34mDEBUG[0m [2mwayvid::video::mpv[0m[2m:[0m 🎬 Rendering frame: 2560x1440 to FBO 0
[2m2025-10-23T08:08:23.486895Z[0m [34mDEBUG[0m [2mwayvid::video::mpv[0m[2m:[0m   ✓ Frame rendered successfully
[2m2025-10-23T08:08:23.487158Z[0m [33m WARN[0m [2mwayvid::backend::wayland::surface[0m[2m:[0m resume_playback not supported with shared decode context
[2m2025-10-23T08:08:23.487170Z[0m [33m WARN[0m [2mwayvid::backend::wayland::surface[0m[2m:[0m resume_playback not supported with shared decode context
[2m2025-10-23T08:08:23.487199Z[0m [34mDEBUG[0m [2mwayvid::video::mpv[0m[2m:[0m 🎬 Rendering frame: 2160x1215 to FBO 0
[2m2025-10-23T08:08:23.520249Z[0m [34mDEBUG[0m [2mwayvid::video::mpv[0m[2m:[0m   ✓ Frame rendered successfully
[2m2025-10-23T08:08:23.520527Z[0m [33m WARN[0m [2mwayvid::backend::wayland::surface[0m[2m:[0m resume_playback not supported with shared decode context
[2m2025-10-23T08:08:23.520539Z[0m [33m WARN[0m [2mwayvid::backend::wayland::surface[0m[2m:[0m resume_playback not supported with shared decode context
[2m2025-10-23T08:08:23.520575Z[0m [34mDEBUG[0m [2mwayvid::video::mpv[0m[2m:[0m 🎬 Rendering frame: 2560x1440 to FBO 0
[2m2025-10-23T08:08:23.553568Z[0m [34mDEBUG[0m [2mwayvid::video::mpv[0m[2m:[0m   ✓ Frame rendered successfully
[2m2025-10-23T08:08:23.553849Z[0m [33m WARN[0m [2mwayvid::backend::wayland::surface[0m[2m:[0m resume_playback not supported with shared decode context
[2m2025-10-23T08:08:23.553866Z[0m [33m WARN[0m [2mwayvid::backend::wayland::surface[0m[2m:[0m resume_playback not supported with shared decode context
[2m2025-10-23T08:08:23.553909Z[0m [34mDEBUG[0m [2mwayvid::video::mpv[0m[2m:[0m 🎬 Rendering frame: 2160x1215 to FBO 0
